2026-08-27 16:12:16,463 | START mlp_nadam_lr0.001_s123 opt=nadam lr=0.001 seed=123 device=cuda epochs=150 best_by=f1 stop_by=f1
2026-08-27 16:12:37,338 | EPOCH 1 train_loss=0.526580
2026-08-27 16:12:39,190 | EPOCH 1 VAL loss=0.389507 acc=0.8565 pre=0.8556 rec=0.8572 f1=0.8554 BEST
2026-08-27 16:12:46,750 | START mlp_nadam_lr0.001_s123 opt=nadam lr=0.001 seed=123 device=cuda epochs=150 best_by=f1 stop_by=f1
2026-08-27 16:12:46,777 | RESUMED from epoch 1, batch 200
2026-08-27 16:12:49,435 | START mlp_nadam_lr0.001_s123 opt=nadam lr=0.001 seed=123 device=cuda epochs=150 best_by=f1 stop_by=f1
2026-08-27 16:12:49,467 | RESUMED from epoch 1, batch 200
2026-08-27 16:12:59,876 | EPOCH 2 train_loss=0.364453
2026-08-27 16:13:01,364 | EPOCH 2 VAL loss=0.367741 acc=0.8648 pre=0.8699 rec=0.8643 f1=0.8643 BEST
2026-08-27 16:13:07,446 | EPOCH 2 train_loss=0.359718
2026-08-27 16:13:10,262 | EPOCH 2 VAL loss=0.367741 acc=0.8648 pre=0.8699 rec=0.8643 f1=0.8643 BEST
2026-08-27 16:13:10,967 | EPOCH 2 train_loss=0.359718
2026-08-27 16:13:12,664 | EPOCH 2 VAL loss=0.367741 acc=0.8648 pre=0.8699 rec=0.8643 f1=0.8643 BEST
2026-08-27 16:13:22,985 | EPOCH 3 train_loss=0.324362
2026-08-27 16:13:25,471 | EPOCH 3 VAL loss=0.331284 acc=0.8780 pre=0.8784 rec=0.8791 f1=0.8776 BEST
2026-08-27 16:13:31,266 | EPOCH 3 train_loss=0.324362
2026-08-27 16:13:33,154 | EPOCH 3 VAL loss=0.331284 acc=0.8780 pre=0.8784 rec=0.8791 f1=0.8776 BEST
2026-08-27 16:13:35,833 | EPOCH 3 train_loss=0.324362
2026-08-27 16:13:38,265 | EPOCH 3 VAL loss=0.331284 acc=0.8780 pre=0.8784 rec=0.8791 f1=0.8776 BEST
2026-08-27 16:13:48,345 | EPOCH 4 train_loss=0.298245
2026-08-27 16:13:50,174 | EPOCH 4 VAL loss=0.340856 acc=0.8738 pre=0.8784 rec=0.8759 f1=0.8756
2026-08-27 16:13:54,011 | EPOCH 4 train_loss=0.298245
2026-08-27 16:13:55,765 | EPOCH 4 VAL loss=0.340856 acc=0.8738 pre=0.8784 rec=0.8759 f1=0.8756
2026-08-27 16:14:00,511 | EPOCH 4 train_loss=0.298245
2026-08-27 16:14:03,022 | EPOCH 4 VAL loss=0.340856 acc=0.8738 pre=0.8784 rec=0.8759 f1=0.8756
2026-08-27 16:14:10,358 | EPOCH 5 train_loss=0.277692
2026-08-27 16:14:12,253 | EPOCH 5 VAL loss=0.350278 acc=0.8765 pre=0.8805 rec=0.8785 f1=0.8769
2026-08-27 16:14:17,095 | EPOCH 5 train_loss=0.277692
2026-08-27 16:14:18,966 | EPOCH 5 VAL loss=0.350278 acc=0.8765 pre=0.8805 rec=0.8785 f1=0.8769
2026-08-27 16:14:23,214 | EPOCH 5 train_loss=0.277692
2026-08-27 16:14:24,938 | EPOCH 5 VAL loss=0.350278 acc=0.8765 pre=0.8805 rec=0.8785 f1=0.8769
2026-08-27 16:14:33,645 | EPOCH 6 train_loss=0.262802
2026-08-27 16:14:35,393 | EPOCH 6 VAL loss=0.323679 acc=0.8808 pre=0.8854 rec=0.8815 f1=0.8816 BEST
2026-08-27 16:14:40,120 | EPOCH 6 train_loss=0.262802
2026-08-27 16:14:42,023 | EPOCH 6 VAL loss=0.323679 acc=0.8808 pre=0.8854 rec=0.8815 f1=0.8816 BEST
2026-08-27 16:14:45,879 | EPOCH 6 train_loss=0.262802
2026-08-27 16:14:47,680 | EPOCH 6 VAL loss=0.323679 acc=0.8808 pre=0.8854 rec=0.8815 f1=0.8816 BEST
2026-08-27 16:14:59,024 | EPOCH 7 train_loss=0.249128
2026-08-27 16:15:01,039 | EPOCH 7 VAL loss=0.323904 acc=0.8820 pre=0.8869 rec=0.8838 f1=0.8835 BEST
2026-08-27 16:15:06,718 | EPOCH 7 train_loss=0.249128
2026-08-27 16:15:08,515 | EPOCH 7 VAL loss=0.323904 acc=0.8820 pre=0.8869 rec=0.8838 f1=0.8835 BEST
2026-08-27 16:15:10,658 | EPOCH 7 train_loss=0.249128
2026-08-27 16:15:12,077 | EPOCH 7 VAL loss=0.323904 acc=0.8820 pre=0.8869 rec=0.8838 f1=0.8835 BEST
2026-08-27 16:15:24,148 | EPOCH 8 train_loss=0.237174
2026-08-27 16:15:25,851 | EPOCH 8 VAL loss=0.309697 acc=0.8900 pre=0.8930 rec=0.8918 f1=0.8915 BEST
2026-08-27 16:15:30,973 | EPOCH 8 train_loss=0.237174
2026-08-27 16:15:32,798 | EPOCH 8 VAL loss=0.309697 acc=0.8900 pre=0.8930 rec=0.8918 f1=0.8915 BEST
2026-08-27 16:15:33,458 | EPOCH 8 train_loss=0.237174
2026-08-27 16:15:35,310 | EPOCH 8 VAL loss=0.309697 acc=0.8900 pre=0.8930 rec=0.8918 f1=0.8915 BEST
2026-08-27 16:15:48,504 | EPOCH 9 train_loss=0.225307
2026-08-27 16:15:50,424 | EPOCH 9 VAL loss=0.309450 acc=0.8885 pre=0.8889 rec=0.8897 f1=0.8883
2026-08-27 16:15:54,805 | EPOCH 9 train_loss=0.225307
2026-08-27 16:15:56,550 | EPOCH 9 VAL loss=0.309450 acc=0.8885 pre=0.8889 rec=0.8897 f1=0.8883
2026-08-27 16:15:59,744 | EPOCH 9 train_loss=0.225307
2026-08-27 16:16:01,736 | EPOCH 9 VAL loss=0.309450 acc=0.8885 pre=0.8889 rec=0.8897 f1=0.8883
2026-08-27 16:16:11,220 | EPOCH 10 train_loss=0.215810
2026-08-27 16:16:13,579 | EPOCH 10 VAL loss=0.314202 acc=0.8885 pre=0.8919 rec=0.8905 f1=0.8900
2026-08-27 16:16:17,938 | EPOCH 10 train_loss=0.215810
2026-08-27 16:16:19,887 | EPOCH 10 VAL loss=0.314202 acc=0.8885 pre=0.8919 rec=0.8905 f1=0.8900
2026-08-27 16:16:23,593 | EPOCH 10 train_loss=0.215810
2026-08-27 16:16:25,350 | EPOCH 10 VAL loss=0.314202 acc=0.8885 pre=0.8919 rec=0.8905 f1=0.8900
2026-08-27 16:16:34,630 | EPOCH 11 train_loss=0.206452
2026-08-27 16:16:36,783 | EPOCH 11 VAL loss=0.313839 acc=0.8933 pre=0.8967 rec=0.8947 f1=0.8946 BEST
2026-08-27 16:16:41,909 | EPOCH 11 train_loss=0.206452
2026-08-27 16:16:43,557 | EPOCH 11 VAL loss=0.313839 acc=0.8933 pre=0.8967 rec=0.8947 f1=0.8946 BEST
2026-08-27 16:16:47,647 | EPOCH 11 train_loss=0.206452
2026-08-27 16:16:49,659 | EPOCH 11 VAL loss=0.313839 acc=0.8933 pre=0.8967 rec=0.8947 f1=0.8946 BEST
2026-08-27 16:16:58,524 | EPOCH 12 train_loss=0.198298
2026-08-27 16:17:00,216 | EPOCH 12 VAL loss=0.304606 acc=0.8962 pre=0.8970 rec=0.8969 f1=0.8968 BEST
2026-08-27 16:17:06,053 | EPOCH 12 train_loss=0.198298
2026-08-27 16:17:08,506 | EPOCH 12 VAL loss=0.304606 acc=0.8962 pre=0.8970 rec=0.8969 f1=0.8968 BEST
2026-08-27 16:17:11,412 | EPOCH 12 train_loss=0.198298
2026-08-27 16:17:14,106 | EPOCH 12 VAL loss=0.304606 acc=0.8962 pre=0.8970 rec=0.8969 f1=0.8968 BEST
2026-08-27 16:17:21,421 | EPOCH 13 train_loss=0.191920
2026-08-27 16:17:23,021 | EPOCH 13 VAL loss=0.322347 acc=0.8905 pre=0.8909 rec=0.8914 f1=0.8909
2026-08-27 16:17:30,510 | EPOCH 13 train_loss=0.191920
2026-08-27 16:17:32,716 | EPOCH 13 VAL loss=0.322347 acc=0.8905 pre=0.8909 rec=0.8914 f1=0.8909
2026-08-27 16:17:37,379 | EPOCH 13 train_loss=0.191920
2026-08-27 16:17:39,107 | EPOCH 13 VAL loss=0.322347 acc=0.8905 pre=0.8909 rec=0.8914 f1=0.8909
2026-08-27 16:17:43,669 | EPOCH 14 train_loss=0.184483
2026-08-27 16:17:45,335 | EPOCH 14 VAL loss=0.326248 acc=0.8925 pre=0.8924 rec=0.8937 f1=0.8919
2026-08-27 16:17:53,055 | EPOCH 14 train_loss=0.184483
2026-08-27 16:17:54,844 | EPOCH 14 VAL loss=0.326248 acc=0.8925 pre=0.8924 rec=0.8937 f1=0.8919
2026-08-27 16:18:00,470 | EPOCH 14 train_loss=0.184483
2026-08-27 16:18:02,349 | EPOCH 14 VAL loss=0.326248 acc=0.8925 pre=0.8924 rec=0.8937 f1=0.8919
2026-08-27 16:18:05,853 | EPOCH 15 train_loss=0.176795
2026-08-27 16:18:07,473 | EPOCH 15 VAL loss=0.324044 acc=0.8938 pre=0.8930 rec=0.8949 f1=0.8937
2026-08-27 16:18:14,611 | EPOCH 15 train_loss=0.176795
2026-08-27 16:18:16,371 | EPOCH 15 VAL loss=0.324044 acc=0.8938 pre=0.8930 rec=0.8949 f1=0.8937
2026-08-27 16:18:23,437 | EPOCH 15 train_loss=0.176795
2026-08-27 16:18:25,678 | EPOCH 15 VAL loss=0.324044 acc=0.8938 pre=0.8930 rec=0.8949 f1=0.8937
2026-08-27 16:18:28,645 | EPOCH 16 train_loss=0.169939
2026-08-27 16:18:30,612 | EPOCH 16 VAL loss=0.325318 acc=0.8923 pre=0.8928 rec=0.8934 f1=0.8925
2026-08-27 16:18:37,951 | EPOCH 16 train_loss=0.169939
2026-08-27 16:18:39,605 | EPOCH 16 VAL loss=0.325318 acc=0.8923 pre=0.8928 rec=0.8934 f1=0.8925
2026-08-27 16:18:46,737 | EPOCH 16 train_loss=0.169939
2026-08-27 16:18:48,425 | EPOCH 16 VAL loss=0.325318 acc=0.8923 pre=0.8928 rec=0.8934 f1=0.8925
2026-08-27 16:18:50,805 | EPOCH 17 train_loss=0.164343
2026-08-27 16:18:52,590 | EPOCH 17 VAL loss=0.352431 acc=0.8917 pre=0.8940 rec=0.8924 f1=0.8923
2026-08-27 16:19:00,458 | EPOCH 17 train_loss=0.164343
2026-08-27 16:19:01,966 | EPOCH 17 VAL loss=0.352431 acc=0.8917 pre=0.8940 rec=0.8924 f1=0.8923
2026-08-27 16:19:10,942 | EPOCH 17 train_loss=0.164343
2026-08-27 16:19:12,105 | EPOCH 18 train_loss=0.156108
2026-08-27 16:19:12,657 | EPOCH 17 VAL loss=0.352431 acc=0.8917 pre=0.8940 rec=0.8924 f1=0.8923
2026-08-27 16:19:14,546 | EPOCH 18 VAL loss=0.335640 acc=0.8967 pre=0.8976 rec=0.8976 f1=0.8968
2026-08-27 16:19:23,641 | EPOCH 18 train_loss=0.156108
2026-08-27 16:19:25,340 | EPOCH 18 VAL loss=0.335640 acc=0.8967 pre=0.8976 rec=0.8976 f1=0.8968
2026-08-27 16:19:34,256 | EPOCH 18 train_loss=0.156108
2026-08-27 16:19:34,839 | EPOCH 19 train_loss=0.151087
2026-08-27 16:19:35,992 | EPOCH 18 VAL loss=0.335640 acc=0.8967 pre=0.8976 rec=0.8976 f1=0.8968
2026-08-27 16:19:36,790 | EPOCH 19 VAL loss=0.370169 acc=0.8892 pre=0.8914 rec=0.8903 f1=0.8900
2026-08-27 16:19:48,115 | EPOCH 19 train_loss=0.151087
2026-08-27 16:19:49,986 | EPOCH 19 VAL loss=0.370169 acc=0.8892 pre=0.8914 rec=0.8903 f1=0.8900
2026-08-27 16:19:56,616 | EPOCH 19 train_loss=0.151087
2026-08-27 16:19:58,533 | EPOCH 19 VAL loss=0.370169 acc=0.8892 pre=0.8914 rec=0.8903 f1=0.8900
2026-08-27 16:19:58,547 | EPOCH 20 train_loss=0.149431
2026-08-27 16:20:00,280 | EPOCH 20 VAL loss=0.355548 acc=0.8895 pre=0.8897 rec=0.8910 f1=0.8888
2026-08-27 16:20:11,291 | EPOCH 20 train_loss=0.149431
2026-08-27 16:20:13,289 | EPOCH 20 VAL loss=0.355548 acc=0.8895 pre=0.8897 rec=0.8910 f1=0.8888
2026-08-27 16:20:19,856 | EPOCH 21 train_loss=0.142261
2026-08-27 16:20:19,962 | EPOCH 20 train_loss=0.149431
2026-08-27 16:20:21,645 | EPOCH 20 VAL loss=0.355548 acc=0.8895 pre=0.8897 rec=0.8910 f1=0.8888
2026-08-27 16:20:21,819 | EPOCH 21 VAL loss=0.374720 acc=0.8905 pre=0.8916 rec=0.8907 f1=0.8901
2026-08-27 16:20:34,034 | EPOCH 21 train_loss=0.142261
2026-08-27 16:20:35,893 | EPOCH 21 VAL loss=0.374720 acc=0.8905 pre=0.8916 rec=0.8907 f1=0.8901
2026-08-27 16:20:43,001 | EPOCH 22 train_loss=0.134367
2026-08-27 16:20:43,022 | EPOCH 21 train_loss=0.142261
2026-08-27 16:20:44,667 | EPOCH 21 VAL loss=0.374720 acc=0.8905 pre=0.8916 rec=0.8907 f1=0.8901
2026-08-27 16:20:44,720 | EPOCH 22 VAL loss=0.410162 acc=0.8822 pre=0.8858 rec=0.8819 f1=0.8804
2026-08-27 16:20:44,735 | DONE best_epoch=12 best_val_loss=0.304606 early_stop=True time=506.28s
2026-08-27 16:20:58,086 | EPOCH 22 train_loss=0.134367
2026-08-27 16:21:00,272 | EPOCH 22 VAL loss=0.410162 acc=0.8822 pre=0.8858 rec=0.8819 f1=0.8804
2026-08-27 16:21:00,295 | DONE best_epoch=12 best_val_loss=0.304606 early_stop=True time=520.02s
