2026-08-27 22:12:32,500 | START cnn_nadam_lr0.002_s123 opt=nadam lr=0.002 seed=123 device=cuda epochs=150 best_by=f1 stop_by=f1
2026-08-27 22:12:41,616 | EPOCH 1 train_loss=0.445319
2026-08-27 22:12:42,345 | EPOCH 1 VAL loss=0.307082 acc=0.8892 pre=0.8903 rec=0.8899 f1=0.8898 BEST
2026-08-27 22:12:52,823 | EPOCH 2 train_loss=0.287795
2026-08-27 22:12:53,527 | EPOCH 2 VAL loss=0.284790 acc=0.8960 pre=0.8991 rec=0.8958 f1=0.8940 BEST
2026-08-27 22:13:03,105 | EPOCH 3 train_loss=0.243791
2026-08-27 22:13:03,846 | EPOCH 3 VAL loss=0.244682 acc=0.9090 pre=0.9104 rec=0.9099 f1=0.9098 BEST
2026-08-27 22:13:13,550 | EPOCH 4 train_loss=0.212359
2026-08-27 22:13:14,237 | EPOCH 4 VAL loss=0.251064 acc=0.9068 pre=0.9127 rec=0.9086 f1=0.9088
2026-08-27 22:13:23,270 | EPOCH 5 train_loss=0.189325
2026-08-27 22:13:23,961 | EPOCH 5 VAL loss=0.241616 acc=0.9150 pre=0.9155 rec=0.9164 f1=0.9154 BEST
2026-08-27 22:13:33,453 | EPOCH 6 train_loss=0.166171
2026-08-27 22:13:34,183 | EPOCH 6 VAL loss=0.228755 acc=0.9128 pre=0.9139 rec=0.9138 f1=0.9135
2026-08-27 22:13:43,430 | EPOCH 7 train_loss=0.148003
2026-08-27 22:13:44,137 | EPOCH 7 VAL loss=0.257530 acc=0.9107 pre=0.9140 rec=0.9120 f1=0.9121
2026-08-27 22:13:53,747 | EPOCH 8 train_loss=0.132451
2026-08-27 22:13:54,975 | EPOCH 8 VAL loss=0.258457 acc=0.9148 pre=0.9180 rec=0.9161 f1=0.9159 BEST
2026-08-27 22:14:05,174 | EPOCH 9 train_loss=0.116491
2026-08-27 22:14:05,925 | EPOCH 9 VAL loss=0.256446 acc=0.9153 pre=0.9163 rec=0.9161 f1=0.9150
2026-08-27 22:14:14,990 | EPOCH 10 train_loss=0.103278
2026-08-27 22:14:15,729 | EPOCH 10 VAL loss=0.272509 acc=0.9153 pre=0.9162 rec=0.9156 f1=0.9153
2026-08-27 22:14:25,634 | EPOCH 11 train_loss=0.089399
2026-08-27 22:14:26,353 | EPOCH 11 VAL loss=0.306782 acc=0.9158 pre=0.9176 rec=0.9172 f1=0.9169 BEST
2026-08-27 22:14:35,958 | EPOCH 12 train_loss=0.079080
2026-08-27 22:14:36,689 | EPOCH 12 VAL loss=0.317437 acc=0.9180 pre=0.9187 rec=0.9188 f1=0.9186 BEST
2026-08-27 22:14:47,546 | EPOCH 13 train_loss=0.070080
2026-08-27 22:14:48,315 | EPOCH 13 VAL loss=0.344762 acc=0.9123 pre=0.9162 rec=0.9141 f1=0.9141
2026-08-27 22:14:57,686 | EPOCH 14 train_loss=0.061441
2026-08-27 22:14:58,420 | EPOCH 14 VAL loss=0.356167 acc=0.9155 pre=0.9163 rec=0.9162 f1=0.9161
2026-08-27 22:15:08,608 | EPOCH 15 train_loss=0.057152
2026-08-27 22:15:09,348 | EPOCH 15 VAL loss=0.360598 acc=0.9152 pre=0.9160 rec=0.9160 f1=0.9158
2026-08-27 22:15:18,444 | EPOCH 16 train_loss=0.050239
2026-08-27 22:15:19,190 | EPOCH 16 VAL loss=0.366096 acc=0.9155 pre=0.9172 rec=0.9168 f1=0.9167
2026-08-27 22:15:29,969 | EPOCH 17 train_loss=0.044258
2026-08-27 22:15:30,675 | EPOCH 17 VAL loss=0.414698 acc=0.9115 pre=0.9135 rec=0.9122 f1=0.9126
2026-08-27 22:15:39,921 | EPOCH 18 train_loss=0.042356
2026-08-27 22:15:40,642 | EPOCH 18 VAL loss=0.437417 acc=0.9097 pre=0.9113 rec=0.9106 f1=0.9107
2026-08-27 22:15:50,367 | EPOCH 19 train_loss=0.036173
2026-08-27 22:15:51,154 | EPOCH 19 VAL loss=0.465486 acc=0.9168 pre=0.9174 rec=0.9176 f1=0.9174
2026-08-27 22:16:00,661 | EPOCH 20 train_loss=0.038425
2026-08-27 22:16:01,832 | EPOCH 20 VAL loss=0.498874 acc=0.9067 pre=0.9073 rec=0.9075 f1=0.9072
2026-08-27 22:16:11,517 | EPOCH 21 train_loss=0.033723
2026-08-27 22:16:12,773 | EPOCH 21 VAL loss=0.508226 acc=0.9142 pre=0.9152 rec=0.9149 f1=0.9149
2026-08-27 22:16:23,216 | EPOCH 22 train_loss=0.034323
2026-08-27 22:16:23,984 | EPOCH 22 VAL loss=0.528063 acc=0.9140 pre=0.9148 rec=0.9143 f1=0.9140
2026-08-27 22:16:23,995 | DONE best_epoch=12 best_val_loss=0.317437 early_stop=True time=230.63s
