2026-08-27 06:34:07,670 | START mlp_sgd_lr0.05_s123 opt=sgd lr=0.05 seed=123 device=cuda epochs=150 best_by=f1 stop_by=f1
2026-08-27 06:34:15,078 | EPOCH 1 train_loss=0.818958
2026-08-27 06:34:15,643 | EPOCH 1 VAL loss=0.533051 acc=0.8128 pre=0.8107 rec=0.8135 f1=0.8037 BEST
2026-08-27 06:34:22,476 | EPOCH 2 train_loss=0.496968
2026-08-27 06:34:23,052 | EPOCH 2 VAL loss=0.463382 acc=0.8357 pre=0.8374 rec=0.8350 f1=0.8336 BEST
2026-08-27 06:34:29,942 | EPOCH 3 train_loss=0.437265
2026-08-27 06:34:30,572 | EPOCH 3 VAL loss=0.427669 acc=0.8523 pre=0.8523 rec=0.8528 f1=0.8492 BEST
2026-08-27 06:34:37,399 | EPOCH 4 train_loss=0.402309
2026-08-27 06:34:37,950 | EPOCH 4 VAL loss=0.424498 acc=0.8425 pre=0.8599 rec=0.8440 f1=0.8466
2026-08-27 06:34:44,484 | EPOCH 5 train_loss=0.376545
2026-08-27 06:34:45,075 | EPOCH 5 VAL loss=0.410339 acc=0.8487 pre=0.8563 rec=0.8513 f1=0.8502 BEST
2026-08-27 06:34:51,733 | EPOCH 6 train_loss=0.357423
2026-08-27 06:34:52,323 | EPOCH 6 VAL loss=0.369187 acc=0.8618 pre=0.8665 rec=0.8620 f1=0.8619 BEST
2026-08-27 06:34:59,191 | EPOCH 7 train_loss=0.341080
2026-08-27 06:34:59,781 | EPOCH 7 VAL loss=0.353278 acc=0.8720 pre=0.8732 rec=0.8733 f1=0.8726 BEST
2026-08-27 06:35:06,537 | EPOCH 8 train_loss=0.328224
2026-08-27 06:35:07,146 | EPOCH 8 VAL loss=0.362019 acc=0.8708 pre=0.8751 rec=0.8728 f1=0.8724
2026-08-27 06:35:13,439 | EPOCH 9 train_loss=0.317024
2026-08-27 06:35:14,037 | EPOCH 9 VAL loss=0.366310 acc=0.8685 pre=0.8711 rec=0.8690 f1=0.8666
2026-08-27 06:35:20,466 | EPOCH 10 train_loss=0.305964
2026-08-27 06:35:21,080 | EPOCH 10 VAL loss=0.346394 acc=0.8683 pre=0.8812 rec=0.8711 f1=0.8721
2026-08-27 06:35:27,635 | EPOCH 11 train_loss=0.296463
2026-08-27 06:35:28,189 | EPOCH 11 VAL loss=0.334969 acc=0.8745 pre=0.8758 rec=0.8757 f1=0.8730 BEST
2026-08-27 06:35:34,867 | EPOCH 12 train_loss=0.287829
2026-08-27 06:35:35,460 | EPOCH 12 VAL loss=0.320326 acc=0.8830 pre=0.8848 rec=0.8837 f1=0.8839 BEST
2026-08-27 06:35:42,256 | EPOCH 13 train_loss=0.279774
2026-08-27 06:35:42,863 | EPOCH 13 VAL loss=0.399376 acc=0.8598 pre=0.8718 rec=0.8594 f1=0.8521
2026-08-27 06:35:49,355 | EPOCH 14 train_loss=0.272854
2026-08-27 06:35:49,900 | EPOCH 14 VAL loss=0.317613 acc=0.8852 pre=0.8855 rec=0.8858 f1=0.8838
2026-08-27 06:35:56,340 | EPOCH 15 train_loss=0.265361
2026-08-27 06:35:56,882 | EPOCH 15 VAL loss=0.311898 acc=0.8838 pre=0.8850 rec=0.8852 f1=0.8846 BEST
2026-08-27 06:36:03,641 | EPOCH 16 train_loss=0.257086
2026-08-27 06:36:04,232 | EPOCH 16 VAL loss=0.315299 acc=0.8838 pre=0.8885 rec=0.8856 f1=0.8856 BEST
2026-08-27 06:36:10,958 | EPOCH 17 train_loss=0.251871
2026-08-27 06:36:11,552 | EPOCH 17 VAL loss=0.321012 acc=0.8863 pre=0.8872 rec=0.8870 f1=0.8842
2026-08-27 06:36:17,986 | EPOCH 18 train_loss=0.244901
2026-08-27 06:36:18,535 | EPOCH 18 VAL loss=0.312789 acc=0.8838 pre=0.8853 rec=0.8846 f1=0.8840
2026-08-27 06:36:25,264 | EPOCH 19 train_loss=0.240674
2026-08-27 06:36:25,829 | EPOCH 19 VAL loss=0.300935 acc=0.8872 pre=0.8893 rec=0.8879 f1=0.8882 BEST
2026-08-27 06:36:32,841 | EPOCH 20 train_loss=0.233658
2026-08-27 06:36:33,418 | EPOCH 20 VAL loss=0.317459 acc=0.8813 pre=0.8832 rec=0.8821 f1=0.8805
2026-08-27 06:36:39,711 | EPOCH 21 train_loss=0.229906
2026-08-27 06:36:40,266 | EPOCH 21 VAL loss=0.312344 acc=0.8905 pre=0.8936 rec=0.8907 f1=0.8895 BEST
2026-08-27 06:36:46,955 | EPOCH 22 train_loss=0.224630
2026-08-27 06:36:47,501 | EPOCH 22 VAL loss=0.307979 acc=0.8862 pre=0.8893 rec=0.8873 f1=0.8871
2026-08-27 06:36:53,768 | EPOCH 23 train_loss=0.218976
2026-08-27 06:36:54,331 | EPOCH 23 VAL loss=0.308922 acc=0.8888 pre=0.8917 rec=0.8890 f1=0.8860
2026-08-27 06:37:00,529 | EPOCH 24 train_loss=0.214509
2026-08-27 06:37:01,076 | EPOCH 24 VAL loss=0.300568 acc=0.8917 pre=0.8938 rec=0.8926 f1=0.8922 BEST
2026-08-27 06:37:07,793 | EPOCH 25 train_loss=0.209817
2026-08-27 06:37:08,334 | EPOCH 25 VAL loss=0.297342 acc=0.8943 pre=0.8940 rec=0.8949 f1=0.8933 BEST
2026-08-27 06:37:14,999 | EPOCH 26 train_loss=0.204203
2026-08-27 06:37:15,653 | EPOCH 26 VAL loss=0.291785 acc=0.8927 pre=0.8947 rec=0.8933 f1=0.8935 BEST
2026-08-27 06:37:22,367 | EPOCH 27 train_loss=0.200473
2026-08-27 06:37:22,929 | EPOCH 27 VAL loss=0.326943 acc=0.8888 pre=0.8902 rec=0.8901 f1=0.8873
2026-08-27 06:37:29,209 | EPOCH 28 train_loss=0.195883
2026-08-27 06:37:29,758 | EPOCH 28 VAL loss=0.367864 acc=0.8652 pre=0.8821 rec=0.8675 f1=0.8675
2026-08-27 06:37:35,920 | EPOCH 29 train_loss=0.192420
2026-08-27 06:37:36,485 | EPOCH 29 VAL loss=0.291663 acc=0.8967 pre=0.8970 rec=0.8975 f1=0.8966 BEST
2026-08-27 06:37:43,022 | EPOCH 30 train_loss=0.188850
2026-08-27 06:37:43,638 | EPOCH 30 VAL loss=0.318811 acc=0.8910 pre=0.8925 rec=0.8930 f1=0.8913
2026-08-27 06:37:49,886 | EPOCH 31 train_loss=0.184408
2026-08-27 06:37:50,479 | EPOCH 31 VAL loss=0.301728 acc=0.8923 pre=0.8953 rec=0.8941 f1=0.8938
2026-08-27 06:37:57,039 | EPOCH 32 train_loss=0.179414
2026-08-27 06:37:57,607 | EPOCH 32 VAL loss=0.299593 acc=0.8985 pre=0.8988 rec=0.8995 f1=0.8987 BEST
2026-08-27 06:38:04,318 | EPOCH 33 train_loss=0.177106
2026-08-27 06:38:04,870 | EPOCH 33 VAL loss=0.301792 acc=0.8952 pre=0.8966 rec=0.8959 f1=0.8937
2026-08-27 06:38:11,174 | EPOCH 34 train_loss=0.173066
2026-08-27 06:38:11,729 | EPOCH 34 VAL loss=0.303175 acc=0.8958 pre=0.8986 rec=0.8975 f1=0.8972
2026-08-27 06:38:18,252 | EPOCH 35 train_loss=0.169569
2026-08-27 06:38:18,821 | EPOCH 35 VAL loss=0.327802 acc=0.8880 pre=0.8938 rec=0.8881 f1=0.8852
2026-08-27 06:38:25,226 | EPOCH 36 train_loss=0.167048
2026-08-27 06:38:25,803 | EPOCH 36 VAL loss=0.314390 acc=0.8905 pre=0.8946 rec=0.8924 f1=0.8923
2026-08-27 06:38:32,332 | EPOCH 37 train_loss=0.161906
2026-08-27 06:38:32,896 | EPOCH 37 VAL loss=0.322603 acc=0.8907 pre=0.8935 rec=0.8909 f1=0.8915
2026-08-27 06:38:39,531 | EPOCH 38 train_loss=0.158907
2026-08-27 06:38:40,098 | EPOCH 38 VAL loss=0.320131 acc=0.8893 pre=0.8938 rec=0.8905 f1=0.8907
2026-08-27 06:38:46,296 | EPOCH 39 train_loss=0.156368
2026-08-27 06:38:46,861 | EPOCH 39 VAL loss=0.313466 acc=0.8995 pre=0.9012 rec=0.8997 f1=0.8995 BEST
2026-08-27 06:38:53,696 | EPOCH 40 train_loss=0.152815
2026-08-27 06:38:54,256 | EPOCH 40 VAL loss=0.351919 acc=0.8807 pre=0.8947 rec=0.8832 f1=0.8844
2026-08-27 06:39:00,619 | EPOCH 41 train_loss=0.149732
2026-08-27 06:39:01,176 | EPOCH 41 VAL loss=0.358147 acc=0.8848 pre=0.8910 rec=0.8859 f1=0.8864
2026-08-27 06:39:07,622 | EPOCH 42 train_loss=0.145798
2026-08-27 06:39:08,210 | EPOCH 42 VAL loss=0.322502 acc=0.8945 pre=0.8969 rec=0.8961 f1=0.8956
2026-08-27 06:39:14,698 | EPOCH 43 train_loss=0.144131
2026-08-27 06:39:15,256 | EPOCH 43 VAL loss=0.328570 acc=0.8935 pre=0.8945 rec=0.8945 f1=0.8925
2026-08-27 06:39:21,850 | EPOCH 44 train_loss=0.141645
2026-08-27 06:39:22,441 | EPOCH 44 VAL loss=0.329531 acc=0.8928 pre=0.8944 rec=0.8924 f1=0.8924
2026-08-27 06:39:28,937 | EPOCH 45 train_loss=0.137866
2026-08-27 06:39:29,532 | EPOCH 45 VAL loss=0.327915 acc=0.8927 pre=0.8935 rec=0.8938 f1=0.8930
2026-08-27 06:39:35,905 | EPOCH 46 train_loss=0.135152
2026-08-27 06:39:36,491 | EPOCH 46 VAL loss=0.353212 acc=0.8848 pre=0.8885 rec=0.8861 f1=0.8856
2026-08-27 06:39:42,738 | EPOCH 47 train_loss=0.132292
2026-08-27 06:39:43,310 | EPOCH 47 VAL loss=0.344467 acc=0.8872 pre=0.8919 rec=0.8872 f1=0.8871
2026-08-27 06:39:49,556 | EPOCH 48 train_loss=0.130539
2026-08-27 06:39:50,111 | EPOCH 48 VAL loss=0.322956 acc=0.8930 pre=0.8938 rec=0.8936 f1=0.8936
2026-08-27 06:39:56,588 | EPOCH 49 train_loss=0.126943
2026-08-27 06:39:57,179 | EPOCH 49 VAL loss=0.358962 acc=0.8892 pre=0.8915 rec=0.8907 f1=0.8890
2026-08-27 06:39:57,183 | DONE best_epoch=39 best_val_loss=0.313466 early_stop=True time=348.84s
