2026-08-27 16:24:19,094 | START cnn_adagrad_lr0.005_s123 opt=adagrad lr=0.005 seed=123 device=cuda epochs=150 best_by=f1 stop_by=f1
2026-08-27 16:24:44,116 | EPOCH 1 train_loss=0.528877
2026-08-27 16:24:45,767 | EPOCH 1 VAL loss=0.421241 acc=0.8540 pre=0.8514 rec=0.8546 f1=0.8500 BEST
2026-08-27 16:25:10,524 | EPOCH 2 train_loss=0.389341
2026-08-27 16:25:12,189 | EPOCH 2 VAL loss=0.386124 acc=0.8652 pre=0.8662 rec=0.8653 f1=0.8625 BEST
2026-08-27 16:25:35,378 | EPOCH 3 train_loss=0.356893
2026-08-27 16:25:37,268 | EPOCH 3 VAL loss=0.364660 acc=0.8740 pre=0.8739 rec=0.8751 f1=0.8734 BEST
2026-08-27 16:25:59,333 | START cnn_adagrad_lr0.005_s123 opt=adagrad lr=0.005 seed=123 device=cuda epochs=150 best_by=f1 stop_by=f1
2026-08-27 16:25:59,384 | RESUMED from epoch 3, batch 600
2026-08-27 16:26:01,127 | EPOCH 4 train_loss=0.338501
2026-08-27 16:26:01,855 | START cnn_adagrad_lr0.005_s123 opt=adagrad lr=0.005 seed=123 device=cuda epochs=150 best_by=f1 stop_by=f1
2026-08-27 16:26:01,881 | RESUMED from epoch 3, batch 800
2026-08-27 16:26:02,957 | EPOCH 4 VAL loss=0.353708 acc=0.8770 pre=0.8786 rec=0.8782 f1=0.8781 BEST
2026-08-27 16:26:16,854 | EPOCH 4 train_loss=0.338267
2026-08-27 16:26:18,635 | EPOCH 4 VAL loss=0.353708 acc=0.8770 pre=0.8786 rec=0.8782 f1=0.8781 BEST
2026-08-27 16:26:19,194 | EPOCH 4 train_loss=0.337319
2026-08-27 16:26:21,929 | EPOCH 4 VAL loss=0.353708 acc=0.8770 pre=0.8786 rec=0.8782 f1=0.8781 BEST
2026-08-27 16:26:26,707 | EPOCH 5 train_loss=0.324973
2026-08-27 16:26:28,655 | EPOCH 5 VAL loss=0.343577 acc=0.8805 pre=0.8797 rec=0.8819 f1=0.8796 BEST
2026-08-27 16:26:42,768 | EPOCH 5 train_loss=0.324982
2026-08-27 16:26:44,805 | EPOCH 5 VAL loss=0.343670 acc=0.8805 pre=0.8798 rec=0.8819 f1=0.8796 BEST
2026-08-27 16:26:45,671 | EPOCH 5 train_loss=0.324968
2026-08-27 16:26:47,592 | EPOCH 5 VAL loss=0.343623 acc=0.8805 pre=0.8798 rec=0.8819 f1=0.8796 BEST
2026-08-27 16:26:51,544 | EPOCH 6 train_loss=0.314119
2026-08-27 16:26:53,390 | EPOCH 6 VAL loss=0.331042 acc=0.8847 pre=0.8862 rec=0.8854 f1=0.8853 BEST
2026-08-27 16:27:09,536 | EPOCH 6 train_loss=0.314153
2026-08-27 16:27:11,632 | EPOCH 6 train_loss=0.314086
2026-08-27 16:27:12,189 | EPOCH 6 VAL loss=0.331295 acc=0.8850 pre=0.8865 rec=0.8857 f1=0.8856 BEST
2026-08-27 16:27:13,312 | EPOCH 6 VAL loss=0.331107 acc=0.8850 pre=0.8865 rec=0.8857 f1=0.8856 BEST
2026-08-27 16:27:17,374 | EPOCH 7 train_loss=0.305691
2026-08-27 16:27:19,045 | EPOCH 7 VAL loss=0.321609 acc=0.8883 pre=0.8885 rec=0.8892 f1=0.8887 BEST
2026-08-27 16:27:36,557 | EPOCH 7 train_loss=0.305681
2026-08-27 16:27:37,649 | EPOCH 7 train_loss=0.305752
2026-08-27 16:27:39,056 | EPOCH 7 VAL loss=0.321579 acc=0.8882 pre=0.8883 rec=0.8891 f1=0.8885 BEST
2026-08-27 16:27:40,442 | EPOCH 7 VAL loss=0.321596 acc=0.8887 pre=0.8888 rec=0.8896 f1=0.8890 BEST
2026-08-27 16:27:43,967 | EPOCH 8 train_loss=0.298934
2026-08-27 16:27:46,530 | EPOCH 8 VAL loss=0.319460 acc=0.8893 pre=0.8903 rec=0.8904 f1=0.8899 BEST
2026-08-27 16:28:03,665 | EPOCH 8 train_loss=0.298890
2026-08-27 16:28:05,291 | EPOCH 8 VAL loss=0.319404 acc=0.8893 pre=0.8902 rec=0.8904 f1=0.8899 BEST
2026-08-27 16:28:06,846 | EPOCH 8 train_loss=0.298957
2026-08-27 16:28:08,780 | EPOCH 8 VAL loss=0.319599 acc=0.8890 pre=0.8898 rec=0.8900 f1=0.8895 BEST
2026-08-27 16:28:12,215 | EPOCH 9 train_loss=0.292181
2026-08-27 16:28:14,191 | EPOCH 9 VAL loss=0.314105 acc=0.8905 pre=0.8900 rec=0.8916 f1=0.8900 BEST
2026-08-27 16:28:31,224 | EPOCH 9 train_loss=0.292097
2026-08-27 16:28:31,776 | EPOCH 9 train_loss=0.292188
2026-08-27 16:28:33,332 | EPOCH 9 VAL loss=0.314032 acc=0.8897 pre=0.8891 rec=0.8908 f1=0.8891
2026-08-27 16:28:33,628 | EPOCH 9 VAL loss=0.314109 acc=0.8900 pre=0.8895 rec=0.8911 f1=0.8896 BEST
2026-08-27 16:28:37,863 | EPOCH 10 train_loss=0.287561
2026-08-27 16:28:40,520 | EPOCH 10 VAL loss=0.311147 acc=0.8905 pre=0.8915 rec=0.8919 f1=0.8915 BEST
2026-08-27 16:28:56,657 | EPOCH 10 train_loss=0.287532
2026-08-27 16:28:57,010 | EPOCH 10 train_loss=0.287456
2026-08-27 16:28:58,451 | EPOCH 10 VAL loss=0.311267 acc=0.8900 pre=0.8910 rec=0.8915 f1=0.8910 BEST
2026-08-27 16:28:58,711 | EPOCH 10 VAL loss=0.311163 acc=0.8902 pre=0.8912 rec=0.8916 f1=0.8912 BEST
2026-08-27 16:29:03,628 | EPOCH 11 train_loss=0.282381
2026-08-27 16:29:06,135 | EPOCH 11 VAL loss=0.307817 acc=0.8932 pre=0.8940 rec=0.8941 f1=0.8935 BEST
2026-08-27 16:29:21,112 | EPOCH 11 train_loss=0.282338
2026-08-27 16:29:23,105 | EPOCH 11 VAL loss=0.307777 acc=0.8925 pre=0.8933 rec=0.8935 f1=0.8928 BEST
2026-08-27 16:29:23,552 | EPOCH 11 train_loss=0.282274
2026-08-27 16:29:25,479 | EPOCH 11 VAL loss=0.307728 acc=0.8928 pre=0.8936 rec=0.8938 f1=0.8931 BEST
2026-08-27 16:29:29,987 | EPOCH 12 train_loss=0.277917
2026-08-27 16:29:31,898 | EPOCH 12 VAL loss=0.301264 acc=0.8963 pre=0.8968 rec=0.8973 f1=0.8970 BEST
2026-08-27 16:29:47,642 | EPOCH 12 train_loss=0.277849
2026-08-27 16:29:49,101 | EPOCH 12 VAL loss=0.301213 acc=0.8960 pre=0.8965 rec=0.8970 f1=0.8967 BEST
2026-08-27 16:29:50,229 | EPOCH 12 train_loss=0.277771
2026-08-27 16:29:51,920 | EPOCH 12 VAL loss=0.301167 acc=0.8963 pre=0.8968 rec=0.8974 f1=0.8970 BEST
2026-08-27 16:29:54,394 | EPOCH 13 train_loss=0.274610
2026-08-27 16:29:56,991 | EPOCH 13 VAL loss=0.302887 acc=0.8957 pre=0.8961 rec=0.8963 f1=0.8947
2026-08-27 16:30:11,958 | EPOCH 13 train_loss=0.274562
2026-08-27 16:30:13,689 | EPOCH 13 VAL loss=0.302839 acc=0.8957 pre=0.8961 rec=0.8963 f1=0.8947
2026-08-27 16:30:15,703 | EPOCH 13 train_loss=0.274476
2026-08-27 16:30:17,090 | EPOCH 13 VAL loss=0.302790 acc=0.8955 pre=0.8959 rec=0.8962 f1=0.8946
2026-08-27 16:30:20,753 | EPOCH 14 train_loss=0.271234
2026-08-27 16:30:22,740 | EPOCH 14 VAL loss=0.298558 acc=0.8935 pre=0.8932 rec=0.8944 f1=0.8927
2026-08-27 16:30:36,126 | EPOCH 14 train_loss=0.271163
2026-08-27 16:30:37,969 | EPOCH 14 VAL loss=0.298588 acc=0.8933 pre=0.8930 rec=0.8943 f1=0.8925
2026-08-27 16:30:41,197 | EPOCH 14 train_loss=0.271099
2026-08-27 16:30:42,948 | EPOCH 14 VAL loss=0.298533 acc=0.8938 pre=0.8936 rec=0.8948 f1=0.8930
2026-08-27 16:30:45,401 | EPOCH 15 train_loss=0.267571
2026-08-27 16:30:47,466 | EPOCH 15 VAL loss=0.299052 acc=0.8947 pre=0.8978 rec=0.8962 f1=0.8965
2026-08-27 16:31:01,724 | EPOCH 15 train_loss=0.267507
2026-08-27 16:31:03,680 | EPOCH 15 VAL loss=0.298759 acc=0.8955 pre=0.8987 rec=0.8970 f1=0.8973 BEST
2026-08-27 16:31:04,775 | EPOCH 15 train_loss=0.267417
2026-08-27 16:31:06,650 | EPOCH 15 VAL loss=0.298974 acc=0.8948 pre=0.8980 rec=0.8963 f1=0.8967
2026-08-27 16:31:12,049 | EPOCH 16 train_loss=0.264534
2026-08-27 16:31:13,740 | EPOCH 16 VAL loss=0.292260 acc=0.8967 pre=0.8969 rec=0.8979 f1=0.8971 BEST
2026-08-27 16:31:28,170 | EPOCH 16 train_loss=0.264480
2026-08-27 16:31:29,875 | EPOCH 16 VAL loss=0.292293 acc=0.8968 pre=0.8971 rec=0.8981 f1=0.8973
2026-08-27 16:31:30,909 | EPOCH 16 train_loss=0.264409
2026-08-27 16:31:32,896 | EPOCH 16 VAL loss=0.292200 acc=0.8965 pre=0.8968 rec=0.8978 f1=0.8970
2026-08-27 16:31:39,171 | EPOCH 17 train_loss=0.261966
2026-08-27 16:31:41,188 | EPOCH 17 VAL loss=0.289652 acc=0.8980 pre=0.8980 rec=0.8986 f1=0.8976 BEST
2026-08-27 16:31:53,996 | EPOCH 17 train_loss=0.261904
2026-08-27 16:31:55,690 | EPOCH 17 VAL loss=0.289697 acc=0.8978 pre=0.8978 rec=0.8985 f1=0.8974 BEST
2026-08-27 16:31:56,520 | EPOCH 17 train_loss=0.261846
2026-08-27 16:31:58,403 | EPOCH 17 VAL loss=0.289695 acc=0.8980 pre=0.8980 rec=0.8986 f1=0.8976 BEST
2026-08-27 16:32:04,422 | EPOCH 18 train_loss=0.259373
2026-08-27 16:32:06,357 | EPOCH 18 VAL loss=0.289256 acc=0.8975 pre=0.8974 rec=0.8986 f1=0.8976 BEST
2026-08-27 16:32:21,952 | EPOCH 18 train_loss=0.259335
2026-08-27 16:32:23,600 | EPOCH 18 train_loss=0.259281
2026-08-27 16:32:23,919 | EPOCH 18 VAL loss=0.289282 acc=0.8980 pre=0.8980 rec=0.8991 f1=0.8982 BEST
2026-08-27 16:32:25,439 | EPOCH 18 VAL loss=0.289206 acc=0.8987 pre=0.8986 rec=0.8998 f1=0.8988 BEST
2026-08-27 16:32:29,611 | EPOCH 19 train_loss=0.256865
2026-08-27 16:32:31,383 | EPOCH 19 VAL loss=0.287518 acc=0.8982 pre=0.8991 rec=0.8990 f1=0.8989 BEST
2026-08-27 16:32:48,948 | EPOCH 19 train_loss=0.256811
2026-08-27 16:32:49,788 | EPOCH 19 train_loss=0.256758
2026-08-27 16:32:50,695 | EPOCH 19 VAL loss=0.287647 acc=0.8983 pre=0.8993 rec=0.8992 f1=0.8991 BEST
2026-08-27 16:32:51,446 | EPOCH 19 VAL loss=0.287697 acc=0.8982 pre=0.8992 rec=0.8990 f1=0.8989 BEST
2026-08-27 16:32:55,896 | EPOCH 20 train_loss=0.254525
2026-08-27 16:32:57,815 | EPOCH 20 VAL loss=0.288153 acc=0.9000 pre=0.8999 rec=0.9009 f1=0.8995 BEST
2026-08-27 16:33:16,163 | EPOCH 20 train_loss=0.254495
2026-08-27 16:33:16,843 | EPOCH 20 train_loss=0.254435
2026-08-27 16:33:18,063 | EPOCH 20 VAL loss=0.288005 acc=0.9003 pre=0.9003 rec=0.9012 f1=0.8999 BEST
2026-08-27 16:33:18,840 | EPOCH 20 VAL loss=0.288134 acc=0.8997 pre=0.8996 rec=0.9005 f1=0.8991 BEST
2026-08-27 16:33:23,591 | EPOCH 21 train_loss=0.252714
2026-08-27 16:33:25,627 | EPOCH 21 VAL loss=0.284837 acc=0.9000 pre=0.9009 rec=0.9004 f1=0.8995
2026-08-27 16:33:40,572 | EPOCH 21 train_loss=0.252684
2026-08-27 16:33:42,137 | EPOCH 21 VAL loss=0.284837 acc=0.8995 pre=0.9002 rec=0.9000 f1=0.8990
2026-08-27 16:33:43,439 | EPOCH 21 train_loss=0.252647
2026-08-27 16:33:45,209 | EPOCH 21 VAL loss=0.284923 acc=0.8997 pre=0.9005 rec=0.9001 f1=0.8991
2026-08-27 16:33:48,669 | EPOCH 22 train_loss=0.250690
2026-08-27 16:33:50,454 | EPOCH 22 VAL loss=0.281948 acc=0.9003 pre=0.9007 rec=0.9013 f1=0.9005 BEST
2026-08-27 16:34:04,144 | EPOCH 22 train_loss=0.250689
2026-08-27 16:34:05,891 | EPOCH 22 VAL loss=0.282110 acc=0.9000 pre=0.9004 rec=0.9010 f1=0.9002 BEST
2026-08-27 16:34:08,211 | EPOCH 22 train_loss=0.250637
2026-08-27 16:34:09,845 | EPOCH 22 VAL loss=0.282013 acc=0.9000 pre=0.9004 rec=0.9010 f1=0.9001 BEST
2026-08-27 16:34:15,630 | EPOCH 23 train_loss=0.248214
2026-08-27 16:34:17,677 | EPOCH 23 VAL loss=0.285434 acc=0.9023 pre=0.9041 rec=0.9027 f1=0.9012 BEST
2026-08-27 16:34:30,352 | EPOCH 23 train_loss=0.248222
2026-08-27 16:34:32,106 | EPOCH 23 VAL loss=0.285265 acc=0.9023 pre=0.9040 rec=0.9027 f1=0.9012 BEST
2026-08-27 16:34:35,519 | EPOCH 23 train_loss=0.248187
2026-08-27 16:34:37,644 | EPOCH 23 VAL loss=0.285339 acc=0.9018 pre=0.9037 rec=0.9022 f1=0.9007 BEST
2026-08-27 16:34:42,278 | EPOCH 24 train_loss=0.246722
2026-08-27 16:34:44,202 | EPOCH 24 VAL loss=0.279850 acc=0.9022 pre=0.9035 rec=0.9033 f1=0.9033 BEST
2026-08-27 16:34:56,915 | EPOCH 24 train_loss=0.246767
2026-08-27 16:34:58,756 | EPOCH 24 VAL loss=0.279825 acc=0.9022 pre=0.9035 rec=0.9033 f1=0.9033 BEST
2026-08-27 16:35:02,724 | EPOCH 24 train_loss=0.246719
2026-08-27 16:35:04,521 | EPOCH 24 VAL loss=0.279907 acc=0.9025 pre=0.9039 rec=0.9037 f1=0.9036 BEST
2026-08-27 16:35:06,924 | EPOCH 25 train_loss=0.244867
2026-08-27 16:35:09,132 | EPOCH 25 VAL loss=0.278243 acc=0.9027 pre=0.9030 rec=0.9032 f1=0.9022
2026-08-27 16:35:23,035 | EPOCH 25 train_loss=0.244910
2026-08-27 16:35:24,924 | EPOCH 25 VAL loss=0.278370 acc=0.9023 pre=0.9027 rec=0.9029 f1=0.9020
2026-08-27 16:35:29,123 | EPOCH 25 train_loss=0.244874
2026-08-27 16:35:30,801 | EPOCH 25 VAL loss=0.278342 acc=0.9028 pre=0.9032 rec=0.9034 f1=0.9024
2026-08-27 16:35:32,495 | EPOCH 26 train_loss=0.243046
2026-08-27 16:35:34,441 | EPOCH 26 VAL loss=0.274901 acc=0.9022 pre=0.9023 rec=0.9030 f1=0.9021
2026-08-27 16:35:47,465 | EPOCH 26 train_loss=0.243105
2026-08-27 16:35:49,667 | EPOCH 26 VAL loss=0.274949 acc=0.9035 pre=0.9036 rec=0.9043 f1=0.9034 BEST
2026-08-27 16:35:53,665 | EPOCH 26 train_loss=0.243059
2026-08-27 16:35:55,304 | EPOCH 26 VAL loss=0.274954 acc=0.9023 pre=0.9024 rec=0.9031 f1=0.9022
2026-08-27 16:35:58,186 | EPOCH 27 train_loss=0.241350
2026-08-27 16:36:00,025 | EPOCH 27 VAL loss=0.275986 acc=0.9023 pre=0.9030 rec=0.9036 f1=0.9032
2026-08-27 16:36:14,680 | EPOCH 27 train_loss=0.241420
2026-08-27 16:36:16,628 | EPOCH 27 VAL loss=0.276017 acc=0.9028 pre=0.9034 rec=0.9041 f1=0.9036 BEST
2026-08-27 16:36:17,368 | EPOCH 27 train_loss=0.241386
2026-08-27 16:36:19,363 | EPOCH 27 VAL loss=0.275966 acc=0.9025 pre=0.9031 rec=0.9038 f1=0.9033
2026-08-27 16:36:23,195 | EPOCH 28 train_loss=0.239611
2026-08-27 16:36:25,141 | EPOCH 28 VAL loss=0.274677 acc=0.9025 pre=0.9036 rec=0.9037 f1=0.9036 BEST
2026-08-27 16:36:41,222 | EPOCH 28 train_loss=0.239678
2026-08-27 16:36:42,504 | EPOCH 28 train_loss=0.239662
2026-08-27 16:36:42,880 | EPOCH 28 VAL loss=0.274929 acc=0.9018 pre=0.9030 rec=0.9030 f1=0.9029
2026-08-27 16:36:44,445 | EPOCH 28 VAL loss=0.274798 acc=0.9020 pre=0.9032 rec=0.9032 f1=0.9031
2026-08-27 16:36:49,429 | EPOCH 29 train_loss=0.238215
2026-08-27 16:36:51,195 | EPOCH 29 VAL loss=0.275101 acc=0.9062 pre=0.9072 rec=0.9069 f1=0.9065 BEST
2026-08-27 16:37:07,346 | EPOCH 29 train_loss=0.238279
2026-08-27 16:37:08,261 | EPOCH 29 train_loss=0.238307
2026-08-27 16:37:09,319 | EPOCH 29 VAL loss=0.275093 acc=0.9065 pre=0.9074 rec=0.9073 f1=0.9068 BEST
2026-08-27 16:37:10,241 | EPOCH 29 VAL loss=0.275242 acc=0.9065 pre=0.9075 rec=0.9073 f1=0.9068 BEST
2026-08-27 16:37:14,604 | EPOCH 30 train_loss=0.236706
2026-08-27 16:37:16,569 | EPOCH 30 VAL loss=0.275531 acc=0.9057 pre=0.9071 rec=0.9070 f1=0.9066 BEST
2026-08-27 16:37:34,162 | EPOCH 30 train_loss=0.236811
2026-08-27 16:37:34,304 | EPOCH 30 train_loss=0.236785
2026-08-27 16:37:36,183 | EPOCH 30 VAL loss=0.275624 acc=0.9058 pre=0.9072 rec=0.9072 f1=0.9067
2026-08-27 16:37:36,628 | EPOCH 30 VAL loss=0.275799 acc=0.9055 pre=0.9069 rec=0.9068 f1=0.9064
2026-08-27 16:37:40,888 | EPOCH 31 train_loss=0.235064
2026-08-27 16:37:43,382 | EPOCH 31 VAL loss=0.270003 acc=0.9043 pre=0.9046 rec=0.9051 f1=0.9044
2026-08-27 16:37:59,000 | EPOCH 31 train_loss=0.235114
2026-08-27 16:38:00,685 | EPOCH 31 train_loss=0.235185
2026-08-27 16:38:01,827 | EPOCH 31 VAL loss=0.270057 acc=0.9048 pre=0.9050 rec=0.9056 f1=0.9049
2026-08-27 16:38:02,694 | EPOCH 31 VAL loss=0.270095 acc=0.9053 pre=0.9055 rec=0.9061 f1=0.9054
2026-08-27 16:38:05,650 | EPOCH 32 train_loss=0.233709
2026-08-27 16:38:07,461 | EPOCH 32 VAL loss=0.272248 acc=0.9032 pre=0.9037 rec=0.9043 f1=0.9038
2026-08-27 16:38:23,657 | EPOCH 32 train_loss=0.233780
2026-08-27 16:38:24,576 | EPOCH 32 train_loss=0.233809
2026-08-27 16:38:25,466 | EPOCH 32 VAL loss=0.272124 acc=0.9038 pre=0.9045 rec=0.9050 f1=0.9045
2026-08-27 16:38:26,458 | EPOCH 32 VAL loss=0.272183 acc=0.9040 pre=0.9047 rec=0.9051 f1=0.9047
2026-08-27 16:38:32,044 | EPOCH 33 train_loss=0.232665
2026-08-27 16:38:33,998 | EPOCH 33 VAL loss=0.269526 acc=0.9048 pre=0.9048 rec=0.9057 f1=0.9047
2026-08-27 16:38:46,459 | EPOCH 33 train_loss=0.232744
2026-08-27 16:38:48,413 | EPOCH 33 VAL loss=0.269637 acc=0.9048 pre=0.9049 rec=0.9057 f1=0.9047
2026-08-27 16:38:48,432 | EPOCH 33 train_loss=0.232783
2026-08-27 16:38:50,718 | EPOCH 33 VAL loss=0.269515 acc=0.9053 pre=0.9054 rec=0.9062 f1=0.9053
2026-08-27 16:38:59,354 | EPOCH 34 train_loss=0.231012
2026-08-27 16:39:01,200 | EPOCH 34 VAL loss=0.271614 acc=0.9063 pre=0.9075 rec=0.9074 f1=0.9071 BEST
2026-08-27 16:39:08,782 | EPOCH 34 train_loss=0.231091
2026-08-27 16:39:10,779 | EPOCH 34 VAL loss=0.272151 acc=0.9063 pre=0.9074 rec=0.9074 f1=0.9070 BEST
2026-08-27 16:39:14,636 | EPOCH 34 train_loss=0.231122
2026-08-27 16:39:16,716 | EPOCH 34 VAL loss=0.271996 acc=0.9068 pre=0.9080 rec=0.9079 f1=0.9076 BEST
2026-08-27 16:39:25,405 | EPOCH 35 train_loss=0.229904
2026-08-27 16:39:27,407 | EPOCH 35 VAL loss=0.270523 acc=0.9057 pre=0.9060 rec=0.9062 f1=0.9051
2026-08-27 16:39:34,691 | EPOCH 35 train_loss=0.229999
2026-08-27 16:39:36,740 | EPOCH 35 VAL loss=0.270594 acc=0.9058 pre=0.9061 rec=0.9064 f1=0.9053
2026-08-27 16:39:40,879 | EPOCH 35 train_loss=0.230091
2026-08-27 16:39:42,552 | EPOCH 35 VAL loss=0.270403 acc=0.9058 pre=0.9061 rec=0.9063 f1=0.9053
2026-08-27 16:39:49,856 | EPOCH 36 train_loss=0.228493
2026-08-27 16:39:51,638 | EPOCH 36 VAL loss=0.267571 acc=0.9040 pre=0.9049 rec=0.9053 f1=0.9049
2026-08-27 16:40:00,054 | EPOCH 36 train_loss=0.228558
2026-08-27 16:40:01,959 | EPOCH 36 VAL loss=0.267831 acc=0.9052 pre=0.9058 rec=0.9065 f1=0.9060
2026-08-27 16:40:04,885 | EPOCH 36 train_loss=0.228627
2026-08-27 16:40:06,832 | EPOCH 36 VAL loss=0.267737 acc=0.9052 pre=0.9058 rec=0.9065 f1=0.9059
2026-08-27 16:40:13,036 | EPOCH 37 train_loss=0.227247
2026-08-27 16:40:15,053 | EPOCH 37 VAL loss=0.266043 acc=0.9055 pre=0.9055 rec=0.9063 f1=0.9055
2026-08-27 16:40:26,989 | EPOCH 37 train_loss=0.227361
2026-08-27 16:40:29,609 | EPOCH 37 train_loss=0.227432
2026-08-27 16:40:30,196 | EPOCH 37 VAL loss=0.266363 acc=0.9065 pre=0.9066 rec=0.9073 f1=0.9066
2026-08-27 16:40:31,396 | EPOCH 37 VAL loss=0.266382 acc=0.9068 pre=0.9070 rec=0.9076 f1=0.9069
2026-08-27 16:40:36,648 | EPOCH 38 train_loss=0.226102
2026-08-27 16:40:39,094 | EPOCH 38 VAL loss=0.265171 acc=0.9060 pre=0.9070 rec=0.9071 f1=0.9069
2026-08-27 16:40:53,983 | EPOCH 38 train_loss=0.226217
2026-08-27 16:40:54,837 | EPOCH 38 train_loss=0.226257
2026-08-27 16:40:55,630 | EPOCH 38 VAL loss=0.265193 acc=0.9060 pre=0.9070 rec=0.9072 f1=0.9069
2026-08-27 16:40:56,573 | EPOCH 38 VAL loss=0.265212 acc=0.9067 pre=0.9076 rec=0.9078 f1=0.9076
2026-08-27 16:41:03,002 | EPOCH 39 train_loss=0.225341
2026-08-27 16:41:04,993 | EPOCH 39 VAL loss=0.264190 acc=0.9053 pre=0.9058 rec=0.9063 f1=0.9058
2026-08-27 16:41:19,460 | EPOCH 39 train_loss=0.225430
2026-08-27 16:41:19,957 | EPOCH 39 train_loss=0.225533
2026-08-27 16:41:21,299 | EPOCH 39 VAL loss=0.264338 acc=0.9055 pre=0.9060 rec=0.9064 f1=0.9060
2026-08-27 16:41:21,722 | EPOCH 39 VAL loss=0.264311 acc=0.9052 pre=0.9057 rec=0.9061 f1=0.9057
2026-08-27 16:41:28,076 | EPOCH 40 train_loss=0.224102
2026-08-27 16:41:29,921 | EPOCH 40 VAL loss=0.264603 acc=0.9077 pre=0.9080 rec=0.9087 f1=0.9081 BEST
2026-08-27 16:41:44,721 | EPOCH 40 train_loss=0.224207
2026-08-27 16:41:45,977 | EPOCH 40 train_loss=0.224279
2026-08-27 16:41:46,423 | EPOCH 40 VAL loss=0.264770 acc=0.9073 pre=0.9076 rec=0.9084 f1=0.9078 BEST
2026-08-27 16:41:47,834 | EPOCH 40 VAL loss=0.264771 acc=0.9067 pre=0.9070 rec=0.9077 f1=0.9071
2026-08-27 16:41:54,494 | EPOCH 41 train_loss=0.222760
2026-08-27 16:41:56,355 | EPOCH 41 VAL loss=0.261679 acc=0.9068 pre=0.9070 rec=0.9079 f1=0.9073
2026-08-27 16:42:09,869 | EPOCH 41 train_loss=0.222957
2026-08-27 16:42:11,415 | EPOCH 41 VAL loss=0.261903 acc=0.9070 pre=0.9071 rec=0.9080 f1=0.9075
2026-08-27 16:42:11,753 | EPOCH 41 train_loss=0.222869
2026-08-27 16:42:13,604 | EPOCH 41 VAL loss=0.261873 acc=0.9072 pre=0.9073 rec=0.9082 f1=0.9076
2026-08-27 16:42:19,582 | EPOCH 42 train_loss=0.221799
2026-08-27 16:42:21,522 | EPOCH 42 VAL loss=0.264474 acc=0.9068 pre=0.9074 rec=0.9080 f1=0.9074
2026-08-27 16:42:35,017 | EPOCH 42 train_loss=0.222021
2026-08-27 16:42:36,758 | EPOCH 42 VAL loss=0.264654 acc=0.9077 pre=0.9084 rec=0.9088 f1=0.9083 BEST
2026-08-27 16:42:37,014 | EPOCH 42 train_loss=0.221938
2026-08-27 16:42:39,167 | EPOCH 42 VAL loss=0.264655 acc=0.9077 pre=0.9084 rec=0.9088 f1=0.9083 BEST
2026-08-27 16:42:44,639 | EPOCH 43 train_loss=0.220566
2026-08-27 16:42:46,477 | EPOCH 43 VAL loss=0.263667 acc=0.9080 pre=0.9080 rec=0.9091 f1=0.9083 BEST
2026-08-27 16:43:01,093 | EPOCH 43 train_loss=0.220778
2026-08-27 16:43:02,723 | EPOCH 43 VAL loss=0.263863 acc=0.9078 pre=0.9079 rec=0.9089 f1=0.9081
2026-08-27 16:43:03,456 | EPOCH 43 train_loss=0.220689
2026-08-27 16:43:05,270 | EPOCH 43 VAL loss=0.263833 acc=0.9078 pre=0.9080 rec=0.9089 f1=0.9082
2026-08-27 16:43:10,219 | EPOCH 44 train_loss=0.219880
2026-08-27 16:43:12,029 | EPOCH 44 VAL loss=0.261673 acc=0.9067 pre=0.9070 rec=0.9073 f1=0.9064
2026-08-27 16:43:24,712 | EPOCH 44 train_loss=0.220101
2026-08-27 16:43:26,608 | EPOCH 44 VAL loss=0.261971 acc=0.9075 pre=0.9077 rec=0.9082 f1=0.9073
2026-08-27 16:43:27,210 | EPOCH 44 train_loss=0.220011
2026-08-27 16:43:29,068 | EPOCH 44 VAL loss=0.261966 acc=0.9072 pre=0.9074 rec=0.9078 f1=0.9069
2026-08-27 16:43:36,291 | EPOCH 45 train_loss=0.218407
2026-08-27 16:43:38,174 | EPOCH 45 VAL loss=0.259782 acc=0.9077 pre=0.9079 rec=0.9087 f1=0.9081
2026-08-27 16:43:50,044 | EPOCH 45 train_loss=0.218581
2026-08-27 16:43:51,938 | EPOCH 45 VAL loss=0.259989 acc=0.9080 pre=0.9082 rec=0.9090 f1=0.9084 BEST
2026-08-27 16:43:52,685 | EPOCH 45 train_loss=0.218518
2026-08-27 16:43:54,569 | EPOCH 45 VAL loss=0.259956 acc=0.9078 pre=0.9080 rec=0.9088 f1=0.9082
2026-08-27 16:44:01,833 | EPOCH 46 train_loss=0.217650
2026-08-27 16:44:03,710 | EPOCH 46 VAL loss=0.264262 acc=0.9085 pre=0.9095 rec=0.9094 f1=0.9091 BEST
2026-08-27 16:44:15,700 | EPOCH 46 train_loss=0.217932
2026-08-27 16:44:17,760 | EPOCH 46 VAL loss=0.264262 acc=0.9085 pre=0.9094 rec=0.9094 f1=0.9091 BEST
2026-08-27 16:44:18,225 | EPOCH 46 train_loss=0.217817
2026-08-27 16:44:20,183 | EPOCH 46 VAL loss=0.264271 acc=0.9085 pre=0.9094 rec=0.9094 f1=0.9090 BEST
2026-08-27 16:44:27,995 | EPOCH 47 train_loss=0.216709
2026-08-27 16:44:29,850 | EPOCH 47 VAL loss=0.261888 acc=0.9077 pre=0.9083 rec=0.9089 f1=0.9085
2026-08-27 16:44:42,483 | EPOCH 47 train_loss=0.216935
2026-08-27 16:44:44,020 | EPOCH 47 train_loss=0.216872
2026-08-27 16:44:44,176 | EPOCH 47 VAL loss=0.262160 acc=0.9077 pre=0.9084 rec=0.9089 f1=0.9085
2026-08-27 16:44:46,094 | EPOCH 47 VAL loss=0.262120 acc=0.9080 pre=0.9086 rec=0.9092 f1=0.9088
2026-08-27 16:44:52,254 | EPOCH 48 train_loss=0.215854
2026-08-27 16:44:54,042 | EPOCH 48 VAL loss=0.259680 acc=0.9080 pre=0.9082 rec=0.9089 f1=0.9080
2026-08-27 16:45:05,226 | EPOCH 48 train_loss=0.216079
2026-08-27 16:45:07,873 | EPOCH 48 VAL loss=0.259706 acc=0.9082 pre=0.9084 rec=0.9090 f1=0.9082
2026-08-27 16:45:08,716 | EPOCH 48 train_loss=0.216017
2026-08-27 16:45:10,431 | EPOCH 48 VAL loss=0.259816 acc=0.9078 pre=0.9081 rec=0.9087 f1=0.9079
2026-08-27 16:45:17,429 | EPOCH 49 train_loss=0.214866
2026-08-27 16:45:19,329 | EPOCH 49 VAL loss=0.259468 acc=0.9077 pre=0.9085 rec=0.9091 f1=0.9086
2026-08-27 16:45:30,105 | EPOCH 49 train_loss=0.215088
2026-08-27 16:45:32,679 | EPOCH 49 VAL loss=0.259603 acc=0.9088 pre=0.9096 rec=0.9103 f1=0.9098 BEST
2026-08-27 16:45:34,189 | EPOCH 49 train_loss=0.215029
2026-08-27 16:45:36,247 | EPOCH 49 VAL loss=0.259545 acc=0.9090 pre=0.9097 rec=0.9104 f1=0.9099 BEST
2026-08-27 16:45:41,482 | EPOCH 50 train_loss=0.213869
2026-08-27 16:45:43,300 | EPOCH 50 VAL loss=0.258988 acc=0.9075 pre=0.9082 rec=0.9082 f1=0.9076
2026-08-27 16:45:56,902 | EPOCH 50 train_loss=0.214134
2026-08-27 16:45:59,475 | EPOCH 50 VAL loss=0.258936 acc=0.9070 pre=0.9077 rec=0.9077 f1=0.9070
2026-08-27 16:46:00,640 | EPOCH 50 train_loss=0.214045
2026-08-27 16:46:02,516 | EPOCH 50 VAL loss=0.259087 acc=0.9075 pre=0.9082 rec=0.9082 f1=0.9075
2026-08-27 16:46:06,873 | EPOCH 51 train_loss=0.212835
2026-08-27 16:46:08,810 | EPOCH 51 VAL loss=0.256489 acc=0.9085 pre=0.9088 rec=0.9094 f1=0.9089
2026-08-27 16:46:21,618 | EPOCH 51 train_loss=0.213071
2026-08-27 16:46:23,722 | EPOCH 51 VAL loss=0.256501 acc=0.9088 pre=0.9091 rec=0.9097 f1=0.9091
2026-08-27 16:46:25,319 | EPOCH 51 train_loss=0.213017
2026-08-27 16:46:27,348 | EPOCH 51 VAL loss=0.256476 acc=0.9092 pre=0.9094 rec=0.9101 f1=0.9095
2026-08-27 16:46:33,097 | EPOCH 52 train_loss=0.211968
2026-08-27 16:46:34,945 | EPOCH 52 VAL loss=0.256987 acc=0.9105 pre=0.9111 rec=0.9114 f1=0.9109 BEST
2026-08-27 16:46:45,849 | EPOCH 52 train_loss=0.212226
2026-08-27 16:46:47,878 | EPOCH 52 VAL loss=0.256871 acc=0.9107 pre=0.9110 rec=0.9115 f1=0.9110 BEST
2026-08-27 16:46:50,946 | EPOCH 52 train_loss=0.212151
2026-08-27 16:46:53,159 | EPOCH 52 VAL loss=0.256919 acc=0.9110 pre=0.9114 rec=0.9118 f1=0.9113 BEST
2026-08-27 16:46:58,765 | EPOCH 53 train_loss=0.211353
2026-08-27 16:47:00,935 | EPOCH 53 VAL loss=0.257067 acc=0.9105 pre=0.9114 rec=0.9114 f1=0.9112 BEST
2026-08-27 16:47:10,607 | EPOCH 53 train_loss=0.211591
2026-08-27 16:47:12,187 | EPOCH 53 VAL loss=0.256972 acc=0.9105 pre=0.9113 rec=0.9115 f1=0.9112 BEST
2026-08-27 16:47:16,344 | EPOCH 53 train_loss=0.211532
2026-08-27 16:47:18,229 | EPOCH 53 VAL loss=0.256922 acc=0.9110 pre=0.9118 rec=0.9119 f1=0.9116 BEST
2026-08-27 16:47:24,808 | EPOCH 54 train_loss=0.210211
2026-08-27 16:47:26,790 | EPOCH 54 VAL loss=0.258379 acc=0.9082 pre=0.9096 rec=0.9096 f1=0.9094
2026-08-27 16:47:34,955 | EPOCH 54 train_loss=0.210463
2026-08-27 16:47:36,666 | EPOCH 54 VAL loss=0.258201 acc=0.9083 pre=0.9096 rec=0.9098 f1=0.9095
2026-08-27 16:47:42,089 | EPOCH 54 train_loss=0.210402
2026-08-27 16:47:43,914 | EPOCH 54 VAL loss=0.258441 acc=0.9085 pre=0.9098 rec=0.9099 f1=0.9097
2026-08-27 16:47:48,886 | EPOCH 55 train_loss=0.209619
2026-08-27 16:47:50,601 | EPOCH 55 VAL loss=0.258377 acc=0.9080 pre=0.9081 rec=0.9094 f1=0.9084
2026-08-27 16:48:00,254 | EPOCH 55 train_loss=0.209874
2026-08-27 16:48:02,147 | EPOCH 55 VAL loss=0.258714 acc=0.9078 pre=0.9080 rec=0.9091 f1=0.9082
2026-08-27 16:48:04,971 | EPOCH 55 train_loss=0.209833
2026-08-27 16:48:06,821 | EPOCH 55 VAL loss=0.258688 acc=0.9078 pre=0.9079 rec=0.9092 f1=0.9082
2026-08-27 16:48:13,864 | EPOCH 56 train_loss=0.208806
2026-08-27 16:48:15,869 | EPOCH 56 VAL loss=0.256963 acc=0.9097 pre=0.9101 rec=0.9104 f1=0.9093
2026-08-27 16:48:25,616 | EPOCH 56 train_loss=0.209065
2026-08-27 16:48:27,470 | EPOCH 56 VAL loss=0.256890 acc=0.9102 pre=0.9107 rec=0.9109 f1=0.9098
2026-08-27 16:48:30,621 | EPOCH 56 train_loss=0.209010
2026-08-27 16:48:32,552 | EPOCH 56 VAL loss=0.256956 acc=0.9095 pre=0.9100 rec=0.9102 f1=0.9091
2026-08-27 16:48:36,966 | EPOCH 57 train_loss=0.207821
2026-08-27 16:48:39,240 | EPOCH 57 VAL loss=0.259977 acc=0.9105 pre=0.9127 rec=0.9117 f1=0.9117 BEST
2026-08-27 16:48:51,360 | EPOCH 57 train_loss=0.208081
2026-08-27 16:48:53,405 | EPOCH 57 VAL loss=0.259744 acc=0.9105 pre=0.9125 rec=0.9118 f1=0.9116 BEST
2026-08-27 16:48:55,573 | EPOCH 57 train_loss=0.208036
2026-08-27 16:48:57,390 | EPOCH 57 VAL loss=0.260001 acc=0.9098 pre=0.9119 rec=0.9110 f1=0.9110
2026-08-27 16:49:02,090 | EPOCH 58 train_loss=0.207093
2026-08-27 16:49:04,071 | EPOCH 58 VAL loss=0.254043 acc=0.9118 pre=0.9122 rec=0.9130 f1=0.9124 BEST
2026-08-27 16:49:17,823 | EPOCH 58 train_loss=0.207338
2026-08-27 16:49:19,565 | EPOCH 58 VAL loss=0.253942 acc=0.9108 pre=0.9111 rec=0.9119 f1=0.9113
2026-08-27 16:49:20,673 | EPOCH 58 train_loss=0.207306
2026-08-27 16:49:22,219 | EPOCH 58 VAL loss=0.254114 acc=0.9103 pre=0.9107 rec=0.9114 f1=0.9108
2026-08-27 16:49:30,587 | EPOCH 59 train_loss=0.206359
2026-08-27 16:49:33,302 | EPOCH 59 VAL loss=0.254645 acc=0.9095 pre=0.9100 rec=0.9103 f1=0.9096
2026-08-27 16:49:42,937 | EPOCH 59 train_loss=0.206639
2026-08-27 16:49:44,588 | EPOCH 59 train_loss=0.206600
2026-08-27 16:49:44,867 | EPOCH 59 VAL loss=0.254594 acc=0.9103 pre=0.9107 rec=0.9112 f1=0.9104
2026-08-27 16:49:46,440 | EPOCH 59 VAL loss=0.254725 acc=0.9100 pre=0.9104 rec=0.9108 f1=0.9101
2026-08-27 16:49:54,763 | EPOCH 60 train_loss=0.205422
2026-08-27 16:49:57,343 | EPOCH 60 VAL loss=0.254787 acc=0.9095 pre=0.9099 rec=0.9104 f1=0.9094
2026-08-27 16:50:07,699 | EPOCH 60 train_loss=0.205728
2026-08-27 16:50:09,681 | EPOCH 60 VAL loss=0.254656 acc=0.9103 pre=0.9107 rec=0.9112 f1=0.9102
2026-08-27 16:50:10,439 | EPOCH 60 train_loss=0.205685
2026-08-27 16:50:12,362 | EPOCH 60 VAL loss=0.254835 acc=0.9090 pre=0.9094 rec=0.9099 f1=0.9088
2026-08-27 16:50:18,574 | EPOCH 61 train_loss=0.204897
2026-08-27 16:50:20,306 | EPOCH 61 VAL loss=0.256663 acc=0.9093 pre=0.9108 rec=0.9100 f1=0.9101
2026-08-27 16:50:32,555 | EPOCH 61 train_loss=0.205192
2026-08-27 16:50:34,376 | EPOCH 61 VAL loss=0.256480 acc=0.9097 pre=0.9112 rec=0.9103 f1=0.9105
2026-08-27 16:50:36,092 | EPOCH 61 train_loss=0.205142
2026-08-27 16:50:37,992 | EPOCH 61 VAL loss=0.256713 acc=0.9098 pre=0.9113 rec=0.9105 f1=0.9106
2026-08-27 16:50:43,163 | EPOCH 62 train_loss=0.204088
2026-08-27 16:50:44,808 | EPOCH 62 VAL loss=0.251534 acc=0.9098 pre=0.9104 rec=0.9107 f1=0.9105
2026-08-27 16:50:57,826 | EPOCH 62 train_loss=0.204362
2026-08-27 16:50:59,798 | EPOCH 62 VAL loss=0.251388 acc=0.9112 pre=0.9117 rec=0.9121 f1=0.9118 BEST
2026-08-27 16:51:01,113 | EPOCH 62 train_loss=0.204330
2026-08-27 16:51:02,904 | EPOCH 62 VAL loss=0.251440 acc=0.9107 pre=0.9112 rec=0.9116 f1=0.9113
2026-08-27 16:51:09,454 | EPOCH 63 train_loss=0.203257
2026-08-27 16:51:11,210 | EPOCH 63 VAL loss=0.251451 acc=0.9108 pre=0.9112 rec=0.9116 f1=0.9111
2026-08-27 16:51:24,223 | EPOCH 63 train_loss=0.203502
2026-08-27 16:51:27,021 | EPOCH 63 VAL loss=0.251297 acc=0.9097 pre=0.9099 rec=0.9105 f1=0.9099
2026-08-27 16:51:27,743 | EPOCH 63 train_loss=0.203489
2026-08-27 16:51:29,650 | EPOCH 63 VAL loss=0.251334 acc=0.9100 pre=0.9103 rec=0.9108 f1=0.9103
2026-08-27 16:51:29,661 | DONE best_epoch=53 best_val_loss=0.256922 early_stop=True time=1626.24s
2026-08-27 16:51:32,731 | EPOCH 64 train_loss=0.202343
2026-08-27 16:51:34,535 | EPOCH 64 VAL loss=0.252125 acc=0.9133 pre=0.9145 rec=0.9145 f1=0.9143 BEST
2026-08-27 16:51:49,320 | EPOCH 64 train_loss=0.202607
2026-08-27 16:51:51,051 | EPOCH 64 VAL loss=0.252155 acc=0.9118 pre=0.9128 rec=0.9129 f1=0.9127 BEST
2026-08-27 16:51:58,085 | EPOCH 65 train_loss=0.201659
2026-08-27 16:52:00,038 | EPOCH 65 VAL loss=0.254459 acc=0.9137 pre=0.9147 rec=0.9147 f1=0.9144 BEST
2026-08-27 16:52:13,912 | EPOCH 65 train_loss=0.201907
2026-08-27 16:52:15,746 | EPOCH 65 VAL loss=0.254268 acc=0.9120 pre=0.9129 rec=0.9131 f1=0.9126
2026-08-27 16:52:24,818 | EPOCH 66 train_loss=0.201200
2026-08-27 16:52:26,870 | EPOCH 66 VAL loss=0.251836 acc=0.9113 pre=0.9121 rec=0.9126 f1=0.9121
2026-08-27 16:52:37,864 | EPOCH 66 train_loss=0.201423
2026-08-27 16:52:40,317 | EPOCH 66 VAL loss=0.251677 acc=0.9123 pre=0.9131 rec=0.9135 f1=0.9131 BEST
2026-08-27 16:52:50,853 | EPOCH 67 train_loss=0.200253
2026-08-27 16:52:52,753 | EPOCH 67 VAL loss=0.255906 acc=0.9103 pre=0.9120 rec=0.9115 f1=0.9112
2026-08-27 16:53:02,473 | EPOCH 67 train_loss=0.200523
2026-08-27 16:53:04,837 | EPOCH 67 VAL loss=0.256202 acc=0.9108 pre=0.9126 rec=0.9120 f1=0.9117
2026-08-27 16:53:16,145 | EPOCH 68 train_loss=0.199490
2026-08-27 16:53:18,013 | EPOCH 68 VAL loss=0.252305 acc=0.9112 pre=0.9112 rec=0.9120 f1=0.9114
2026-08-27 16:53:26,681 | EPOCH 68 train_loss=0.199745
2026-08-27 16:53:28,654 | EPOCH 68 VAL loss=0.252427 acc=0.9118 pre=0.9119 rec=0.9126 f1=0.9120
2026-08-27 16:53:42,317 | EPOCH 69 train_loss=0.199342
2026-08-27 16:53:44,145 | EPOCH 69 VAL loss=0.253061 acc=0.9095 pre=0.9102 rec=0.9103 f1=0.9096
2026-08-27 16:53:51,869 | EPOCH 69 train_loss=0.199583
2026-08-27 16:53:53,760 | EPOCH 69 VAL loss=0.252880 acc=0.9103 pre=0.9109 rec=0.9111 f1=0.9103
2026-08-27 16:54:08,399 | EPOCH 70 train_loss=0.198383
2026-08-27 16:54:10,275 | EPOCH 70 VAL loss=0.253983 acc=0.9122 pre=0.9128 rec=0.9131 f1=0.9125
2026-08-27 16:54:16,282 | EPOCH 70 train_loss=0.198600
2026-08-27 16:54:17,946 | EPOCH 70 VAL loss=0.253968 acc=0.9118 pre=0.9123 rec=0.9127 f1=0.9120
2026-08-27 16:54:33,117 | EPOCH 71 train_loss=0.197500
2026-08-27 16:54:35,030 | EPOCH 71 VAL loss=0.252922 acc=0.9113 pre=0.9123 rec=0.9123 f1=0.9119
2026-08-27 16:54:39,826 | EPOCH 71 train_loss=0.197741
2026-08-27 16:54:41,438 | EPOCH 71 VAL loss=0.252647 acc=0.9112 pre=0.9121 rec=0.9121 f1=0.9118
2026-08-27 16:54:58,874 | EPOCH 72 train_loss=0.196885
2026-08-27 16:55:00,579 | EPOCH 72 VAL loss=0.250262 acc=0.9122 pre=0.9128 rec=0.9132 f1=0.9127
2026-08-27 16:55:04,041 | EPOCH 72 train_loss=0.197105
2026-08-27 16:55:05,977 | EPOCH 72 VAL loss=0.250159 acc=0.9120 pre=0.9125 rec=0.9131 f1=0.9125
2026-08-27 16:55:23,073 | EPOCH 73 train_loss=0.196472
2026-08-27 16:55:25,144 | EPOCH 73 VAL loss=0.250490 acc=0.9123 pre=0.9128 rec=0.9136 f1=0.9129
2026-08-27 16:55:30,400 | EPOCH 73 train_loss=0.196714
2026-08-27 16:55:32,098 | EPOCH 73 VAL loss=0.250474 acc=0.9123 pre=0.9128 rec=0.9137 f1=0.9130
2026-08-27 16:55:47,671 | EPOCH 74 train_loss=0.195999
2026-08-27 16:55:50,435 | EPOCH 74 VAL loss=0.249581 acc=0.9118 pre=0.9123 rec=0.9127 f1=0.9122
2026-08-27 16:55:54,132 | EPOCH 74 train_loss=0.196207
2026-08-27 16:55:56,012 | EPOCH 74 VAL loss=0.249472 acc=0.9113 pre=0.9117 rec=0.9121 f1=0.9116
2026-08-27 16:56:14,973 | EPOCH 75 train_loss=0.194974
2026-08-27 16:56:16,851 | EPOCH 75 VAL loss=0.249268 acc=0.9127 pre=0.9126 rec=0.9136 f1=0.9128
2026-08-27 16:56:16,863 | DONE best_epoch=65 best_val_loss=0.254459 early_stop=True time=1915.59s
2026-08-27 16:56:19,143 | EPOCH 75 train_loss=0.195234
2026-08-27 16:56:20,952 | EPOCH 75 VAL loss=0.249152 acc=0.9128 pre=0.9128 rec=0.9138 f1=0.9129
