2026-08-27 18:34:42,203 | START cnn_rmsprop_lr0.005_s123 opt=rmsprop lr=0.005 seed=123 device=cuda epochs=150 best_by=f1 stop_by=f1
2026-08-27 18:34:45,001 | START cnn_rmsprop_lr0.005_s123 opt=rmsprop lr=0.005 seed=123 device=cuda epochs=150 best_by=f1 stop_by=f1
2026-08-27 18:34:45,017 | RESUMED from epoch 0, batch 200
2026-08-27 18:34:48,114 | START cnn_rmsprop_lr0.005_s123 opt=rmsprop lr=0.005 seed=123 device=cuda epochs=150 best_by=f1 stop_by=f1
2026-08-27 18:34:48,125 | RESUMED from epoch 0, batch 400
2026-08-27 18:34:51,522 | EPOCH 1 train_loss=0.559791
2026-08-27 18:34:52,266 | EPOCH 1 VAL loss=0.344920 acc=0.8767 pre=0.8767 rec=0.8771 f1=0.8752 BEST
2026-08-27 18:34:55,771 | EPOCH 1 train_loss=0.408030
2026-08-27 18:34:56,951 | EPOCH 1 VAL loss=0.350406 acc=0.8738 pre=0.8742 rec=0.8744 f1=0.8723 BEST
2026-08-27 18:34:59,416 | EPOCH 1 train_loss=0.390429
2026-08-27 18:35:00,445 | EPOCH 1 VAL loss=0.341364 acc=0.8773 pre=0.8773 rec=0.8777 f1=0.8760 BEST
2026-08-27 18:35:05,064 | EPOCH 2 train_loss=0.314133
2026-08-27 18:35:06,192 | EPOCH 2 VAL loss=0.350977 acc=0.8725 pre=0.8832 rec=0.8725 f1=0.8636
2026-08-27 18:35:09,915 | EPOCH 2 train_loss=0.316708
2026-08-27 18:35:11,022 | EPOCH 2 VAL loss=0.333407 acc=0.8758 pre=0.8824 rec=0.8758 f1=0.8700
2026-08-27 18:35:11,870 | EPOCH 2 train_loss=0.314573
2026-08-27 18:35:12,608 | EPOCH 2 VAL loss=0.319841 acc=0.8842 pre=0.8897 rec=0.8845 f1=0.8787 BEST
2026-08-27 18:35:16,647 | EPOCH 3 train_loss=0.268608
2026-08-27 18:35:17,792 | EPOCH 3 VAL loss=0.280151 acc=0.9005 pre=0.9018 rec=0.9013 f1=0.9007 BEST
2026-08-27 18:35:23,579 | EPOCH 3 train_loss=0.272957
2026-08-27 18:35:24,722 | EPOCH 3 VAL loss=0.299259 acc=0.8923 pre=0.8941 rec=0.8924 f1=0.8915 BEST
2026-08-27 18:35:26,100 | EPOCH 3 train_loss=0.268114
2026-08-27 18:35:27,168 | EPOCH 3 VAL loss=0.294855 acc=0.8983 pre=0.8992 rec=0.8993 f1=0.8989 BEST
2026-08-27 18:35:30,153 | EPOCH 4 train_loss=0.241833
2026-08-27 18:35:31,197 | EPOCH 4 VAL loss=0.292436 acc=0.8912 pre=0.9000 rec=0.8926 f1=0.8931
2026-08-27 18:35:36,799 | EPOCH 4 train_loss=0.248263
2026-08-27 18:35:37,975 | EPOCH 4 VAL loss=0.328701 acc=0.8783 pre=0.8960 rec=0.8805 f1=0.8815
2026-08-27 18:35:38,623 | EPOCH 4 train_loss=0.243096
2026-08-27 18:35:39,432 | EPOCH 4 VAL loss=0.294588 acc=0.8880 pre=0.8973 rec=0.8895 f1=0.8904
2026-08-27 18:35:42,883 | EPOCH 5 train_loss=0.221536
2026-08-27 18:35:44,049 | EPOCH 5 VAL loss=0.296895 acc=0.8953 pre=0.8960 rec=0.8970 f1=0.8949
2026-08-27 18:35:50,175 | EPOCH 5 train_loss=0.229175
2026-08-27 18:35:51,001 | EPOCH 5 VAL loss=0.288218 acc=0.8950 pre=0.8955 rec=0.8967 f1=0.8951 BEST
2026-08-27 18:35:52,373 | EPOCH 5 train_loss=0.226414
2026-08-27 18:35:53,245 | EPOCH 5 VAL loss=0.288750 acc=0.8948 pre=0.8952 rec=0.8967 f1=0.8947
2026-08-27 18:35:56,529 | EPOCH 6 train_loss=0.207058
2026-08-27 18:35:57,619 | EPOCH 6 VAL loss=0.267350 acc=0.9012 pre=0.9042 rec=0.9014 f1=0.9014 BEST
2026-08-27 18:36:03,252 | EPOCH 6 train_loss=0.213179
2026-08-27 18:36:04,393 | EPOCH 6 VAL loss=0.289029 acc=0.8980 pre=0.9026 rec=0.8988 f1=0.8983 BEST
2026-08-27 18:36:04,469 | EPOCH 6 train_loss=0.210107
2026-08-27 18:36:05,667 | EPOCH 6 VAL loss=0.296107 acc=0.9010 pre=0.9057 rec=0.9014 f1=0.9009 BEST
2026-08-27 18:36:09,154 | EPOCH 7 train_loss=0.191977
2026-08-27 18:36:10,422 | EPOCH 7 VAL loss=0.307253 acc=0.8930 pre=0.8968 rec=0.8942 f1=0.8943
2026-08-27 18:36:17,187 | EPOCH 7 train_loss=0.199890
2026-08-27 18:36:18,323 | EPOCH 7 VAL loss=0.287595 acc=0.9003 pre=0.9025 rec=0.9018 f1=0.9017 BEST
2026-08-27 18:36:19,425 | EPOCH 7 train_loss=0.196683
2026-08-27 18:36:20,500 | EPOCH 7 VAL loss=0.279958 acc=0.9033 pre=0.9060 rec=0.9039 f1=0.9046 BEST
2026-08-27 18:36:22,800 | EPOCH 8 train_loss=0.180135
2026-08-27 18:36:23,784 | EPOCH 8 VAL loss=0.293273 acc=0.9023 pre=0.9046 rec=0.9036 f1=0.9028 BEST
2026-08-27 18:36:29,711 | EPOCH 8 train_loss=0.186270
2026-08-27 18:36:30,859 | EPOCH 8 VAL loss=0.289221 acc=0.9002 pre=0.9029 rec=0.9017 f1=0.9016
2026-08-27 18:36:32,202 | EPOCH 8 train_loss=0.184456
2026-08-27 18:36:33,398 | EPOCH 8 VAL loss=0.283659 acc=0.9050 pre=0.9087 rec=0.9065 f1=0.9066 BEST
2026-08-27 18:36:36,765 | EPOCH 9 train_loss=0.169474
2026-08-27 18:36:37,903 | EPOCH 9 VAL loss=0.285341 acc=0.9083 pre=0.9082 rec=0.9097 f1=0.9082 BEST
2026-08-27 18:36:42,902 | EPOCH 9 train_loss=0.176506
2026-08-27 18:36:43,976 | EPOCH 9 VAL loss=0.306326 acc=0.9032 pre=0.9033 rec=0.9047 f1=0.9030 BEST
2026-08-27 18:36:46,557 | EPOCH 9 train_loss=0.173105
2026-08-27 18:36:47,448 | EPOCH 9 VAL loss=0.301880 acc=0.9062 pre=0.9069 rec=0.9070 f1=0.9062
2026-08-27 18:36:49,794 | EPOCH 10 train_loss=0.162463
2026-08-27 18:36:50,929 | EPOCH 10 VAL loss=0.331356 acc=0.8985 pre=0.9033 rec=0.9007 f1=0.9003
2026-08-27 18:36:57,090 | EPOCH 10 train_loss=0.168526
2026-08-27 18:36:58,284 | EPOCH 10 VAL loss=0.315202 acc=0.9002 pre=0.9011 rec=0.9019 f1=0.9010
2026-08-27 18:36:58,439 | EPOCH 10 train_loss=0.165652
2026-08-27 18:36:59,718 | EPOCH 10 VAL loss=0.314605 acc=0.8962 pre=0.8983 rec=0.8979 f1=0.8972
2026-08-27 18:37:03,447 | EPOCH 11 train_loss=0.154143
2026-08-27 18:37:04,604 | EPOCH 11 VAL loss=0.297037 acc=0.9145 pre=0.9150 rec=0.9153 f1=0.9150 BEST
2026-08-27 18:37:10,623 | EPOCH 11 train_loss=0.158226
2026-08-27 18:37:10,860 | EPOCH 11 train_loss=0.160791
2026-08-27 18:37:11,597 | EPOCH 11 VAL loss=0.331471 acc=0.9013 pre=0.9023 rec=0.9025 f1=0.9020
2026-08-27 18:37:11,678 | EPOCH 11 VAL loss=0.306818 acc=0.9078 pre=0.9080 rec=0.9087 f1=0.9078 BEST
2026-08-27 18:37:17,474 | EPOCH 12 train_loss=0.145577
2026-08-27 18:37:18,499 | EPOCH 12 VAL loss=0.325655 acc=0.9048 pre=0.9063 rec=0.9058 f1=0.9057
2026-08-27 18:37:23,424 | EPOCH 12 train_loss=0.151930
2026-08-27 18:37:24,409 | EPOCH 12 train_loss=0.153753
2026-08-27 18:37:24,619 | EPOCH 12 VAL loss=0.332476 acc=0.8992 pre=0.9010 rec=0.9004 f1=0.9002
2026-08-27 18:37:25,491 | EPOCH 12 VAL loss=0.323998 acc=0.9053 pre=0.9065 rec=0.9065 f1=0.9062 BEST
2026-08-27 18:37:31,169 | EPOCH 13 train_loss=0.140632
2026-08-27 18:37:32,231 | EPOCH 13 VAL loss=0.349745 acc=0.9060 pre=0.9058 rec=0.9072 f1=0.9056
2026-08-27 18:37:35,769 | EPOCH 13 train_loss=0.144418
2026-08-27 18:37:36,845 | EPOCH 13 VAL loss=0.336020 acc=0.9060 pre=0.9070 rec=0.9067 f1=0.9059
2026-08-27 18:37:37,331 | EPOCH 13 train_loss=0.146570
2026-08-27 18:37:38,464 | EPOCH 13 VAL loss=0.337362 acc=0.9078 pre=0.9082 rec=0.9083 f1=0.9074 BEST
2026-08-27 18:37:43,711 | EPOCH 14 train_loss=0.133214
2026-08-27 18:37:44,560 | EPOCH 14 VAL loss=0.374484 acc=0.8985 pre=0.8998 rec=0.8995 f1=0.8992
2026-08-27 18:37:48,522 | EPOCH 14 train_loss=0.139801
2026-08-27 18:37:49,502 | EPOCH 14 VAL loss=0.364253 acc=0.9047 pre=0.9048 rec=0.9058 f1=0.9049
2026-08-27 18:37:51,825 | EPOCH 14 train_loss=0.140168
2026-08-27 18:37:52,582 | EPOCH 14 VAL loss=0.373809 acc=0.8947 pre=0.8968 rec=0.8958 f1=0.8960
2026-08-27 18:37:56,742 | EPOCH 15 train_loss=0.129439
2026-08-27 18:37:57,520 | EPOCH 15 VAL loss=0.385024 acc=0.9008 pre=0.9027 rec=0.9021 f1=0.9021
2026-08-27 18:38:01,254 | EPOCH 15 train_loss=0.134182
2026-08-27 18:38:02,061 | EPOCH 15 VAL loss=0.380790 acc=0.8988 pre=0.9020 rec=0.9003 f1=0.9003
2026-08-27 18:38:05,014 | EPOCH 15 train_loss=0.133817
2026-08-27 18:38:06,005 | EPOCH 15 VAL loss=0.482869 acc=0.8792 pre=0.8890 rec=0.8814 f1=0.8818
2026-08-27 18:38:09,022 | EPOCH 16 train_loss=0.125161
2026-08-27 18:38:10,333 | EPOCH 16 VAL loss=0.371555 acc=0.8980 pre=0.9007 rec=0.8986 f1=0.8987
2026-08-27 18:38:13,765 | EPOCH 16 train_loss=0.129704
2026-08-27 18:38:14,549 | EPOCH 16 VAL loss=0.373284 acc=0.8985 pre=0.9013 rec=0.8998 f1=0.9001
2026-08-27 18:38:19,321 | EPOCH 16 train_loss=0.131449
2026-08-27 18:38:20,121 | EPOCH 16 VAL loss=0.391391 acc=0.8950 pre=0.8966 rec=0.8960 f1=0.8957
2026-08-27 18:38:22,508 | EPOCH 17 train_loss=0.120695
2026-08-27 18:38:23,641 | EPOCH 17 VAL loss=0.385873 acc=0.9048 pre=0.9064 rec=0.9062 f1=0.9057
2026-08-27 18:38:25,562 | EPOCH 17 train_loss=0.124863
2026-08-27 18:38:26,679 | EPOCH 17 VAL loss=0.378369 acc=0.9020 pre=0.9049 rec=0.9027 f1=0.9031
2026-08-27 18:38:30,800 | EPOCH 17 train_loss=0.125985
2026-08-27 18:38:31,921 | EPOCH 17 VAL loss=0.374954 acc=0.8993 pre=0.9010 rec=0.9002 f1=0.9004
2026-08-27 18:38:36,594 | EPOCH 18 train_loss=0.117858
2026-08-27 18:38:37,750 | EPOCH 18 VAL loss=0.425428 acc=0.9047 pre=0.9055 rec=0.9059 f1=0.9055
2026-08-27 18:38:37,972 | EPOCH 18 train_loss=0.123364
2026-08-27 18:38:38,743 | EPOCH 18 VAL loss=0.410586 acc=0.9063 pre=0.9064 rec=0.9072 f1=0.9061
2026-08-27 18:38:44,146 | EPOCH 18 train_loss=0.119379
2026-08-27 18:38:44,938 | EPOCH 18 VAL loss=0.454007 acc=0.8983 pre=0.9031 rec=0.8994 f1=0.9005
2026-08-27 18:38:49,916 | EPOCH 19 train_loss=0.112337
2026-08-27 18:38:50,909 | EPOCH 19 train_loss=0.117743
2026-08-27 18:38:50,986 | EPOCH 19 VAL loss=0.488015 acc=0.8947 pre=0.8971 rec=0.8958 f1=0.8955
2026-08-27 18:38:51,675 | EPOCH 19 VAL loss=0.391561 acc=0.9052 pre=0.9061 rec=0.9064 f1=0.9061
2026-08-27 18:38:55,974 | EPOCH 19 train_loss=0.114737
2026-08-27 18:38:56,773 | EPOCH 19 VAL loss=0.396252 acc=0.9010 pre=0.9039 rec=0.9019 f1=0.9026
2026-08-27 18:39:03,435 | EPOCH 20 train_loss=0.108937
2026-08-27 18:39:04,488 | EPOCH 20 train_loss=0.115782
2026-08-27 18:39:04,578 | EPOCH 20 VAL loss=0.487641 acc=0.8965 pre=0.8970 rec=0.8980 f1=0.8963
2026-08-27 18:39:05,622 | EPOCH 20 VAL loss=0.466091 acc=0.8992 pre=0.8992 rec=0.8999 f1=0.8983
2026-08-27 18:39:09,838 | EPOCH 20 train_loss=0.114599
2026-08-27 18:39:10,941 | EPOCH 20 VAL loss=0.509026 acc=0.8935 pre=0.8950 rec=0.8949 f1=0.8937
2026-08-27 18:39:15,751 | EPOCH 21 train_loss=0.106538
2026-08-27 18:39:16,539 | EPOCH 21 VAL loss=0.441434 acc=0.8998 pre=0.9015 rec=0.9005 f1=0.8996
2026-08-27 18:39:16,546 | DONE best_epoch=11 best_val_loss=0.297037 early_stop=True time=273.45s
2026-08-27 18:39:17,482 | EPOCH 21 train_loss=0.112015
2026-08-27 18:39:18,714 | EPOCH 21 VAL loss=0.421088 acc=0.8978 pre=0.8999 rec=0.8982 f1=0.8973
2026-08-27 18:39:18,723 | DONE best_epoch=11 best_val_loss=0.306818 early_stop=True time=273.47s
2026-08-27 18:39:21,040 | EPOCH 21 train_loss=0.109543
2026-08-27 18:39:21,983 | EPOCH 21 VAL loss=0.443301 acc=0.8965 pre=0.8977 rec=0.8972 f1=0.8973
2026-08-27 18:39:33,709 | EPOCH 22 train_loss=0.104962
2026-08-27 18:39:34,443 | EPOCH 22 VAL loss=0.460439 acc=0.8993 pre=0.9007 rec=0.9005 f1=0.9005
2026-08-27 18:39:46,569 | EPOCH 23 train_loss=0.104543
2026-08-27 18:39:47,814 | EPOCH 23 VAL loss=0.593261 acc=0.8960 pre=0.8968 rec=0.8969 f1=0.8963
2026-08-27 18:39:47,826 | DONE best_epoch=13 best_val_loss=0.337362 early_stop=True time=303.54s
