2026-08-27 10:39:38,996 | START mlp_rmsprop_lr0.0005_s2026 opt=rmsprop lr=0.0005 seed=2026 device=cuda epochs=150 best_by=f1 stop_by=f1
2026-08-27 10:39:45,306 | EPOCH 1 train_loss=0.549061
2026-08-27 10:39:45,850 | EPOCH 1 VAL loss=0.441911 acc=0.8452 pre=0.8440 rec=0.8467 f1=0.8424 BEST
2026-08-27 10:39:52,657 | EPOCH 2 train_loss=0.396269
2026-08-27 10:39:53,193 | EPOCH 2 VAL loss=0.387653 acc=0.8593 pre=0.8622 rec=0.8616 f1=0.8595 BEST
2026-08-27 10:40:00,109 | EPOCH 3 train_loss=0.350101
2026-08-27 10:40:00,639 | EPOCH 3 VAL loss=0.383459 acc=0.8577 pre=0.8693 rec=0.8611 f1=0.8605 BEST
2026-08-27 10:40:07,201 | EPOCH 4 train_loss=0.322300
2026-08-27 10:40:07,745 | EPOCH 4 VAL loss=0.337535 acc=0.8785 pre=0.8799 rec=0.8786 f1=0.8773 BEST
2026-08-27 10:40:14,702 | EPOCH 5 train_loss=0.300549
2026-08-27 10:40:15,237 | EPOCH 5 VAL loss=0.337009 acc=0.8752 pre=0.8751 rec=0.8764 f1=0.8748
2026-08-27 10:40:21,495 | EPOCH 6 train_loss=0.283722
2026-08-27 10:40:22,039 | EPOCH 6 VAL loss=0.322699 acc=0.8827 pre=0.8830 rec=0.8836 f1=0.8827 BEST
2026-08-27 10:40:28,701 | EPOCH 7 train_loss=0.269492
2026-08-27 10:40:29,242 | EPOCH 7 VAL loss=0.327209 acc=0.8773 pre=0.8826 rec=0.8792 f1=0.8792
2026-08-27 10:40:35,521 | EPOCH 8 train_loss=0.259133
2026-08-27 10:40:36,051 | EPOCH 8 VAL loss=0.306962 acc=0.8893 pre=0.8898 rec=0.8906 f1=0.8897 BEST
2026-08-27 10:40:43,028 | EPOCH 9 train_loss=0.247898
2026-08-27 10:40:43,693 | EPOCH 9 VAL loss=0.318316 acc=0.8842 pre=0.8867 rec=0.8847 f1=0.8850
2026-08-27 10:40:50,215 | EPOCH 10 train_loss=0.237882
2026-08-27 10:40:50,851 | EPOCH 10 VAL loss=0.321796 acc=0.8832 pre=0.8874 rec=0.8838 f1=0.8833
2026-08-27 10:40:57,913 | EPOCH 11 train_loss=0.228518
2026-08-27 10:40:58,485 | EPOCH 11 VAL loss=0.308534 acc=0.8890 pre=0.8922 rec=0.8908 f1=0.8897 BEST
2026-08-27 10:41:05,525 | EPOCH 12 train_loss=0.218312
2026-08-27 10:41:06,098 | EPOCH 12 VAL loss=0.316654 acc=0.8907 pre=0.8951 rec=0.8909 f1=0.8905 BEST
2026-08-27 10:41:13,215 | EPOCH 13 train_loss=0.211043
2026-08-27 10:41:13,842 | EPOCH 13 VAL loss=0.308165 acc=0.8885 pre=0.8895 rec=0.8894 f1=0.8888
2026-08-27 10:41:20,636 | EPOCH 14 train_loss=0.203298
2026-08-27 10:41:21,213 | EPOCH 14 VAL loss=0.307942 acc=0.8910 pre=0.8918 rec=0.8917 f1=0.8913 BEST
2026-08-27 10:41:28,561 | EPOCH 15 train_loss=0.195033
2026-08-27 10:41:29,157 | EPOCH 15 VAL loss=0.309928 acc=0.8885 pre=0.8918 rec=0.8899 f1=0.8901
2026-08-27 10:41:36,001 | EPOCH 16 train_loss=0.189148
2026-08-27 10:41:36,581 | EPOCH 16 VAL loss=0.321849 acc=0.8900 pre=0.8922 rec=0.8910 f1=0.8890
2026-08-27 10:41:43,441 | EPOCH 17 train_loss=0.181660
2026-08-27 10:41:44,066 | EPOCH 17 VAL loss=0.318644 acc=0.8915 pre=0.8933 rec=0.8923 f1=0.8888
2026-08-27 10:41:50,773 | EPOCH 18 train_loss=0.174823
2026-08-27 10:41:51,334 | EPOCH 18 VAL loss=0.313228 acc=0.8948 pre=0.8973 rec=0.8952 f1=0.8959 BEST
2026-08-27 10:41:59,108 | EPOCH 19 train_loss=0.168921
2026-08-27 10:41:59,732 | EPOCH 19 VAL loss=0.343438 acc=0.8892 pre=0.8923 rec=0.8895 f1=0.8881
2026-08-27 10:42:06,789 | EPOCH 20 train_loss=0.163881
2026-08-27 10:42:07,382 | EPOCH 20 VAL loss=0.329513 acc=0.8922 pre=0.8928 rec=0.8929 f1=0.8921
2026-08-27 10:42:14,219 | EPOCH 21 train_loss=0.158441
2026-08-27 10:42:14,783 | EPOCH 21 VAL loss=0.322051 acc=0.8945 pre=0.8950 rec=0.8954 f1=0.8943
2026-08-27 10:42:21,589 | EPOCH 22 train_loss=0.152162
2026-08-27 10:42:22,208 | EPOCH 22 VAL loss=0.341779 acc=0.8907 pre=0.8943 rec=0.8911 f1=0.8922
2026-08-27 10:42:29,044 | EPOCH 23 train_loss=0.146646
2026-08-27 10:42:29,610 | EPOCH 23 VAL loss=0.347980 acc=0.8960 pre=0.8964 rec=0.8971 f1=0.8959 BEST
2026-08-27 10:42:36,525 | EPOCH 24 train_loss=0.142237
2026-08-27 10:42:37,111 | EPOCH 24 VAL loss=0.361254 acc=0.8935 pre=0.8939 rec=0.8939 f1=0.8929
2026-08-27 10:42:43,748 | EPOCH 25 train_loss=0.137790
2026-08-27 10:42:44,319 | EPOCH 25 VAL loss=0.376353 acc=0.8865 pre=0.8926 rec=0.8873 f1=0.8860
2026-08-27 10:42:50,904 | EPOCH 26 train_loss=0.132653
2026-08-27 10:42:51,483 | EPOCH 26 VAL loss=0.376210 acc=0.8940 pre=0.8966 rec=0.8944 f1=0.8944
2026-08-27 10:42:58,383 | EPOCH 27 train_loss=0.127222
2026-08-27 10:42:58,973 | EPOCH 27 VAL loss=0.376166 acc=0.8902 pre=0.8937 rec=0.8919 f1=0.8920
2026-08-27 10:43:05,956 | EPOCH 28 train_loss=0.124219
2026-08-27 10:43:06,580 | EPOCH 28 VAL loss=0.380320 acc=0.8955 pre=0.8962 rec=0.8960 f1=0.8952
2026-08-27 10:43:13,361 | EPOCH 29 train_loss=0.119738
2026-08-27 10:43:13,959 | EPOCH 29 VAL loss=0.390598 acc=0.8947 pre=0.8943 rec=0.8957 f1=0.8949
2026-08-27 10:43:20,751 | EPOCH 30 train_loss=0.115688
2026-08-27 10:43:21,315 | EPOCH 30 VAL loss=0.384630 acc=0.8975 pre=0.8987 rec=0.8983 f1=0.8981 BEST
2026-08-27 10:43:28,389 | EPOCH 31 train_loss=0.112785
2026-08-27 10:43:28,963 | EPOCH 31 VAL loss=0.400497 acc=0.8832 pre=0.8865 rec=0.8841 f1=0.8847
2026-08-27 10:43:35,584 | EPOCH 32 train_loss=0.109609
2026-08-27 10:43:36,176 | EPOCH 32 VAL loss=0.540941 acc=0.8745 pre=0.8877 rec=0.8782 f1=0.8776
2026-08-27 10:43:42,866 | EPOCH 33 train_loss=0.105562
2026-08-27 10:43:43,458 | EPOCH 33 VAL loss=0.408301 acc=0.8965 pre=0.8980 rec=0.8969 f1=0.8971
2026-08-27 10:43:50,158 | EPOCH 34 train_loss=0.103976
2026-08-27 10:43:50,735 | EPOCH 34 VAL loss=0.423961 acc=0.8907 pre=0.8931 rec=0.8920 f1=0.8918
2026-08-27 10:43:57,426 | EPOCH 35 train_loss=0.100279
2026-08-27 10:43:57,992 | EPOCH 35 VAL loss=0.465665 acc=0.8892 pre=0.8939 rec=0.8910 f1=0.8914
2026-08-27 10:44:04,522 | EPOCH 36 train_loss=0.096826
2026-08-27 10:44:05,084 | EPOCH 36 VAL loss=0.416459 acc=0.8942 pre=0.8958 rec=0.8946 f1=0.8949
2026-08-27 10:44:11,707 | EPOCH 37 train_loss=0.093364
2026-08-27 10:44:12,295 | EPOCH 37 VAL loss=0.456278 acc=0.8933 pre=0.8954 rec=0.8937 f1=0.8943
2026-08-27 10:44:19,127 | EPOCH 38 train_loss=0.093175
2026-08-27 10:44:19,705 | EPOCH 38 VAL loss=0.455904 acc=0.8940 pre=0.8946 rec=0.8951 f1=0.8947
2026-08-27 10:44:26,251 | EPOCH 39 train_loss=0.088503
2026-08-27 10:44:26,819 | EPOCH 39 VAL loss=0.470374 acc=0.8893 pre=0.8891 rec=0.8903 f1=0.8883
2026-08-27 10:44:33,679 | EPOCH 40 train_loss=0.086756
2026-08-27 10:44:34,278 | EPOCH 40 VAL loss=0.470700 acc=0.8902 pre=0.8911 rec=0.8912 f1=0.8905
2026-08-27 10:44:34,286 | DONE best_epoch=30 best_val_loss=0.38463 early_stop=True time=294.61s
