2026-08-27 22:27:58,638 | START cnn_nadam_lr0.001_s2026 opt=nadam lr=0.001 seed=2026 device=cuda epochs=150 best_by=f1 stop_by=f1
2026-08-27 22:28:07,978 | EPOCH 1 train_loss=0.522532
2026-08-27 22:28:08,677 | EPOCH 1 VAL loss=0.377233 acc=0.8655 pre=0.8656 rec=0.8669 f1=0.8636 BEST
2026-08-27 22:28:18,061 | EPOCH 2 train_loss=0.333412
2026-08-27 22:28:18,811 | EPOCH 2 VAL loss=0.309620 acc=0.8867 pre=0.8870 rec=0.8878 f1=0.8857 BEST
2026-08-27 22:28:29,063 | EPOCH 3 train_loss=0.285980
2026-08-27 22:28:29,848 | EPOCH 3 VAL loss=0.325156 acc=0.8773 pre=0.8960 rec=0.8817 f1=0.8799
2026-08-27 22:28:38,680 | EPOCH 4 train_loss=0.255108
2026-08-27 22:28:39,436 | EPOCH 4 VAL loss=0.278340 acc=0.8968 pre=0.8996 rec=0.8963 f1=0.8967 BEST
2026-08-27 22:28:49,214 | EPOCH 5 train_loss=0.230483
2026-08-27 22:28:49,969 | EPOCH 5 VAL loss=0.243743 acc=0.9125 pre=0.9129 rec=0.9133 f1=0.9123 BEST
2026-08-27 22:28:59,217 | EPOCH 6 train_loss=0.212378
2026-08-27 22:28:59,986 | EPOCH 6 VAL loss=0.235241 acc=0.9153 pre=0.9159 rec=0.9162 f1=0.9159 BEST
2026-08-27 22:29:09,501 | EPOCH 7 train_loss=0.194796
2026-08-27 22:29:10,459 | EPOCH 7 VAL loss=0.227655 acc=0.9147 pre=0.9160 rec=0.9162 f1=0.9157
2026-08-27 22:29:19,806 | EPOCH 8 train_loss=0.179886
2026-08-27 22:29:20,523 | EPOCH 8 VAL loss=0.225107 acc=0.9173 pre=0.9182 rec=0.9185 f1=0.9182 BEST
2026-08-27 22:29:29,651 | EPOCH 9 train_loss=0.165951
2026-08-27 22:29:30,360 | EPOCH 9 VAL loss=0.222263 acc=0.9193 pre=0.9197 rec=0.9205 f1=0.9199 BEST
2026-08-27 22:29:41,391 | EPOCH 10 train_loss=0.152982
2026-08-27 22:29:42,112 | EPOCH 10 VAL loss=0.232891 acc=0.9147 pre=0.9180 rec=0.9150 f1=0.9144
2026-08-27 22:29:51,177 | EPOCH 11 train_loss=0.140433
2026-08-27 22:29:51,918 | EPOCH 11 VAL loss=0.226347 acc=0.9212 pre=0.9225 rec=0.9221 f1=0.9220 BEST
2026-08-27 22:30:02,595 | EPOCH 12 train_loss=0.130233
2026-08-27 22:30:03,292 | EPOCH 12 VAL loss=0.238923 acc=0.9148 pre=0.9159 rec=0.9156 f1=0.9152
2026-08-27 22:30:12,279 | EPOCH 13 train_loss=0.118531
2026-08-27 22:30:13,034 | EPOCH 13 VAL loss=0.244917 acc=0.9213 pre=0.9222 rec=0.9222 f1=0.9220
2026-08-27 22:30:22,502 | EPOCH 14 train_loss=0.107820
2026-08-27 22:30:23,196 | EPOCH 14 VAL loss=0.248588 acc=0.9155 pre=0.9163 rec=0.9159 f1=0.9150
2026-08-27 22:30:32,267 | EPOCH 15 train_loss=0.097391
2026-08-27 22:30:33,014 | EPOCH 15 VAL loss=0.257012 acc=0.9135 pre=0.9171 rec=0.9152 f1=0.9153
2026-08-27 22:30:42,756 | EPOCH 16 train_loss=0.088846
2026-08-27 22:30:43,461 | EPOCH 16 VAL loss=0.276215 acc=0.9163 pre=0.9169 rec=0.9174 f1=0.9161
2026-08-27 22:30:52,584 | EPOCH 17 train_loss=0.080905
2026-08-27 22:30:53,302 | EPOCH 17 VAL loss=0.262045 acc=0.9175 pre=0.9185 rec=0.9179 f1=0.9176
2026-08-27 22:31:02,418 | EPOCH 18 train_loss=0.074534
2026-08-27 22:31:03,759 | EPOCH 18 VAL loss=0.283829 acc=0.9155 pre=0.9163 rec=0.9163 f1=0.9162
2026-08-27 22:31:13,366 | EPOCH 19 train_loss=0.065549
2026-08-27 22:31:14,079 | EPOCH 19 VAL loss=0.298127 acc=0.9170 pre=0.9171 rec=0.9180 f1=0.9173
2026-08-27 22:31:22,975 | EPOCH 20 train_loss=0.060462
2026-08-27 22:31:23,693 | EPOCH 20 VAL loss=0.300716 acc=0.9177 pre=0.9190 rec=0.9181 f1=0.9183
2026-08-27 22:31:33,050 | EPOCH 21 train_loss=0.053616
2026-08-27 22:31:33,790 | EPOCH 21 VAL loss=0.315629 acc=0.9155 pre=0.9162 rec=0.9164 f1=0.9158
2026-08-27 22:31:33,799 | DONE best_epoch=11 best_val_loss=0.226347 early_stop=True time=214.33s
2026-08-27 22:35:58,123 | START cnn_nadam_lr0.001_s2026 opt=nadam lr=0.001 seed=2026 device=cuda epochs=150 best_by=f1 stop_by=f1
2026-08-27 22:36:08,080 | EPOCH 1 train_loss=0.522608
2026-08-27 22:36:08,810 | EPOCH 1 VAL loss=0.378242 acc=0.8640 pre=0.8643 rec=0.8654 f1=0.8620 BEST
2026-08-27 22:36:18,178 | EPOCH 2 train_loss=0.333348
2026-08-27 22:36:18,897 | EPOCH 2 VAL loss=0.310443 acc=0.8877 pre=0.8883 rec=0.8888 f1=0.8864 BEST
2026-08-27 22:36:28,901 | EPOCH 3 train_loss=0.285970
2026-08-27 22:36:29,680 | EPOCH 3 VAL loss=0.305791 acc=0.8837 pre=0.8955 rec=0.8871 f1=0.8863
2026-08-27 22:36:38,565 | EPOCH 4 train_loss=0.255047
2026-08-27 22:36:39,295 | EPOCH 4 VAL loss=0.278320 acc=0.8983 pre=0.9011 rec=0.8980 f1=0.8982 BEST
2026-08-27 22:36:48,617 | EPOCH 5 train_loss=0.230740
2026-08-27 22:36:49,416 | EPOCH 5 VAL loss=0.244705 acc=0.9113 pre=0.9116 rec=0.9121 f1=0.9112 BEST
2026-08-27 22:36:58,828 | EPOCH 6 train_loss=0.212314
2026-08-27 22:36:59,642 | EPOCH 6 VAL loss=0.237479 acc=0.9150 pre=0.9153 rec=0.9160 f1=0.9154 BEST
2026-08-27 22:37:09,927 | EPOCH 7 train_loss=0.194727
2026-08-27 22:37:10,649 | EPOCH 7 VAL loss=0.232917 acc=0.9133 pre=0.9143 rec=0.9149 f1=0.9142
2026-08-27 22:37:19,462 | EPOCH 8 train_loss=0.179777
2026-08-27 22:37:20,183 | EPOCH 8 VAL loss=0.227754 acc=0.9172 pre=0.9181 rec=0.9184 f1=0.9180 BEST
2026-08-27 22:37:29,638 | EPOCH 9 train_loss=0.165687
2026-08-27 22:37:30,917 | EPOCH 9 VAL loss=0.227108 acc=0.9178 pre=0.9183 rec=0.9187 f1=0.9182 BEST
2026-08-27 22:37:40,752 | EPOCH 10 train_loss=0.152995
2026-08-27 22:37:41,462 | EPOCH 10 VAL loss=0.241429 acc=0.9118 pre=0.9146 rec=0.9124 f1=0.9113
2026-08-27 22:37:50,524 | EPOCH 11 train_loss=0.139693
2026-08-27 22:37:51,254 | EPOCH 11 VAL loss=0.228865 acc=0.9195 pre=0.9211 rec=0.9207 f1=0.9205 BEST
2026-08-27 22:38:01,224 | EPOCH 12 train_loss=0.130042
2026-08-27 22:38:01,964 | EPOCH 12 VAL loss=0.237354 acc=0.9167 pre=0.9172 rec=0.9176 f1=0.9170
2026-08-27 22:38:10,976 | EPOCH 13 train_loss=0.116715
2026-08-27 22:38:11,727 | EPOCH 13 VAL loss=0.249160 acc=0.9205 pre=0.9212 rec=0.9213 f1=0.9208 BEST
2026-08-27 22:38:22,007 | EPOCH 14 train_loss=0.108794
2026-08-27 22:38:22,712 | EPOCH 14 VAL loss=0.260225 acc=0.9153 pre=0.9170 rec=0.9156 f1=0.9147
2026-08-27 22:38:31,565 | EPOCH 15 train_loss=0.097773
2026-08-27 22:38:32,304 | EPOCH 15 VAL loss=0.255724 acc=0.9192 pre=0.9208 rec=0.9207 f1=0.9203
2026-08-27 22:38:41,736 | EPOCH 16 train_loss=0.088118
2026-08-27 22:38:42,461 | EPOCH 16 VAL loss=0.270521 acc=0.9177 pre=0.9187 rec=0.9185 f1=0.9175
2026-08-27 22:38:51,315 | EPOCH 17 train_loss=0.079583
2026-08-27 22:38:52,012 | EPOCH 17 VAL loss=0.285292 acc=0.9143 pre=0.9153 rec=0.9150 f1=0.9139
2026-08-27 22:39:01,750 | EPOCH 18 train_loss=0.073652
2026-08-27 22:39:02,618 | EPOCH 18 VAL loss=0.289833 acc=0.9197 pre=0.9201 rec=0.9205 f1=0.9200
2026-08-27 22:39:11,429 | EPOCH 19 train_loss=0.065580
2026-08-27 22:39:12,123 | EPOCH 19 VAL loss=0.298174 acc=0.9198 pre=0.9200 rec=0.9208 f1=0.9202
2026-08-27 22:39:20,941 | EPOCH 20 train_loss=0.060170
2026-08-27 22:39:21,650 | EPOCH 20 VAL loss=0.321102 acc=0.9150 pre=0.9165 rec=0.9158 f1=0.9156
2026-08-27 22:39:30,986 | EPOCH 21 train_loss=0.053384
2026-08-27 22:39:31,702 | EPOCH 21 VAL loss=0.313726 acc=0.9197 pre=0.9201 rec=0.9205 f1=0.9197
2026-08-27 22:39:40,686 | EPOCH 22 train_loss=0.050644
2026-08-27 22:39:41,425 | EPOCH 22 VAL loss=0.381319 acc=0.9125 pre=0.9144 rec=0.9135 f1=0.9134
2026-08-27 22:39:51,278 | EPOCH 23 train_loss=0.043909
2026-08-27 22:39:52,030 | EPOCH 23 VAL loss=0.383570 acc=0.9137 pre=0.9144 rec=0.9151 f1=0.9138
2026-08-27 22:39:52,039 | DONE best_epoch=13 best_val_loss=0.24916 early_stop=True time=233.07s
