2026-08-27 08:06:55,155 | START mlp_adadelta_lr1.0_s123 opt=adadelta lr=1.0 seed=123 device=cuda epochs=150 best_by=f1 stop_by=f1
2026-08-27 08:06:57,173 | INTERRUPTED epoch=0 batch=229
2026-08-27 12:42:23,115 | START mlp_adadelta_lr1.0_s123 opt=adadelta lr=1.0 seed=123 device=cuda epochs=150 best_by=f1 stop_by=f1
2026-08-27 12:42:25,132 | START mlp_adadelta_lr1.0_s123 opt=adadelta lr=1.0 seed=123 device=cuda epochs=150 best_by=f1 stop_by=f1
2026-08-27 12:42:25,143 | RESUMED from epoch 0, batch 200
2026-08-27 12:42:34,036 | EPOCH 1 train_loss=0.574574
2026-08-27 12:42:35,211 | EPOCH 1 VAL loss=0.403158 acc=0.8500 pre=0.8510 rec=0.8510 f1=0.8488 BEST
2026-08-27 12:42:36,377 | EPOCH 1 train_loss=0.489799
2026-08-27 12:42:37,452 | EPOCH 1 VAL loss=0.403158 acc=0.8500 pre=0.8510 rec=0.8510 f1=0.8488 BEST
2026-08-27 12:42:47,922 | EPOCH 2 train_loss=0.399444
2026-08-27 12:42:48,980 | EPOCH 2 VAL loss=0.394312 acc=0.8552 pre=0.8594 rec=0.8541 f1=0.8527 BEST
2026-08-27 12:42:49,857 | EPOCH 2 train_loss=0.399444
2026-08-27 12:42:50,982 | EPOCH 2 VAL loss=0.394312 acc=0.8552 pre=0.8594 rec=0.8541 f1=0.8527 BEST
2026-08-27 12:43:01,915 | EPOCH 3 train_loss=0.357331
2026-08-27 12:43:02,998 | EPOCH 3 VAL loss=0.371687 acc=0.8672 pre=0.8671 rec=0.8680 f1=0.8660 BEST
2026-08-27 12:43:03,675 | EPOCH 3 train_loss=0.357331
2026-08-27 12:43:04,767 | EPOCH 3 VAL loss=0.371687 acc=0.8672 pre=0.8671 rec=0.8680 f1=0.8660 BEST
2026-08-27 12:43:15,664 | EPOCH 4 train_loss=0.332513
2026-08-27 12:43:16,747 | EPOCH 4 VAL loss=0.373764 acc=0.8638 pre=0.8657 rec=0.8658 f1=0.8644
2026-08-27 12:43:17,475 | EPOCH 4 train_loss=0.332513
2026-08-27 12:43:18,543 | EPOCH 4 VAL loss=0.373764 acc=0.8638 pre=0.8657 rec=0.8658 f1=0.8644
2026-08-27 12:43:28,504 | EPOCH 5 train_loss=0.315481
2026-08-27 12:43:29,568 | EPOCH 5 VAL loss=0.400816 acc=0.8568 pre=0.8634 rec=0.8593 f1=0.8569
2026-08-27 12:43:30,309 | EPOCH 5 train_loss=0.315481
2026-08-27 12:43:31,324 | EPOCH 5 VAL loss=0.400816 acc=0.8568 pre=0.8634 rec=0.8593 f1=0.8569
2026-08-27 12:43:41,628 | EPOCH 6 train_loss=0.302286
2026-08-27 12:43:42,716 | EPOCH 6 VAL loss=0.343586 acc=0.8768 pre=0.8814 rec=0.8773 f1=0.8772 BEST
2026-08-27 12:43:43,244 | EPOCH 6 train_loss=0.302286
2026-08-27 12:43:44,352 | EPOCH 6 VAL loss=0.343586 acc=0.8768 pre=0.8814 rec=0.8773 f1=0.8772 BEST
2026-08-27 12:43:55,587 | EPOCH 7 train_loss=0.291338
2026-08-27 12:43:56,656 | EPOCH 7 VAL loss=0.371878 acc=0.8717 pre=0.8776 rec=0.8740 f1=0.8722
2026-08-27 12:43:56,985 | EPOCH 7 train_loss=0.291338
2026-08-27 12:43:58,039 | EPOCH 7 VAL loss=0.371878 acc=0.8717 pre=0.8776 rec=0.8740 f1=0.8722
2026-08-27 12:44:09,492 | EPOCH 8 train_loss=0.283321
2026-08-27 12:44:10,573 | EPOCH 8 VAL loss=0.354964 acc=0.8787 pre=0.8856 rec=0.8809 f1=0.8809 BEST
2026-08-27 12:44:11,002 | EPOCH 8 train_loss=0.283321
2026-08-27 12:44:12,135 | EPOCH 8 VAL loss=0.354964 acc=0.8787 pre=0.8856 rec=0.8809 f1=0.8809 BEST
2026-08-27 12:44:24,383 | EPOCH 9 train_loss=0.274934
2026-08-27 12:44:25,508 | EPOCH 9 VAL loss=0.377076 acc=0.8792 pre=0.8796 rec=0.8803 f1=0.8781
2026-08-27 12:44:25,602 | EPOCH 9 train_loss=0.274934
2026-08-27 12:44:26,688 | EPOCH 9 VAL loss=0.377076 acc=0.8792 pre=0.8796 rec=0.8803 f1=0.8781
2026-08-27 12:44:37,480 | EPOCH 10 train_loss=0.267411
2026-08-27 12:44:38,547 | EPOCH 10 train_loss=0.267411
2026-08-27 12:44:38,551 | EPOCH 10 VAL loss=0.401133 acc=0.8603 pre=0.8802 rec=0.8644 f1=0.8634
2026-08-27 12:44:39,633 | EPOCH 10 VAL loss=0.401133 acc=0.8603 pre=0.8802 rec=0.8644 f1=0.8634
2026-08-27 12:44:51,389 | EPOCH 11 train_loss=0.263131
2026-08-27 12:44:52,196 | EPOCH 11 train_loss=0.263131
2026-08-27 12:44:52,468 | EPOCH 11 VAL loss=0.361427 acc=0.8832 pre=0.8855 rec=0.8845 f1=0.8833 BEST
2026-08-27 12:44:53,231 | EPOCH 11 VAL loss=0.361427 acc=0.8832 pre=0.8855 rec=0.8845 f1=0.8833 BEST
2026-08-27 12:45:05,159 | EPOCH 12 train_loss=0.256703
2026-08-27 12:45:05,581 | EPOCH 12 train_loss=0.256703
2026-08-27 12:45:06,257 | EPOCH 12 VAL loss=0.376585 acc=0.8793 pre=0.8840 rec=0.8805 f1=0.8809
2026-08-27 12:45:06,737 | EPOCH 12 VAL loss=0.376585 acc=0.8793 pre=0.8840 rec=0.8805 f1=0.8809
2026-08-27 12:45:19,135 | EPOCH 13 train_loss=0.251656
2026-08-27 12:45:19,429 | EPOCH 13 train_loss=0.251656
2026-08-27 12:45:20,214 | EPOCH 13 VAL loss=0.369770 acc=0.8847 pre=0.8860 rec=0.8846 f1=0.8824
2026-08-27 12:45:20,485 | EPOCH 13 VAL loss=0.369770 acc=0.8847 pre=0.8860 rec=0.8846 f1=0.8824
2026-08-27 12:45:33,212 | EPOCH 14 train_loss=0.247158
2026-08-27 12:45:33,264 | EPOCH 14 train_loss=0.247158
2026-08-27 12:45:34,358 | EPOCH 14 VAL loss=0.389137 acc=0.8833 pre=0.8825 rec=0.8847 f1=0.8828
2026-08-27 12:45:34,446 | EPOCH 14 VAL loss=0.389137 acc=0.8833 pre=0.8825 rec=0.8847 f1=0.8828
2026-08-27 12:45:46,634 | EPOCH 15 train_loss=0.241233
2026-08-27 12:45:47,390 | EPOCH 15 train_loss=0.241233
2026-08-27 12:45:48,303 | EPOCH 15 VAL loss=0.408406 acc=0.8805 pre=0.8829 rec=0.8820 f1=0.8817
2026-08-27 12:45:48,388 | EPOCH 15 VAL loss=0.408406 acc=0.8805 pre=0.8829 rec=0.8820 f1=0.8817
2026-08-27 12:46:00,756 | EPOCH 16 train_loss=0.235576
2026-08-27 12:46:01,308 | EPOCH 16 train_loss=0.235576
2026-08-27 12:46:01,847 | EPOCH 16 VAL loss=0.375309 acc=0.8805 pre=0.8828 rec=0.8820 f1=0.8819
2026-08-27 12:46:02,366 | EPOCH 16 VAL loss=0.375309 acc=0.8805 pre=0.8828 rec=0.8820 f1=0.8819
2026-08-27 12:46:13,858 | EPOCH 17 train_loss=0.230524
2026-08-27 12:46:14,589 | EPOCH 17 train_loss=0.230524
2026-08-27 12:46:15,088 | EPOCH 17 VAL loss=0.393384 acc=0.8852 pre=0.8846 rec=0.8861 f1=0.8838 BEST
2026-08-27 12:46:16,108 | EPOCH 17 VAL loss=0.393384 acc=0.8852 pre=0.8846 rec=0.8861 f1=0.8838 BEST
2026-08-27 12:46:27,679 | EPOCH 18 train_loss=0.226078
2026-08-27 12:46:28,768 | EPOCH 18 VAL loss=0.397776 acc=0.8787 pre=0.8818 rec=0.8793 f1=0.8780
2026-08-27 12:46:28,986 | EPOCH 18 train_loss=0.226078
2026-08-27 12:46:30,597 | EPOCH 18 VAL loss=0.397776 acc=0.8787 pre=0.8818 rec=0.8793 f1=0.8780
2026-08-27 12:46:41,427 | EPOCH 19 train_loss=0.225707
2026-08-27 12:46:42,483 | EPOCH 19 VAL loss=0.413244 acc=0.8870 pre=0.8900 rec=0.8878 f1=0.8885 BEST
2026-08-27 12:46:43,537 | EPOCH 19 train_loss=0.225707
2026-08-27 12:46:44,695 | EPOCH 19 VAL loss=0.413244 acc=0.8870 pre=0.8900 rec=0.8878 f1=0.8885 BEST
2026-08-27 12:46:55,059 | EPOCH 20 train_loss=0.219996
2026-08-27 12:46:56,168 | EPOCH 20 VAL loss=0.401282 acc=0.8862 pre=0.8865 rec=0.8874 f1=0.8862
2026-08-27 12:46:57,480 | EPOCH 20 train_loss=0.219996
2026-08-27 12:46:58,559 | EPOCH 20 VAL loss=0.401282 acc=0.8862 pre=0.8865 rec=0.8874 f1=0.8862
2026-08-27 12:47:09,105 | EPOCH 21 train_loss=0.218044
2026-08-27 12:47:10,148 | EPOCH 21 VAL loss=0.423119 acc=0.8847 pre=0.8896 rec=0.8840 f1=0.8840
2026-08-27 12:47:11,970 | EPOCH 21 train_loss=0.218044
2026-08-27 12:47:13,069 | EPOCH 21 VAL loss=0.423119 acc=0.8847 pre=0.8896 rec=0.8840 f1=0.8840
2026-08-27 12:47:22,322 | EPOCH 22 train_loss=0.212678
2026-08-27 12:47:23,776 | EPOCH 22 VAL loss=0.450749 acc=0.8868 pre=0.8887 rec=0.8885 f1=0.8877
2026-08-27 12:47:25,803 | EPOCH 22 train_loss=0.212678
2026-08-27 12:47:26,869 | EPOCH 22 VAL loss=0.450749 acc=0.8868 pre=0.8887 rec=0.8885 f1=0.8877
2026-08-27 12:47:35,661 | EPOCH 23 train_loss=0.208776
2026-08-27 12:47:36,715 | EPOCH 23 VAL loss=0.470304 acc=0.8780 pre=0.8818 rec=0.8793 f1=0.8760
2026-08-27 12:47:38,956 | EPOCH 23 train_loss=0.208776
2026-08-27 12:47:40,033 | EPOCH 23 VAL loss=0.470304 acc=0.8780 pre=0.8818 rec=0.8793 f1=0.8760
2026-08-27 12:47:49,230 | EPOCH 24 train_loss=0.210577
2026-08-27 12:47:50,282 | EPOCH 24 VAL loss=0.433110 acc=0.8912 pre=0.8936 rec=0.8929 f1=0.8925 BEST
2026-08-27 12:47:52,518 | EPOCH 24 train_loss=0.210577
2026-08-27 12:47:53,620 | EPOCH 24 VAL loss=0.433110 acc=0.8912 pre=0.8936 rec=0.8929 f1=0.8925 BEST
2026-08-27 12:48:02,734 | EPOCH 25 train_loss=0.208320
2026-08-27 12:48:03,802 | EPOCH 25 VAL loss=0.435918 acc=0.8813 pre=0.8825 rec=0.8825 f1=0.8822
2026-08-27 12:48:06,438 | EPOCH 25 train_loss=0.208320
2026-08-27 12:48:08,039 | EPOCH 25 VAL loss=0.435918 acc=0.8813 pre=0.8825 rec=0.8825 f1=0.8822
2026-08-27 12:48:16,978 | EPOCH 26 train_loss=0.200267
2026-08-27 12:48:18,038 | EPOCH 26 VAL loss=0.450864 acc=0.8782 pre=0.8823 rec=0.8786 f1=0.8798
2026-08-27 12:48:20,327 | EPOCH 26 train_loss=0.200267
2026-08-27 12:48:21,402 | EPOCH 26 VAL loss=0.450864 acc=0.8782 pre=0.8823 rec=0.8786 f1=0.8798
2026-08-27 12:48:30,054 | EPOCH 27 train_loss=0.198636
2026-08-27 12:48:31,553 | EPOCH 27 VAL loss=0.472533 acc=0.8860 pre=0.8862 rec=0.8872 f1=0.8851
2026-08-27 12:48:33,984 | EPOCH 27 train_loss=0.198636
2026-08-27 12:48:35,150 | EPOCH 27 VAL loss=0.472533 acc=0.8860 pre=0.8862 rec=0.8872 f1=0.8851
2026-08-27 12:48:43,301 | EPOCH 28 train_loss=0.199734
2026-08-27 12:48:44,392 | EPOCH 28 VAL loss=0.500202 acc=0.8653 pre=0.8786 rec=0.8673 f1=0.8688
2026-08-27 12:48:47,505 | EPOCH 28 train_loss=0.199734
2026-08-27 12:48:48,717 | EPOCH 28 VAL loss=0.500202 acc=0.8653 pre=0.8786 rec=0.8673 f1=0.8688
2026-08-27 12:48:57,169 | EPOCH 29 train_loss=0.193655
2026-08-27 12:48:58,215 | EPOCH 29 VAL loss=0.509069 acc=0.8872 pre=0.8918 rec=0.8894 f1=0.8887
2026-08-27 12:49:01,528 | EPOCH 29 train_loss=0.193655
2026-08-27 12:49:02,626 | EPOCH 29 VAL loss=0.509069 acc=0.8872 pre=0.8918 rec=0.8894 f1=0.8887
2026-08-27 12:49:10,042 | EPOCH 30 train_loss=0.191000
2026-08-27 12:49:11,113 | EPOCH 30 VAL loss=0.501256 acc=0.8830 pre=0.8848 rec=0.8847 f1=0.8837
2026-08-27 12:49:15,341 | EPOCH 30 train_loss=0.191000
2026-08-27 12:49:16,447 | EPOCH 30 VAL loss=0.501256 acc=0.8830 pre=0.8848 rec=0.8847 f1=0.8837
2026-08-27 12:49:23,381 | EPOCH 31 train_loss=0.189850
2026-08-27 12:49:24,444 | EPOCH 31 VAL loss=0.514433 acc=0.8852 pre=0.8860 rec=0.8862 f1=0.8850
2026-08-27 12:49:28,530 | EPOCH 31 train_loss=0.189850
2026-08-27 12:49:29,592 | EPOCH 31 VAL loss=0.514433 acc=0.8852 pre=0.8860 rec=0.8862 f1=0.8850
2026-08-27 12:49:36,474 | EPOCH 32 train_loss=0.184993
2026-08-27 12:49:37,886 | EPOCH 32 VAL loss=0.482917 acc=0.8868 pre=0.8901 rec=0.8885 f1=0.8879
2026-08-27 12:49:42,554 | EPOCH 32 train_loss=0.184993
2026-08-27 12:49:43,629 | EPOCH 32 VAL loss=0.482917 acc=0.8868 pre=0.8901 rec=0.8885 f1=0.8879
2026-08-27 12:49:49,810 | EPOCH 33 train_loss=0.182618
2026-08-27 12:49:50,912 | EPOCH 33 VAL loss=0.521947 acc=0.8888 pre=0.8897 rec=0.8898 f1=0.8886
2026-08-27 12:49:55,623 | EPOCH 33 train_loss=0.182618
2026-08-27 12:49:56,707 | EPOCH 33 VAL loss=0.521947 acc=0.8888 pre=0.8897 rec=0.8898 f1=0.8886
2026-08-27 12:50:03,405 | EPOCH 34 train_loss=0.180852
2026-08-27 12:50:04,498 | EPOCH 34 VAL loss=0.495045 acc=0.8873 pre=0.8882 rec=0.8881 f1=0.8875
2026-08-27 12:50:04,520 | DONE best_epoch=24 best_val_loss=0.43311 early_stop=True time=459.96s
2026-08-27 12:50:09,380 | EPOCH 34 train_loss=0.180852
2026-08-27 12:50:10,484 | EPOCH 34 VAL loss=0.495045 acc=0.8873 pre=0.8882 rec=0.8881 f1=0.8875
2026-08-27 12:50:10,497 | DONE best_epoch=24 best_val_loss=0.43311 early_stop=True time=466.18s
