2026-08-27 11:25:37,439 | START mlp_adamw_lr0.002_s123 opt=adamw lr=0.002 seed=123 device=cuda epochs=150 best_by=f1 stop_by=f1
2026-08-27 11:25:44,043 | EPOCH 1 train_loss=0.512006
2026-08-27 11:25:44,587 | EPOCH 1 VAL loss=0.388377 acc=0.8588 pre=0.8585 rec=0.8598 f1=0.8586 BEST
2026-08-27 11:25:51,499 | EPOCH 2 train_loss=0.371482
2026-08-27 11:25:52,045 | EPOCH 2 VAL loss=0.394144 acc=0.8512 pre=0.8632 rec=0.8514 f1=0.8512
2026-08-27 11:25:58,641 | EPOCH 3 train_loss=0.334872
2026-08-27 11:25:59,175 | EPOCH 3 VAL loss=0.346785 acc=0.8750 pre=0.8789 rec=0.8766 f1=0.8764 BEST
2026-08-27 11:26:05,953 | EPOCH 4 train_loss=0.313163
2026-08-27 11:26:06,495 | EPOCH 4 VAL loss=0.337057 acc=0.8800 pre=0.8803 rec=0.8816 f1=0.8802 BEST
2026-08-27 11:26:13,512 | EPOCH 5 train_loss=0.295629
2026-08-27 11:26:14,099 | EPOCH 5 VAL loss=0.332200 acc=0.8863 pre=0.8881 rec=0.8870 f1=0.8849 BEST
2026-08-27 11:26:20,992 | EPOCH 6 train_loss=0.282414
2026-08-27 11:26:21,537 | EPOCH 6 VAL loss=0.332341 acc=0.8812 pre=0.8864 rec=0.8830 f1=0.8836
2026-08-27 11:26:27,988 | EPOCH 7 train_loss=0.268438
2026-08-27 11:26:28,520 | EPOCH 7 VAL loss=0.356609 acc=0.8738 pre=0.8823 rec=0.8763 f1=0.8763
2026-08-27 11:26:34,976 | EPOCH 8 train_loss=0.261412
2026-08-27 11:26:35,514 | EPOCH 8 VAL loss=0.328639 acc=0.8833 pre=0.8871 rec=0.8850 f1=0.8848
2026-08-27 11:26:42,053 | EPOCH 9 train_loss=0.248758
2026-08-27 11:26:42,606 | EPOCH 9 VAL loss=0.331691 acc=0.8857 pre=0.8872 rec=0.8873 f1=0.8860 BEST
2026-08-27 11:26:49,434 | EPOCH 10 train_loss=0.241326
2026-08-27 11:26:49,977 | EPOCH 10 VAL loss=0.340313 acc=0.8813 pre=0.8829 rec=0.8828 f1=0.8804
2026-08-27 11:26:56,478 | EPOCH 11 train_loss=0.233441
2026-08-27 11:26:57,020 | EPOCH 11 VAL loss=0.326246 acc=0.8873 pre=0.8878 rec=0.8890 f1=0.8874 BEST
2026-08-27 11:27:03,889 | EPOCH 12 train_loss=0.229101
2026-08-27 11:27:04,428 | EPOCH 12 VAL loss=0.333729 acc=0.8877 pre=0.8902 rec=0.8881 f1=0.8882 BEST
2026-08-27 11:27:11,158 | EPOCH 13 train_loss=0.224218
2026-08-27 11:27:11,692 | EPOCH 13 VAL loss=0.353079 acc=0.8817 pre=0.8837 rec=0.8831 f1=0.8827
2026-08-27 11:27:18,159 | EPOCH 14 train_loss=0.215763
2026-08-27 11:27:18,707 | EPOCH 14 VAL loss=0.362707 acc=0.8837 pre=0.8844 rec=0.8849 f1=0.8835
2026-08-27 11:27:25,310 | EPOCH 15 train_loss=0.210715
2026-08-27 11:27:25,858 | EPOCH 15 VAL loss=0.344347 acc=0.8868 pre=0.8877 rec=0.8881 f1=0.8868
2026-08-27 11:27:32,260 | EPOCH 16 train_loss=0.203613
2026-08-27 11:27:32,796 | EPOCH 16 VAL loss=0.351245 acc=0.8843 pre=0.8873 rec=0.8843 f1=0.8818
2026-08-27 11:27:39,268 | EPOCH 17 train_loss=0.198898
2026-08-27 11:27:39,807 | EPOCH 17 VAL loss=0.335099 acc=0.8908 pre=0.8929 rec=0.8914 f1=0.8911 BEST
2026-08-27 11:27:46,689 | EPOCH 18 train_loss=0.193560
2026-08-27 11:27:47,235 | EPOCH 18 VAL loss=0.359085 acc=0.8847 pre=0.8859 rec=0.8859 f1=0.8850
2026-08-27 11:27:53,749 | EPOCH 19 train_loss=0.189354
2026-08-27 11:27:54,289 | EPOCH 19 VAL loss=0.382818 acc=0.8842 pre=0.8879 rec=0.8851 f1=0.8852
2026-08-27 11:28:00,773 | EPOCH 20 train_loss=0.186133
2026-08-27 11:28:01,324 | EPOCH 20 VAL loss=0.352478 acc=0.8890 pre=0.8907 rec=0.8904 f1=0.8891
2026-08-27 11:28:08,225 | EPOCH 21 train_loss=0.178941
2026-08-27 11:28:08,773 | EPOCH 21 VAL loss=0.378711 acc=0.8902 pre=0.8918 rec=0.8907 f1=0.8907
2026-08-27 11:28:15,287 | EPOCH 22 train_loss=0.178487
2026-08-27 11:28:15,826 | EPOCH 22 VAL loss=0.371497 acc=0.8857 pre=0.8876 rec=0.8858 f1=0.8839
2026-08-27 11:28:22,331 | EPOCH 23 train_loss=0.174283
2026-08-27 11:28:22,876 | EPOCH 23 VAL loss=0.341807 acc=0.8957 pre=0.8955 rec=0.8966 f1=0.8948 BEST
2026-08-27 11:28:29,842 | EPOCH 24 train_loss=0.172294
2026-08-27 11:28:30,401 | EPOCH 24 VAL loss=0.348304 acc=0.8953 pre=0.8962 rec=0.8969 f1=0.8963 BEST
2026-08-27 11:28:37,227 | EPOCH 25 train_loss=0.170693
2026-08-27 11:28:37,784 | EPOCH 25 VAL loss=0.365426 acc=0.8910 pre=0.8914 rec=0.8916 f1=0.8899
2026-08-27 11:28:44,360 | EPOCH 26 train_loss=0.162701
2026-08-27 11:28:44,980 | EPOCH 26 VAL loss=0.343149 acc=0.8925 pre=0.8927 rec=0.8936 f1=0.8929
2026-08-27 11:28:51,558 | EPOCH 27 train_loss=0.163191
2026-08-27 11:28:52,471 | EPOCH 27 VAL loss=0.401320 acc=0.8865 pre=0.8898 rec=0.8887 f1=0.8881
2026-08-27 11:28:59,168 | EPOCH 28 train_loss=0.159669
2026-08-27 11:28:59,711 | EPOCH 28 VAL loss=0.403023 acc=0.8838 pre=0.8888 rec=0.8857 f1=0.8859
2026-08-27 11:29:06,533 | EPOCH 29 train_loss=0.155983
2026-08-27 11:29:07,137 | EPOCH 29 VAL loss=0.389828 acc=0.8872 pre=0.8910 rec=0.8880 f1=0.8883
2026-08-27 11:29:14,018 | EPOCH 30 train_loss=0.154196
2026-08-27 11:29:14,567 | EPOCH 30 VAL loss=0.437449 acc=0.8813 pre=0.8918 rec=0.8843 f1=0.8845
2026-08-27 11:29:22,159 | EPOCH 31 train_loss=0.153771
2026-08-27 11:29:22,734 | EPOCH 31 VAL loss=0.380531 acc=0.8942 pre=0.8947 rec=0.8954 f1=0.8941
2026-08-27 11:29:29,509 | EPOCH 32 train_loss=0.151592
2026-08-27 11:29:30,104 | EPOCH 32 VAL loss=0.396146 acc=0.8897 pre=0.8911 rec=0.8910 f1=0.8904
2026-08-27 11:29:36,843 | EPOCH 33 train_loss=0.149145
2026-08-27 11:29:37,411 | EPOCH 33 VAL loss=0.414369 acc=0.8928 pre=0.8935 rec=0.8938 f1=0.8928
2026-08-27 11:29:44,384 | EPOCH 34 train_loss=0.143972
2026-08-27 11:29:44,966 | EPOCH 34 VAL loss=0.404936 acc=0.8910 pre=0.8913 rec=0.8922 f1=0.8912
2026-08-27 11:29:44,975 | DONE best_epoch=24 best_val_loss=0.348304 early_stop=True time=246.86s
