2026-08-27 08:11:27,205 | START mlp_adadelta_lr0.5_s2026 opt=adadelta lr=0.5 seed=2026 device=cuda epochs=150 best_by=f1 stop_by=f1
2026-08-27 08:11:34,123 | EPOCH 1 train_loss=0.587889
2026-08-27 08:11:34,717 | EPOCH 1 VAL loss=0.454648 acc=0.8343 pre=0.8336 rec=0.8361 f1=0.8304 BEST
2026-08-27 08:11:41,902 | EPOCH 2 train_loss=0.403559
2026-08-27 08:11:42,475 | EPOCH 2 VAL loss=0.402649 acc=0.8525 pre=0.8567 rec=0.8548 f1=0.8519 BEST
2026-08-27 08:11:49,715 | EPOCH 3 train_loss=0.356780
2026-08-27 08:11:50,286 | EPOCH 3 VAL loss=0.400425 acc=0.8473 pre=0.8661 rec=0.8513 f1=0.8510
2026-08-27 08:11:57,038 | EPOCH 4 train_loss=0.330142
2026-08-27 08:11:57,613 | EPOCH 4 VAL loss=0.347481 acc=0.8705 pre=0.8729 rec=0.8713 f1=0.8695 BEST
2026-08-27 08:12:04,804 | EPOCH 5 train_loss=0.310204
2026-08-27 08:12:05,371 | EPOCH 5 VAL loss=0.349257 acc=0.8707 pre=0.8715 rec=0.8721 f1=0.8700 BEST
2026-08-27 08:12:12,467 | EPOCH 6 train_loss=0.294380
2026-08-27 08:12:13,036 | EPOCH 6 VAL loss=0.329213 acc=0.8808 pre=0.8810 rec=0.8820 f1=0.8801 BEST
2026-08-27 08:12:20,401 | EPOCH 7 train_loss=0.281057
2026-08-27 08:12:21,411 | EPOCH 7 VAL loss=0.343234 acc=0.8735 pre=0.8819 rec=0.8758 f1=0.8758
2026-08-27 08:12:28,318 | EPOCH 8 train_loss=0.270883
2026-08-27 08:12:28,903 | EPOCH 8 VAL loss=0.316722 acc=0.8837 pre=0.8884 rec=0.8851 f1=0.8858 BEST
2026-08-27 08:12:36,109 | EPOCH 9 train_loss=0.260508
2026-08-27 08:12:36,687 | EPOCH 9 VAL loss=0.342804 acc=0.8793 pre=0.8847 rec=0.8808 f1=0.8807
2026-08-27 08:12:43,558 | EPOCH 10 train_loss=0.252267
2026-08-27 08:12:44,169 | EPOCH 10 VAL loss=0.344785 acc=0.8732 pre=0.8795 rec=0.8739 f1=0.8727
2026-08-27 08:12:50,919 | EPOCH 11 train_loss=0.244636
2026-08-27 08:12:51,481 | EPOCH 11 VAL loss=0.337159 acc=0.8802 pre=0.8873 rec=0.8820 f1=0.8816
2026-08-27 08:12:58,296 | EPOCH 12 train_loss=0.235208
2026-08-27 08:12:58,872 | EPOCH 12 VAL loss=0.322509 acc=0.8888 pre=0.8924 rec=0.8890 f1=0.8892 BEST
2026-08-27 08:13:06,303 | EPOCH 13 train_loss=0.230475
2026-08-27 08:13:06,905 | EPOCH 13 VAL loss=0.345733 acc=0.8852 pre=0.8875 rec=0.8857 f1=0.8859
2026-08-27 08:13:13,791 | EPOCH 14 train_loss=0.224316
2026-08-27 08:13:14,372 | EPOCH 14 VAL loss=0.323536 acc=0.8903 pre=0.8906 rec=0.8914 f1=0.8900 BEST
2026-08-27 08:13:21,554 | EPOCH 15 train_loss=0.216452
2026-08-27 08:13:22,131 | EPOCH 15 VAL loss=0.322675 acc=0.8878 pre=0.8910 rec=0.8893 f1=0.8895
2026-08-27 08:13:29,132 | EPOCH 16 train_loss=0.214277
2026-08-27 08:13:29,706 | EPOCH 16 VAL loss=0.363372 acc=0.8828 pre=0.8892 rec=0.8843 f1=0.8836
2026-08-27 08:13:36,532 | EPOCH 17 train_loss=0.206034
2026-08-27 08:13:37,109 | EPOCH 17 VAL loss=0.368107 acc=0.8802 pre=0.8840 rec=0.8812 f1=0.8770
2026-08-27 08:13:44,018 | EPOCH 18 train_loss=0.200094
2026-08-27 08:13:44,596 | EPOCH 18 VAL loss=0.362717 acc=0.8870 pre=0.8912 rec=0.8869 f1=0.8880
2026-08-27 08:13:51,458 | EPOCH 19 train_loss=0.197327
2026-08-27 08:13:52,033 | EPOCH 19 VAL loss=0.384736 acc=0.8887 pre=0.8932 rec=0.8884 f1=0.8884
2026-08-27 08:13:58,906 | EPOCH 20 train_loss=0.191887
2026-08-27 08:13:59,481 | EPOCH 20 VAL loss=0.366721 acc=0.8852 pre=0.8840 rec=0.8863 f1=0.8842
2026-08-27 08:14:06,364 | EPOCH 21 train_loss=0.188668
2026-08-27 08:14:06,959 | EPOCH 21 VAL loss=0.367882 acc=0.8882 pre=0.8890 rec=0.8890 f1=0.8879
2026-08-27 08:14:13,877 | EPOCH 22 train_loss=0.185352
2026-08-27 08:14:14,445 | EPOCH 22 VAL loss=0.390065 acc=0.8787 pre=0.8851 rec=0.8795 f1=0.8810
2026-08-27 08:14:21,071 | EPOCH 23 train_loss=0.178382
2026-08-27 08:14:21,637 | EPOCH 23 VAL loss=0.369565 acc=0.8967 pre=0.8981 rec=0.8979 f1=0.8973 BEST
2026-08-27 08:14:29,249 | EPOCH 24 train_loss=0.177873
2026-08-27 08:14:29,874 | EPOCH 24 VAL loss=0.396066 acc=0.8915 pre=0.8916 rec=0.8926 f1=0.8919
2026-08-27 08:14:36,617 | EPOCH 25 train_loss=0.171668
2026-08-27 08:14:37,182 | EPOCH 25 VAL loss=0.433448 acc=0.8782 pre=0.8851 rec=0.8786 f1=0.8774
2026-08-27 08:14:43,860 | EPOCH 26 train_loss=0.169595
2026-08-27 08:14:44,431 | EPOCH 26 VAL loss=0.391258 acc=0.8917 pre=0.8929 rec=0.8920 f1=0.8918
2026-08-27 08:14:51,217 | EPOCH 27 train_loss=0.165117
2026-08-27 08:14:51,816 | EPOCH 27 VAL loss=0.429306 acc=0.8795 pre=0.8928 rec=0.8823 f1=0.8834
2026-08-27 08:14:58,692 | EPOCH 28 train_loss=0.162229
2026-08-27 08:14:59,279 | EPOCH 28 VAL loss=0.395654 acc=0.8937 pre=0.8944 rec=0.8945 f1=0.8938
2026-08-27 08:15:06,220 | EPOCH 29 train_loss=0.159446
2026-08-27 08:15:06,824 | EPOCH 29 VAL loss=0.443116 acc=0.8882 pre=0.8903 rec=0.8897 f1=0.8888
2026-08-27 08:15:13,811 | EPOCH 30 train_loss=0.158179
2026-08-27 08:15:14,411 | EPOCH 30 VAL loss=0.467008 acc=0.8835 pre=0.8852 rec=0.8844 f1=0.8824
2026-08-27 08:15:21,177 | EPOCH 31 train_loss=0.153949
2026-08-27 08:15:21,760 | EPOCH 31 VAL loss=0.452795 acc=0.8820 pre=0.8834 rec=0.8822 f1=0.8805
2026-08-27 08:15:28,544 | EPOCH 32 train_loss=0.151871
2026-08-27 08:15:29,116 | EPOCH 32 VAL loss=0.521826 acc=0.8792 pre=0.8855 rec=0.8820 f1=0.8808
2026-08-27 08:15:36,195 | EPOCH 33 train_loss=0.147276
2026-08-27 08:15:36,793 | EPOCH 33 VAL loss=0.435819 acc=0.8933 pre=0.8951 rec=0.8942 f1=0.8944
2026-08-27 08:15:36,801 | DONE best_epoch=23 best_val_loss=0.369565 early_stop=True time=248.91s
