2026-08-27 22:42:14,007 | START cnn_nadam_lr0.0005_s2026 opt=nadam lr=0.0005 seed=2026 device=cuda epochs=150 best_by=f1 stop_by=f1
2026-08-27 22:42:23,262 | EPOCH 1 train_loss=0.609684
2026-08-27 22:42:24,176 | EPOCH 1 VAL loss=0.434778 acc=0.8483 pre=0.8474 rec=0.8497 f1=0.8453 BEST
2026-08-27 22:42:33,837 | EPOCH 2 train_loss=0.386202
2026-08-27 22:42:34,550 | EPOCH 2 VAL loss=0.369263 acc=0.8677 pre=0.8691 rec=0.8687 f1=0.8653 BEST
2026-08-27 22:42:43,884 | EPOCH 3 train_loss=0.337558
2026-08-27 22:42:44,968 | EPOCH 3 VAL loss=0.357934 acc=0.8715 pre=0.8834 rec=0.8748 f1=0.8746 BEST
2026-08-27 22:42:54,854 | EPOCH 4 train_loss=0.307659
2026-08-27 22:42:55,581 | EPOCH 4 VAL loss=0.314896 acc=0.8882 pre=0.8893 rec=0.8885 f1=0.8874 BEST
2026-08-27 22:43:04,870 | EPOCH 5 train_loss=0.283800
2026-08-27 22:43:06,002 | EPOCH 5 VAL loss=0.294803 acc=0.8958 pre=0.8962 rec=0.8969 f1=0.8948 BEST
2026-08-27 22:43:16,227 | EPOCH 6 train_loss=0.266116
2026-08-27 22:43:16,975 | EPOCH 6 VAL loss=0.272510 acc=0.9038 pre=0.9043 rec=0.9045 f1=0.9041 BEST
2026-08-27 22:43:26,439 | EPOCH 7 train_loss=0.249350
2026-08-27 22:43:27,152 | EPOCH 7 VAL loss=0.276418 acc=0.8962 pre=0.9028 rec=0.8980 f1=0.8985
2026-08-27 22:43:36,196 | EPOCH 8 train_loss=0.236388
2026-08-27 22:43:36,922 | EPOCH 8 VAL loss=0.256812 acc=0.9093 pre=0.9116 rec=0.9108 f1=0.9107 BEST
2026-08-27 22:43:46,228 | EPOCH 9 train_loss=0.223228
2026-08-27 22:43:46,929 | EPOCH 9 VAL loss=0.250612 acc=0.9098 pre=0.9107 rec=0.9106 f1=0.9103
2026-08-27 22:43:56,077 | EPOCH 10 train_loss=0.211982
2026-08-27 22:43:56,808 | EPOCH 10 VAL loss=0.257765 acc=0.9030 pre=0.9066 rec=0.9036 f1=0.9019
2026-08-27 22:44:05,769 | EPOCH 11 train_loss=0.201070
2026-08-27 22:44:06,469 | EPOCH 11 VAL loss=0.234629 acc=0.9147 pre=0.9164 rec=0.9158 f1=0.9157 BEST
2026-08-27 22:44:16,753 | EPOCH 12 train_loss=0.192971
2026-08-27 22:44:18,156 | EPOCH 12 VAL loss=0.241027 acc=0.9123 pre=0.9142 rec=0.9128 f1=0.9126
2026-08-27 22:44:27,247 | EPOCH 13 train_loss=0.182379
2026-08-27 22:44:27,966 | EPOCH 13 VAL loss=0.234062 acc=0.9177 pre=0.9184 rec=0.9184 f1=0.9182 BEST
2026-08-27 22:44:37,360 | EPOCH 14 train_loss=0.175005
2026-08-27 22:44:38,121 | EPOCH 14 VAL loss=0.234024 acc=0.9163 pre=0.9179 rec=0.9164 f1=0.9165
2026-08-27 22:44:48,253 | EPOCH 15 train_loss=0.166495
2026-08-27 22:44:48,996 | EPOCH 15 VAL loss=0.236284 acc=0.9143 pre=0.9218 rec=0.9161 f1=0.9169
2026-08-27 22:44:57,958 | EPOCH 16 train_loss=0.158843
2026-08-27 22:44:58,707 | EPOCH 16 VAL loss=0.242451 acc=0.9168 pre=0.9193 rec=0.9176 f1=0.9164
2026-08-27 22:45:08,155 | EPOCH 17 train_loss=0.152055
2026-08-27 22:45:08,867 | EPOCH 17 VAL loss=0.250615 acc=0.9135 pre=0.9193 rec=0.9137 f1=0.9119
2026-08-27 22:45:17,603 | EPOCH 18 train_loss=0.144741
2026-08-27 22:45:18,313 | EPOCH 18 VAL loss=0.231017 acc=0.9187 pre=0.9210 rec=0.9192 f1=0.9197 BEST
2026-08-27 22:45:28,272 | EPOCH 19 train_loss=0.137463
2026-08-27 22:45:29,017 | EPOCH 19 VAL loss=0.233100 acc=0.9222 pre=0.9226 rec=0.9229 f1=0.9227 BEST
2026-08-27 22:45:38,119 | EPOCH 20 train_loss=0.131836
2026-08-27 22:45:38,833 | EPOCH 20 VAL loss=0.235380 acc=0.9180 pre=0.9193 rec=0.9184 f1=0.9175
2026-08-27 22:45:48,479 | EPOCH 21 train_loss=0.124851
2026-08-27 22:45:49,222 | EPOCH 21 VAL loss=0.237893 acc=0.9127 pre=0.9145 rec=0.9133 f1=0.9132
2026-08-27 22:45:58,389 | EPOCH 22 train_loss=0.119346
2026-08-27 22:45:59,114 | EPOCH 22 VAL loss=0.240474 acc=0.9145 pre=0.9173 rec=0.9150 f1=0.9158
2026-08-27 22:46:08,056 | EPOCH 23 train_loss=0.113477
2026-08-27 22:46:08,796 | EPOCH 23 VAL loss=0.275911 acc=0.9102 pre=0.9123 rec=0.9113 f1=0.9101
2026-08-27 22:46:18,185 | EPOCH 24 train_loss=0.107834
2026-08-27 22:46:18,870 | EPOCH 24 VAL loss=0.231295 acc=0.9220 pre=0.9229 rec=0.9225 f1=0.9223
2026-08-27 22:46:27,752 | EPOCH 25 train_loss=0.101048
2026-08-27 22:46:28,434 | EPOCH 25 VAL loss=0.278777 acc=0.9135 pre=0.9179 rec=0.9138 f1=0.9131
2026-08-27 22:46:38,169 | EPOCH 26 train_loss=0.097790
2026-08-27 22:46:38,902 | EPOCH 26 VAL loss=0.249903 acc=0.9218 pre=0.9228 rec=0.9222 f1=0.9216
2026-08-27 22:46:47,944 | EPOCH 27 train_loss=0.091947
2026-08-27 22:46:48,648 | EPOCH 27 VAL loss=0.248520 acc=0.9257 pre=0.9262 rec=0.9260 f1=0.9258 BEST
2026-08-27 22:46:58,015 | EPOCH 28 train_loss=0.087444
2026-08-27 22:46:58,695 | EPOCH 28 VAL loss=0.258614 acc=0.9205 pre=0.9218 rec=0.9212 f1=0.9215
2026-08-27 22:47:07,551 | EPOCH 29 train_loss=0.081951
2026-08-27 22:47:08,255 | EPOCH 29 VAL loss=0.268123 acc=0.9215 pre=0.9223 rec=0.9219 f1=0.9218
2026-08-27 22:47:17,660 | EPOCH 30 train_loss=0.076860
2026-08-27 22:47:18,390 | EPOCH 30 VAL loss=0.274213 acc=0.9183 pre=0.9199 rec=0.9186 f1=0.9180
2026-08-27 22:47:27,388 | EPOCH 31 train_loss=0.073722
2026-08-27 22:47:28,129 | EPOCH 31 VAL loss=0.272381 acc=0.9185 pre=0.9193 rec=0.9191 f1=0.9192
2026-08-27 22:47:36,945 | EPOCH 32 train_loss=0.069032
2026-08-27 22:47:37,640 | EPOCH 32 VAL loss=0.272162 acc=0.9212 pre=0.9218 rec=0.9223 f1=0.9219
2026-08-27 22:47:47,029 | EPOCH 33 train_loss=0.065430
2026-08-27 22:47:47,743 | EPOCH 33 VAL loss=0.298748 acc=0.9170 pre=0.9182 rec=0.9176 f1=0.9176
2026-08-27 22:47:56,570 | EPOCH 34 train_loss=0.060813
2026-08-27 22:47:57,273 | EPOCH 34 VAL loss=0.290219 acc=0.9225 pre=0.9236 rec=0.9232 f1=0.9233
2026-08-27 22:48:06,282 | EPOCH 35 train_loss=0.056002
2026-08-27 22:48:06,981 | EPOCH 35 VAL loss=0.305026 acc=0.9203 pre=0.9215 rec=0.9207 f1=0.9210
2026-08-27 22:48:15,882 | EPOCH 36 train_loss=0.055214
2026-08-27 22:48:16,590 | EPOCH 36 VAL loss=0.318876 acc=0.9122 pre=0.9173 rec=0.9129 f1=0.9141
2026-08-27 22:48:26,028 | EPOCH 37 train_loss=0.050784
2026-08-27 22:48:27,192 | EPOCH 37 VAL loss=0.330142 acc=0.9143 pre=0.9151 rec=0.9150 f1=0.9149
2026-08-27 22:48:27,202 | DONE best_epoch=27 best_val_loss=0.24852 early_stop=True time=371.94s
