2026-08-27 09:20:57,704 | START mlp_adagrad_lr0.001_s42 opt=adagrad lr=0.001 seed=42 device=cuda epochs=150 best_by=f1 stop_by=f1
2026-08-27 09:21:04,110 | EPOCH 1 train_loss=0.788784
2026-08-27 09:21:04,659 | EPOCH 1 VAL loss=0.637634 acc=0.7828 pre=0.7831 rec=0.7849 f1=0.7801 BEST
2026-08-27 09:21:11,314 | EPOCH 2 train_loss=0.584645
2026-08-27 09:21:11,873 | EPOCH 2 VAL loss=0.570771 acc=0.8045 pre=0.8032 rec=0.8055 f1=0.8021 BEST
2026-08-27 09:21:18,618 | EPOCH 3 train_loss=0.538849
2026-08-27 09:21:19,173 | EPOCH 3 VAL loss=0.544085 acc=0.8150 pre=0.8153 rec=0.8163 f1=0.8139 BEST
2026-08-27 09:21:25,913 | EPOCH 4 train_loss=0.514289
2026-08-27 09:21:26,456 | EPOCH 4 VAL loss=0.519682 acc=0.8232 pre=0.8210 rec=0.8241 f1=0.8207 BEST
2026-08-27 09:21:33,150 | EPOCH 5 train_loss=0.497290
2026-08-27 09:21:33,742 | EPOCH 5 VAL loss=0.507028 acc=0.8253 pre=0.8247 rec=0.8259 f1=0.8226 BEST
2026-08-27 09:21:40,332 | EPOCH 6 train_loss=0.485266
2026-08-27 09:21:40,887 | EPOCH 6 VAL loss=0.498344 acc=0.8298 pre=0.8282 rec=0.8306 f1=0.8271 BEST
2026-08-27 09:21:47,575 | EPOCH 7 train_loss=0.475628
2026-08-27 09:21:48,111 | EPOCH 7 VAL loss=0.489632 acc=0.8303 pre=0.8291 rec=0.8312 f1=0.8280 BEST
2026-08-27 09:21:54,706 | EPOCH 8 train_loss=0.467772
2026-08-27 09:21:55,625 | EPOCH 8 VAL loss=0.481860 acc=0.8333 pre=0.8318 rec=0.8340 f1=0.8319 BEST
2026-08-27 09:22:02,320 | EPOCH 9 train_loss=0.460936
2026-08-27 09:22:02,869 | EPOCH 9 VAL loss=0.478788 acc=0.8363 pre=0.8343 rec=0.8370 f1=0.8336 BEST
2026-08-27 09:22:09,610 | EPOCH 10 train_loss=0.455526
2026-08-27 09:22:10,148 | EPOCH 10 VAL loss=0.471709 acc=0.8365 pre=0.8352 rec=0.8372 f1=0.8352 BEST
2026-08-27 09:22:16,746 | EPOCH 11 train_loss=0.450414
2026-08-27 09:22:17,283 | EPOCH 11 VAL loss=0.468723 acc=0.8385 pre=0.8372 rec=0.8392 f1=0.8364 BEST
2026-08-27 09:22:23,847 | EPOCH 12 train_loss=0.446173
2026-08-27 09:22:24,382 | EPOCH 12 VAL loss=0.464229 acc=0.8410 pre=0.8397 rec=0.8419 f1=0.8392 BEST
2026-08-27 09:22:31,261 | EPOCH 13 train_loss=0.442092
2026-08-27 09:22:31,806 | EPOCH 13 VAL loss=0.460282 acc=0.8420 pre=0.8409 rec=0.8427 f1=0.8404 BEST
2026-08-27 09:22:38,401 | EPOCH 14 train_loss=0.438711
2026-08-27 09:22:38,957 | EPOCH 14 VAL loss=0.457270 acc=0.8432 pre=0.8423 rec=0.8439 f1=0.8422 BEST
2026-08-27 09:22:45,506 | EPOCH 15 train_loss=0.435334
2026-08-27 09:22:46,039 | EPOCH 15 VAL loss=0.454653 acc=0.8437 pre=0.8427 rec=0.8443 f1=0.8416
2026-08-27 09:22:52,352 | EPOCH 16 train_loss=0.432294
2026-08-27 09:22:52,891 | EPOCH 16 VAL loss=0.451347 acc=0.8453 pre=0.8438 rec=0.8462 f1=0.8441 BEST
2026-08-27 09:22:59,594 | EPOCH 17 train_loss=0.429671
2026-08-27 09:23:00,134 | EPOCH 17 VAL loss=0.450062 acc=0.8455 pre=0.8449 rec=0.8465 f1=0.8445 BEST
2026-08-27 09:23:06,902 | EPOCH 18 train_loss=0.426997
2026-08-27 09:23:07,442 | EPOCH 18 VAL loss=0.447755 acc=0.8453 pre=0.8449 rec=0.8462 f1=0.8443
2026-08-27 09:23:13,871 | EPOCH 19 train_loss=0.424699
2026-08-27 09:23:14,409 | EPOCH 19 VAL loss=0.443762 acc=0.8475 pre=0.8467 rec=0.8483 f1=0.8467 BEST
2026-08-27 09:23:20,914 | EPOCH 20 train_loss=0.422264
2026-08-27 09:23:21,452 | EPOCH 20 VAL loss=0.442581 acc=0.8473 pre=0.8466 rec=0.8483 f1=0.8467 BEST
2026-08-27 09:23:28,016 | EPOCH 21 train_loss=0.420096
2026-08-27 09:23:28,566 | EPOCH 21 VAL loss=0.440490 acc=0.8468 pre=0.8465 rec=0.8477 f1=0.8465
2026-08-27 09:23:35,012 | EPOCH 22 train_loss=0.418082
2026-08-27 09:23:35,544 | EPOCH 22 VAL loss=0.438228 acc=0.8482 pre=0.8478 rec=0.8491 f1=0.8478 BEST
2026-08-27 09:23:42,249 | EPOCH 23 train_loss=0.416104
2026-08-27 09:23:42,784 | EPOCH 23 VAL loss=0.437667 acc=0.8495 pre=0.8482 rec=0.8504 f1=0.8480 BEST
2026-08-27 09:23:49,395 | EPOCH 24 train_loss=0.414330
2026-08-27 09:23:49,938 | EPOCH 24 VAL loss=0.435213 acc=0.8485 pre=0.8479 rec=0.8493 f1=0.8480
2026-08-27 09:23:56,262 | EPOCH 25 train_loss=0.412661
2026-08-27 09:23:56,823 | EPOCH 25 VAL loss=0.433114 acc=0.8490 pre=0.8480 rec=0.8497 f1=0.8479
2026-08-27 09:24:03,088 | EPOCH 26 train_loss=0.410988
2026-08-27 09:24:03,670 | EPOCH 26 VAL loss=0.432124 acc=0.8495 pre=0.8487 rec=0.8503 f1=0.8487 BEST
2026-08-27 09:24:10,217 | EPOCH 27 train_loss=0.409555
2026-08-27 09:24:11,155 | EPOCH 27 VAL loss=0.431988 acc=0.8515 pre=0.8503 rec=0.8526 f1=0.8507 BEST
2026-08-27 09:24:18,002 | EPOCH 28 train_loss=0.407805
2026-08-27 09:24:18,569 | EPOCH 28 VAL loss=0.429760 acc=0.8508 pre=0.8495 rec=0.8518 f1=0.8496
2026-08-27 09:24:24,888 | EPOCH 29 train_loss=0.406401
2026-08-27 09:24:25,427 | EPOCH 29 VAL loss=0.430218 acc=0.8490 pre=0.8499 rec=0.8500 f1=0.8491
2026-08-27 09:24:31,799 | EPOCH 30 train_loss=0.405089
2026-08-27 09:24:32,338 | EPOCH 30 VAL loss=0.426948 acc=0.8505 pre=0.8499 rec=0.8514 f1=0.8500
2026-08-27 09:24:38,641 | EPOCH 31 train_loss=0.403555
2026-08-27 09:24:39,191 | EPOCH 31 VAL loss=0.426642 acc=0.8510 pre=0.8499 rec=0.8519 f1=0.8493
2026-08-27 09:24:45,423 | EPOCH 32 train_loss=0.402375
2026-08-27 09:24:45,964 | EPOCH 32 VAL loss=0.424510 acc=0.8532 pre=0.8520 rec=0.8542 f1=0.8523 BEST
2026-08-27 09:24:52,476 | EPOCH 33 train_loss=0.401009
2026-08-27 09:24:53,014 | EPOCH 33 VAL loss=0.424737 acc=0.8520 pre=0.8519 rec=0.8531 f1=0.8518
2026-08-27 09:24:59,322 | EPOCH 34 train_loss=0.399802
2026-08-27 09:24:59,881 | EPOCH 34 VAL loss=0.421719 acc=0.8527 pre=0.8516 rec=0.8535 f1=0.8516
2026-08-27 09:25:06,111 | EPOCH 35 train_loss=0.398635
2026-08-27 09:25:06,656 | EPOCH 35 VAL loss=0.421440 acc=0.8530 pre=0.8529 rec=0.8540 f1=0.8531 BEST
2026-08-27 09:25:13,172 | EPOCH 36 train_loss=0.397460
2026-08-27 09:25:13,751 | EPOCH 36 VAL loss=0.420532 acc=0.8523 pre=0.8516 rec=0.8533 f1=0.8521
2026-08-27 09:25:20,081 | EPOCH 37 train_loss=0.396335
2026-08-27 09:25:20,618 | EPOCH 37 VAL loss=0.419370 acc=0.8532 pre=0.8520 rec=0.8541 f1=0.8522
2026-08-27 09:25:26,830 | EPOCH 38 train_loss=0.395341
2026-08-27 09:25:27,362 | EPOCH 38 VAL loss=0.418565 acc=0.8552 pre=0.8542 rec=0.8560 f1=0.8540 BEST
2026-08-27 09:25:33,938 | EPOCH 39 train_loss=0.394191
2026-08-27 09:25:34,476 | EPOCH 39 VAL loss=0.417893 acc=0.8550 pre=0.8541 rec=0.8561 f1=0.8547 BEST
2026-08-27 09:25:41,080 | EPOCH 40 train_loss=0.393089
2026-08-27 09:25:41,615 | EPOCH 40 VAL loss=0.417008 acc=0.8537 pre=0.8523 rec=0.8546 f1=0.8525
2026-08-27 09:25:47,848 | EPOCH 41 train_loss=0.392167
2026-08-27 09:25:48,380 | EPOCH 41 VAL loss=0.415350 acc=0.8552 pre=0.8549 rec=0.8562 f1=0.8551 BEST
2026-08-27 09:25:54,917 | EPOCH 42 train_loss=0.391192
2026-08-27 09:25:55,452 | EPOCH 42 VAL loss=0.414718 acc=0.8555 pre=0.8545 rec=0.8565 f1=0.8550
2026-08-27 09:26:01,716 | EPOCH 43 train_loss=0.390080
2026-08-27 09:26:02,247 | EPOCH 43 VAL loss=0.413825 acc=0.8550 pre=0.8541 rec=0.8560 f1=0.8544
2026-08-27 09:26:08,497 | EPOCH 44 train_loss=0.389301
2026-08-27 09:26:09,033 | EPOCH 44 VAL loss=0.412480 acc=0.8552 pre=0.8541 rec=0.8561 f1=0.8545
2026-08-27 09:26:15,278 | EPOCH 45 train_loss=0.388235
2026-08-27 09:26:15,831 | EPOCH 45 VAL loss=0.412862 acc=0.8538 pre=0.8536 rec=0.8549 f1=0.8541
2026-08-27 09:26:22,021 | EPOCH 46 train_loss=0.387333
2026-08-27 09:26:22,577 | EPOCH 46 VAL loss=0.411316 acc=0.8552 pre=0.8542 rec=0.8561 f1=0.8546
2026-08-27 09:26:28,986 | EPOCH 47 train_loss=0.386481
2026-08-27 09:26:29,522 | EPOCH 47 VAL loss=0.411416 acc=0.8557 pre=0.8557 rec=0.8567 f1=0.8555 BEST
2026-08-27 09:26:36,088 | EPOCH 48 train_loss=0.385618
2026-08-27 09:26:36,634 | EPOCH 48 VAL loss=0.410523 acc=0.8548 pre=0.8535 rec=0.8558 f1=0.8538
2026-08-27 09:26:42,814 | EPOCH 49 train_loss=0.384799
2026-08-27 09:26:43,384 | EPOCH 49 VAL loss=0.408978 acc=0.8550 pre=0.8539 rec=0.8559 f1=0.8541
2026-08-27 09:26:49,733 | EPOCH 50 train_loss=0.383934
2026-08-27 09:26:50,274 | EPOCH 50 VAL loss=0.408694 acc=0.8548 pre=0.8542 rec=0.8559 f1=0.8547
2026-08-27 09:26:56,480 | EPOCH 51 train_loss=0.383232
2026-08-27 09:26:57,011 | EPOCH 51 VAL loss=0.408063 acc=0.8555 pre=0.8549 rec=0.8565 f1=0.8549
2026-08-27 09:27:03,195 | EPOCH 52 train_loss=0.382419
2026-08-27 09:27:03,762 | EPOCH 52 VAL loss=0.406933 acc=0.8558 pre=0.8553 rec=0.8569 f1=0.8558 BEST
2026-08-27 09:27:10,566 | EPOCH 53 train_loss=0.381664
2026-08-27 09:27:11,110 | EPOCH 53 VAL loss=0.406928 acc=0.8562 pre=0.8552 rec=0.8572 f1=0.8556
2026-08-27 09:27:17,399 | EPOCH 54 train_loss=0.380744
2026-08-27 09:27:17,935 | EPOCH 54 VAL loss=0.405430 acc=0.8565 pre=0.8556 rec=0.8573 f1=0.8558 BEST
2026-08-27 09:27:24,915 | EPOCH 55 train_loss=0.380137
2026-08-27 09:27:25,488 | EPOCH 55 VAL loss=0.404914 acc=0.8562 pre=0.8551 rec=0.8571 f1=0.8555
2026-08-27 09:27:31,929 | EPOCH 56 train_loss=0.379336
2026-08-27 09:27:32,490 | EPOCH 56 VAL loss=0.405112 acc=0.8570 pre=0.8559 rec=0.8578 f1=0.8557
2026-08-27 09:27:38,738 | EPOCH 57 train_loss=0.378640
2026-08-27 09:27:39,268 | EPOCH 57 VAL loss=0.403812 acc=0.8553 pre=0.8543 rec=0.8562 f1=0.8547
2026-08-27 09:27:45,491 | EPOCH 58 train_loss=0.377970
2026-08-27 09:27:46,037 | EPOCH 58 VAL loss=0.403735 acc=0.8572 pre=0.8561 rec=0.8581 f1=0.8563 BEST
2026-08-27 09:27:52,639 | EPOCH 59 train_loss=0.377303
2026-08-27 09:27:53,175 | EPOCH 59 VAL loss=0.402772 acc=0.8573 pre=0.8565 rec=0.8584 f1=0.8570 BEST
2026-08-27 09:28:00,170 | EPOCH 60 train_loss=0.376557
2026-08-27 09:28:00,734 | EPOCH 60 VAL loss=0.401883 acc=0.8565 pre=0.8559 rec=0.8576 f1=0.8564
2026-08-27 09:28:07,142 | EPOCH 61 train_loss=0.375818
2026-08-27 09:28:07,675 | EPOCH 61 VAL loss=0.401433 acc=0.8572 pre=0.8559 rec=0.8581 f1=0.8564
2026-08-27 09:28:14,061 | EPOCH 62 train_loss=0.375193
2026-08-27 09:28:14,599 | EPOCH 62 VAL loss=0.401062 acc=0.8585 pre=0.8576 rec=0.8596 f1=0.8579 BEST
2026-08-27 09:28:21,620 | EPOCH 63 train_loss=0.374670
2026-08-27 09:28:22,186 | EPOCH 63 VAL loss=0.399808 acc=0.8570 pre=0.8560 rec=0.8578 f1=0.8564
2026-08-27 09:28:28,539 | EPOCH 64 train_loss=0.373977
2026-08-27 09:28:29,079 | EPOCH 64 VAL loss=0.400824 acc=0.8590 pre=0.8578 rec=0.8601 f1=0.8581 BEST
2026-08-27 09:28:35,889 | EPOCH 65 train_loss=0.373329
2026-08-27 09:28:36,442 | EPOCH 65 VAL loss=0.399682 acc=0.8595 pre=0.8586 rec=0.8607 f1=0.8591 BEST
2026-08-27 09:28:43,102 | EPOCH 66 train_loss=0.372631
2026-08-27 09:28:43,695 | EPOCH 66 VAL loss=0.398934 acc=0.8585 pre=0.8572 rec=0.8593 f1=0.8576
2026-08-27 09:28:49,902 | EPOCH 67 train_loss=0.372095
2026-08-27 09:28:50,439 | EPOCH 67 VAL loss=0.398888 acc=0.8580 pre=0.8566 rec=0.8591 f1=0.8571
2026-08-27 09:28:56,790 | EPOCH 68 train_loss=0.371558
2026-08-27 09:28:57,325 | EPOCH 68 VAL loss=0.397956 acc=0.8593 pre=0.8589 rec=0.8604 f1=0.8593 BEST
2026-08-27 09:29:04,099 | EPOCH 69 train_loss=0.370922
2026-08-27 09:29:04,647 | EPOCH 69 VAL loss=0.397740 acc=0.8592 pre=0.8579 rec=0.8601 f1=0.8581
2026-08-27 09:29:10,929 | EPOCH 70 train_loss=0.370371
2026-08-27 09:29:11,470 | EPOCH 70 VAL loss=0.397077 acc=0.8593 pre=0.8584 rec=0.8605 f1=0.8590
2026-08-27 09:29:17,963 | EPOCH 71 train_loss=0.369799
2026-08-27 09:29:18,510 | EPOCH 71 VAL loss=0.396460 acc=0.8590 pre=0.8581 rec=0.8600 f1=0.8585
2026-08-27 09:29:24,926 | EPOCH 72 train_loss=0.369205
2026-08-27 09:29:25,474 | EPOCH 72 VAL loss=0.395048 acc=0.8590 pre=0.8583 rec=0.8598 f1=0.8586
2026-08-27 09:29:31,820 | EPOCH 73 train_loss=0.368447
2026-08-27 09:29:32,362 | EPOCH 73 VAL loss=0.395895 acc=0.8587 pre=0.8576 rec=0.8598 f1=0.8582
2026-08-27 09:29:38,680 | EPOCH 74 train_loss=0.368074
2026-08-27 09:29:39,237 | EPOCH 74 VAL loss=0.394372 acc=0.8592 pre=0.8583 rec=0.8600 f1=0.8585
2026-08-27 09:29:45,512 | EPOCH 75 train_loss=0.367602
2026-08-27 09:29:46,053 | EPOCH 75 VAL loss=0.394644 acc=0.8598 pre=0.8589 rec=0.8607 f1=0.8590
2026-08-27 09:29:52,303 | EPOCH 76 train_loss=0.367027
2026-08-27 09:29:52,843 | EPOCH 76 VAL loss=0.394324 acc=0.8597 pre=0.8585 rec=0.8608 f1=0.8591
2026-08-27 09:29:59,142 | EPOCH 77 train_loss=0.366518
2026-08-27 09:29:59,685 | EPOCH 77 VAL loss=0.393948 acc=0.8585 pre=0.8577 rec=0.8596 f1=0.8583
2026-08-27 09:30:06,051 | EPOCH 78 train_loss=0.365901
2026-08-27 09:30:06,583 | EPOCH 78 VAL loss=0.392772 acc=0.8610 pre=0.8602 rec=0.8620 f1=0.8607 BEST
2026-08-27 09:30:13,170 | EPOCH 79 train_loss=0.365407
2026-08-27 09:30:13,747 | EPOCH 79 VAL loss=0.393225 acc=0.8603 pre=0.8592 rec=0.8613 f1=0.8596
2026-08-27 09:30:19,876 | EPOCH 80 train_loss=0.365026
2026-08-27 09:30:20,399 | EPOCH 80 VAL loss=0.392495 acc=0.8610 pre=0.8606 rec=0.8621 f1=0.8609 BEST
2026-08-27 09:30:26,996 | EPOCH 81 train_loss=0.364443
2026-08-27 09:30:27,536 | EPOCH 81 VAL loss=0.391657 acc=0.8592 pre=0.8581 rec=0.8600 f1=0.8586
2026-08-27 09:30:33,826 | EPOCH 82 train_loss=0.364031
2026-08-27 09:30:34,437 | EPOCH 82 VAL loss=0.391611 acc=0.8595 pre=0.8586 rec=0.8606 f1=0.8593
2026-08-27 09:30:40,629 | EPOCH 83 train_loss=0.363561
2026-08-27 09:30:41,158 | EPOCH 83 VAL loss=0.391326 acc=0.8612 pre=0.8605 rec=0.8622 f1=0.8608
2026-08-27 09:30:47,464 | EPOCH 84 train_loss=0.363059
2026-08-27 09:30:48,007 | EPOCH 84 VAL loss=0.391140 acc=0.8600 pre=0.8593 rec=0.8611 f1=0.8599
2026-08-27 09:30:54,204 | EPOCH 85 train_loss=0.362616
2026-08-27 09:30:54,752 | EPOCH 85 VAL loss=0.390417 acc=0.8600 pre=0.8591 rec=0.8611 f1=0.8597
2026-08-27 09:31:00,964 | EPOCH 86 train_loss=0.362082
2026-08-27 09:31:01,503 | EPOCH 86 VAL loss=0.390313 acc=0.8610 pre=0.8601 rec=0.8620 f1=0.8604
2026-08-27 09:31:07,826 | EPOCH 87 train_loss=0.361527
2026-08-27 09:31:08,362 | EPOCH 87 VAL loss=0.389932 acc=0.8612 pre=0.8603 rec=0.8621 f1=0.8603
2026-08-27 09:31:14,581 | EPOCH 88 train_loss=0.361168
2026-08-27 09:31:15,109 | EPOCH 88 VAL loss=0.389619 acc=0.8615 pre=0.8605 rec=0.8623 f1=0.8605
2026-08-27 09:31:21,288 | EPOCH 89 train_loss=0.360780
2026-08-27 09:31:21,829 | EPOCH 89 VAL loss=0.388922 acc=0.8620 pre=0.8615 rec=0.8629 f1=0.8613 BEST
2026-08-27 09:31:28,491 | EPOCH 90 train_loss=0.360291
2026-08-27 09:31:29,032 | EPOCH 90 VAL loss=0.388282 acc=0.8618 pre=0.8610 rec=0.8626 f1=0.8612
2026-08-27 09:31:35,279 | EPOCH 91 train_loss=0.359815
2026-08-27 09:31:35,811 | EPOCH 91 VAL loss=0.388356 acc=0.8612 pre=0.8603 rec=0.8622 f1=0.8607
2026-08-27 09:31:42,016 | EPOCH 92 train_loss=0.359366
2026-08-27 09:31:42,555 | EPOCH 92 VAL loss=0.386926 acc=0.8627 pre=0.8620 rec=0.8636 f1=0.8625 BEST
2026-08-27 09:31:49,298 | EPOCH 93 train_loss=0.358858
2026-08-27 09:31:49,834 | EPOCH 93 VAL loss=0.386761 acc=0.8632 pre=0.8628 rec=0.8641 f1=0.8631 BEST
2026-08-27 09:31:56,737 | EPOCH 94 train_loss=0.358542
2026-08-27 09:31:57,289 | EPOCH 94 VAL loss=0.386282 acc=0.8632 pre=0.8624 rec=0.8641 f1=0.8627
2026-08-27 09:32:03,600 | EPOCH 95 train_loss=0.358073
2026-08-27 09:32:04,150 | EPOCH 95 VAL loss=0.386357 acc=0.8620 pre=0.8616 rec=0.8630 f1=0.8620
2026-08-27 09:32:10,455 | EPOCH 96 train_loss=0.357697
2026-08-27 09:32:11,013 | EPOCH 96 VAL loss=0.387480 acc=0.8622 pre=0.8608 rec=0.8633 f1=0.8611
2026-08-27 09:32:17,306 | EPOCH 97 train_loss=0.357127
2026-08-27 09:32:17,844 | EPOCH 97 VAL loss=0.386015 acc=0.8630 pre=0.8621 rec=0.8639 f1=0.8622
2026-08-27 09:32:24,094 | EPOCH 98 train_loss=0.356876
2026-08-27 09:32:24,625 | EPOCH 98 VAL loss=0.385725 acc=0.8625 pre=0.8615 rec=0.8635 f1=0.8618
2026-08-27 09:32:30,935 | EPOCH 99 train_loss=0.356397
2026-08-27 09:32:31,499 | EPOCH 99 VAL loss=0.385537 acc=0.8625 pre=0.8616 rec=0.8635 f1=0.8622
2026-08-27 09:32:37,831 | EPOCH 100 train_loss=0.356032
2026-08-27 09:32:38,365 | EPOCH 100 VAL loss=0.385346 acc=0.8632 pre=0.8621 rec=0.8641 f1=0.8624
2026-08-27 09:32:44,664 | EPOCH 101 train_loss=0.355626
2026-08-27 09:32:45,204 | EPOCH 101 VAL loss=0.384789 acc=0.8630 pre=0.8620 rec=0.8640 f1=0.8623
2026-08-27 09:32:51,549 | EPOCH 102 train_loss=0.355229
2026-08-27 09:32:52,092 | EPOCH 102 VAL loss=0.384710 acc=0.8618 pre=0.8614 rec=0.8628 f1=0.8619
2026-08-27 09:32:58,460 | EPOCH 103 train_loss=0.354914
2026-08-27 09:32:58,992 | EPOCH 103 VAL loss=0.383412 acc=0.8637 pre=0.8630 rec=0.8646 f1=0.8634 BEST
2026-08-27 09:33:05,734 | EPOCH 104 train_loss=0.354375
2026-08-27 09:33:06,278 | EPOCH 104 VAL loss=0.383888 acc=0.8630 pre=0.8622 rec=0.8637 f1=0.8623
2026-08-27 09:33:12,524 | EPOCH 105 train_loss=0.354067
2026-08-27 09:33:13,053 | EPOCH 105 VAL loss=0.384427 acc=0.8635 pre=0.8623 rec=0.8646 f1=0.8627
2026-08-27 09:33:19,397 | EPOCH 106 train_loss=0.353687
2026-08-27 09:33:19,930 | EPOCH 106 VAL loss=0.383083 acc=0.8643 pre=0.8637 rec=0.8654 f1=0.8638 BEST
2026-08-27 09:33:26,489 | EPOCH 107 train_loss=0.353318
2026-08-27 09:33:27,029 | EPOCH 107 VAL loss=0.382903 acc=0.8633 pre=0.8625 rec=0.8643 f1=0.8628
2026-08-27 09:33:33,250 | EPOCH 108 train_loss=0.352999
2026-08-27 09:33:34,212 | EPOCH 108 VAL loss=0.382222 acc=0.8642 pre=0.8636 rec=0.8652 f1=0.8640 BEST
2026-08-27 09:33:41,013 | EPOCH 109 train_loss=0.352555
2026-08-27 09:33:41,564 | EPOCH 109 VAL loss=0.381714 acc=0.8653 pre=0.8648 rec=0.8662 f1=0.8649 BEST
2026-08-27 09:33:48,163 | EPOCH 110 train_loss=0.352096
2026-08-27 09:33:48,706 | EPOCH 110 VAL loss=0.382422 acc=0.8640 pre=0.8633 rec=0.8649 f1=0.8631
2026-08-27 09:33:54,983 | EPOCH 111 train_loss=0.351850
2026-08-27 09:33:55,523 | EPOCH 111 VAL loss=0.381888 acc=0.8643 pre=0.8639 rec=0.8655 f1=0.8643
2026-08-27 09:34:01,844 | EPOCH 112 train_loss=0.351505
2026-08-27 09:34:02,389 | EPOCH 112 VAL loss=0.381096 acc=0.8643 pre=0.8636 rec=0.8651 f1=0.8634
2026-08-27 09:34:08,656 | EPOCH 113 train_loss=0.351066
2026-08-27 09:34:09,189 | EPOCH 113 VAL loss=0.380575 acc=0.8657 pre=0.8649 rec=0.8665 f1=0.8651 BEST
2026-08-27 09:34:15,741 | EPOCH 114 train_loss=0.350754
2026-08-27 09:34:16,280 | EPOCH 114 VAL loss=0.380999 acc=0.8642 pre=0.8632 rec=0.8651 f1=0.8636
2026-08-27 09:34:22,566 | EPOCH 115 train_loss=0.350379
2026-08-27 09:34:23,102 | EPOCH 115 VAL loss=0.379949 acc=0.8648 pre=0.8644 rec=0.8658 f1=0.8647
2026-08-27 09:34:29,409 | EPOCH 116 train_loss=0.349926
2026-08-27 09:34:29,959 | EPOCH 116 VAL loss=0.381113 acc=0.8647 pre=0.8639 rec=0.8657 f1=0.8638
2026-08-27 09:34:36,262 | EPOCH 117 train_loss=0.349764
2026-08-27 09:34:36,809 | EPOCH 117 VAL loss=0.380031 acc=0.8638 pre=0.8635 rec=0.8650 f1=0.8639
2026-08-27 09:34:43,155 | EPOCH 118 train_loss=0.349324
2026-08-27 09:34:43,746 | EPOCH 118 VAL loss=0.379659 acc=0.8645 pre=0.8643 rec=0.8656 f1=0.8647
2026-08-27 09:34:49,983 | EPOCH 119 train_loss=0.349021
2026-08-27 09:34:50,518 | EPOCH 119 VAL loss=0.378959 acc=0.8650 pre=0.8643 rec=0.8661 f1=0.8649
2026-08-27 09:34:56,824 | EPOCH 120 train_loss=0.348621
2026-08-27 09:34:57,352 | EPOCH 120 VAL loss=0.378647 acc=0.8650 pre=0.8643 rec=0.8658 f1=0.8646
2026-08-27 09:35:03,641 | EPOCH 121 train_loss=0.348318
2026-08-27 09:35:04,187 | EPOCH 121 VAL loss=0.378925 acc=0.8650 pre=0.8644 rec=0.8662 f1=0.8649
2026-08-27 09:35:10,454 | EPOCH 122 train_loss=0.347919
2026-08-27 09:35:10,989 | EPOCH 122 VAL loss=0.379059 acc=0.8637 pre=0.8633 rec=0.8648 f1=0.8637
2026-08-27 09:35:17,263 | EPOCH 123 train_loss=0.347615
2026-08-27 09:35:17,807 | EPOCH 123 VAL loss=0.378350 acc=0.8658 pre=0.8653 rec=0.8667 f1=0.8651 BEST
2026-08-27 09:35:24,400 | EPOCH 124 train_loss=0.347372
2026-08-27 09:35:24,971 | EPOCH 124 VAL loss=0.377744 acc=0.8657 pre=0.8652 rec=0.8666 f1=0.8655 BEST
2026-08-27 09:35:31,581 | EPOCH 125 train_loss=0.346964
2026-08-27 09:35:32,127 | EPOCH 125 VAL loss=0.377545 acc=0.8660 pre=0.8651 rec=0.8668 f1=0.8652
2026-08-27 09:35:38,317 | EPOCH 126 train_loss=0.346666
2026-08-27 09:35:38,852 | EPOCH 126 VAL loss=0.377447 acc=0.8655 pre=0.8651 rec=0.8666 f1=0.8655 BEST
2026-08-27 09:35:45,388 | EPOCH 127 train_loss=0.346318
2026-08-27 09:35:45,943 | EPOCH 127 VAL loss=0.377185 acc=0.8665 pre=0.8662 rec=0.8675 f1=0.8664 BEST
2026-08-27 09:35:52,604 | EPOCH 128 train_loss=0.345928
2026-08-27 09:35:53,134 | EPOCH 128 VAL loss=0.377213 acc=0.8662 pre=0.8654 rec=0.8673 f1=0.8659
2026-08-27 09:35:59,394 | EPOCH 129 train_loss=0.345691
2026-08-27 09:35:59,926 | EPOCH 129 VAL loss=0.376425 acc=0.8663 pre=0.8655 rec=0.8673 f1=0.8658
2026-08-27 09:36:06,183 | EPOCH 130 train_loss=0.345359
2026-08-27 09:36:06,719 | EPOCH 130 VAL loss=0.377117 acc=0.8652 pre=0.8646 rec=0.8664 f1=0.8652
2026-08-27 09:36:12,964 | EPOCH 131 train_loss=0.345085
2026-08-27 09:36:13,504 | EPOCH 131 VAL loss=0.376254 acc=0.8663 pre=0.8661 rec=0.8674 f1=0.8664 BEST
2026-08-27 09:36:20,329 | EPOCH 132 train_loss=0.344768
2026-08-27 09:36:20,865 | EPOCH 132 VAL loss=0.375535 acc=0.8662 pre=0.8659 rec=0.8672 f1=0.8662
2026-08-27 09:36:27,084 | EPOCH 133 train_loss=0.344450
2026-08-27 09:36:27,617 | EPOCH 133 VAL loss=0.375642 acc=0.8655 pre=0.8647 rec=0.8665 f1=0.8652
2026-08-27 09:36:33,964 | EPOCH 134 train_loss=0.344043
2026-08-27 09:36:34,501 | EPOCH 134 VAL loss=0.375465 acc=0.8655 pre=0.8647 rec=0.8666 f1=0.8653
2026-08-27 09:36:40,731 | EPOCH 135 train_loss=0.343805
2026-08-27 09:36:41,281 | EPOCH 135 VAL loss=0.375592 acc=0.8655 pre=0.8649 rec=0.8666 f1=0.8653
2026-08-27 09:36:47,537 | EPOCH 136 train_loss=0.343566
2026-08-27 09:36:48,075 | EPOCH 136 VAL loss=0.374865 acc=0.8660 pre=0.8652 rec=0.8670 f1=0.8657
2026-08-27 09:36:54,413 | EPOCH 137 train_loss=0.343218
2026-08-27 09:36:54,947 | EPOCH 137 VAL loss=0.374828 acc=0.8660 pre=0.8652 rec=0.8671 f1=0.8657
2026-08-27 09:37:01,160 | EPOCH 138 train_loss=0.342857
2026-08-27 09:37:01,700 | EPOCH 138 VAL loss=0.374695 acc=0.8663 pre=0.8657 rec=0.8675 f1=0.8662
2026-08-27 09:37:08,006 | EPOCH 139 train_loss=0.342583
2026-08-27 09:37:08,564 | EPOCH 139 VAL loss=0.374053 acc=0.8672 pre=0.8663 rec=0.8681 f1=0.8666 BEST
2026-08-27 09:37:15,332 | EPOCH 140 train_loss=0.342340
2026-08-27 09:37:15,870 | EPOCH 140 VAL loss=0.374065 acc=0.8682 pre=0.8674 rec=0.8691 f1=0.8675 BEST
2026-08-27 09:37:22,397 | EPOCH 141 train_loss=0.342020
2026-08-27 09:37:22,942 | EPOCH 141 VAL loss=0.373663 acc=0.8672 pre=0.8668 rec=0.8682 f1=0.8670
2026-08-27 09:37:29,187 | EPOCH 142 train_loss=0.341729
2026-08-27 09:37:29,729 | EPOCH 142 VAL loss=0.373745 acc=0.8675 pre=0.8665 rec=0.8684 f1=0.8667
2026-08-27 09:37:36,043 | EPOCH 143 train_loss=0.341464
2026-08-27 09:37:36,590 | EPOCH 143 VAL loss=0.372777 acc=0.8668 pre=0.8661 rec=0.8676 f1=0.8664
2026-08-27 09:37:42,756 | EPOCH 144 train_loss=0.341114
2026-08-27 09:37:43,325 | EPOCH 144 VAL loss=0.373405 acc=0.8670 pre=0.8661 rec=0.8680 f1=0.8666
2026-08-27 09:37:49,504 | EPOCH 145 train_loss=0.340897
2026-08-27 09:37:50,037 | EPOCH 145 VAL loss=0.373548 acc=0.8658 pre=0.8659 rec=0.8671 f1=0.8662
2026-08-27 09:37:56,261 | EPOCH 146 train_loss=0.340652
2026-08-27 09:37:56,824 | EPOCH 146 VAL loss=0.372784 acc=0.8683 pre=0.8677 rec=0.8694 f1=0.8681 BEST
2026-08-27 09:38:03,654 | EPOCH 147 train_loss=0.340334
2026-08-27 09:38:04,553 | EPOCH 147 VAL loss=0.372363 acc=0.8687 pre=0.8677 rec=0.8696 f1=0.8680
2026-08-27 09:38:10,945 | EPOCH 148 train_loss=0.340013
2026-08-27 09:38:11,484 | EPOCH 148 VAL loss=0.372709 acc=0.8663 pre=0.8657 rec=0.8674 f1=0.8659
2026-08-27 09:38:17,800 | EPOCH 149 train_loss=0.339717
2026-08-27 09:38:18,369 | EPOCH 149 VAL loss=0.372506 acc=0.8675 pre=0.8667 rec=0.8685 f1=0.8672
2026-08-27 09:38:24,676 | EPOCH 150 train_loss=0.339509
2026-08-27 09:38:25,219 | EPOCH 150 VAL loss=0.372031 acc=0.8668 pre=0.8661 rec=0.8679 f1=0.8665
2026-08-27 09:38:25,225 | DONE best_epoch=146 best_val_loss=0.372784 early_stop=False time=1046.9s
