2026-08-27 09:52:25,287 | START mlp_adagrad_lr0.001_s2026 opt=adagrad lr=0.001 seed=2026 device=cuda epochs=150 best_by=f1 stop_by=f1
2026-08-27 09:52:31,636 | EPOCH 1 train_loss=0.776799
2026-08-27 09:52:32,181 | EPOCH 1 VAL loss=0.625647 acc=0.7822 pre=0.7785 rec=0.7841 f1=0.7739 BEST
2026-08-27 09:52:38,886 | EPOCH 2 train_loss=0.575601
2026-08-27 09:52:39,429 | EPOCH 2 VAL loss=0.563474 acc=0.8078 pre=0.8051 rec=0.8091 f1=0.8017 BEST
2026-08-27 09:52:46,124 | EPOCH 3 train_loss=0.532065
2026-08-27 09:52:46,673 | EPOCH 3 VAL loss=0.534178 acc=0.8160 pre=0.8145 rec=0.8176 f1=0.8143 BEST
2026-08-27 09:52:53,193 | EPOCH 4 train_loss=0.507661
2026-08-27 09:52:53,782 | EPOCH 4 VAL loss=0.514130 acc=0.8247 pre=0.8232 rec=0.8257 f1=0.8230 BEST
2026-08-27 09:53:00,501 | EPOCH 5 train_loss=0.491138
2026-08-27 09:53:01,040 | EPOCH 5 VAL loss=0.506310 acc=0.8220 pre=0.8228 rec=0.8229 f1=0.8179
2026-08-27 09:53:07,396 | EPOCH 6 train_loss=0.479491
2026-08-27 09:53:07,964 | EPOCH 6 VAL loss=0.491260 acc=0.8320 pre=0.8302 rec=0.8327 f1=0.8307 BEST
2026-08-27 09:53:14,638 | EPOCH 7 train_loss=0.469742
2026-08-27 09:53:15,179 | EPOCH 7 VAL loss=0.483338 acc=0.8340 pre=0.8324 rec=0.8347 f1=0.8318 BEST
2026-08-27 09:53:21,840 | EPOCH 8 train_loss=0.462158
2026-08-27 09:53:22,377 | EPOCH 8 VAL loss=0.477308 acc=0.8367 pre=0.8352 rec=0.8374 f1=0.8348 BEST
2026-08-27 09:53:28,986 | EPOCH 9 train_loss=0.455553
2026-08-27 09:53:29,539 | EPOCH 9 VAL loss=0.471411 acc=0.8375 pre=0.8366 rec=0.8383 f1=0.8362 BEST
2026-08-27 09:53:36,118 | EPOCH 10 train_loss=0.449963
2026-08-27 09:53:36,658 | EPOCH 10 VAL loss=0.465779 acc=0.8397 pre=0.8382 rec=0.8401 f1=0.8371 BEST
2026-08-27 09:53:43,692 | EPOCH 11 train_loss=0.444845
2026-08-27 09:53:44,233 | EPOCH 11 VAL loss=0.461900 acc=0.8413 pre=0.8399 rec=0.8420 f1=0.8398 BEST
2026-08-27 09:53:50,868 | EPOCH 12 train_loss=0.440568
2026-08-27 09:53:51,422 | EPOCH 12 VAL loss=0.457648 acc=0.8442 pre=0.8428 rec=0.8451 f1=0.8427 BEST
2026-08-27 09:53:58,132 | EPOCH 13 train_loss=0.436822
2026-08-27 09:53:58,677 | EPOCH 13 VAL loss=0.454121 acc=0.8430 pre=0.8416 rec=0.8437 f1=0.8414
2026-08-27 09:54:05,045 | EPOCH 14 train_loss=0.433104
2026-08-27 09:54:05,586 | EPOCH 14 VAL loss=0.451779 acc=0.8447 pre=0.8433 rec=0.8455 f1=0.8430 BEST
2026-08-27 09:54:12,310 | EPOCH 15 train_loss=0.430030
2026-08-27 09:54:12,883 | EPOCH 15 VAL loss=0.448564 acc=0.8445 pre=0.8436 rec=0.8453 f1=0.8439 BEST
2026-08-27 09:54:19,491 | EPOCH 16 train_loss=0.426939
2026-08-27 09:54:20,033 | EPOCH 16 VAL loss=0.446389 acc=0.8437 pre=0.8426 rec=0.8446 f1=0.8420
2026-08-27 09:54:26,278 | EPOCH 17 train_loss=0.424193
2026-08-27 09:54:26,818 | EPOCH 17 VAL loss=0.444305 acc=0.8455 pre=0.8447 rec=0.8462 f1=0.8436
2026-08-27 09:54:33,089 | EPOCH 18 train_loss=0.421716
2026-08-27 09:54:33,701 | EPOCH 18 VAL loss=0.441344 acc=0.8480 pre=0.8474 rec=0.8488 f1=0.8472 BEST
2026-08-27 09:54:40,339 | EPOCH 19 train_loss=0.419374
2026-08-27 09:54:40,874 | EPOCH 19 VAL loss=0.440013 acc=0.8477 pre=0.8466 rec=0.8486 f1=0.8463
2026-08-27 09:54:47,173 | EPOCH 20 train_loss=0.416957
2026-08-27 09:54:47,720 | EPOCH 20 VAL loss=0.437943 acc=0.8480 pre=0.8471 rec=0.8488 f1=0.8465
2026-08-27 09:54:54,089 | EPOCH 21 train_loss=0.414805
2026-08-27 09:54:54,637 | EPOCH 21 VAL loss=0.436623 acc=0.8490 pre=0.8481 rec=0.8499 f1=0.8473 BEST
2026-08-27 09:55:01,332 | EPOCH 22 train_loss=0.412903
2026-08-27 09:55:01,888 | EPOCH 22 VAL loss=0.433741 acc=0.8485 pre=0.8473 rec=0.8492 f1=0.8476 BEST
2026-08-27 09:55:08,661 | EPOCH 23 train_loss=0.410961
2026-08-27 09:55:09,215 | EPOCH 23 VAL loss=0.432453 acc=0.8498 pre=0.8490 rec=0.8507 f1=0.8483 BEST
2026-08-27 09:55:15,886 | EPOCH 24 train_loss=0.409316
2026-08-27 09:55:16,442 | EPOCH 24 VAL loss=0.431063 acc=0.8508 pre=0.8500 rec=0.8519 f1=0.8503 BEST
2026-08-27 09:55:23,213 | EPOCH 25 train_loss=0.407284
2026-08-27 09:55:23,785 | EPOCH 25 VAL loss=0.431283 acc=0.8500 pre=0.8490 rec=0.8509 f1=0.8478
2026-08-27 09:55:29,953 | EPOCH 26 train_loss=0.406056
2026-08-27 09:55:30,498 | EPOCH 26 VAL loss=0.427153 acc=0.8527 pre=0.8515 rec=0.8535 f1=0.8515 BEST
2026-08-27 09:55:37,308 | EPOCH 27 train_loss=0.404252
2026-08-27 09:55:37,844 | EPOCH 27 VAL loss=0.425948 acc=0.8523 pre=0.8517 rec=0.8534 f1=0.8517 BEST
2026-08-27 09:55:44,487 | EPOCH 28 train_loss=0.402789
2026-08-27 09:55:45,019 | EPOCH 28 VAL loss=0.425913 acc=0.8517 pre=0.8506 rec=0.8525 f1=0.8504
2026-08-27 09:55:51,270 | EPOCH 29 train_loss=0.401342
2026-08-27 09:55:51,815 | EPOCH 29 VAL loss=0.424727 acc=0.8525 pre=0.8524 rec=0.8536 f1=0.8525 BEST
2026-08-27 09:55:58,491 | EPOCH 30 train_loss=0.399985
2026-08-27 09:55:59,036 | EPOCH 30 VAL loss=0.423170 acc=0.8525 pre=0.8516 rec=0.8535 f1=0.8518
2026-08-27 09:56:05,595 | EPOCH 31 train_loss=0.398664
2026-08-27 09:56:06,165 | EPOCH 31 VAL loss=0.421459 acc=0.8522 pre=0.8509 rec=0.8529 f1=0.8511
2026-08-27 09:56:12,608 | EPOCH 32 train_loss=0.397369
2026-08-27 09:56:13,166 | EPOCH 32 VAL loss=0.420454 acc=0.8533 pre=0.8520 rec=0.8542 f1=0.8523
2026-08-27 09:56:19,630 | EPOCH 33 train_loss=0.396044
2026-08-27 09:56:20,222 | EPOCH 33 VAL loss=0.420079 acc=0.8542 pre=0.8539 rec=0.8552 f1=0.8536 BEST
2026-08-27 09:56:27,143 | EPOCH 34 train_loss=0.394798
2026-08-27 09:56:28,096 | EPOCH 34 VAL loss=0.417868 acc=0.8558 pre=0.8554 rec=0.8568 f1=0.8554 BEST
2026-08-27 09:56:34,939 | EPOCH 35 train_loss=0.393650
2026-08-27 09:56:35,487 | EPOCH 35 VAL loss=0.416392 acc=0.8543 pre=0.8535 rec=0.8551 f1=0.8535
2026-08-27 09:56:41,853 | EPOCH 36 train_loss=0.392595
2026-08-27 09:56:42,403 | EPOCH 36 VAL loss=0.416111 acc=0.8543 pre=0.8536 rec=0.8552 f1=0.8540
2026-08-27 09:56:49,005 | EPOCH 37 train_loss=0.391524
2026-08-27 09:56:49,564 | EPOCH 37 VAL loss=0.415468 acc=0.8560 pre=0.8554 rec=0.8569 f1=0.8552
2026-08-27 09:56:56,035 | EPOCH 38 train_loss=0.390388
2026-08-27 09:56:56,591 | EPOCH 38 VAL loss=0.414647 acc=0.8575 pre=0.8569 rec=0.8585 f1=0.8573 BEST
2026-08-27 09:57:03,487 | EPOCH 39 train_loss=0.389291
2026-08-27 09:57:04,082 | EPOCH 39 VAL loss=0.413819 acc=0.8557 pre=0.8542 rec=0.8566 f1=0.8544
2026-08-27 09:57:10,752 | EPOCH 40 train_loss=0.388266
2026-08-27 09:57:11,318 | EPOCH 40 VAL loss=0.412471 acc=0.8557 pre=0.8547 rec=0.8567 f1=0.8550
2026-08-27 09:57:17,820 | EPOCH 41 train_loss=0.387285
2026-08-27 09:57:18,379 | EPOCH 41 VAL loss=0.411610 acc=0.8547 pre=0.8540 rec=0.8556 f1=0.8545
2026-08-27 09:57:24,792 | EPOCH 42 train_loss=0.386379
2026-08-27 09:57:25,345 | EPOCH 42 VAL loss=0.410524 acc=0.8562 pre=0.8548 rec=0.8571 f1=0.8551
2026-08-27 09:57:31,760 | EPOCH 43 train_loss=0.385422
2026-08-27 09:57:32,327 | EPOCH 43 VAL loss=0.410552 acc=0.8565 pre=0.8552 rec=0.8575 f1=0.8556
2026-08-27 09:57:38,871 | EPOCH 44 train_loss=0.384400
2026-08-27 09:57:39,429 | EPOCH 44 VAL loss=0.408254 acc=0.8558 pre=0.8548 rec=0.8565 f1=0.8551
2026-08-27 09:57:45,969 | EPOCH 45 train_loss=0.383663
2026-08-27 09:57:46,533 | EPOCH 45 VAL loss=0.409061 acc=0.8572 pre=0.8560 rec=0.8582 f1=0.8566
2026-08-27 09:57:53,224 | EPOCH 46 train_loss=0.382916
2026-08-27 09:57:53,840 | EPOCH 46 VAL loss=0.407803 acc=0.8557 pre=0.8550 rec=0.8567 f1=0.8556
2026-08-27 09:58:00,265 | EPOCH 47 train_loss=0.381920
2026-08-27 09:58:00,812 | EPOCH 47 VAL loss=0.406441 acc=0.8563 pre=0.8556 rec=0.8573 f1=0.8559
2026-08-27 09:58:07,270 | EPOCH 48 train_loss=0.381026
2026-08-27 09:58:07,821 | EPOCH 48 VAL loss=0.405948 acc=0.8582 pre=0.8578 rec=0.8591 f1=0.8581 BEST
2026-08-27 09:58:14,668 | EPOCH 49 train_loss=0.380251
2026-08-27 09:58:15,223 | EPOCH 49 VAL loss=0.406856 acc=0.8568 pre=0.8553 rec=0.8579 f1=0.8557
2026-08-27 09:58:21,627 | EPOCH 50 train_loss=0.379502
2026-08-27 09:58:22,196 | EPOCH 50 VAL loss=0.404311 acc=0.8572 pre=0.8559 rec=0.8582 f1=0.8565
2026-08-27 09:58:28,592 | EPOCH 51 train_loss=0.378677
2026-08-27 09:58:29,146 | EPOCH 51 VAL loss=0.404390 acc=0.8585 pre=0.8575 rec=0.8596 f1=0.8579
2026-08-27 09:58:35,554 | EPOCH 52 train_loss=0.377860
2026-08-27 09:58:36,109 | EPOCH 52 VAL loss=0.404579 acc=0.8578 pre=0.8568 rec=0.8590 f1=0.8574
2026-08-27 09:58:42,461 | EPOCH 53 train_loss=0.377193
2026-08-27 09:58:43,010 | EPOCH 53 VAL loss=0.403573 acc=0.8580 pre=0.8568 rec=0.8590 f1=0.8570
2026-08-27 09:58:49,272 | EPOCH 54 train_loss=0.376460
2026-08-27 09:58:49,808 | EPOCH 54 VAL loss=0.402136 acc=0.8583 pre=0.8571 rec=0.8592 f1=0.8575
2026-08-27 09:58:56,150 | EPOCH 55 train_loss=0.375825
2026-08-27 09:58:56,699 | EPOCH 55 VAL loss=0.400790 acc=0.8580 pre=0.8573 rec=0.8589 f1=0.8577
2026-08-27 09:59:02,958 | EPOCH 56 train_loss=0.375128
2026-08-27 09:59:03,518 | EPOCH 56 VAL loss=0.401931 acc=0.8588 pre=0.8579 rec=0.8599 f1=0.8581 BEST
2026-08-27 09:59:10,220 | EPOCH 57 train_loss=0.374311
2026-08-27 09:59:10,760 | EPOCH 57 VAL loss=0.401526 acc=0.8573 pre=0.8568 rec=0.8585 f1=0.8573
2026-08-27 09:59:17,075 | EPOCH 58 train_loss=0.373758
2026-08-27 09:59:17,666 | EPOCH 58 VAL loss=0.399717 acc=0.8575 pre=0.8565 rec=0.8584 f1=0.8570
2026-08-27 09:59:24,037 | EPOCH 59 train_loss=0.372802
2026-08-27 09:59:24,567 | EPOCH 59 VAL loss=0.398668 acc=0.8588 pre=0.8581 rec=0.8599 f1=0.8586 BEST
2026-08-27 09:59:31,203 | EPOCH 60 train_loss=0.372392
2026-08-27 09:59:31,758 | EPOCH 60 VAL loss=0.398789 acc=0.8587 pre=0.8584 rec=0.8597 f1=0.8587 BEST
2026-08-27 09:59:38,435 | EPOCH 61 train_loss=0.371715
2026-08-27 09:59:39,009 | EPOCH 61 VAL loss=0.398650 acc=0.8585 pre=0.8578 rec=0.8596 f1=0.8583
2026-08-27 09:59:45,350 | EPOCH 62 train_loss=0.371100
2026-08-27 09:59:45,890 | EPOCH 62 VAL loss=0.397844 acc=0.8585 pre=0.8572 rec=0.8595 f1=0.8576
2026-08-27 09:59:52,144 | EPOCH 63 train_loss=0.370395
2026-08-27 09:59:52,684 | EPOCH 63 VAL loss=0.396695 acc=0.8602 pre=0.8594 rec=0.8612 f1=0.8599 BEST
2026-08-27 09:59:59,365 | EPOCH 64 train_loss=0.369900
2026-08-27 09:59:59,918 | EPOCH 64 VAL loss=0.396823 acc=0.8588 pre=0.8577 rec=0.8599 f1=0.8580
2026-08-27 10:00:06,332 | EPOCH 65 train_loss=0.369216
2026-08-27 10:00:06,882 | EPOCH 65 VAL loss=0.396505 acc=0.8610 pre=0.8596 rec=0.8619 f1=0.8599 BEST
2026-08-27 10:00:13,467 | EPOCH 66 train_loss=0.368539
2026-08-27 10:00:14,043 | EPOCH 66 VAL loss=0.395200 acc=0.8598 pre=0.8592 rec=0.8609 f1=0.8596
2026-08-27 10:00:20,340 | EPOCH 67 train_loss=0.368007
2026-08-27 10:00:20,878 | EPOCH 67 VAL loss=0.395368 acc=0.8615 pre=0.8599 rec=0.8624 f1=0.8603 BEST
2026-08-27 10:00:27,634 | EPOCH 68 train_loss=0.367442
2026-08-27 10:00:28,193 | EPOCH 68 VAL loss=0.395109 acc=0.8603 pre=0.8595 rec=0.8614 f1=0.8597
2026-08-27 10:00:34,594 | EPOCH 69 train_loss=0.366903
2026-08-27 10:00:35,128 | EPOCH 69 VAL loss=0.393817 acc=0.8595 pre=0.8588 rec=0.8605 f1=0.8591
2026-08-27 10:00:41,373 | EPOCH 70 train_loss=0.366299
2026-08-27 10:00:41,905 | EPOCH 70 VAL loss=0.393491 acc=0.8595 pre=0.8590 rec=0.8605 f1=0.8595
2026-08-27 10:00:48,221 | EPOCH 71 train_loss=0.365719
2026-08-27 10:00:48,760 | EPOCH 71 VAL loss=0.393333 acc=0.8618 pre=0.8606 rec=0.8628 f1=0.8609 BEST
2026-08-27 10:00:55,525 | EPOCH 72 train_loss=0.365282
2026-08-27 10:00:56,066 | EPOCH 72 VAL loss=0.392934 acc=0.8627 pre=0.8620 rec=0.8637 f1=0.8623 BEST
2026-08-27 10:01:02,725 | EPOCH 73 train_loss=0.364734
2026-08-27 10:01:03,677 | EPOCH 73 VAL loss=0.392347 acc=0.8617 pre=0.8607 rec=0.8626 f1=0.8610
2026-08-27 10:01:10,128 | EPOCH 74 train_loss=0.364304
2026-08-27 10:01:10,690 | EPOCH 74 VAL loss=0.391458 acc=0.8615 pre=0.8606 rec=0.8625 f1=0.8611
2026-08-27 10:01:17,097 | EPOCH 75 train_loss=0.363665
2026-08-27 10:01:17,650 | EPOCH 75 VAL loss=0.392489 acc=0.8630 pre=0.8617 rec=0.8639 f1=0.8622
2026-08-27 10:01:23,980 | EPOCH 76 train_loss=0.363188
2026-08-27 10:01:24,537 | EPOCH 76 VAL loss=0.390860 acc=0.8613 pre=0.8606 rec=0.8622 f1=0.8608
2026-08-27 10:01:31,074 | EPOCH 77 train_loss=0.362676
2026-08-27 10:01:31,624 | EPOCH 77 VAL loss=0.390493 acc=0.8610 pre=0.8603 rec=0.8620 f1=0.8609
2026-08-27 10:01:38,022 | EPOCH 78 train_loss=0.362129
2026-08-27 10:01:38,580 | EPOCH 78 VAL loss=0.391140 acc=0.8632 pre=0.8619 rec=0.8641 f1=0.8624 BEST
2026-08-27 10:01:45,183 | EPOCH 79 train_loss=0.361718
2026-08-27 10:01:45,731 | EPOCH 79 VAL loss=0.390052 acc=0.8622 pre=0.8609 rec=0.8632 f1=0.8615
2026-08-27 10:01:52,109 | EPOCH 80 train_loss=0.361172
2026-08-27 10:01:52,646 | EPOCH 80 VAL loss=0.388777 acc=0.8640 pre=0.8629 rec=0.8648 f1=0.8631 BEST
2026-08-27 10:01:59,364 | EPOCH 81 train_loss=0.360659
2026-08-27 10:01:59,907 | EPOCH 81 VAL loss=0.389743 acc=0.8618 pre=0.8617 rec=0.8630 f1=0.8622
2026-08-27 10:02:06,333 | EPOCH 82 train_loss=0.360090
2026-08-27 10:02:06,887 | EPOCH 82 VAL loss=0.389372 acc=0.8618 pre=0.8606 rec=0.8629 f1=0.8612
2026-08-27 10:02:13,250 | EPOCH 83 train_loss=0.359698
2026-08-27 10:02:13,831 | EPOCH 83 VAL loss=0.388337 acc=0.8623 pre=0.8619 rec=0.8634 f1=0.8624
2026-08-27 10:02:20,140 | EPOCH 84 train_loss=0.359257
2026-08-27 10:02:20,688 | EPOCH 84 VAL loss=0.388349 acc=0.8622 pre=0.8616 rec=0.8632 f1=0.8620
2026-08-27 10:02:26,964 | EPOCH 85 train_loss=0.358929
2026-08-27 10:02:27,495 | EPOCH 85 VAL loss=0.387686 acc=0.8647 pre=0.8635 rec=0.8656 f1=0.8638 BEST
2026-08-27 10:02:34,310 | EPOCH 86 train_loss=0.358363
2026-08-27 10:02:34,852 | EPOCH 86 VAL loss=0.386730 acc=0.8645 pre=0.8634 rec=0.8654 f1=0.8637
2026-08-27 10:02:41,139 | EPOCH 87 train_loss=0.357846
2026-08-27 10:02:41,707 | EPOCH 87 VAL loss=0.386635 acc=0.8647 pre=0.8638 rec=0.8657 f1=0.8642 BEST
2026-08-27 10:02:48,485 | EPOCH 88 train_loss=0.357480
2026-08-27 10:02:49,024 | EPOCH 88 VAL loss=0.387220 acc=0.8642 pre=0.8629 rec=0.8651 f1=0.8632
2026-08-27 10:02:55,413 | EPOCH 89 train_loss=0.357037
2026-08-27 10:02:55,955 | EPOCH 89 VAL loss=0.386344 acc=0.8658 pre=0.8648 rec=0.8668 f1=0.8649 BEST
2026-08-27 10:03:02,614 | EPOCH 90 train_loss=0.356573
2026-08-27 10:03:03,161 | EPOCH 90 VAL loss=0.385561 acc=0.8640 pre=0.8633 rec=0.8650 f1=0.8638
2026-08-27 10:03:09,554 | EPOCH 91 train_loss=0.356199
2026-08-27 10:03:10,111 | EPOCH 91 VAL loss=0.384806 acc=0.8650 pre=0.8641 rec=0.8660 f1=0.8645
2026-08-27 10:03:16,576 | EPOCH 92 train_loss=0.355692
2026-08-27 10:03:17,141 | EPOCH 92 VAL loss=0.385271 acc=0.8640 pre=0.8630 rec=0.8650 f1=0.8636
2026-08-27 10:03:23,417 | EPOCH 93 train_loss=0.355373
2026-08-27 10:03:23,990 | EPOCH 93 VAL loss=0.385148 acc=0.8650 pre=0.8638 rec=0.8658 f1=0.8639
2026-08-27 10:03:30,283 | EPOCH 94 train_loss=0.354863
2026-08-27 10:03:30,821 | EPOCH 94 VAL loss=0.384693 acc=0.8642 pre=0.8644 rec=0.8651 f1=0.8644
2026-08-27 10:03:37,124 | EPOCH 95 train_loss=0.354579
2026-08-27 10:03:37,680 | EPOCH 95 VAL loss=0.383585 acc=0.8643 pre=0.8637 rec=0.8652 f1=0.8641
2026-08-27 10:03:43,987 | EPOCH 96 train_loss=0.354108
2026-08-27 10:03:44,551 | EPOCH 96 VAL loss=0.384111 acc=0.8660 pre=0.8648 rec=0.8669 f1=0.8652 BEST
2026-08-27 10:03:51,256 | EPOCH 97 train_loss=0.353712
2026-08-27 10:03:51,819 | EPOCH 97 VAL loss=0.384419 acc=0.8655 pre=0.8649 rec=0.8666 f1=0.8652
2026-08-27 10:03:58,285 | EPOCH 98 train_loss=0.353337
2026-08-27 10:03:58,840 | EPOCH 98 VAL loss=0.383757 acc=0.8667 pre=0.8658 rec=0.8677 f1=0.8660 BEST
2026-08-27 10:04:05,609 | EPOCH 99 train_loss=0.352863
2026-08-27 10:04:06,160 | EPOCH 99 VAL loss=0.382627 acc=0.8648 pre=0.8643 rec=0.8657 f1=0.8645
2026-08-27 10:04:12,454 | EPOCH 100 train_loss=0.352363
2026-08-27 10:04:13,001 | EPOCH 100 VAL loss=0.383743 acc=0.8655 pre=0.8650 rec=0.8667 f1=0.8653
2026-08-27 10:04:19,299 | EPOCH 101 train_loss=0.352098
2026-08-27 10:04:19,839 | EPOCH 101 VAL loss=0.381945 acc=0.8672 pre=0.8663 rec=0.8681 f1=0.8665 BEST
2026-08-27 10:04:26,802 | EPOCH 102 train_loss=0.351690
2026-08-27 10:04:27,335 | EPOCH 102 VAL loss=0.381471 acc=0.8653 pre=0.8647 rec=0.8662 f1=0.8650
2026-08-27 10:04:33,572 | EPOCH 103 train_loss=0.351319
2026-08-27 10:04:34,147 | EPOCH 103 VAL loss=0.381936 acc=0.8672 pre=0.8661 rec=0.8682 f1=0.8665 BEST
2026-08-27 10:04:40,886 | EPOCH 104 train_loss=0.350833
2026-08-27 10:04:41,432 | EPOCH 104 VAL loss=0.382269 acc=0.8648 pre=0.8645 rec=0.8659 f1=0.8648
2026-08-27 10:04:47,817 | EPOCH 105 train_loss=0.350573
2026-08-27 10:04:48,380 | EPOCH 105 VAL loss=0.381479 acc=0.8675 pre=0.8666 rec=0.8684 f1=0.8665
2026-08-27 10:04:54,645 | EPOCH 106 train_loss=0.350186
2026-08-27 10:04:55,190 | EPOCH 106 VAL loss=0.381147 acc=0.8643 pre=0.8641 rec=0.8654 f1=0.8645
2026-08-27 10:05:01,421 | EPOCH 107 train_loss=0.349835
2026-08-27 10:05:01,970 | EPOCH 107 VAL loss=0.380727 acc=0.8657 pre=0.8651 rec=0.8667 f1=0.8655
2026-08-27 10:05:08,394 | EPOCH 108 train_loss=0.349363
2026-08-27 10:05:08,933 | EPOCH 108 VAL loss=0.379708 acc=0.8678 pre=0.8669 rec=0.8686 f1=0.8672 BEST
2026-08-27 10:05:15,517 | EPOCH 109 train_loss=0.349011
2026-08-27 10:05:16,062 | EPOCH 109 VAL loss=0.380109 acc=0.8675 pre=0.8670 rec=0.8685 f1=0.8675 BEST
2026-08-27 10:05:22,647 | EPOCH 110 train_loss=0.348780
2026-08-27 10:05:23,188 | EPOCH 110 VAL loss=0.379907 acc=0.8658 pre=0.8654 rec=0.8669 f1=0.8657
2026-08-27 10:05:29,588 | EPOCH 111 train_loss=0.348406
2026-08-27 10:05:30,496 | EPOCH 111 VAL loss=0.380083 acc=0.8663 pre=0.8655 rec=0.8674 f1=0.8659
2026-08-27 10:05:36,977 | EPOCH 112 train_loss=0.347990
2026-08-27 10:05:37,537 | EPOCH 112 VAL loss=0.379271 acc=0.8675 pre=0.8669 rec=0.8685 f1=0.8671
2026-08-27 10:05:44,098 | EPOCH 113 train_loss=0.347716
2026-08-27 10:05:44,641 | EPOCH 113 VAL loss=0.379619 acc=0.8655 pre=0.8648 rec=0.8666 f1=0.8652
2026-08-27 10:05:51,063 | EPOCH 114 train_loss=0.347292
2026-08-27 10:05:51,614 | EPOCH 114 VAL loss=0.378460 acc=0.8680 pre=0.8671 rec=0.8689 f1=0.8673
2026-08-27 10:05:57,978 | EPOCH 115 train_loss=0.346987
2026-08-27 10:05:58,531 | EPOCH 115 VAL loss=0.378595 acc=0.8667 pre=0.8662 rec=0.8678 f1=0.8666
2026-08-27 10:06:04,959 | EPOCH 116 train_loss=0.346666
2026-08-27 10:06:05,507 | EPOCH 116 VAL loss=0.378108 acc=0.8682 pre=0.8673 rec=0.8692 f1=0.8677 BEST
2026-08-27 10:06:12,235 | EPOCH 117 train_loss=0.346328
2026-08-27 10:06:12,773 | EPOCH 117 VAL loss=0.378451 acc=0.8672 pre=0.8662 rec=0.8681 f1=0.8667
2026-08-27 10:06:19,104 | EPOCH 118 train_loss=0.345996
2026-08-27 10:06:19,647 | EPOCH 118 VAL loss=0.377914 acc=0.8693 pre=0.8684 rec=0.8703 f1=0.8687 BEST
2026-08-27 10:06:26,301 | EPOCH 119 train_loss=0.345675
2026-08-27 10:06:26,848 | EPOCH 119 VAL loss=0.377741 acc=0.8693 pre=0.8685 rec=0.8703 f1=0.8684
2026-08-27 10:06:33,227 | EPOCH 120 train_loss=0.345371
2026-08-27 10:06:33,814 | EPOCH 120 VAL loss=0.377134 acc=0.8692 pre=0.8682 rec=0.8701 f1=0.8685
2026-08-27 10:06:40,077 | EPOCH 121 train_loss=0.344946
2026-08-27 10:06:40,621 | EPOCH 121 VAL loss=0.377643 acc=0.8675 pre=0.8670 rec=0.8686 f1=0.8674
2026-08-27 10:06:46,980 | EPOCH 122 train_loss=0.344774
2026-08-27 10:06:47,543 | EPOCH 122 VAL loss=0.376447 acc=0.8685 pre=0.8676 rec=0.8695 f1=0.8681
2026-08-27 10:06:53,899 | EPOCH 123 train_loss=0.344302
2026-08-27 10:06:54,445 | EPOCH 123 VAL loss=0.376658 acc=0.8687 pre=0.8676 rec=0.8695 f1=0.8680
2026-08-27 10:07:00,849 | EPOCH 124 train_loss=0.344031
2026-08-27 10:07:01,401 | EPOCH 124 VAL loss=0.376235 acc=0.8675 pre=0.8666 rec=0.8683 f1=0.8669
2026-08-27 10:07:07,793 | EPOCH 125 train_loss=0.343726
2026-08-27 10:07:08,329 | EPOCH 125 VAL loss=0.376376 acc=0.8675 pre=0.8671 rec=0.8686 f1=0.8677
2026-08-27 10:07:14,621 | EPOCH 126 train_loss=0.343495
2026-08-27 10:07:15,221 | EPOCH 126 VAL loss=0.375621 acc=0.8698 pre=0.8688 rec=0.8707 f1=0.8692 BEST
2026-08-27 10:07:21,919 | EPOCH 127 train_loss=0.343168
2026-08-27 10:07:22,462 | EPOCH 127 VAL loss=0.375676 acc=0.8682 pre=0.8674 rec=0.8691 f1=0.8677
2026-08-27 10:07:28,741 | EPOCH 128 train_loss=0.342793
2026-08-27 10:07:29,286 | EPOCH 128 VAL loss=0.375718 acc=0.8702 pre=0.8692 rec=0.8711 f1=0.8693 BEST
2026-08-27 10:07:35,982 | EPOCH 129 train_loss=0.342506
2026-08-27 10:07:36,564 | EPOCH 129 VAL loss=0.375686 acc=0.8697 pre=0.8692 rec=0.8705 f1=0.8690
2026-08-27 10:07:43,316 | EPOCH 130 train_loss=0.342240
2026-08-27 10:07:43,965 | EPOCH 130 VAL loss=0.375664 acc=0.8687 pre=0.8677 rec=0.8697 f1=0.8681
2026-08-27 10:07:50,935 | EPOCH 131 train_loss=0.341917
2026-08-27 10:07:51,547 | EPOCH 131 VAL loss=0.374554 acc=0.8698 pre=0.8688 rec=0.8708 f1=0.8693 BEST
2026-08-27 10:07:58,845 | EPOCH 132 train_loss=0.341613
2026-08-27 10:07:59,484 | EPOCH 132 VAL loss=0.374289 acc=0.8695 pre=0.8687 rec=0.8703 f1=0.8690
2026-08-27 10:08:06,336 | EPOCH 133 train_loss=0.341333
2026-08-27 10:08:06,892 | EPOCH 133 VAL loss=0.373734 acc=0.8703 pre=0.8695 rec=0.8712 f1=0.8698 BEST
2026-08-27 10:08:13,651 | EPOCH 134 train_loss=0.341042
2026-08-27 10:08:14,188 | EPOCH 134 VAL loss=0.373669 acc=0.8707 pre=0.8697 rec=0.8715 f1=0.8700 BEST
2026-08-27 10:08:20,915 | EPOCH 135 train_loss=0.340746
2026-08-27 10:08:21,481 | EPOCH 135 VAL loss=0.373869 acc=0.8702 pre=0.8693 rec=0.8711 f1=0.8696
2026-08-27 10:08:27,909 | EPOCH 136 train_loss=0.340443
2026-08-27 10:08:28,447 | EPOCH 136 VAL loss=0.374650 acc=0.8672 pre=0.8670 rec=0.8683 f1=0.8672
2026-08-27 10:08:34,784 | EPOCH 137 train_loss=0.340206
2026-08-27 10:08:35,315 | EPOCH 137 VAL loss=0.373312 acc=0.8695 pre=0.8688 rec=0.8705 f1=0.8692
2026-08-27 10:08:41,628 | EPOCH 138 train_loss=0.339958
2026-08-27 10:08:42,196 | EPOCH 138 VAL loss=0.372700 acc=0.8698 pre=0.8691 rec=0.8707 f1=0.8694
2026-08-27 10:08:48,689 | EPOCH 139 train_loss=0.339640
2026-08-27 10:08:49,223 | EPOCH 139 VAL loss=0.372697 acc=0.8725 pre=0.8718 rec=0.8735 f1=0.8720 BEST
2026-08-27 10:08:55,839 | EPOCH 140 train_loss=0.339308
2026-08-27 10:08:56,377 | EPOCH 140 VAL loss=0.373268 acc=0.8697 pre=0.8688 rec=0.8707 f1=0.8692
2026-08-27 10:09:02,647 | EPOCH 141 train_loss=0.339055
2026-08-27 10:09:03,203 | EPOCH 141 VAL loss=0.372762 acc=0.8690 pre=0.8683 rec=0.8700 f1=0.8686
2026-08-27 10:09:09,691 | EPOCH 142 train_loss=0.338780
2026-08-27 10:09:10,242 | EPOCH 142 VAL loss=0.372411 acc=0.8707 pre=0.8699 rec=0.8716 f1=0.8700
2026-08-27 10:09:16,580 | EPOCH 143 train_loss=0.338473
2026-08-27 10:09:17,121 | EPOCH 143 VAL loss=0.372161 acc=0.8720 pre=0.8712 rec=0.8729 f1=0.8713
2026-08-27 10:09:23,362 | EPOCH 144 train_loss=0.338181
2026-08-27 10:09:23,941 | EPOCH 144 VAL loss=0.372645 acc=0.8703 pre=0.8694 rec=0.8713 f1=0.8698
2026-08-27 10:09:30,256 | EPOCH 145 train_loss=0.337892
2026-08-27 10:09:30,793 | EPOCH 145 VAL loss=0.372434 acc=0.8707 pre=0.8699 rec=0.8716 f1=0.8699
2026-08-27 10:09:37,106 | EPOCH 146 train_loss=0.337659
2026-08-27 10:09:37,640 | EPOCH 146 VAL loss=0.371865 acc=0.8718 pre=0.8711 rec=0.8728 f1=0.8712
2026-08-27 10:09:43,896 | EPOCH 147 train_loss=0.337455
2026-08-27 10:09:44,437 | EPOCH 147 VAL loss=0.371378 acc=0.8702 pre=0.8696 rec=0.8711 f1=0.8697
2026-08-27 10:09:50,744 | EPOCH 148 train_loss=0.337104
2026-08-27 10:09:51,293 | EPOCH 148 VAL loss=0.370994 acc=0.8720 pre=0.8713 rec=0.8730 f1=0.8716
2026-08-27 10:09:57,756 | EPOCH 149 train_loss=0.336807
2026-08-27 10:09:58,363 | EPOCH 149 VAL loss=0.370962 acc=0.8722 pre=0.8715 rec=0.8733 f1=0.8720
2026-08-27 10:09:58,370 | DONE best_epoch=139 best_val_loss=0.372697 early_stop=True time=1052.39s
