2026-08-27 07:57:23,334 | START cnn_adadelta_lr0.5_s42 opt=adadelta lr=0.5 seed=42 device=cuda epochs=150 best_by=f1 stop_by=f1
2026-08-27 07:57:30,851 | EPOCH 1 train_loss=0.566624
2026-08-27 07:57:31,477 | EPOCH 1 VAL loss=0.412847 acc=0.8555 pre=0.8584 rec=0.8582 f1=0.8546 BEST
2026-08-27 07:57:39,999 | EPOCH 2 train_loss=0.349626
2026-08-27 07:57:40,614 | EPOCH 2 VAL loss=0.345503 acc=0.8695 pre=0.8831 rec=0.8702 f1=0.8729 BEST
2026-08-27 07:57:48,730 | EPOCH 3 train_loss=0.295734
2026-08-27 07:57:49,342 | EPOCH 3 VAL loss=0.296309 acc=0.8917 pre=0.8926 rec=0.8931 f1=0.8913 BEST
2026-08-27 07:57:57,388 | EPOCH 4 train_loss=0.264339
2026-08-27 07:57:58,056 | EPOCH 4 VAL loss=0.280943 acc=0.8977 pre=0.9036 rec=0.8992 f1=0.8994 BEST
2026-08-27 07:58:05,905 | EPOCH 5 train_loss=0.240752
2026-08-27 07:58:06,543 | EPOCH 5 VAL loss=0.253730 acc=0.9052 pre=0.9074 rec=0.9057 f1=0.9049 BEST
2026-08-27 07:58:14,357 | EPOCH 6 train_loss=0.221978
2026-08-27 07:58:15,069 | EPOCH 6 VAL loss=0.251952 acc=0.9077 pre=0.9094 rec=0.9085 f1=0.9070 BEST
2026-08-27 07:58:23,837 | EPOCH 7 train_loss=0.205203
2026-08-27 07:58:24,448 | EPOCH 7 VAL loss=0.267282 acc=0.9038 pre=0.9090 rec=0.9054 f1=0.9049
2026-08-27 07:58:31,999 | EPOCH 8 train_loss=0.190716
2026-08-27 07:58:32,604 | EPOCH 8 VAL loss=0.243220 acc=0.9102 pre=0.9127 rec=0.9107 f1=0.9102 BEST
2026-08-27 07:58:40,581 | EPOCH 9 train_loss=0.176965
2026-08-27 07:58:41,190 | EPOCH 9 VAL loss=0.250530 acc=0.9065 pre=0.9094 rec=0.9073 f1=0.9057
2026-08-27 07:58:48,810 | EPOCH 10 train_loss=0.165727
2026-08-27 07:58:49,424 | EPOCH 10 VAL loss=0.245057 acc=0.9117 pre=0.9139 rec=0.9123 f1=0.9122 BEST
2026-08-27 07:58:57,664 | EPOCH 11 train_loss=0.152779
2026-08-27 07:58:58,265 | EPOCH 11 VAL loss=0.233019 acc=0.9188 pre=0.9193 rec=0.9204 f1=0.9192 BEST
2026-08-27 07:59:06,962 | EPOCH 12 train_loss=0.143273
2026-08-27 07:59:07,587 | EPOCH 12 VAL loss=0.241093 acc=0.9148 pre=0.9159 rec=0.9155 f1=0.9151
2026-08-27 07:59:14,937 | EPOCH 13 train_loss=0.132498
2026-08-27 07:59:15,542 | EPOCH 13 VAL loss=0.237917 acc=0.9197 pre=0.9207 rec=0.9202 f1=0.9202 BEST
2026-08-27 07:59:23,257 | EPOCH 14 train_loss=0.122898
2026-08-27 07:59:23,903 | EPOCH 14 VAL loss=0.253012 acc=0.9185 pre=0.9211 rec=0.9190 f1=0.9185
2026-08-27 07:59:32,563 | EPOCH 15 train_loss=0.113674
2026-08-27 07:59:33,191 | EPOCH 15 VAL loss=0.256592 acc=0.9148 pre=0.9163 rec=0.9157 f1=0.9146
2026-08-27 07:59:40,786 | EPOCH 16 train_loss=0.105088
2026-08-27 07:59:41,409 | EPOCH 16 VAL loss=0.267179 acc=0.9180 pre=0.9207 rec=0.9187 f1=0.9188
2026-08-27 07:59:48,973 | EPOCH 17 train_loss=0.097552
2026-08-27 07:59:49,608 | EPOCH 17 VAL loss=0.248013 acc=0.9217 pre=0.9224 rec=0.9227 f1=0.9225 BEST
2026-08-27 07:59:57,280 | EPOCH 18 train_loss=0.088767
2026-08-27 07:59:57,911 | EPOCH 18 VAL loss=0.258271 acc=0.9197 pre=0.9196 rec=0.9207 f1=0.9200
2026-08-27 08:00:05,799 | EPOCH 19 train_loss=0.082209
2026-08-27 08:00:06,565 | EPOCH 19 VAL loss=0.281077 acc=0.9195 pre=0.9217 rec=0.9198 f1=0.9200
2026-08-27 08:00:15,498 | EPOCH 20 train_loss=0.074901
2026-08-27 08:00:16,132 | EPOCH 20 VAL loss=0.304900 acc=0.9167 pre=0.9168 rec=0.9176 f1=0.9166
2026-08-27 08:00:23,678 | EPOCH 21 train_loss=0.067454
2026-08-27 08:00:24,565 | EPOCH 21 VAL loss=0.295600 acc=0.9180 pre=0.9186 rec=0.9189 f1=0.9183
2026-08-27 08:00:32,110 | EPOCH 22 train_loss=0.061734
2026-08-27 08:00:32,756 | EPOCH 22 VAL loss=0.330181 acc=0.9120 pre=0.9159 rec=0.9132 f1=0.9137
2026-08-27 08:00:40,853 | EPOCH 23 train_loss=0.055165
2026-08-27 08:00:41,484 | EPOCH 23 VAL loss=0.317037 acc=0.9158 pre=0.9165 rec=0.9167 f1=0.9159
2026-08-27 08:00:49,418 | EPOCH 24 train_loss=0.050640
2026-08-27 08:00:50,035 | EPOCH 24 VAL loss=0.352370 acc=0.9233 pre=0.9236 rec=0.9240 f1=0.9235 BEST
2026-08-27 08:00:58,434 | EPOCH 25 train_loss=0.046054
2026-08-27 08:00:59,096 | EPOCH 25 VAL loss=0.352160 acc=0.9170 pre=0.9193 rec=0.9174 f1=0.9177
2026-08-27 08:01:07,149 | EPOCH 26 train_loss=0.040923
2026-08-27 08:01:07,834 | EPOCH 26 VAL loss=0.383627 acc=0.9140 pre=0.9143 rec=0.9142 f1=0.9134
2026-08-27 08:01:15,923 | EPOCH 27 train_loss=0.036806
2026-08-27 08:01:16,563 | EPOCH 27 VAL loss=0.382699 acc=0.9172 pre=0.9170 rec=0.9185 f1=0.9174
2026-08-27 08:01:25,849 | EPOCH 28 train_loss=0.034110
2026-08-27 08:01:26,507 | EPOCH 28 VAL loss=0.417750 acc=0.9123 pre=0.9139 rec=0.9131 f1=0.9117
2026-08-27 08:01:34,696 | EPOCH 29 train_loss=0.030064
2026-08-27 08:01:35,384 | EPOCH 29 VAL loss=0.380044 acc=0.9162 pre=0.9171 rec=0.9169 f1=0.9169
2026-08-27 08:01:44,574 | EPOCH 30 train_loss=0.026348
2026-08-27 08:01:45,280 | EPOCH 30 VAL loss=0.386272 acc=0.9193 pre=0.9195 rec=0.9206 f1=0.9199
2026-08-27 08:01:53,425 | EPOCH 31 train_loss=0.023790
2026-08-27 08:01:54,145 | EPOCH 31 VAL loss=0.423780 acc=0.9207 pre=0.9210 rec=0.9217 f1=0.9212
2026-08-27 08:02:02,294 | EPOCH 32 train_loss=0.021097
2026-08-27 08:02:03,207 | EPOCH 32 VAL loss=0.441339 acc=0.9202 pre=0.9214 rec=0.9213 f1=0.9211
2026-08-27 08:02:12,512 | EPOCH 33 train_loss=0.019989
2026-08-27 08:02:13,183 | EPOCH 33 VAL loss=0.463165 acc=0.9190 pre=0.9196 rec=0.9195 f1=0.9188
2026-08-27 08:02:21,256 | EPOCH 34 train_loss=0.015856
2026-08-27 08:02:21,916 | EPOCH 34 VAL loss=0.487559 acc=0.9188 pre=0.9188 rec=0.9198 f1=0.9189
2026-08-27 08:02:21,925 | DONE best_epoch=24 best_val_loss=0.35237 early_stop=True time=297.84s
