2026-08-27 11:17:51,500 | START mlp_adam_lr0.0005_s2026 opt=adam lr=0.0005 seed=2026 device=cuda epochs=150 best_by=f1 stop_by=f1
2026-08-27 11:17:58,048 | EPOCH 1 train_loss=0.586971
2026-08-27 11:17:58,609 | EPOCH 1 VAL loss=0.452826 acc=0.8392 pre=0.8421 rec=0.8417 f1=0.8395 BEST
2026-08-27 11:18:05,569 | EPOCH 2 train_loss=0.401730
2026-08-27 11:18:06,132 | EPOCH 2 VAL loss=0.384107 acc=0.8607 pre=0.8619 rec=0.8624 f1=0.8609 BEST
2026-08-27 11:18:13,075 | EPOCH 3 train_loss=0.359963
2026-08-27 11:18:13,669 | EPOCH 3 VAL loss=0.368306 acc=0.8653 pre=0.8683 rec=0.8670 f1=0.8667 BEST
2026-08-27 11:18:20,543 | EPOCH 4 train_loss=0.330334
2026-08-27 11:18:21,088 | EPOCH 4 VAL loss=0.340824 acc=0.8747 pre=0.8764 rec=0.8752 f1=0.8756 BEST
2026-08-27 11:18:27,935 | EPOCH 5 train_loss=0.308607
2026-08-27 11:18:28,499 | EPOCH 5 VAL loss=0.329273 acc=0.8800 pre=0.8804 rec=0.8814 f1=0.8803 BEST
2026-08-27 11:18:35,266 | EPOCH 6 train_loss=0.291646
2026-08-27 11:18:35,803 | EPOCH 6 VAL loss=0.335493 acc=0.8745 pre=0.8868 rec=0.8766 f1=0.8785
2026-08-27 11:18:42,201 | EPOCH 7 train_loss=0.279311
2026-08-27 11:18:42,743 | EPOCH 7 VAL loss=0.315820 acc=0.8845 pre=0.8839 rec=0.8857 f1=0.8841 BEST
2026-08-27 11:18:49,633 | EPOCH 8 train_loss=0.264184
2026-08-27 11:18:50,180 | EPOCH 8 VAL loss=0.321040 acc=0.8823 pre=0.8828 rec=0.8836 f1=0.8803
2026-08-27 11:18:56,596 | EPOCH 9 train_loss=0.253194
2026-08-27 11:18:57,149 | EPOCH 9 VAL loss=0.314088 acc=0.8810 pre=0.8840 rec=0.8821 f1=0.8819
2026-08-27 11:19:03,616 | EPOCH 10 train_loss=0.244702
2026-08-27 11:19:04,156 | EPOCH 10 VAL loss=0.316120 acc=0.8868 pre=0.8875 rec=0.8876 f1=0.8851 BEST
2026-08-27 11:19:10,967 | EPOCH 11 train_loss=0.233071
2026-08-27 11:19:11,519 | EPOCH 11 VAL loss=0.308086 acc=0.8865 pre=0.8894 rec=0.8879 f1=0.8879 BEST
2026-08-27 11:19:18,341 | EPOCH 12 train_loss=0.225435
2026-08-27 11:19:18,898 | EPOCH 12 VAL loss=0.316292 acc=0.8872 pre=0.8900 rec=0.8884 f1=0.8878
2026-08-27 11:19:25,431 | EPOCH 13 train_loss=0.216928
2026-08-27 11:19:25,983 | EPOCH 13 VAL loss=0.297537 acc=0.8937 pre=0.8942 rec=0.8948 f1=0.8940 BEST
2026-08-27 11:19:33,297 | EPOCH 14 train_loss=0.207675
2026-08-27 11:19:33,894 | EPOCH 14 VAL loss=0.316974 acc=0.8850 pre=0.8873 rec=0.8854 f1=0.8855
2026-08-27 11:19:40,473 | EPOCH 15 train_loss=0.200719
2026-08-27 11:19:41,025 | EPOCH 15 VAL loss=0.306370 acc=0.8915 pre=0.8923 rec=0.8926 f1=0.8915
2026-08-27 11:19:47,623 | EPOCH 16 train_loss=0.193405
2026-08-27 11:19:48,189 | EPOCH 16 VAL loss=0.338844 acc=0.8825 pre=0.8868 rec=0.8828 f1=0.8794
2026-08-27 11:19:54,861 | EPOCH 17 train_loss=0.186300
2026-08-27 11:19:55,410 | EPOCH 17 VAL loss=0.333880 acc=0.8868 pre=0.8906 rec=0.8871 f1=0.8861
2026-08-27 11:20:01,997 | EPOCH 18 train_loss=0.182791
2026-08-27 11:20:02,553 | EPOCH 18 VAL loss=0.304998 acc=0.8962 pre=0.8983 rec=0.8964 f1=0.8963 BEST
2026-08-27 11:20:09,530 | EPOCH 19 train_loss=0.173162
2026-08-27 11:20:10,147 | EPOCH 19 VAL loss=0.316843 acc=0.8978 pre=0.8985 rec=0.8994 f1=0.8986 BEST
2026-08-27 11:20:17,032 | EPOCH 20 train_loss=0.166633
2026-08-27 11:20:17,583 | EPOCH 20 VAL loss=0.320362 acc=0.8923 pre=0.8943 rec=0.8932 f1=0.8930
2026-08-27 11:20:24,023 | EPOCH 21 train_loss=0.161763
2026-08-27 11:20:24,566 | EPOCH 21 VAL loss=0.350832 acc=0.8830 pre=0.8858 rec=0.8840 f1=0.8841
2026-08-27 11:20:30,983 | EPOCH 22 train_loss=0.156182
2026-08-27 11:20:31,547 | EPOCH 22 VAL loss=0.333479 acc=0.8887 pre=0.8925 rec=0.8891 f1=0.8896
2026-08-27 11:20:38,096 | EPOCH 23 train_loss=0.149165
2026-08-27 11:20:38,631 | EPOCH 23 VAL loss=0.367107 acc=0.8852 pre=0.8877 rec=0.8868 f1=0.8851
2026-08-27 11:20:45,174 | EPOCH 24 train_loss=0.145332
2026-08-27 11:20:45,728 | EPOCH 24 VAL loss=0.343229 acc=0.8932 pre=0.8937 rec=0.8936 f1=0.8922
2026-08-27 11:20:52,203 | EPOCH 25 train_loss=0.138320
2026-08-27 11:20:52,765 | EPOCH 25 VAL loss=0.351103 acc=0.8882 pre=0.8911 rec=0.8893 f1=0.8884
2026-08-27 11:20:59,299 | EPOCH 26 train_loss=0.134634
2026-08-27 11:20:59,851 | EPOCH 26 VAL loss=0.378583 acc=0.8942 pre=0.8961 rec=0.8944 f1=0.8924
2026-08-27 11:21:06,362 | EPOCH 27 train_loss=0.130797
2026-08-27 11:21:06,916 | EPOCH 27 VAL loss=0.346517 acc=0.8952 pre=0.8963 rec=0.8962 f1=0.8961
2026-08-27 11:21:13,430 | EPOCH 28 train_loss=0.125523
2026-08-27 11:21:14,005 | EPOCH 28 VAL loss=0.369769 acc=0.8925 pre=0.8966 rec=0.8940 f1=0.8941
2026-08-27 11:21:20,513 | EPOCH 29 train_loss=0.124341
2026-08-27 11:21:21,056 | EPOCH 29 VAL loss=0.369983 acc=0.8978 pre=0.8985 rec=0.8990 f1=0.8985
2026-08-27 11:21:21,064 | DONE best_epoch=19 best_val_loss=0.316843 early_stop=True time=208.94s
