2026-08-27 10:10:01,356 | START mlp_rmsprop_lr0.005_s42 opt=rmsprop lr=0.005 seed=42 device=cuda epochs=150 best_by=f1 stop_by=f1
2026-08-27 10:10:07,798 | EPOCH 1 train_loss=0.706783
2026-08-27 10:10:08,343 | EPOCH 1 VAL loss=0.426700 acc=0.8443 pre=0.8478 rec=0.8470 f1=0.8455 BEST
2026-08-27 10:10:15,099 | EPOCH 2 train_loss=0.411385
2026-08-27 10:10:15,650 | EPOCH 2 VAL loss=0.417011 acc=0.8452 pre=0.8510 rec=0.8451 f1=0.8458 BEST
2026-08-27 10:10:22,296 | EPOCH 3 train_loss=0.374597
2026-08-27 10:10:23,222 | EPOCH 3 VAL loss=0.408164 acc=0.8550 pre=0.8570 rec=0.8564 f1=0.8548 BEST
2026-08-27 10:10:29,885 | EPOCH 4 train_loss=0.352017
2026-08-27 10:10:30,432 | EPOCH 4 VAL loss=0.384359 acc=0.8600 pre=0.8625 rec=0.8612 f1=0.8611 BEST
2026-08-27 10:10:37,202 | EPOCH 5 train_loss=0.341877
2026-08-27 10:10:37,760 | EPOCH 5 VAL loss=0.378821 acc=0.8658 pre=0.8720 rec=0.8668 f1=0.8665 BEST
2026-08-27 10:10:44,560 | EPOCH 6 train_loss=0.332473
2026-08-27 10:10:45,115 | EPOCH 6 VAL loss=0.429918 acc=0.8595 pre=0.8629 rec=0.8609 f1=0.8565
2026-08-27 10:10:51,530 | EPOCH 7 train_loss=0.322505
2026-08-27 10:10:52,073 | EPOCH 7 VAL loss=0.412527 acc=0.8630 pre=0.8655 rec=0.8652 f1=0.8627
2026-08-27 10:10:58,595 | EPOCH 8 train_loss=0.314988
2026-08-27 10:10:59,132 | EPOCH 8 VAL loss=0.398994 acc=0.8678 pre=0.8710 rec=0.8688 f1=0.8675 BEST
2026-08-27 10:11:05,975 | EPOCH 9 train_loss=0.310730
2026-08-27 10:11:06,547 | EPOCH 9 VAL loss=0.377437 acc=0.8710 pre=0.8744 rec=0.8724 f1=0.8694 BEST
2026-08-27 10:11:13,207 | EPOCH 10 train_loss=0.304962
2026-08-27 10:11:13,785 | EPOCH 10 VAL loss=0.450700 acc=0.8538 pre=0.8630 rec=0.8551 f1=0.8546
2026-08-27 10:11:20,215 | EPOCH 11 train_loss=0.301461
2026-08-27 10:11:20,774 | EPOCH 11 VAL loss=0.433786 acc=0.8655 pre=0.8694 rec=0.8680 f1=0.8658
2026-08-27 10:11:27,225 | EPOCH 12 train_loss=0.297101
2026-08-27 10:11:27,774 | EPOCH 12 VAL loss=0.476855 acc=0.8615 pre=0.8672 rec=0.8613 f1=0.8613
2026-08-27 10:11:34,251 | EPOCH 13 train_loss=0.292951
2026-08-27 10:11:34,802 | EPOCH 13 VAL loss=0.439971 acc=0.8723 pre=0.8749 rec=0.8726 f1=0.8702 BEST
2026-08-27 10:11:41,770 | EPOCH 14 train_loss=0.299064
2026-08-27 10:11:42,310 | EPOCH 14 VAL loss=0.416727 acc=0.8720 pre=0.8735 rec=0.8732 f1=0.8708 BEST
2026-08-27 10:11:49,101 | EPOCH 15 train_loss=0.287923
2026-08-27 10:11:49,675 | EPOCH 15 VAL loss=0.418851 acc=0.8675 pre=0.8689 rec=0.8688 f1=0.8683
2026-08-27 10:11:56,087 | EPOCH 16 train_loss=0.287419
2026-08-27 10:11:56,637 | EPOCH 16 VAL loss=0.458195 acc=0.8662 pre=0.8708 rec=0.8675 f1=0.8659
2026-08-27 10:12:03,139 | EPOCH 17 train_loss=0.283860
2026-08-27 10:12:03,740 | EPOCH 17 VAL loss=0.438138 acc=0.8735 pre=0.8768 rec=0.8753 f1=0.8750 BEST
2026-08-27 10:12:10,615 | EPOCH 18 train_loss=0.281063
2026-08-27 10:12:11,148 | EPOCH 18 VAL loss=0.460536 acc=0.8648 pre=0.8686 rec=0.8663 f1=0.8633
2026-08-27 10:12:17,432 | EPOCH 19 train_loss=0.279483
2026-08-27 10:12:17,967 | EPOCH 19 VAL loss=0.463706 acc=0.8797 pre=0.8829 rec=0.8803 f1=0.8802 BEST
2026-08-27 10:12:24,696 | EPOCH 20 train_loss=0.277102
2026-08-27 10:12:25,238 | EPOCH 20 VAL loss=0.594623 acc=0.8652 pre=0.8682 rec=0.8659 f1=0.8622
2026-08-27 10:12:31,555 | EPOCH 21 train_loss=0.278674
2026-08-27 10:12:32,104 | EPOCH 21 VAL loss=0.466625 acc=0.8698 pre=0.8727 rec=0.8718 f1=0.8709
2026-08-27 10:12:38,519 | EPOCH 22 train_loss=0.274998
2026-08-27 10:12:39,069 | EPOCH 22 VAL loss=0.677419 acc=0.8418 pre=0.8481 rec=0.8445 f1=0.8422
2026-08-27 10:12:45,476 | EPOCH 23 train_loss=0.271388
2026-08-27 10:12:46,025 | EPOCH 23 VAL loss=0.530288 acc=0.8657 pre=0.8705 rec=0.8680 f1=0.8657
2026-08-27 10:12:52,350 | EPOCH 24 train_loss=0.267300
2026-08-27 10:12:52,888 | EPOCH 24 VAL loss=0.498376 acc=0.8743 pre=0.8749 rec=0.8753 f1=0.8738
2026-08-27 10:12:59,240 | EPOCH 25 train_loss=0.273650
2026-08-27 10:12:59,805 | EPOCH 25 VAL loss=0.557317 acc=0.8617 pre=0.8625 rec=0.8617 f1=0.8591
2026-08-27 10:13:06,378 | EPOCH 26 train_loss=0.268025
2026-08-27 10:13:06,916 | EPOCH 26 VAL loss=0.501158 acc=0.8675 pre=0.8707 rec=0.8673 f1=0.8663
2026-08-27 10:13:13,295 | EPOCH 27 train_loss=0.268921
2026-08-27 10:13:13,889 | EPOCH 27 VAL loss=0.525950 acc=0.8620 pre=0.8670 rec=0.8649 f1=0.8626
2026-08-27 10:13:20,245 | EPOCH 28 train_loss=0.271248
2026-08-27 10:13:20,785 | EPOCH 28 VAL loss=0.473222 acc=0.8807 pre=0.8806 rec=0.8815 f1=0.8795
2026-08-27 10:13:27,247 | EPOCH 29 train_loss=0.264347
2026-08-27 10:13:27,796 | EPOCH 29 VAL loss=0.517080 acc=0.8668 pre=0.8718 rec=0.8678 f1=0.8671
2026-08-27 10:13:27,802 | DONE best_epoch=19 best_val_loss=0.463706 early_stop=True time=205.81s
