2026-08-27 07:07:13,719 | START cnn_sgd_lr0.001_s123 opt=sgd lr=0.001 seed=123 device=cuda epochs=150 best_by=f1 stop_by=f1
2026-08-27 07:07:21,710 | EPOCH 1 train_loss=2.280194
2026-08-27 07:07:22,305 | EPOCH 1 VAL loss=2.246399 acc=0.3120 pre=0.2661 rec=0.3171 f1=0.2140 BEST
2026-08-27 07:07:29,916 | EPOCH 2 train_loss=2.153848
2026-08-27 07:07:30,520 | EPOCH 2 VAL loss=1.981996 acc=0.5197 pre=0.5971 rec=0.5140 f1=0.4405 BEST
2026-08-27 07:07:37,937 | EPOCH 3 train_loss=1.573422
2026-08-27 07:07:38,568 | EPOCH 3 VAL loss=1.199283 acc=0.6170 pre=0.6456 rec=0.6187 f1=0.5544 BEST
2026-08-27 07:07:46,439 | EPOCH 4 train_loss=1.014014
2026-08-27 07:07:47,018 | EPOCH 4 VAL loss=0.919841 acc=0.6572 pre=0.6634 rec=0.6590 f1=0.6248 BEST
2026-08-27 07:07:54,367 | EPOCH 5 train_loss=0.852983
2026-08-27 07:07:54,959 | EPOCH 5 VAL loss=0.828542 acc=0.6867 pre=0.6855 rec=0.6883 f1=0.6612 BEST
2026-08-27 07:08:03,115 | EPOCH 6 train_loss=0.784173
2026-08-27 07:08:03,797 | EPOCH 6 VAL loss=0.773872 acc=0.7152 pre=0.7176 rec=0.7169 f1=0.7110 BEST
2026-08-27 07:08:11,186 | EPOCH 7 train_loss=0.740740
2026-08-27 07:08:11,821 | EPOCH 7 VAL loss=0.736168 acc=0.7320 pre=0.7279 rec=0.7338 f1=0.7231 BEST
2026-08-27 07:08:19,168 | EPOCH 8 train_loss=0.709420
2026-08-27 07:08:19,746 | EPOCH 8 VAL loss=0.706789 acc=0.7407 pre=0.7369 rec=0.7421 f1=0.7359 BEST
2026-08-27 07:08:28,204 | EPOCH 9 train_loss=0.683375
2026-08-27 07:08:28,838 | EPOCH 9 VAL loss=0.685871 acc=0.7495 pre=0.7427 rec=0.7508 f1=0.7359
2026-08-27 07:08:36,236 | EPOCH 10 train_loss=0.662739
2026-08-27 07:08:36,860 | EPOCH 10 VAL loss=0.664648 acc=0.7593 pre=0.7535 rec=0.7608 f1=0.7527 BEST
2026-08-27 07:08:44,544 | EPOCH 11 train_loss=0.644512
2026-08-27 07:08:45,144 | EPOCH 11 VAL loss=0.660069 acc=0.7593 pre=0.7555 rec=0.7611 f1=0.7478
2026-08-27 07:08:52,623 | EPOCH 12 train_loss=0.629732
2026-08-27 07:08:53,232 | EPOCH 12 VAL loss=0.629991 acc=0.7705 pre=0.7629 rec=0.7712 f1=0.7642 BEST
2026-08-27 07:09:00,728 | EPOCH 13 train_loss=0.616174
2026-08-27 07:09:01,370 | EPOCH 13 VAL loss=0.620761 acc=0.7732 pre=0.7646 rec=0.7738 f1=0.7641
2026-08-27 07:09:08,907 | EPOCH 14 train_loss=0.604480
2026-08-27 07:09:09,539 | EPOCH 14 VAL loss=0.610135 acc=0.7803 pre=0.7771 rec=0.7817 f1=0.7736 BEST
2026-08-27 07:09:17,121 | EPOCH 15 train_loss=0.592770
2026-08-27 07:09:17,755 | EPOCH 15 VAL loss=0.605455 acc=0.7805 pre=0.7842 rec=0.7827 f1=0.7809 BEST
2026-08-27 07:09:25,354 | EPOCH 16 train_loss=0.583182
2026-08-27 07:09:25,943 | EPOCH 16 VAL loss=0.588797 acc=0.7875 pre=0.7868 rec=0.7894 f1=0.7863 BEST
2026-08-27 07:09:33,955 | EPOCH 17 train_loss=0.574251
2026-08-27 07:09:34,592 | EPOCH 17 VAL loss=0.582672 acc=0.7887 pre=0.7840 rec=0.7896 f1=0.7780
2026-08-27 07:09:41,772 | EPOCH 18 train_loss=0.565855
2026-08-27 07:09:42,432 | EPOCH 18 VAL loss=0.580809 acc=0.7890 pre=0.7925 rec=0.7898 f1=0.7859
2026-08-27 07:09:49,708 | EPOCH 19 train_loss=0.557383
2026-08-27 07:09:50,322 | EPOCH 19 VAL loss=0.564967 acc=0.7965 pre=0.7935 rec=0.7971 f1=0.7935 BEST
2026-08-27 07:09:58,176 | EPOCH 20 train_loss=0.549519
2026-08-27 07:09:58,773 | EPOCH 20 VAL loss=0.556996 acc=0.8027 pre=0.8011 rec=0.8036 f1=0.7978 BEST
2026-08-27 07:10:06,453 | EPOCH 21 train_loss=0.542125
2026-08-27 07:10:07,100 | EPOCH 21 VAL loss=0.569595 acc=0.7853 pre=0.7987 rec=0.7857 f1=0.7773
2026-08-27 07:10:14,865 | EPOCH 22 train_loss=0.535594
2026-08-27 07:10:15,548 | EPOCH 22 VAL loss=0.551691 acc=0.7973 pre=0.8010 rec=0.7986 f1=0.7950
2026-08-27 07:10:22,859 | EPOCH 23 train_loss=0.528921
2026-08-27 07:10:23,465 | EPOCH 23 VAL loss=0.545376 acc=0.8025 pre=0.8093 rec=0.8020 f1=0.7930
2026-08-27 07:10:30,787 | EPOCH 24 train_loss=0.521565
2026-08-27 07:10:31,393 | EPOCH 24 VAL loss=0.534999 acc=0.8088 pre=0.8161 rec=0.8107 f1=0.8108 BEST
2026-08-27 07:10:39,910 | EPOCH 25 train_loss=0.514434
2026-08-27 07:10:40,510 | EPOCH 25 VAL loss=0.527207 acc=0.8150 pre=0.8136 rec=0.8157 f1=0.8048
2026-08-27 07:10:47,796 | EPOCH 26 train_loss=0.508321
2026-08-27 07:10:48,383 | EPOCH 26 VAL loss=0.515526 acc=0.8140 pre=0.8134 rec=0.8146 f1=0.8113 BEST
2026-08-27 07:10:55,899 | EPOCH 27 train_loss=0.501963
2026-08-27 07:10:56,512 | EPOCH 27 VAL loss=0.510574 acc=0.8215 pre=0.8199 rec=0.8231 f1=0.8188 BEST
2026-08-27 07:11:05,196 | EPOCH 28 train_loss=0.495826
2026-08-27 07:11:05,805 | EPOCH 28 VAL loss=0.521943 acc=0.8042 pre=0.8226 rec=0.8056 f1=0.8085
2026-08-27 07:11:13,437 | EPOCH 29 train_loss=0.491418
2026-08-27 07:11:14,080 | EPOCH 29 VAL loss=0.497453 acc=0.8258 pre=0.8236 rec=0.8268 f1=0.8220 BEST
2026-08-27 07:11:21,871 | EPOCH 30 train_loss=0.485570
2026-08-27 07:11:22,471 | EPOCH 30 VAL loss=0.538409 acc=0.7932 pre=0.8317 rec=0.7963 f1=0.7969
2026-08-27 07:11:29,589 | EPOCH 31 train_loss=0.479970
2026-08-27 07:11:30,200 | EPOCH 31 VAL loss=0.482152 acc=0.8337 pre=0.8321 rec=0.8341 f1=0.8324 BEST
2026-08-27 07:11:38,176 | EPOCH 32 train_loss=0.474989
2026-08-27 07:11:38,781 | EPOCH 32 VAL loss=0.500167 acc=0.8263 pre=0.8275 rec=0.8279 f1=0.8238
2026-08-27 07:11:46,491 | EPOCH 33 train_loss=0.470751
2026-08-27 07:11:47,101 | EPOCH 33 VAL loss=0.495508 acc=0.8257 pre=0.8337 rec=0.8262 f1=0.8174
2026-08-27 07:11:54,403 | EPOCH 34 train_loss=0.466152
2026-08-27 07:11:55,009 | EPOCH 34 VAL loss=0.483219 acc=0.8280 pre=0.8290 rec=0.8299 f1=0.8255
2026-08-27 07:12:02,181 | EPOCH 35 train_loss=0.462367
2026-08-27 07:12:02,798 | EPOCH 35 VAL loss=0.476735 acc=0.8335 pre=0.8353 rec=0.8340 f1=0.8270
2026-08-27 07:12:10,229 | EPOCH 36 train_loss=0.457371
2026-08-27 07:12:10,807 | EPOCH 36 VAL loss=0.485473 acc=0.8270 pre=0.8372 rec=0.8291 f1=0.8308
2026-08-27 07:12:18,266 | EPOCH 37 train_loss=0.454367
2026-08-27 07:12:18,884 | EPOCH 37 VAL loss=0.481404 acc=0.8278 pre=0.8331 rec=0.8284 f1=0.8200
2026-08-27 07:12:26,803 | EPOCH 38 train_loss=0.450188
2026-08-27 07:12:27,620 | EPOCH 38 VAL loss=0.462375 acc=0.8388 pre=0.8430 rec=0.8398 f1=0.8403 BEST
2026-08-27 07:12:35,090 | EPOCH 39 train_loss=0.447397
2026-08-27 07:12:35,685 | EPOCH 39 VAL loss=0.461351 acc=0.8398 pre=0.8413 rec=0.8405 f1=0.8367
2026-08-27 07:12:42,894 | EPOCH 40 train_loss=0.444050
2026-08-27 07:12:43,522 | EPOCH 40 VAL loss=0.459641 acc=0.8362 pre=0.8389 rec=0.8376 f1=0.8355
2026-08-27 07:12:51,555 | EPOCH 41 train_loss=0.441090
2026-08-27 07:12:52,222 | EPOCH 41 VAL loss=0.443194 acc=0.8487 pre=0.8477 rec=0.8499 f1=0.8480 BEST
2026-08-27 07:12:59,936 | EPOCH 42 train_loss=0.438380
2026-08-27 07:13:00,553 | EPOCH 42 VAL loss=0.474026 acc=0.8335 pre=0.8403 rec=0.8351 f1=0.8322
2026-08-27 07:13:07,895 | EPOCH 43 train_loss=0.434017
2026-08-27 07:13:08,495 | EPOCH 43 VAL loss=0.463018 acc=0.8383 pre=0.8436 rec=0.8397 f1=0.8358
2026-08-27 07:13:16,557 | EPOCH 44 train_loss=0.431147
2026-08-27 07:13:17,165 | EPOCH 44 VAL loss=0.452983 acc=0.8408 pre=0.8464 rec=0.8414 f1=0.8362
2026-08-27 07:13:24,400 | EPOCH 45 train_loss=0.427343
2026-08-27 07:13:25,040 | EPOCH 45 VAL loss=0.436992 acc=0.8470 pre=0.8465 rec=0.8484 f1=0.8450
2026-08-27 07:13:32,133 | EPOCH 46 train_loss=0.425719
2026-08-27 07:13:32,752 | EPOCH 46 VAL loss=0.453552 acc=0.8368 pre=0.8396 rec=0.8379 f1=0.8343
2026-08-27 07:13:40,099 | EPOCH 47 train_loss=0.422897
2026-08-27 07:13:40,729 | EPOCH 47 VAL loss=0.449766 acc=0.8405 pre=0.8475 rec=0.8421 f1=0.8405
2026-08-27 07:13:47,992 | EPOCH 48 train_loss=0.421221
2026-08-27 07:13:48,600 | EPOCH 48 VAL loss=0.430998 acc=0.8515 pre=0.8505 rec=0.8523 f1=0.8503 BEST
2026-08-27 07:13:56,208 | EPOCH 49 train_loss=0.417674
2026-08-27 07:13:56,845 | EPOCH 49 VAL loss=0.441639 acc=0.8418 pre=0.8455 rec=0.8438 f1=0.8408
2026-08-27 07:14:03,983 | EPOCH 50 train_loss=0.415303
2026-08-27 07:14:04,613 | EPOCH 50 VAL loss=0.425110 acc=0.8500 pre=0.8505 rec=0.8509 f1=0.8475
2026-08-27 07:14:11,688 | EPOCH 51 train_loss=0.413619
2026-08-27 07:14:12,274 | EPOCH 51 VAL loss=0.431893 acc=0.8452 pre=0.8537 rec=0.8466 f1=0.8477
2026-08-27 07:14:20,372 | EPOCH 52 train_loss=0.410650
2026-08-27 07:14:20,986 | EPOCH 52 VAL loss=0.427793 acc=0.8512 pre=0.8530 rec=0.8516 f1=0.8471
2026-08-27 07:14:28,100 | EPOCH 53 train_loss=0.408080
2026-08-27 07:14:28,702 | EPOCH 53 VAL loss=0.424849 acc=0.8485 pre=0.8499 rec=0.8495 f1=0.8482
2026-08-27 07:14:36,024 | EPOCH 54 train_loss=0.404990
2026-08-27 07:14:36,630 | EPOCH 54 VAL loss=0.438251 acc=0.8422 pre=0.8508 rec=0.8448 f1=0.8447
2026-08-27 07:14:44,362 | EPOCH 55 train_loss=0.403695
2026-08-27 07:14:44,956 | EPOCH 55 VAL loss=0.438948 acc=0.8433 pre=0.8491 rec=0.8449 f1=0.8408
2026-08-27 07:14:52,041 | EPOCH 56 train_loss=0.400760
2026-08-27 07:14:52,634 | EPOCH 56 VAL loss=0.444048 acc=0.8372 pre=0.8488 rec=0.8376 f1=0.8311
2026-08-27 07:14:59,739 | EPOCH 57 train_loss=0.399772
2026-08-27 07:15:00,383 | EPOCH 57 VAL loss=0.453525 acc=0.8325 pre=0.8525 rec=0.8351 f1=0.8334
2026-08-27 07:15:08,417 | EPOCH 58 train_loss=0.397905
2026-08-27 07:15:08,995 | EPOCH 58 VAL loss=0.411782 acc=0.8562 pre=0.8570 rec=0.8571 f1=0.8551 BEST
2026-08-27 07:15:16,757 | EPOCH 59 train_loss=0.395557
2026-08-27 07:15:17,364 | EPOCH 59 VAL loss=0.434617 acc=0.8423 pre=0.8557 rec=0.8439 f1=0.8447
2026-08-27 07:15:25,095 | EPOCH 60 train_loss=0.393109
2026-08-27 07:15:25,706 | EPOCH 60 VAL loss=0.401639 acc=0.8592 pre=0.8595 rec=0.8597 f1=0.8591 BEST
2026-08-27 07:15:33,257 | EPOCH 61 train_loss=0.391811
2026-08-27 07:15:33,909 | EPOCH 61 VAL loss=0.411572 acc=0.8572 pre=0.8608 rec=0.8574 f1=0.8564
2026-08-27 07:15:40,841 | EPOCH 62 train_loss=0.389784
2026-08-27 07:15:41,446 | EPOCH 62 VAL loss=0.397343 acc=0.8622 pre=0.8613 rec=0.8636 f1=0.8618 BEST
2026-08-27 07:15:49,521 | EPOCH 63 train_loss=0.387588
2026-08-27 07:15:50,121 | EPOCH 63 VAL loss=0.416033 acc=0.8530 pre=0.8559 rec=0.8534 f1=0.8505
2026-08-27 07:15:57,354 | EPOCH 64 train_loss=0.385550
2026-08-27 07:15:57,976 | EPOCH 64 VAL loss=0.404005 acc=0.8567 pre=0.8610 rec=0.8584 f1=0.8578
2026-08-27 07:16:05,058 | EPOCH 65 train_loss=0.384340
2026-08-27 07:16:05,676 | EPOCH 65 VAL loss=0.392331 acc=0.8642 pre=0.8639 rec=0.8652 f1=0.8630 BEST
2026-08-27 07:16:13,335 | EPOCH 66 train_loss=0.382318
2026-08-27 07:16:14,012 | EPOCH 66 VAL loss=0.405401 acc=0.8580 pre=0.8597 rec=0.8589 f1=0.8540
2026-08-27 07:16:21,135 | EPOCH 67 train_loss=0.380189
2026-08-27 07:16:21,745 | EPOCH 67 VAL loss=0.416483 acc=0.8478 pre=0.8626 rec=0.8494 f1=0.8504
2026-08-27 07:16:28,911 | EPOCH 68 train_loss=0.378464
2026-08-27 07:16:29,843 | EPOCH 68 VAL loss=0.401396 acc=0.8567 pre=0.8590 rec=0.8573 f1=0.8534
2026-08-27 07:16:36,988 | EPOCH 69 train_loss=0.378126
2026-08-27 07:16:37,600 | EPOCH 69 VAL loss=0.391952 acc=0.8627 pre=0.8636 rec=0.8636 f1=0.8611
2026-08-27 07:16:44,974 | EPOCH 70 train_loss=0.375200
2026-08-27 07:16:45,569 | EPOCH 70 VAL loss=0.416594 acc=0.8518 pre=0.8598 rec=0.8524 f1=0.8461
2026-08-27 07:16:52,599 | EPOCH 71 train_loss=0.374024
2026-08-27 07:16:53,211 | EPOCH 71 VAL loss=0.385239 acc=0.8660 pre=0.8666 rec=0.8667 f1=0.8653 BEST
2026-08-27 07:17:01,049 | EPOCH 72 train_loss=0.372357
2026-08-27 07:17:01,663 | EPOCH 72 VAL loss=0.392143 acc=0.8623 pre=0.8659 rec=0.8639 f1=0.8638
2026-08-27 07:17:08,939 | EPOCH 73 train_loss=0.370603
2026-08-27 07:17:09,521 | EPOCH 73 VAL loss=0.384191 acc=0.8648 pre=0.8655 rec=0.8653 f1=0.8630
2026-08-27 07:17:17,019 | EPOCH 74 train_loss=0.368885
2026-08-27 07:17:17,646 | EPOCH 74 VAL loss=0.386840 acc=0.8643 pre=0.8660 rec=0.8649 f1=0.8643
2026-08-27 07:17:25,030 | EPOCH 75 train_loss=0.366612
2026-08-27 07:17:25,638 | EPOCH 75 VAL loss=0.385197 acc=0.8625 pre=0.8637 rec=0.8631 f1=0.8593
2026-08-27 07:17:32,745 | EPOCH 76 train_loss=0.366062
2026-08-27 07:17:33,362 | EPOCH 76 VAL loss=0.375204 acc=0.8697 pre=0.8692 rec=0.8705 f1=0.8694 BEST
2026-08-27 07:17:41,628 | EPOCH 77 train_loss=0.363500
2026-08-27 07:17:42,240 | EPOCH 77 VAL loss=0.388754 acc=0.8612 pre=0.8669 rec=0.8622 f1=0.8630
2026-08-27 07:17:49,479 | EPOCH 78 train_loss=0.363330
2026-08-27 07:17:50,090 | EPOCH 78 VAL loss=0.391452 acc=0.8605 pre=0.8641 rec=0.8612 f1=0.8596
2026-08-27 07:17:57,707 | EPOCH 79 train_loss=0.362098
2026-08-27 07:17:58,330 | EPOCH 79 VAL loss=0.385284 acc=0.8633 pre=0.8659 rec=0.8642 f1=0.8616
2026-08-27 07:18:05,529 | EPOCH 80 train_loss=0.359446
2026-08-27 07:18:06,128 | EPOCH 80 VAL loss=0.375586 acc=0.8697 pre=0.8716 rec=0.8703 f1=0.8699 BEST
2026-08-27 07:18:13,918 | EPOCH 81 train_loss=0.359090
2026-08-27 07:18:14,517 | EPOCH 81 VAL loss=0.375312 acc=0.8677 pre=0.8686 rec=0.8680 f1=0.8653
2026-08-27 07:18:22,386 | EPOCH 82 train_loss=0.356894
2026-08-27 07:18:22,988 | EPOCH 82 VAL loss=0.374242 acc=0.8702 pre=0.8714 rec=0.8704 f1=0.8673
2026-08-27 07:18:30,441 | EPOCH 83 train_loss=0.356350
2026-08-27 07:18:31,029 | EPOCH 83 VAL loss=0.380320 acc=0.8635 pre=0.8651 rec=0.8644 f1=0.8601
2026-08-27 07:18:38,130 | EPOCH 84 train_loss=0.353884
2026-08-27 07:18:38,739 | EPOCH 84 VAL loss=0.376150 acc=0.8698 pre=0.8711 rec=0.8704 f1=0.8669
2026-08-27 07:18:46,133 | EPOCH 85 train_loss=0.352656
2026-08-27 07:18:46,750 | EPOCH 85 VAL loss=0.389969 acc=0.8623 pre=0.8663 rec=0.8640 f1=0.8630
2026-08-27 07:18:54,036 | EPOCH 86 train_loss=0.351616
2026-08-27 07:18:54,674 | EPOCH 86 VAL loss=0.365719 acc=0.8710 pre=0.8724 rec=0.8716 f1=0.8701 BEST
2026-08-27 07:19:02,103 | EPOCH 87 train_loss=0.349868
2026-08-27 07:19:03,103 | EPOCH 87 VAL loss=0.388538 acc=0.8643 pre=0.8701 rec=0.8655 f1=0.8639
2026-08-27 07:19:10,985 | EPOCH 88 train_loss=0.349221
2026-08-27 07:19:11,578 | EPOCH 88 VAL loss=0.365514 acc=0.8747 pre=0.8750 rec=0.8763 f1=0.8751 BEST
2026-08-27 07:19:18,997 | EPOCH 89 train_loss=0.347503
2026-08-27 07:19:19,683 | EPOCH 89 VAL loss=0.366639 acc=0.8735 pre=0.8759 rec=0.8753 f1=0.8749
2026-08-27 07:19:27,749 | EPOCH 90 train_loss=0.346517
2026-08-27 07:19:28,351 | EPOCH 90 VAL loss=0.396611 acc=0.8595 pre=0.8660 rec=0.8599 f1=0.8517
2026-08-27 07:19:35,434 | EPOCH 91 train_loss=0.344797
2026-08-27 07:19:36,033 | EPOCH 91 VAL loss=0.370940 acc=0.8683 pre=0.8705 rec=0.8696 f1=0.8685
2026-08-27 07:19:43,148 | EPOCH 92 train_loss=0.344708
2026-08-27 07:19:43,822 | EPOCH 92 VAL loss=0.371180 acc=0.8680 pre=0.8689 rec=0.8686 f1=0.8660
2026-08-27 07:19:51,408 | EPOCH 93 train_loss=0.341992
2026-08-27 07:19:52,002 | EPOCH 93 VAL loss=0.373664 acc=0.8678 pre=0.8716 rec=0.8687 f1=0.8674
2026-08-27 07:19:59,175 | EPOCH 94 train_loss=0.341204
2026-08-27 07:19:59,787 | EPOCH 94 VAL loss=0.357546 acc=0.8763 pre=0.8770 rec=0.8774 f1=0.8765 BEST
2026-08-27 07:20:07,309 | EPOCH 95 train_loss=0.340605
2026-08-27 07:20:07,924 | EPOCH 95 VAL loss=0.370337 acc=0.8683 pre=0.8712 rec=0.8702 f1=0.8692
2026-08-27 07:20:16,046 | EPOCH 96 train_loss=0.340339
2026-08-27 07:20:16,644 | EPOCH 96 VAL loss=0.361189 acc=0.8727 pre=0.8737 rec=0.8740 f1=0.8726
2026-08-27 07:20:23,895 | EPOCH 97 train_loss=0.337930
2026-08-27 07:20:24,589 | EPOCH 97 VAL loss=0.359410 acc=0.8722 pre=0.8726 rec=0.8730 f1=0.8698
2026-08-27 07:20:32,684 | EPOCH 98 train_loss=0.337208
2026-08-27 07:20:33,294 | EPOCH 98 VAL loss=0.369704 acc=0.8705 pre=0.8740 rec=0.8713 f1=0.8696
2026-08-27 07:20:40,503 | EPOCH 99 train_loss=0.335157
2026-08-27 07:20:41,089 | EPOCH 99 VAL loss=0.374743 acc=0.8662 pre=0.8694 rec=0.8673 f1=0.8632
2026-08-27 07:20:48,401 | EPOCH 100 train_loss=0.334168
2026-08-27 07:20:48,984 | EPOCH 100 VAL loss=0.354341 acc=0.8765 pre=0.8772 rec=0.8772 f1=0.8750
2026-08-27 07:20:56,457 | EPOCH 101 train_loss=0.332456
2026-08-27 07:20:57,039 | EPOCH 101 VAL loss=0.355676 acc=0.8753 pre=0.8773 rec=0.8760 f1=0.8753
2026-08-27 07:21:04,505 | EPOCH 102 train_loss=0.331874
2026-08-27 07:21:05,111 | EPOCH 102 VAL loss=0.363007 acc=0.8713 pre=0.8734 rec=0.8725 f1=0.8705
2026-08-27 07:21:12,518 | EPOCH 103 train_loss=0.330822
2026-08-27 07:21:13,108 | EPOCH 103 VAL loss=0.372627 acc=0.8688 pre=0.8737 rec=0.8687 f1=0.8651
2026-08-27 07:21:21,212 | EPOCH 104 train_loss=0.329303
2026-08-27 07:21:21,799 | EPOCH 104 VAL loss=0.363027 acc=0.8675 pre=0.8702 rec=0.8678 f1=0.8664
2026-08-27 07:21:21,804 | DONE best_epoch=94 best_val_loss=0.357546 early_stop=True time=847.42s
