2026-08-27 07:35:19,561 | START cnn_adadelta_lr1.0_s42 opt=adadelta lr=1.0 seed=42 device=cuda epochs=150 best_by=f1 stop_by=f1
2026-08-27 07:35:28,713 | EPOCH 1 train_loss=0.511495
2026-08-27 07:35:29,385 | EPOCH 1 VAL loss=0.383114 acc=0.8623 pre=0.8661 rec=0.8654 f1=0.8624 BEST
2026-08-27 07:35:37,742 | EPOCH 2 train_loss=0.308290
2026-08-27 07:35:38,403 | EPOCH 2 VAL loss=0.299069 acc=0.8865 pre=0.8930 rec=0.8871 f1=0.8888 BEST
2026-08-27 07:35:46,833 | EPOCH 3 train_loss=0.258220
2026-08-27 07:35:47,506 | EPOCH 3 VAL loss=0.270591 acc=0.8983 pre=0.9007 rec=0.8998 f1=0.8993 BEST
2026-08-27 07:35:56,705 | EPOCH 4 train_loss=0.227423
2026-08-27 07:35:57,353 | EPOCH 4 VAL loss=0.262596 acc=0.9047 pre=0.9092 rec=0.9061 f1=0.9057 BEST
2026-08-27 07:36:06,016 | EPOCH 5 train_loss=0.204748
2026-08-27 07:36:06,668 | EPOCH 5 VAL loss=0.241072 acc=0.9108 pre=0.9140 rec=0.9111 f1=0.9106 BEST
2026-08-27 07:36:16,672 | EPOCH 6 train_loss=0.188017
2026-08-27 07:36:17,381 | EPOCH 6 VAL loss=0.236515 acc=0.9157 pre=0.9162 rec=0.9167 f1=0.9157 BEST
2026-08-27 07:36:26,210 | EPOCH 7 train_loss=0.169453
2026-08-27 07:36:26,881 | EPOCH 7 VAL loss=0.264488 acc=0.9080 pre=0.9139 rec=0.9099 f1=0.9092
2026-08-27 07:36:35,430 | EPOCH 8 train_loss=0.154727
2026-08-27 07:36:36,453 | EPOCH 8 VAL loss=0.238845 acc=0.9155 pre=0.9174 rec=0.9162 f1=0.9165 BEST
2026-08-27 07:36:45,259 | EPOCH 9 train_loss=0.139756
2026-08-27 07:36:45,966 | EPOCH 9 VAL loss=0.278807 acc=0.9093 pre=0.9116 rec=0.9105 f1=0.9097
2026-08-27 07:36:54,120 | EPOCH 10 train_loss=0.128111
2026-08-27 07:36:54,867 | EPOCH 10 VAL loss=0.276922 acc=0.9100 pre=0.9141 rec=0.9106 f1=0.9110
2026-08-27 07:37:04,195 | EPOCH 11 train_loss=0.116077
2026-08-27 07:37:04,856 | EPOCH 11 VAL loss=0.254128 acc=0.9163 pre=0.9171 rec=0.9176 f1=0.9171 BEST
2026-08-27 07:37:13,440 | EPOCH 12 train_loss=0.104641
2026-08-27 07:37:14,184 | EPOCH 12 VAL loss=0.298582 acc=0.9083 pre=0.9098 rec=0.9089 f1=0.9084
2026-08-27 07:37:23,512 | EPOCH 13 train_loss=0.093715
2026-08-27 07:37:24,398 | EPOCH 13 VAL loss=0.321966 acc=0.9178 pre=0.9196 rec=0.9180 f1=0.9173 BEST
2026-08-27 07:37:33,204 | EPOCH 14 train_loss=0.083235
2026-08-27 07:37:33,960 | EPOCH 14 VAL loss=0.322511 acc=0.9115 pre=0.9146 rec=0.9124 f1=0.9117
2026-08-27 07:37:42,638 | EPOCH 15 train_loss=0.074694
2026-08-27 07:37:44,057 | EPOCH 15 VAL loss=0.340306 acc=0.9192 pre=0.9197 rec=0.9199 f1=0.9189 BEST
2026-08-27 07:37:52,431 | EPOCH 16 train_loss=0.067070
2026-08-27 07:37:53,101 | EPOCH 16 VAL loss=0.320331 acc=0.9168 pre=0.9184 rec=0.9174 f1=0.9172
2026-08-27 07:38:01,428 | EPOCH 17 train_loss=0.059417
2026-08-27 07:38:02,103 | EPOCH 17 VAL loss=0.342608 acc=0.9183 pre=0.9195 rec=0.9194 f1=0.9194 BEST
2026-08-27 07:38:11,947 | EPOCH 18 train_loss=0.053452
2026-08-27 07:38:12,647 | EPOCH 18 VAL loss=0.324096 acc=0.9143 pre=0.9155 rec=0.9154 f1=0.9153
2026-08-27 07:38:20,893 | EPOCH 19 train_loss=0.046978
2026-08-27 07:38:21,556 | EPOCH 19 VAL loss=0.383974 acc=0.9150 pre=0.9197 rec=0.9161 f1=0.9169
2026-08-27 07:38:29,727 | EPOCH 20 train_loss=0.041934
2026-08-27 07:38:30,449 | EPOCH 20 VAL loss=0.459428 acc=0.9180 pre=0.9183 rec=0.9191 f1=0.9186
2026-08-27 07:38:38,574 | EPOCH 21 train_loss=0.037591
2026-08-27 07:38:39,272 | EPOCH 21 VAL loss=0.413215 acc=0.9147 pre=0.9164 rec=0.9160 f1=0.9158
2026-08-27 07:38:47,278 | EPOCH 22 train_loss=0.034589
2026-08-27 07:38:47,974 | EPOCH 22 VAL loss=0.434061 acc=0.9130 pre=0.9145 rec=0.9135 f1=0.9138
2026-08-27 07:38:57,092 | EPOCH 23 train_loss=0.029776
2026-08-27 07:38:57,778 | EPOCH 23 VAL loss=0.426742 acc=0.9145 pre=0.9155 rec=0.9156 f1=0.9153
2026-08-27 07:39:06,326 | EPOCH 24 train_loss=0.026353
2026-08-27 07:39:06,982 | EPOCH 24 VAL loss=0.478561 acc=0.9192 pre=0.9201 rec=0.9201 f1=0.9200 BEST
2026-08-27 07:39:16,743 | EPOCH 25 train_loss=0.023004
2026-08-27 07:39:17,398 | EPOCH 25 VAL loss=0.492281 acc=0.9182 pre=0.9191 rec=0.9185 f1=0.9182
2026-08-27 07:39:25,704 | EPOCH 26 train_loss=0.019324
2026-08-27 07:39:26,340 | EPOCH 26 VAL loss=0.466488 acc=0.9135 pre=0.9158 rec=0.9143 f1=0.9148
2026-08-27 07:39:34,516 | EPOCH 27 train_loss=0.016824
2026-08-27 07:39:35,208 | EPOCH 27 VAL loss=0.595205 acc=0.9182 pre=0.9181 rec=0.9192 f1=0.9181
2026-08-27 07:39:44,588 | EPOCH 28 train_loss=0.016458
2026-08-27 07:39:45,257 | EPOCH 28 VAL loss=0.594960 acc=0.9208 pre=0.9210 rec=0.9214 f1=0.9208 BEST
2026-08-27 07:39:53,805 | EPOCH 29 train_loss=0.013008
2026-08-27 07:39:54,454 | EPOCH 29 VAL loss=0.592622 acc=0.9190 pre=0.9206 rec=0.9198 f1=0.9201
2026-08-27 07:40:03,883 | EPOCH 30 train_loss=0.010229
2026-08-27 07:40:04,587 | EPOCH 30 VAL loss=0.582900 acc=0.9200 pre=0.9210 rec=0.9207 f1=0.9208
2026-08-27 07:40:12,618 | EPOCH 31 train_loss=0.008590
2026-08-27 07:40:13,307 | EPOCH 31 VAL loss=0.617464 acc=0.9198 pre=0.9209 rec=0.9202 f1=0.9202
2026-08-27 07:40:21,323 | EPOCH 32 train_loss=0.007706
2026-08-27 07:40:22,032 | EPOCH 32 VAL loss=0.692919 acc=0.9205 pre=0.9208 rec=0.9211 f1=0.9208 BEST
2026-08-27 07:40:31,647 | EPOCH 33 train_loss=0.008163
2026-08-27 07:40:32,336 | EPOCH 33 VAL loss=0.640647 acc=0.9178 pre=0.9180 rec=0.9187 f1=0.9182
2026-08-27 07:40:40,359 | EPOCH 34 train_loss=0.006774
2026-08-27 07:40:41,036 | EPOCH 34 VAL loss=0.639294 acc=0.9202 pre=0.9206 rec=0.9209 f1=0.9206
2026-08-27 07:40:50,381 | EPOCH 35 train_loss=0.005822
2026-08-27 07:40:51,054 | EPOCH 35 VAL loss=0.749978 acc=0.9168 pre=0.9188 rec=0.9171 f1=0.9174
2026-08-27 07:40:59,193 | EPOCH 36 train_loss=0.004196
2026-08-27 07:40:59,831 | EPOCH 36 VAL loss=0.777372 acc=0.9135 pre=0.9178 rec=0.9148 f1=0.9154
2026-08-27 07:41:08,110 | EPOCH 37 train_loss=0.002808
2026-08-27 07:41:08,801 | EPOCH 37 VAL loss=0.752073 acc=0.9212 pre=0.9222 rec=0.9217 f1=0.9219 BEST
2026-08-27 07:41:17,849 | EPOCH 38 train_loss=0.002709
2026-08-27 07:41:18,551 | EPOCH 38 VAL loss=0.750746 acc=0.9182 pre=0.9188 rec=0.9188 f1=0.9185
2026-08-27 07:41:26,822 | EPOCH 39 train_loss=0.002472
2026-08-27 07:41:27,540 | EPOCH 39 VAL loss=0.740657 acc=0.9192 pre=0.9197 rec=0.9196 f1=0.9194
2026-08-27 07:41:35,941 | EPOCH 40 train_loss=0.001997
2026-08-27 07:41:36,614 | EPOCH 40 VAL loss=0.776751 acc=0.9213 pre=0.9218 rec=0.9220 f1=0.9218
2026-08-27 07:41:44,830 | EPOCH 41 train_loss=0.002225
2026-08-27 07:41:45,508 | EPOCH 41 VAL loss=0.702939 acc=0.9218 pre=0.9227 rec=0.9225 f1=0.9226 BEST
2026-08-27 07:41:55,465 | EPOCH 42 train_loss=0.000806
2026-08-27 07:41:56,167 | EPOCH 42 VAL loss=0.796750 acc=0.9192 pre=0.9197 rec=0.9199 f1=0.9198
2026-08-27 07:42:04,720 | EPOCH 43 train_loss=0.000835
2026-08-27 07:42:05,421 | EPOCH 43 VAL loss=0.810546 acc=0.9217 pre=0.9225 rec=0.9225 f1=0.9224
2026-08-27 07:42:13,306 | EPOCH 44 train_loss=0.000112
2026-08-27 07:42:13,977 | EPOCH 44 VAL loss=0.820189 acc=0.9192 pre=0.9199 rec=0.9200 f1=0.9199
2026-08-27 07:42:22,734 | EPOCH 45 train_loss=0.000030
2026-08-27 07:42:23,404 | EPOCH 45 VAL loss=0.816589 acc=0.9208 pre=0.9215 rec=0.9215 f1=0.9215
2026-08-27 07:42:31,366 | EPOCH 46 train_loss=0.000024
2026-08-27 07:42:32,002 | EPOCH 46 VAL loss=0.845949 acc=0.9220 pre=0.9227 rec=0.9228 f1=0.9227 BEST
2026-08-27 07:42:42,008 | EPOCH 47 train_loss=0.000015
2026-08-27 07:42:42,674 | EPOCH 47 VAL loss=0.850499 acc=0.9222 pre=0.9228 rec=0.9229 f1=0.9228 BEST
2026-08-27 07:42:50,912 | EPOCH 48 train_loss=0.000014
2026-08-27 07:42:51,547 | EPOCH 48 VAL loss=0.860388 acc=0.9225 pre=0.9231 rec=0.9232 f1=0.9231 BEST
2026-08-27 07:42:59,848 | EPOCH 49 train_loss=0.000012
2026-08-27 07:43:00,486 | EPOCH 49 VAL loss=0.860833 acc=0.9213 pre=0.9220 rec=0.9221 f1=0.9221
2026-08-27 07:43:08,845 | EPOCH 50 train_loss=0.000011
2026-08-27 07:43:09,486 | EPOCH 50 VAL loss=0.875451 acc=0.9217 pre=0.9223 rec=0.9224 f1=0.9224
2026-08-27 07:43:17,265 | EPOCH 51 train_loss=0.000010
2026-08-27 07:43:17,904 | EPOCH 51 VAL loss=0.874044 acc=0.9223 pre=0.9230 rec=0.9231 f1=0.9231
2026-08-27 07:43:26,417 | EPOCH 52 train_loss=0.000010
2026-08-27 07:43:27,102 | EPOCH 52 VAL loss=0.879720 acc=0.9223 pre=0.9230 rec=0.9231 f1=0.9230
2026-08-27 07:43:35,074 | EPOCH 53 train_loss=0.000009
2026-08-27 07:43:35,706 | EPOCH 53 VAL loss=0.884998 acc=0.9218 pre=0.9224 rec=0.9226 f1=0.9225
2026-08-27 07:43:43,317 | EPOCH 54 train_loss=0.000009
2026-08-27 07:43:43,979 | EPOCH 54 VAL loss=0.889860 acc=0.9222 pre=0.9227 rec=0.9229 f1=0.9228
2026-08-27 07:43:52,736 | EPOCH 55 train_loss=0.000008
2026-08-27 07:43:53,344 | EPOCH 55 VAL loss=0.890921 acc=0.9225 pre=0.9232 rec=0.9233 f1=0.9232 BEST
2026-08-27 07:44:01,384 | EPOCH 56 train_loss=0.000008
2026-08-27 07:44:02,004 | EPOCH 56 VAL loss=0.896047 acc=0.9222 pre=0.9228 rec=0.9229 f1=0.9228
2026-08-27 07:44:10,305 | EPOCH 57 train_loss=0.000007
2026-08-27 07:44:11,185 | EPOCH 57 VAL loss=0.898272 acc=0.9217 pre=0.9223 rec=0.9224 f1=0.9223
2026-08-27 07:44:18,662 | EPOCH 58 train_loss=0.000007
2026-08-27 07:44:19,261 | EPOCH 58 VAL loss=0.899445 acc=0.9225 pre=0.9232 rec=0.9233 f1=0.9232 BEST
2026-08-27 07:44:27,131 | EPOCH 59 train_loss=0.000007
2026-08-27 07:44:27,752 | EPOCH 59 VAL loss=0.901736 acc=0.9222 pre=0.9229 rec=0.9229 f1=0.9229
2026-08-27 07:44:36,400 | EPOCH 60 train_loss=0.000007
2026-08-27 07:44:37,013 | EPOCH 60 VAL loss=0.907386 acc=0.9222 pre=0.9229 rec=0.9229 f1=0.9229
2026-08-27 07:44:44,406 | EPOCH 61 train_loss=0.000006
2026-08-27 07:44:45,061 | EPOCH 61 VAL loss=0.907428 acc=0.9223 pre=0.9231 rec=0.9231 f1=0.9231
2026-08-27 07:44:52,553 | EPOCH 62 train_loss=0.000006
2026-08-27 07:44:53,144 | EPOCH 62 VAL loss=0.913223 acc=0.9223 pre=0.9231 rec=0.9231 f1=0.9231
2026-08-27 07:45:01,244 | EPOCH 63 train_loss=0.000006
2026-08-27 07:45:01,858 | EPOCH 63 VAL loss=0.915394 acc=0.9223 pre=0.9230 rec=0.9231 f1=0.9230
2026-08-27 07:45:09,274 | EPOCH 64 train_loss=0.000006
2026-08-27 07:45:09,872 | EPOCH 64 VAL loss=0.919149 acc=0.9222 pre=0.9229 rec=0.9229 f1=0.9229
2026-08-27 07:45:17,630 | EPOCH 65 train_loss=0.000006
2026-08-27 07:45:18,246 | EPOCH 65 VAL loss=0.918983 acc=0.9222 pre=0.9229 rec=0.9229 f1=0.9229
2026-08-27 07:45:25,729 | EPOCH 66 train_loss=0.000005
2026-08-27 07:45:26,340 | EPOCH 66 VAL loss=0.921928 acc=0.9222 pre=0.9229 rec=0.9229 f1=0.9229
2026-08-27 07:45:33,912 | EPOCH 67 train_loss=0.000005
2026-08-27 07:45:34,493 | EPOCH 67 VAL loss=0.924874 acc=0.9222 pre=0.9228 rec=0.9229 f1=0.9229
2026-08-27 07:45:42,591 | EPOCH 68 train_loss=0.000005
2026-08-27 07:45:43,189 | EPOCH 68 VAL loss=0.927428 acc=0.9218 pre=0.9225 rec=0.9226 f1=0.9225
2026-08-27 07:45:43,197 | DONE best_epoch=58 best_val_loss=0.899445 early_stop=True time=622.94s
