2026-08-27 17:00:34,897 | START mlp_nadam_lr0.0005_s2026 opt=nadam lr=0.0005 seed=2026 device=cuda epochs=150 best_by=f1 stop_by=f1
2026-08-27 17:00:56,484 | EPOCH 1 train_loss=0.572415
2026-08-27 17:00:58,634 | EPOCH 1 VAL loss=0.439462 acc=0.8468 pre=0.8456 rec=0.8482 f1=0.8445 BEST
2026-08-27 17:01:03,726 | START mlp_nadam_lr0.0005_s2026 opt=nadam lr=0.0005 seed=2026 device=cuda epochs=150 best_by=f1 stop_by=f1
2026-08-27 17:01:03,754 | RESUMED from epoch 1, batch 0
2026-08-27 17:01:20,453 | EPOCH 2 train_loss=0.392519
2026-08-27 17:01:22,247 | EPOCH 2 VAL loss=0.388163 acc=0.8602 pre=0.8631 rec=0.8620 f1=0.8601 BEST
2026-08-27 17:01:23,493 | START mlp_nadam_lr0.0005_s2026 opt=nadam lr=0.0005 seed=2026 device=cuda epochs=150 best_by=f1 stop_by=f1
2026-08-27 17:01:23,520 | RESUMED from epoch 1, batch 800
2026-08-27 17:01:24,499 | EPOCH 2 train_loss=0.392519
2026-08-27 17:01:26,261 | EPOCH 2 VAL loss=0.388163 acc=0.8602 pre=0.8631 rec=0.8620 f1=0.8601 BEST
2026-08-27 17:01:40,996 | EPOCH 2 train_loss=0.351603
2026-08-27 17:01:41,999 | EPOCH 3 train_loss=0.347438
2026-08-27 17:01:42,787 | EPOCH 2 VAL loss=0.388163 acc=0.8602 pre=0.8631 rec=0.8620 f1=0.8601 BEST
2026-08-27 17:01:43,697 | EPOCH 3 VAL loss=0.396631 acc=0.8513 pre=0.8693 rec=0.8556 f1=0.8546
2026-08-27 17:01:49,534 | EPOCH 3 train_loss=0.347438
2026-08-27 17:01:51,465 | EPOCH 3 VAL loss=0.396631 acc=0.8513 pre=0.8693 rec=0.8556 f1=0.8546
2026-08-27 17:02:03,951 | EPOCH 3 train_loss=0.347438
2026-08-27 17:02:05,744 | EPOCH 3 VAL loss=0.396631 acc=0.8513 pre=0.8693 rec=0.8556 f1=0.8546
2026-08-27 17:02:06,024 | EPOCH 4 train_loss=0.319874
2026-08-27 17:02:07,928 | EPOCH 4 VAL loss=0.345051 acc=0.8722 pre=0.8731 rec=0.8725 f1=0.8720 BEST
2026-08-27 17:02:14,467 | EPOCH 4 train_loss=0.319874
2026-08-27 17:02:15,912 | EPOCH 4 VAL loss=0.345051 acc=0.8722 pre=0.8731 rec=0.8725 f1=0.8720 BEST
2026-08-27 17:02:27,039 | EPOCH 4 train_loss=0.319874
2026-08-27 17:02:28,692 | EPOCH 4 VAL loss=0.345051 acc=0.8722 pre=0.8731 rec=0.8725 f1=0.8720 BEST
2026-08-27 17:02:29,466 | EPOCH 5 train_loss=0.298291
2026-08-27 17:02:31,412 | EPOCH 5 VAL loss=0.335410 acc=0.8765 pre=0.8777 rec=0.8778 f1=0.8758 BEST
2026-08-27 17:02:38,942 | EPOCH 5 train_loss=0.298291
2026-08-27 17:02:40,406 | EPOCH 5 VAL loss=0.335410 acc=0.8765 pre=0.8777 rec=0.8778 f1=0.8758 BEST
2026-08-27 17:02:50,729 | EPOCH 5 train_loss=0.298291
2026-08-27 17:02:52,819 | EPOCH 6 train_loss=0.281369
2026-08-27 17:02:53,363 | EPOCH 5 VAL loss=0.335410 acc=0.8765 pre=0.8777 rec=0.8778 f1=0.8758 BEST
2026-08-27 17:02:55,235 | EPOCH 6 VAL loss=0.316937 acc=0.8805 pre=0.8818 rec=0.8819 f1=0.8813 BEST
2026-08-27 17:03:03,598 | EPOCH 6 train_loss=0.281369
2026-08-27 17:03:05,390 | EPOCH 6 VAL loss=0.316937 acc=0.8805 pre=0.8818 rec=0.8819 f1=0.8813 BEST
2026-08-27 17:03:13,289 | EPOCH 6 train_loss=0.281369
2026-08-27 17:03:15,297 | EPOCH 6 VAL loss=0.316937 acc=0.8805 pre=0.8818 rec=0.8819 f1=0.8813 BEST
2026-08-27 17:03:16,053 | EPOCH 7 train_loss=0.266730
2026-08-27 17:03:17,926 | EPOCH 7 VAL loss=0.313977 acc=0.8825 pre=0.8865 rec=0.8843 f1=0.8841 BEST
2026-08-27 17:03:26,435 | EPOCH 7 train_loss=0.266730
2026-08-27 17:03:28,254 | EPOCH 7 VAL loss=0.313977 acc=0.8825 pre=0.8865 rec=0.8843 f1=0.8841 BEST
2026-08-27 17:03:36,996 | EPOCH 7 train_loss=0.266730
2026-08-27 17:03:38,824 | EPOCH 7 VAL loss=0.313977 acc=0.8825 pre=0.8865 rec=0.8843 f1=0.8841 BEST
2026-08-27 17:03:40,345 | EPOCH 8 train_loss=0.254674
2026-08-27 17:03:41,850 | EPOCH 8 VAL loss=0.318851 acc=0.8798 pre=0.8820 rec=0.8817 f1=0.8807
2026-08-27 17:03:49,916 | EPOCH 8 train_loss=0.254674
2026-08-27 17:03:51,542 | EPOCH 8 VAL loss=0.318851 acc=0.8798 pre=0.8820 rec=0.8817 f1=0.8807
2026-08-27 17:04:00,477 | EPOCH 8 train_loss=0.254674
2026-08-27 17:04:02,258 | EPOCH 8 VAL loss=0.318851 acc=0.8798 pre=0.8820 rec=0.8817 f1=0.8807
2026-08-27 17:04:02,344 | EPOCH 9 train_loss=0.242767
2026-08-27 17:04:04,251 | EPOCH 9 VAL loss=0.311978 acc=0.8855 pre=0.8881 rec=0.8868 f1=0.8865 BEST
2026-08-27 17:04:11,492 | EPOCH 9 train_loss=0.242767
2026-08-27 17:04:12,891 | EPOCH 9 VAL loss=0.311978 acc=0.8855 pre=0.8881 rec=0.8868 f1=0.8865 BEST
2026-08-27 17:04:24,030 | EPOCH 9 train_loss=0.242767
2026-08-27 17:04:25,824 | EPOCH 9 VAL loss=0.311978 acc=0.8855 pre=0.8881 rec=0.8868 f1=0.8865 BEST
2026-08-27 17:04:28,038 | EPOCH 10 train_loss=0.232267
2026-08-27 17:04:30,073 | EPOCH 10 VAL loss=0.317967 acc=0.8863 pre=0.8880 rec=0.8871 f1=0.8857
2026-08-27 17:04:34,341 | EPOCH 10 train_loss=0.232267
2026-08-27 17:04:36,483 | EPOCH 10 VAL loss=0.317967 acc=0.8863 pre=0.8880 rec=0.8871 f1=0.8857
2026-08-27 17:04:48,903 | EPOCH 10 train_loss=0.232267
2026-08-27 17:04:50,680 | EPOCH 11 train_loss=0.224012
2026-08-27 17:04:50,814 | EPOCH 10 VAL loss=0.317967 acc=0.8863 pre=0.8880 rec=0.8871 f1=0.8857
2026-08-27 17:04:52,409 | EPOCH 11 VAL loss=0.312773 acc=0.8863 pre=0.8903 rec=0.8885 f1=0.8879 BEST
2026-08-27 17:04:57,658 | EPOCH 11 train_loss=0.224012
2026-08-27 17:04:59,555 | EPOCH 11 VAL loss=0.312773 acc=0.8863 pre=0.8903 rec=0.8885 f1=0.8879 BEST
2026-08-27 17:05:11,239 | EPOCH 11 train_loss=0.224012
2026-08-27 17:05:12,969 | EPOCH 11 VAL loss=0.312773 acc=0.8863 pre=0.8903 rec=0.8885 f1=0.8879 BEST
2026-08-27 17:05:14,813 | EPOCH 12 train_loss=0.213492
2026-08-27 17:05:16,728 | EPOCH 12 VAL loss=0.312227 acc=0.8870 pre=0.8886 rec=0.8879 f1=0.8873
2026-08-27 17:05:22,345 | EPOCH 12 train_loss=0.213492
2026-08-27 17:05:24,037 | EPOCH 12 VAL loss=0.312227 acc=0.8870 pre=0.8886 rec=0.8879 f1=0.8873
2026-08-27 17:05:34,726 | EPOCH 12 train_loss=0.213492
2026-08-27 17:05:36,935 | EPOCH 12 VAL loss=0.312227 acc=0.8870 pre=0.8886 rec=0.8879 f1=0.8873
2026-08-27 17:05:37,030 | EPOCH 13 train_loss=0.205677
2026-08-27 17:05:38,965 | EPOCH 13 VAL loss=0.309714 acc=0.8935 pre=0.8942 rec=0.8944 f1=0.8938 BEST
2026-08-27 17:05:44,208 | EPOCH 13 train_loss=0.205677
2026-08-27 17:05:45,864 | EPOCH 13 VAL loss=0.309714 acc=0.8935 pre=0.8942 rec=0.8944 f1=0.8938 BEST
2026-08-27 17:05:58,189 | EPOCH 13 train_loss=0.205677
2026-08-27 17:05:58,986 | EPOCH 14 train_loss=0.199177
2026-08-27 17:06:00,546 | EPOCH 13 VAL loss=0.309714 acc=0.8935 pre=0.8942 rec=0.8944 f1=0.8938 BEST
2026-08-27 17:06:01,071 | EPOCH 14 VAL loss=0.299755 acc=0.8933 pre=0.8941 rec=0.8937 f1=0.8928
2026-08-27 17:06:09,054 | EPOCH 14 train_loss=0.199177
2026-08-27 17:06:10,622 | EPOCH 14 VAL loss=0.299755 acc=0.8933 pre=0.8941 rec=0.8937 f1=0.8928
2026-08-27 17:06:21,300 | EPOCH 15 train_loss=0.190588
2026-08-27 17:06:21,510 | EPOCH 14 train_loss=0.199177
2026-08-27 17:06:22,948 | EPOCH 15 VAL loss=0.314916 acc=0.8870 pre=0.8892 rec=0.8885 f1=0.8884
2026-08-27 17:06:23,659 | EPOCH 14 VAL loss=0.299755 acc=0.8933 pre=0.8941 rec=0.8937 f1=0.8928
2026-08-27 17:06:31,416 | EPOCH 15 train_loss=0.190588
2026-08-27 17:06:34,015 | EPOCH 15 VAL loss=0.314916 acc=0.8870 pre=0.8892 rec=0.8885 f1=0.8884
2026-08-27 17:06:42,252 | EPOCH 16 train_loss=0.182472
2026-08-27 17:06:44,213 | EPOCH 16 VAL loss=0.331539 acc=0.8835 pre=0.8870 rec=0.8844 f1=0.8814
2026-08-27 17:06:45,198 | EPOCH 15 train_loss=0.190588
2026-08-27 17:06:46,811 | EPOCH 15 VAL loss=0.314916 acc=0.8870 pre=0.8892 rec=0.8885 f1=0.8884
2026-08-27 17:06:55,060 | EPOCH 16 train_loss=0.182472
2026-08-27 17:06:57,725 | EPOCH 16 VAL loss=0.331539 acc=0.8835 pre=0.8870 rec=0.8844 f1=0.8814
2026-08-27 17:07:04,354 | EPOCH 17 train_loss=0.176813
2026-08-27 17:07:06,260 | EPOCH 17 VAL loss=0.323713 acc=0.8893 pre=0.8924 rec=0.8898 f1=0.8871
2026-08-27 17:07:08,366 | EPOCH 16 train_loss=0.182472
2026-08-27 17:07:10,332 | EPOCH 16 VAL loss=0.331539 acc=0.8835 pre=0.8870 rec=0.8844 f1=0.8814
2026-08-27 17:07:18,556 | EPOCH 17 train_loss=0.176813
2026-08-27 17:07:21,103 | EPOCH 17 VAL loss=0.323713 acc=0.8893 pre=0.8924 rec=0.8898 f1=0.8871
2026-08-27 17:07:25,986 | EPOCH 18 train_loss=0.169082
2026-08-27 17:07:27,621 | EPOCH 18 VAL loss=0.325861 acc=0.8907 pre=0.8942 rec=0.8912 f1=0.8922
2026-08-27 17:07:30,864 | EPOCH 17 train_loss=0.176813
2026-08-27 17:07:32,679 | EPOCH 17 VAL loss=0.323713 acc=0.8893 pre=0.8924 rec=0.8898 f1=0.8871
2026-08-27 17:07:41,811 | EPOCH 18 train_loss=0.169082
2026-08-27 17:07:43,562 | EPOCH 18 VAL loss=0.325861 acc=0.8907 pre=0.8942 rec=0.8912 f1=0.8922
2026-08-27 17:07:47,837 | EPOCH 19 train_loss=0.162538
2026-08-27 17:07:50,014 | EPOCH 19 VAL loss=0.322261 acc=0.8955 pre=0.8951 rec=0.8968 f1=0.8953 BEST
2026-08-27 17:07:53,591 | EPOCH 18 train_loss=0.169082
2026-08-27 17:07:55,388 | EPOCH 18 VAL loss=0.325861 acc=0.8907 pre=0.8942 rec=0.8912 f1=0.8922
2026-08-27 17:08:04,857 | EPOCH 19 train_loss=0.162538
2026-08-27 17:08:06,452 | EPOCH 19 VAL loss=0.322261 acc=0.8955 pre=0.8951 rec=0.8968 f1=0.8953 BEST
2026-08-27 17:08:10,079 | EPOCH 20 train_loss=0.157425
2026-08-27 17:08:11,972 | EPOCH 20 VAL loss=0.339907 acc=0.8878 pre=0.8899 rec=0.8882 f1=0.8880
2026-08-27 17:08:16,897 | EPOCH 19 train_loss=0.162538
2026-08-27 17:08:18,662 | EPOCH 19 VAL loss=0.322261 acc=0.8955 pre=0.8951 rec=0.8968 f1=0.8953 BEST
2026-08-27 17:08:28,023 | EPOCH 20 train_loss=0.157425
2026-08-27 17:08:29,560 | EPOCH 20 VAL loss=0.339907 acc=0.8878 pre=0.8899 rec=0.8882 f1=0.8880
2026-08-27 17:08:32,315 | EPOCH 21 train_loss=0.152221
2026-08-27 17:08:33,992 | EPOCH 21 VAL loss=0.336479 acc=0.8862 pre=0.8886 rec=0.8869 f1=0.8864
2026-08-27 17:08:40,024 | EPOCH 20 train_loss=0.157425
2026-08-27 17:08:42,023 | EPOCH 20 VAL loss=0.339907 acc=0.8878 pre=0.8899 rec=0.8882 f1=0.8880
2026-08-27 17:08:48,210 | EPOCH 21 train_loss=0.152221
2026-08-27 17:08:49,878 | EPOCH 21 VAL loss=0.336479 acc=0.8862 pre=0.8886 rec=0.8869 f1=0.8864
2026-08-27 17:08:55,246 | EPOCH 22 train_loss=0.146016
2026-08-27 17:08:57,084 | EPOCH 22 VAL loss=0.345598 acc=0.8887 pre=0.8934 rec=0.8894 f1=0.8905
2026-08-27 17:09:01,821 | EPOCH 21 train_loss=0.152221
2026-08-27 17:09:03,672 | EPOCH 21 VAL loss=0.336479 acc=0.8862 pre=0.8886 rec=0.8869 f1=0.8864
2026-08-27 17:09:10,831 | EPOCH 22 train_loss=0.146016
2026-08-27 17:09:12,390 | EPOCH 22 VAL loss=0.345598 acc=0.8887 pre=0.8934 rec=0.8894 f1=0.8905
2026-08-27 17:09:17,582 | EPOCH 23 train_loss=0.140883
2026-08-27 17:09:19,194 | EPOCH 23 VAL loss=0.355132 acc=0.8945 pre=0.8959 rec=0.8961 f1=0.8951
2026-08-27 17:09:25,172 | EPOCH 22 train_loss=0.146016
2026-08-27 17:09:27,071 | EPOCH 22 VAL loss=0.345598 acc=0.8887 pre=0.8934 rec=0.8894 f1=0.8905
2026-08-27 17:09:30,680 | EPOCH 23 train_loss=0.140883
2026-08-27 17:09:33,138 | EPOCH 23 VAL loss=0.355132 acc=0.8945 pre=0.8959 rec=0.8961 f1=0.8951
2026-08-27 17:09:38,089 | EPOCH 24 train_loss=0.136999
2026-08-27 17:09:40,130 | EPOCH 24 VAL loss=0.346653 acc=0.8905 pre=0.8921 rec=0.8908 f1=0.8905
2026-08-27 17:09:48,809 | EPOCH 23 train_loss=0.140883
2026-08-27 17:09:50,609 | EPOCH 23 VAL loss=0.355132 acc=0.8945 pre=0.8959 rec=0.8961 f1=0.8951
2026-08-27 17:09:52,777 | EPOCH 24 train_loss=0.136999
2026-08-27 17:09:54,455 | EPOCH 24 VAL loss=0.346653 acc=0.8905 pre=0.8921 rec=0.8908 f1=0.8905
2026-08-27 17:10:00,359 | EPOCH 25 train_loss=0.129609
2026-08-27 17:10:02,973 | EPOCH 25 VAL loss=0.348903 acc=0.8887 pre=0.8922 rec=0.8892 f1=0.8885
2026-08-27 17:10:09,518 | EPOCH 24 train_loss=0.136999
2026-08-27 17:10:11,020 | EPOCH 24 VAL loss=0.346653 acc=0.8905 pre=0.8921 rec=0.8908 f1=0.8905
2026-08-27 17:10:14,366 | EPOCH 25 train_loss=0.129609
2026-08-27 17:10:16,184 | EPOCH 25 VAL loss=0.348903 acc=0.8887 pre=0.8922 rec=0.8892 f1=0.8885
2026-08-27 17:10:22,889 | EPOCH 26 train_loss=0.129007
2026-08-27 17:10:25,486 | EPOCH 26 VAL loss=0.346772 acc=0.8992 pre=0.8995 rec=0.8997 f1=0.8986 BEST
2026-08-27 17:10:32,607 | EPOCH 25 train_loss=0.129609
2026-08-27 17:10:34,604 | EPOCH 25 VAL loss=0.348903 acc=0.8887 pre=0.8922 rec=0.8892 f1=0.8885
2026-08-27 17:10:37,028 | EPOCH 26 train_loss=0.129007
2026-08-27 17:10:38,632 | EPOCH 26 VAL loss=0.346772 acc=0.8992 pre=0.8995 rec=0.8997 f1=0.8986 BEST
2026-08-27 17:10:46,568 | EPOCH 27 train_loss=0.121652
2026-08-27 17:10:48,443 | EPOCH 27 VAL loss=0.339270 acc=0.8995 pre=0.9002 rec=0.9009 f1=0.9003 BEST
2026-08-27 17:10:56,658 | EPOCH 26 train_loss=0.129007
2026-08-27 17:10:58,648 | EPOCH 26 VAL loss=0.346772 acc=0.8992 pre=0.8995 rec=0.8997 f1=0.8986 BEST
2026-08-27 17:11:00,072 | EPOCH 27 train_loss=0.121652
2026-08-27 17:11:01,710 | EPOCH 27 VAL loss=0.339270 acc=0.8995 pre=0.9002 rec=0.9009 f1=0.9003 BEST
2026-08-27 17:11:10,752 | EPOCH 28 train_loss=0.116988
2026-08-27 17:11:12,440 | EPOCH 28 VAL loss=0.378779 acc=0.8915 pre=0.8934 rec=0.8927 f1=0.8929
2026-08-27 17:11:19,032 | EPOCH 27 train_loss=0.121652
2026-08-27 17:11:21,386 | EPOCH 27 VAL loss=0.339270 acc=0.8995 pre=0.9002 rec=0.9009 f1=0.9003 BEST
2026-08-27 17:11:24,419 | EPOCH 28 train_loss=0.116988
2026-08-27 17:11:26,337 | EPOCH 28 VAL loss=0.378779 acc=0.8915 pre=0.8934 rec=0.8927 f1=0.8929
2026-08-27 17:11:32,425 | EPOCH 29 train_loss=0.114619
2026-08-27 17:11:33,966 | EPOCH 29 VAL loss=0.371400 acc=0.8953 pre=0.8962 rec=0.8968 f1=0.8962
2026-08-27 17:11:43,610 | EPOCH 28 train_loss=0.116988
2026-08-27 17:11:45,086 | EPOCH 29 train_loss=0.114619
2026-08-27 17:11:45,313 | EPOCH 28 VAL loss=0.378779 acc=0.8915 pre=0.8934 rec=0.8927 f1=0.8929
2026-08-27 17:11:46,859 | EPOCH 29 VAL loss=0.371400 acc=0.8953 pre=0.8962 rec=0.8968 f1=0.8962
2026-08-27 17:11:53,394 | EPOCH 30 train_loss=0.111772
2026-08-27 17:11:55,131 | EPOCH 30 VAL loss=0.386992 acc=0.8950 pre=0.8958 rec=0.8959 f1=0.8951
2026-08-27 17:12:05,639 | EPOCH 29 train_loss=0.114619
2026-08-27 17:12:06,918 | EPOCH 30 train_loss=0.111772
2026-08-27 17:12:07,259 | EPOCH 29 VAL loss=0.371400 acc=0.8953 pre=0.8962 rec=0.8968 f1=0.8962
2026-08-27 17:12:08,750 | EPOCH 30 VAL loss=0.386992 acc=0.8950 pre=0.8958 rec=0.8959 f1=0.8951
2026-08-27 17:12:15,473 | EPOCH 31 train_loss=0.105881
2026-08-27 17:12:17,350 | EPOCH 31 VAL loss=0.391227 acc=0.8887 pre=0.8922 rec=0.8901 f1=0.8904
2026-08-27 17:12:29,268 | EPOCH 30 train_loss=0.111772
2026-08-27 17:12:29,336 | EPOCH 31 train_loss=0.105881
2026-08-27 17:12:30,813 | EPOCH 31 VAL loss=0.391227 acc=0.8887 pre=0.8922 rec=0.8901 f1=0.8904
2026-08-27 17:12:31,152 | EPOCH 30 VAL loss=0.386992 acc=0.8950 pre=0.8958 rec=0.8959 f1=0.8951
2026-08-27 17:12:36,541 | EPOCH 32 train_loss=0.101812
2026-08-27 17:12:38,840 | EPOCH 32 VAL loss=0.389288 acc=0.8933 pre=0.8937 rec=0.8949 f1=0.8940
2026-08-27 17:12:51,428 | EPOCH 31 train_loss=0.105881
2026-08-27 17:12:52,471 | EPOCH 32 train_loss=0.101812
2026-08-27 17:12:53,101 | EPOCH 31 VAL loss=0.391227 acc=0.8887 pre=0.8922 rec=0.8901 f1=0.8904
2026-08-27 17:12:54,040 | EPOCH 32 VAL loss=0.389288 acc=0.8933 pre=0.8937 rec=0.8949 f1=0.8940
2026-08-27 17:12:58,715 | EPOCH 33 train_loss=0.099328
2026-08-27 17:13:00,423 | EPOCH 33 VAL loss=0.438560 acc=0.8877 pre=0.8886 rec=0.8890 f1=0.8881
2026-08-27 17:13:15,685 | EPOCH 33 train_loss=0.099328
2026-08-27 17:13:15,752 | EPOCH 32 train_loss=0.101812
2026-08-27 17:13:17,373 | EPOCH 33 VAL loss=0.438560 acc=0.8877 pre=0.8886 rec=0.8890 f1=0.8881
2026-08-27 17:13:17,645 | EPOCH 32 VAL loss=0.389288 acc=0.8933 pre=0.8937 rec=0.8949 f1=0.8940
2026-08-27 17:13:19,164 | EPOCH 34 train_loss=0.096821
2026-08-27 17:13:20,730 | EPOCH 34 VAL loss=0.407706 acc=0.8910 pre=0.8934 rec=0.8912 f1=0.8906
2026-08-27 17:13:38,523 | EPOCH 34 train_loss=0.096821
2026-08-27 17:13:38,710 | EPOCH 33 train_loss=0.099328
2026-08-27 17:13:40,159 | EPOCH 34 VAL loss=0.407706 acc=0.8910 pre=0.8934 rec=0.8912 f1=0.8906
2026-08-27 17:13:40,697 | EPOCH 33 VAL loss=0.438560 acc=0.8877 pre=0.8886 rec=0.8890 f1=0.8881
2026-08-27 17:13:40,703 | EPOCH 35 train_loss=0.093259
2026-08-27 17:13:42,416 | EPOCH 35 VAL loss=0.433076 acc=0.8913 pre=0.8940 rec=0.8932 f1=0.8928
2026-08-27 17:14:00,291 | EPOCH 35 train_loss=0.093259
2026-08-27 17:14:01,832 | EPOCH 34 train_loss=0.096821
2026-08-27 17:14:01,843 | EPOCH 35 VAL loss=0.433076 acc=0.8913 pre=0.8940 rec=0.8932 f1=0.8928
2026-08-27 17:14:02,986 | EPOCH 36 train_loss=0.089244
2026-08-27 17:14:03,778 | EPOCH 34 VAL loss=0.407706 acc=0.8910 pre=0.8934 rec=0.8912 f1=0.8906
2026-08-27 17:14:04,791 | EPOCH 36 VAL loss=0.433886 acc=0.8883 pre=0.8906 rec=0.8896 f1=0.8896
2026-08-27 17:14:22,901 | EPOCH 36 train_loss=0.089244
2026-08-27 17:14:24,287 | EPOCH 35 train_loss=0.093259
2026-08-27 17:14:24,519 | EPOCH 37 train_loss=0.087633
2026-08-27 17:14:24,823 | EPOCH 36 VAL loss=0.433886 acc=0.8883 pre=0.8906 rec=0.8896 f1=0.8896
2026-08-27 17:14:26,843 | EPOCH 35 VAL loss=0.433076 acc=0.8913 pre=0.8940 rec=0.8932 f1=0.8928
2026-08-27 17:14:26,921 | EPOCH 37 VAL loss=0.444488 acc=0.8950 pre=0.8963 rec=0.8956 f1=0.8943
2026-08-27 17:14:26,935 | DONE best_epoch=27 best_val_loss=0.33927 early_stop=True time=829.38s
