2026-08-27 12:42:23,087 | START cnn_adadelta_lr0.1_s42 opt=adadelta lr=0.1 seed=42 device=cuda epochs=150 best_by=f1 stop_by=f1
2026-08-27 12:42:25,100 | START cnn_adadelta_lr0.1_s42 opt=adadelta lr=0.1 seed=42 device=cuda epochs=150 best_by=f1 stop_by=f1
2026-08-27 12:42:25,114 | RESUMED from epoch 0, batch 200
2026-08-27 12:42:34,737 | EPOCH 1 train_loss=0.760413
2026-08-27 12:42:35,815 | EPOCH 1 VAL loss=0.585826 acc=0.7800 pre=0.7856 rec=0.7816 f1=0.7646 BEST
2026-08-27 12:42:37,449 | EPOCH 1 train_loss=0.622887
2026-08-27 12:42:38,612 | EPOCH 1 VAL loss=0.586319 acc=0.7788 pre=0.7842 rec=0.7804 f1=0.7642 BEST
2026-08-27 12:42:49,233 | EPOCH 2 train_loss=0.494358
2026-08-27 12:42:50,343 | EPOCH 2 VAL loss=0.481843 acc=0.8208 pre=0.8429 rec=0.8211 f1=0.8251 BEST
2026-08-27 12:42:52,341 | EPOCH 2 train_loss=0.494664
2026-08-27 12:42:53,557 | EPOCH 2 VAL loss=0.483028 acc=0.8193 pre=0.8426 rec=0.8196 f1=0.8240 BEST
2026-08-27 12:43:03,934 | EPOCH 3 train_loss=0.422435
2026-08-27 12:43:05,105 | EPOCH 3 VAL loss=0.420535 acc=0.8535 pre=0.8545 rec=0.8555 f1=0.8523 BEST
2026-08-27 12:43:07,146 | EPOCH 3 train_loss=0.422509
2026-08-27 12:43:08,250 | EPOCH 3 VAL loss=0.419672 acc=0.8540 pre=0.8549 rec=0.8560 f1=0.8528 BEST
2026-08-27 12:43:18,481 | EPOCH 4 train_loss=0.381832
2026-08-27 12:43:19,578 | EPOCH 4 VAL loss=0.373601 acc=0.8682 pre=0.8714 rec=0.8691 f1=0.8682 BEST
2026-08-27 12:43:22,010 | EPOCH 4 train_loss=0.381744
2026-08-27 12:43:23,138 | EPOCH 4 VAL loss=0.375965 acc=0.8667 pre=0.8708 rec=0.8675 f1=0.8669 BEST
2026-08-27 12:43:32,958 | EPOCH 5 train_loss=0.352653
2026-08-27 12:43:34,039 | EPOCH 5 VAL loss=0.352983 acc=0.8743 pre=0.8772 rec=0.8751 f1=0.8742 BEST
2026-08-27 12:43:36,773 | EPOCH 5 train_loss=0.352425
2026-08-27 12:43:37,903 | EPOCH 5 VAL loss=0.351746 acc=0.8748 pre=0.8778 rec=0.8755 f1=0.8747 BEST
2026-08-27 12:43:47,477 | EPOCH 6 train_loss=0.330820
2026-08-27 12:43:48,626 | EPOCH 6 VAL loss=0.342152 acc=0.8767 pre=0.8784 rec=0.8776 f1=0.8733
2026-08-27 12:43:51,693 | EPOCH 6 train_loss=0.330841
2026-08-27 12:43:52,810 | EPOCH 6 VAL loss=0.343690 acc=0.8760 pre=0.8779 rec=0.8768 f1=0.8722
2026-08-27 12:44:01,764 | EPOCH 7 train_loss=0.312336
2026-08-27 12:44:02,916 | EPOCH 7 VAL loss=0.333972 acc=0.8820 pre=0.8846 rec=0.8836 f1=0.8819 BEST
2026-08-27 12:44:06,510 | EPOCH 7 train_loss=0.312389
2026-08-27 12:44:07,618 | EPOCH 7 VAL loss=0.333957 acc=0.8808 pre=0.8838 rec=0.8824 f1=0.8809 BEST
2026-08-27 12:44:17,624 | EPOCH 8 train_loss=0.298077
2026-08-27 12:44:18,771 | EPOCH 8 VAL loss=0.312466 acc=0.8887 pre=0.8908 rec=0.8894 f1=0.8888 BEST
2026-08-27 12:44:22,859 | EPOCH 8 train_loss=0.298482
2026-08-27 12:44:24,237 | EPOCH 8 VAL loss=0.315105 acc=0.8852 pre=0.8884 rec=0.8860 f1=0.8857 BEST
2026-08-27 12:44:32,823 | EPOCH 9 train_loss=0.284991
2026-08-27 12:44:33,934 | EPOCH 9 VAL loss=0.324760 acc=0.8810 pre=0.8862 rec=0.8821 f1=0.8783
2026-08-27 12:44:37,875 | EPOCH 9 train_loss=0.285175
2026-08-27 12:44:38,961 | EPOCH 9 VAL loss=0.320016 acc=0.8817 pre=0.8857 rec=0.8827 f1=0.8792
2026-08-27 12:44:47,311 | EPOCH 10 train_loss=0.275750
2026-08-27 12:44:48,427 | EPOCH 10 VAL loss=0.319231 acc=0.8848 pre=0.8885 rec=0.8857 f1=0.8849
2026-08-27 12:44:52,685 | EPOCH 10 train_loss=0.275799
2026-08-27 12:44:53,793 | EPOCH 10 VAL loss=0.317733 acc=0.8853 pre=0.8889 rec=0.8863 f1=0.8856
2026-08-27 12:45:01,302 | EPOCH 11 train_loss=0.265520
2026-08-27 12:45:02,465 | EPOCH 11 VAL loss=0.286437 acc=0.8982 pre=0.8991 rec=0.8999 f1=0.8986 BEST
2026-08-27 12:45:07,332 | EPOCH 11 train_loss=0.265815
2026-08-27 12:45:08,996 | EPOCH 11 VAL loss=0.287089 acc=0.8958 pre=0.8968 rec=0.8977 f1=0.8964 BEST
2026-08-27 12:45:17,017 | EPOCH 12 train_loss=0.257857
2026-08-27 12:45:18,163 | EPOCH 12 VAL loss=0.279710 acc=0.8988 pre=0.9015 rec=0.8995 f1=0.8978
2026-08-27 12:45:22,882 | EPOCH 12 train_loss=0.258371
2026-08-27 12:45:24,013 | EPOCH 12 VAL loss=0.278329 acc=0.8983 pre=0.9009 rec=0.8990 f1=0.8974 BEST
2026-08-27 12:45:31,570 | EPOCH 13 train_loss=0.249740
2026-08-27 12:45:32,782 | EPOCH 13 VAL loss=0.272436 acc=0.8997 pre=0.9005 rec=0.9004 f1=0.8990 BEST
2026-08-27 12:45:38,590 | EPOCH 13 train_loss=0.250008
2026-08-27 12:45:39,730 | EPOCH 13 VAL loss=0.271655 acc=0.9005 pre=0.9017 rec=0.9012 f1=0.8997 BEST
2026-08-27 12:45:47,248 | EPOCH 14 train_loss=0.243559
2026-08-27 12:45:48,407 | EPOCH 14 VAL loss=0.266701 acc=0.9050 pre=0.9059 rec=0.9059 f1=0.9047 BEST
2026-08-27 12:45:54,085 | EPOCH 14 train_loss=0.243773
2026-08-27 12:45:55,352 | EPOCH 14 VAL loss=0.268070 acc=0.9055 pre=0.9072 rec=0.9064 f1=0.9048 BEST
2026-08-27 12:46:02,652 | EPOCH 15 train_loss=0.236160
2026-08-27 12:46:03,761 | EPOCH 15 VAL loss=0.275340 acc=0.9028 pre=0.9046 rec=0.9040 f1=0.9020
2026-08-27 12:46:09,042 | EPOCH 15 train_loss=0.236403
2026-08-27 12:46:10,196 | EPOCH 15 VAL loss=0.276532 acc=0.9012 pre=0.9026 rec=0.9024 f1=0.9001
2026-08-27 12:46:17,144 | EPOCH 16 train_loss=0.230145
2026-08-27 12:46:18,259 | EPOCH 16 VAL loss=0.268363 acc=0.9037 pre=0.9062 rec=0.9045 f1=0.9039
2026-08-27 12:46:24,042 | EPOCH 16 train_loss=0.230533
2026-08-27 12:46:25,210 | EPOCH 16 VAL loss=0.267783 acc=0.9027 pre=0.9055 rec=0.9036 f1=0.9031
2026-08-27 12:46:31,059 | EPOCH 17 train_loss=0.224203
2026-08-27 12:46:32,161 | EPOCH 17 VAL loss=0.253784 acc=0.9065 pre=0.9089 rec=0.9082 f1=0.9079 BEST
2026-08-27 12:46:38,532 | EPOCH 17 train_loss=0.224966
2026-08-27 12:46:39,726 | EPOCH 17 VAL loss=0.251274 acc=0.9107 pre=0.9123 rec=0.9124 f1=0.9117 BEST
2026-08-27 12:46:46,434 | EPOCH 18 train_loss=0.218893
2026-08-27 12:46:47,531 | EPOCH 18 VAL loss=0.252095 acc=0.9090 pre=0.9093 rec=0.9101 f1=0.9088 BEST
2026-08-27 12:46:53,446 | EPOCH 18 train_loss=0.219622
2026-08-27 12:46:54,677 | EPOCH 18 VAL loss=0.248821 acc=0.9075 pre=0.9078 rec=0.9085 f1=0.9072
2026-08-27 12:47:01,774 | EPOCH 19 train_loss=0.213947
2026-08-27 12:47:02,905 | EPOCH 19 VAL loss=0.254907 acc=0.9082 pre=0.9113 rec=0.9089 f1=0.9090 BEST
2026-08-27 12:47:08,197 | EPOCH 19 train_loss=0.214356
2026-08-27 12:47:09,302 | EPOCH 19 VAL loss=0.253331 acc=0.9085 pre=0.9113 rec=0.9092 f1=0.9092
2026-08-27 12:47:16,523 | EPOCH 20 train_loss=0.207869
2026-08-27 12:47:17,641 | EPOCH 20 VAL loss=0.250591 acc=0.9077 pre=0.9078 rec=0.9090 f1=0.9081
2026-08-27 12:47:22,633 | EPOCH 20 train_loss=0.208478
2026-08-27 12:47:24,095 | EPOCH 20 VAL loss=0.251756 acc=0.9072 pre=0.9072 rec=0.9084 f1=0.9075
2026-08-27 12:47:30,985 | EPOCH 21 train_loss=0.203726
2026-08-27 12:47:32,086 | EPOCH 21 VAL loss=0.244204 acc=0.9110 pre=0.9120 rec=0.9126 f1=0.9117 BEST
2026-08-27 12:47:37,162 | EPOCH 21 train_loss=0.204364
2026-08-27 12:47:38,309 | EPOCH 21 VAL loss=0.244952 acc=0.9097 pre=0.9110 rec=0.9113 f1=0.9104
2026-08-27 12:47:46,519 | EPOCH 22 train_loss=0.198721
2026-08-27 12:47:47,705 | EPOCH 22 VAL loss=0.244125 acc=0.9107 pre=0.9134 rec=0.9118 f1=0.9119 BEST
2026-08-27 12:47:51,771 | EPOCH 22 train_loss=0.199231
2026-08-27 12:47:52,898 | EPOCH 22 VAL loss=0.246084 acc=0.9105 pre=0.9138 rec=0.9119 f1=0.9120 BEST
2026-08-27 12:48:01,060 | EPOCH 23 train_loss=0.193774
2026-08-27 12:48:02,182 | EPOCH 23 VAL loss=0.238094 acc=0.9133 pre=0.9135 rec=0.9142 f1=0.9131 BEST
2026-08-27 12:48:06,570 | EPOCH 23 train_loss=0.194253
2026-08-27 12:48:07,819 | EPOCH 23 VAL loss=0.236663 acc=0.9123 pre=0.9124 rec=0.9133 f1=0.9124 BEST
2026-08-27 12:48:15,803 | EPOCH 24 train_loss=0.190101
2026-08-27 12:48:16,907 | EPOCH 24 VAL loss=0.244885 acc=0.9092 pre=0.9104 rec=0.9098 f1=0.9086
2026-08-27 12:48:21,333 | EPOCH 24 train_loss=0.190570
2026-08-27 12:48:22,470 | EPOCH 24 VAL loss=0.244156 acc=0.9093 pre=0.9106 rec=0.9098 f1=0.9089
2026-08-27 12:48:29,726 | EPOCH 25 train_loss=0.186205
2026-08-27 12:48:31,087 | EPOCH 25 VAL loss=0.246421 acc=0.9088 pre=0.9124 rec=0.9088 f1=0.9091
2026-08-27 12:48:36,104 | EPOCH 25 train_loss=0.186217
2026-08-27 12:48:37,226 | EPOCH 25 VAL loss=0.245630 acc=0.9098 pre=0.9131 rec=0.9099 f1=0.9102
2026-08-27 12:48:44,001 | EPOCH 26 train_loss=0.182066
2026-08-27 12:48:45,156 | EPOCH 26 VAL loss=0.247825 acc=0.9072 pre=0.9088 rec=0.9071 f1=0.9055
2026-08-27 12:48:50,552 | EPOCH 26 train_loss=0.182219
2026-08-27 12:48:51,903 | EPOCH 26 VAL loss=0.245344 acc=0.9077 pre=0.9090 rec=0.9078 f1=0.9063
2026-08-27 12:48:58,483 | EPOCH 27 train_loss=0.178619
2026-08-27 12:48:59,572 | EPOCH 27 VAL loss=0.261541 acc=0.9047 pre=0.9107 rec=0.9073 f1=0.9062
2026-08-27 12:49:05,238 | EPOCH 27 train_loss=0.178909
2026-08-27 12:49:06,339 | EPOCH 27 VAL loss=0.259132 acc=0.9018 pre=0.9071 rec=0.9044 f1=0.9032
2026-08-27 12:49:12,297 | EPOCH 28 train_loss=0.174817
2026-08-27 12:49:13,407 | EPOCH 28 VAL loss=0.238444 acc=0.9132 pre=0.9141 rec=0.9140 f1=0.9124
2026-08-27 12:49:19,895 | EPOCH 28 train_loss=0.174672
2026-08-27 12:49:21,025 | EPOCH 28 VAL loss=0.241283 acc=0.9138 pre=0.9156 rec=0.9146 f1=0.9131 BEST
2026-08-27 12:49:26,815 | EPOCH 29 train_loss=0.170556
2026-08-27 12:49:27,914 | EPOCH 29 VAL loss=0.242340 acc=0.9112 pre=0.9139 rec=0.9111 f1=0.9111
2026-08-27 12:49:34,644 | EPOCH 29 train_loss=0.171140
2026-08-27 12:49:35,844 | EPOCH 29 VAL loss=0.242967 acc=0.9115 pre=0.9149 rec=0.9114 f1=0.9114
2026-08-27 12:49:41,120 | EPOCH 30 train_loss=0.167080
2026-08-27 12:49:42,195 | EPOCH 30 VAL loss=0.227981 acc=0.9168 pre=0.9173 rec=0.9180 f1=0.9173 BEST
2026-08-27 12:49:49,074 | EPOCH 30 train_loss=0.167071
2026-08-27 12:49:50,166 | EPOCH 30 VAL loss=0.226676 acc=0.9185 pre=0.9188 rec=0.9197 f1=0.9190 BEST
2026-08-27 12:49:55,601 | EPOCH 31 train_loss=0.163326
2026-08-27 12:49:56,700 | EPOCH 31 VAL loss=0.232915 acc=0.9143 pre=0.9152 rec=0.9150 f1=0.9147
2026-08-27 12:50:04,357 | EPOCH 31 train_loss=0.163369
2026-08-27 12:50:05,515 | EPOCH 31 VAL loss=0.230634 acc=0.9150 pre=0.9161 rec=0.9156 f1=0.9153
2026-08-27 12:50:09,946 | EPOCH 32 train_loss=0.159849
2026-08-27 12:50:11,052 | EPOCH 32 VAL loss=0.247305 acc=0.9112 pre=0.9134 rec=0.9129 f1=0.9120
2026-08-27 12:50:18,880 | EPOCH 32 train_loss=0.160012
2026-08-27 12:50:20,113 | EPOCH 32 VAL loss=0.245612 acc=0.9092 pre=0.9118 rec=0.9109 f1=0.9101
2026-08-27 12:50:24,811 | EPOCH 33 train_loss=0.157032
2026-08-27 12:50:25,941 | EPOCH 33 VAL loss=0.264474 acc=0.9052 pre=0.9124 rec=0.9053 f1=0.9054
2026-08-27 12:50:33,766 | EPOCH 33 train_loss=0.156810
2026-08-27 12:50:35,024 | EPOCH 33 VAL loss=0.257629 acc=0.9067 pre=0.9129 rec=0.9069 f1=0.9069
2026-08-27 12:50:38,659 | EPOCH 34 train_loss=0.153399
2026-08-27 12:50:39,763 | EPOCH 34 VAL loss=0.239749 acc=0.9165 pre=0.9188 rec=0.9184 f1=0.9176 BEST
2026-08-27 12:50:48,876 | EPOCH 34 train_loss=0.153127
2026-08-27 12:50:49,978 | EPOCH 34 VAL loss=0.244815 acc=0.9152 pre=0.9170 rec=0.9170 f1=0.9162
2026-08-27 12:50:53,725 | EPOCH 35 train_loss=0.150587
2026-08-27 12:50:54,871 | EPOCH 35 VAL loss=0.250843 acc=0.9148 pre=0.9186 rec=0.9159 f1=0.9163
2026-08-27 12:51:02,973 | EPOCH 35 train_loss=0.150244
2026-08-27 12:51:04,084 | EPOCH 35 VAL loss=0.250122 acc=0.9113 pre=0.9150 rec=0.9123 f1=0.9127
2026-08-27 12:51:08,492 | EPOCH 36 train_loss=0.146968
2026-08-27 12:51:09,637 | EPOCH 36 VAL loss=0.240800 acc=0.9165 pre=0.9174 rec=0.9172 f1=0.9161
2026-08-27 12:51:12,645 | INTERRUPTED epoch=36 batch=198
2026-08-27 12:51:12,645 | INTERRUPTED epoch=35 batch=488
2026-08-27 15:47:36,606 | START cnn_adadelta_lr0.1_s42 opt=adadelta lr=0.1 seed=42 device=cuda epochs=150 best_by=f1 stop_by=f1
2026-08-27 15:47:57,914 | EPOCH 1 train_loss=0.760411
2026-08-27 15:47:59,840 | EPOCH 1 VAL loss=0.588357 acc=0.7778 pre=0.7832 rec=0.7795 f1=0.7629 BEST
2026-08-27 15:48:22,742 | EPOCH 2 train_loss=0.494482
2026-08-27 15:48:24,722 | EPOCH 2 VAL loss=0.482149 acc=0.8205 pre=0.8429 rec=0.8209 f1=0.8248 BEST
2026-08-27 15:48:47,781 | EPOCH 3 train_loss=0.422298
2026-08-27 15:48:49,663 | EPOCH 3 VAL loss=0.417341 acc=0.8563 pre=0.8570 rec=0.8582 f1=0.8550 BEST
2026-08-27 15:49:14,061 | EPOCH 4 train_loss=0.381803
2026-08-27 15:49:15,915 | EPOCH 4 VAL loss=0.375646 acc=0.8662 pre=0.8693 rec=0.8670 f1=0.8661 BEST
2026-08-27 15:49:39,146 | EPOCH 5 train_loss=0.352687
2026-08-27 15:49:41,017 | EPOCH 5 VAL loss=0.350905 acc=0.8747 pre=0.8776 rec=0.8754 f1=0.8746 BEST
2026-08-27 15:50:05,159 | EPOCH 6 train_loss=0.330992
2026-08-27 15:50:06,925 | EPOCH 6 VAL loss=0.342150 acc=0.8773 pre=0.8790 rec=0.8782 f1=0.8738
2026-08-27 15:50:30,176 | EPOCH 7 train_loss=0.312860
2026-08-27 15:50:31,995 | EPOCH 7 VAL loss=0.333620 acc=0.8817 pre=0.8840 rec=0.8833 f1=0.8816 BEST
2026-08-27 15:50:56,400 | EPOCH 8 train_loss=0.298707
2026-08-27 15:50:58,022 | EPOCH 8 VAL loss=0.314008 acc=0.8867 pre=0.8892 rec=0.8874 f1=0.8868 BEST
2026-08-27 15:51:19,958 | EPOCH 9 train_loss=0.285345
2026-08-27 15:51:21,784 | EPOCH 9 VAL loss=0.322790 acc=0.8823 pre=0.8868 rec=0.8834 f1=0.8798
2026-08-27 15:51:43,969 | EPOCH 10 train_loss=0.275696
2026-08-27 15:51:45,854 | EPOCH 10 VAL loss=0.312068 acc=0.8860 pre=0.8889 rec=0.8868 f1=0.8860
2026-08-27 15:52:08,424 | EPOCH 11 train_loss=0.265820
2026-08-27 15:52:10,284 | EPOCH 11 VAL loss=0.287634 acc=0.8975 pre=0.8981 rec=0.8994 f1=0.8977 BEST
2026-08-27 15:52:33,335 | EPOCH 12 train_loss=0.258039
2026-08-27 15:52:35,246 | EPOCH 12 VAL loss=0.277225 acc=0.8993 pre=0.9017 rec=0.8999 f1=0.8985 BEST
2026-08-27 15:52:59,667 | EPOCH 13 train_loss=0.249712
2026-08-27 15:53:01,582 | EPOCH 13 VAL loss=0.272153 acc=0.8998 pre=0.9010 rec=0.9005 f1=0.8988 BEST
2026-08-27 15:53:26,074 | EPOCH 14 train_loss=0.243639
2026-08-27 15:53:28,166 | EPOCH 14 VAL loss=0.269307 acc=0.9050 pre=0.9062 rec=0.9058 f1=0.9042 BEST
2026-08-27 15:53:51,555 | EPOCH 15 train_loss=0.236271
2026-08-27 15:53:53,207 | EPOCH 15 VAL loss=0.276046 acc=0.9027 pre=0.9044 rec=0.9037 f1=0.9017
2026-08-27 15:54:15,831 | EPOCH 16 train_loss=0.231016
2026-08-27 15:54:17,433 | EPOCH 16 VAL loss=0.267704 acc=0.9017 pre=0.9048 rec=0.9025 f1=0.9018
2026-08-27 15:54:38,637 | START cnn_adadelta_lr0.1_s42 opt=adadelta lr=0.1 seed=42 device=cuda epochs=150 best_by=f1 stop_by=f1
2026-08-27 15:54:38,666 | RESUMED from epoch 16, batch 600
2026-08-27 15:54:42,553 | EPOCH 17 train_loss=0.225006
2026-08-27 15:54:44,512 | EPOCH 17 VAL loss=0.253557 acc=0.9063 pre=0.9085 rec=0.9081 f1=0.9075 BEST
2026-08-27 15:54:56,020 | EPOCH 17 train_loss=0.228716
2026-08-27 15:54:57,804 | EPOCH 17 VAL loss=0.253582 acc=0.9062 pre=0.9084 rec=0.9079 f1=0.9074 BEST
2026-08-27 15:55:09,049 | EPOCH 18 train_loss=0.219664
2026-08-27 15:55:11,099 | EPOCH 18 VAL loss=0.251554 acc=0.9072 pre=0.9074 rec=0.9081 f1=0.9065
2026-08-27 15:55:21,254 | EPOCH 18 train_loss=0.219366
2026-08-27 15:55:23,138 | EPOCH 18 VAL loss=0.251346 acc=0.9083 pre=0.9085 rec=0.9094 f1=0.9079 BEST
2026-08-27 15:55:33,873 | EPOCH 19 train_loss=0.214544
2026-08-27 15:55:35,452 | EPOCH 19 VAL loss=0.255062 acc=0.9085 pre=0.9112 rec=0.9092 f1=0.9093 BEST
2026-08-27 15:55:45,852 | EPOCH 19 train_loss=0.214458
2026-08-27 15:55:47,667 | EPOCH 19 VAL loss=0.253715 acc=0.9092 pre=0.9118 rec=0.9099 f1=0.9099 BEST
2026-08-27 15:55:59,119 | EPOCH 20 train_loss=0.208431
2026-08-27 15:56:01,234 | EPOCH 20 VAL loss=0.252072 acc=0.9083 pre=0.9089 rec=0.9097 f1=0.9090
2026-08-27 15:56:13,052 | EPOCH 20 train_loss=0.208671
2026-08-27 15:56:15,020 | EPOCH 20 VAL loss=0.250842 acc=0.9078 pre=0.9083 rec=0.9091 f1=0.9084
2026-08-27 15:56:24,909 | EPOCH 21 train_loss=0.204677
2026-08-27 15:56:26,782 | EPOCH 21 VAL loss=0.243966 acc=0.9107 pre=0.9119 rec=0.9122 f1=0.9114 BEST
2026-08-27 15:56:37,132 | EPOCH 21 train_loss=0.204657
2026-08-27 15:56:38,725 | EPOCH 21 VAL loss=0.244567 acc=0.9098 pre=0.9111 rec=0.9114 f1=0.9106 BEST
2026-08-27 15:56:51,060 | EPOCH 22 train_loss=0.199430
2026-08-27 15:56:52,823 | EPOCH 22 VAL loss=0.246399 acc=0.9078 pre=0.9103 rec=0.9088 f1=0.9090
2026-08-27 15:57:01,971 | EPOCH 22 train_loss=0.199295
2026-08-27 15:57:04,038 | EPOCH 22 VAL loss=0.244739 acc=0.9093 pre=0.9115 rec=0.9103 f1=0.9103
2026-08-27 15:57:15,234 | EPOCH 23 train_loss=0.194734
2026-08-27 15:57:17,125 | EPOCH 23 VAL loss=0.235824 acc=0.9138 pre=0.9138 rec=0.9148 f1=0.9137 BEST
2026-08-27 15:57:26,431 | EPOCH 23 train_loss=0.194670
2026-08-27 15:57:28,266 | EPOCH 23 VAL loss=0.235249 acc=0.9133 pre=0.9131 rec=0.9144 f1=0.9133 BEST
2026-08-27 15:57:40,341 | EPOCH 24 train_loss=0.191023
2026-08-27 15:57:41,872 | EPOCH 24 VAL loss=0.242111 acc=0.9118 pre=0.9128 rec=0.9123 f1=0.9114
2026-08-27 15:57:51,079 | EPOCH 24 train_loss=0.190958
2026-08-27 15:57:53,229 | EPOCH 24 VAL loss=0.242439 acc=0.9123 pre=0.9130 rec=0.9130 f1=0.9120
2026-08-27 15:58:04,721 | EPOCH 25 train_loss=0.186770
2026-08-27 15:58:06,520 | EPOCH 25 VAL loss=0.245013 acc=0.9103 pre=0.9135 rec=0.9105 f1=0.9107
2026-08-27 15:58:17,219 | EPOCH 25 train_loss=0.186687
2026-08-27 15:58:20,021 | EPOCH 25 VAL loss=0.244894 acc=0.9112 pre=0.9141 rec=0.9113 f1=0.9115
2026-08-27 15:58:28,035 | EPOCH 26 train_loss=0.182792
2026-08-27 15:58:29,904 | EPOCH 26 VAL loss=0.241117 acc=0.9100 pre=0.9107 rec=0.9100 f1=0.9089
2026-08-27 15:58:42,361 | EPOCH 26 train_loss=0.182636
2026-08-27 15:58:45,112 | EPOCH 26 VAL loss=0.242066 acc=0.9083 pre=0.9090 rec=0.9083 f1=0.9071
2026-08-27 15:58:52,597 | EPOCH 27 train_loss=0.179228
2026-08-27 15:58:54,446 | EPOCH 27 VAL loss=0.259588 acc=0.9057 pre=0.9118 rec=0.9084 f1=0.9073
2026-08-27 15:59:07,054 | EPOCH 27 train_loss=0.179189
2026-08-27 15:59:09,633 | EPOCH 27 VAL loss=0.257342 acc=0.9052 pre=0.9110 rec=0.9078 f1=0.9067
2026-08-27 15:59:19,676 | EPOCH 28 train_loss=0.175375
2026-08-27 15:59:21,389 | EPOCH 28 VAL loss=0.237601 acc=0.9162 pre=0.9174 rec=0.9167 f1=0.9154 BEST
2026-08-27 15:59:31,915 | EPOCH 28 train_loss=0.175303
2026-08-27 15:59:34,443 | EPOCH 28 VAL loss=0.238688 acc=0.9172 pre=0.9186 rec=0.9176 f1=0.9163 BEST
2026-08-27 15:59:44,424 | EPOCH 29 train_loss=0.171132
2026-08-27 15:59:46,010 | EPOCH 29 VAL loss=0.239725 acc=0.9115 pre=0.9147 rec=0.9114 f1=0.9113
2026-08-27 15:59:57,682 | EPOCH 29 train_loss=0.170968
2026-08-27 16:00:00,027 | EPOCH 29 VAL loss=0.240554 acc=0.9102 pre=0.9132 rec=0.9100 f1=0.9099
2026-08-27 16:00:10,596 | EPOCH 30 train_loss=0.167688
2026-08-27 16:00:12,558 | EPOCH 30 VAL loss=0.229289 acc=0.9172 pre=0.9178 rec=0.9181 f1=0.9175 BEST
2026-08-27 16:00:22,804 | EPOCH 30 train_loss=0.167582
2026-08-27 16:00:24,753 | EPOCH 30 VAL loss=0.228435 acc=0.9183 pre=0.9190 rec=0.9192 f1=0.9187 BEST
2026-08-27 16:00:33,999 | EPOCH 31 train_loss=0.163882
2026-08-27 16:00:36,013 | EPOCH 31 VAL loss=0.232380 acc=0.9168 pre=0.9175 rec=0.9174 f1=0.9171
2026-08-27 16:00:48,516 | EPOCH 31 train_loss=0.164052
2026-08-27 16:00:50,499 | EPOCH 31 VAL loss=0.233805 acc=0.9162 pre=0.9170 rec=0.9168 f1=0.9165
2026-08-27 16:00:59,116 | EPOCH 32 train_loss=0.160684
2026-08-27 16:01:00,871 | EPOCH 32 VAL loss=0.246032 acc=0.9112 pre=0.9130 rec=0.9128 f1=0.9117
2026-08-27 16:01:13,093 | EPOCH 32 train_loss=0.160539
2026-08-27 16:01:14,927 | EPOCH 32 VAL loss=0.247020 acc=0.9113 pre=0.9131 rec=0.9129 f1=0.9119
2026-08-27 16:01:23,997 | EPOCH 33 train_loss=0.157742
2026-08-27 16:01:25,407 | EPOCH 33 VAL loss=0.262928 acc=0.9063 pre=0.9129 rec=0.9064 f1=0.9063
2026-08-27 16:01:36,699 | EPOCH 33 train_loss=0.157743
2026-08-27 16:01:38,664 | EPOCH 33 VAL loss=0.267444 acc=0.9058 pre=0.9135 rec=0.9058 f1=0.9058
2026-08-27 16:01:49,232 | EPOCH 34 train_loss=0.154060
2026-08-27 16:01:50,886 | EPOCH 34 VAL loss=0.241748 acc=0.9150 pre=0.9177 rec=0.9169 f1=0.9162
2026-08-27 16:02:02,471 | EPOCH 34 train_loss=0.154008
2026-08-27 16:02:04,204 | EPOCH 34 VAL loss=0.242113 acc=0.9147 pre=0.9173 rec=0.9166 f1=0.9158
2026-08-27 16:02:14,054 | EPOCH 35 train_loss=0.151205
2026-08-27 16:02:16,117 | EPOCH 35 VAL loss=0.243579 acc=0.9152 pre=0.9187 rec=0.9162 f1=0.9166
2026-08-27 16:02:27,139 | EPOCH 35 train_loss=0.151114
2026-08-27 16:02:29,152 | EPOCH 35 VAL loss=0.245745 acc=0.9160 pre=0.9196 rec=0.9170 f1=0.9174
2026-08-27 16:02:40,404 | EPOCH 36 train_loss=0.147534
2026-08-27 16:02:43,379 | EPOCH 36 VAL loss=0.237870 acc=0.9172 pre=0.9187 rec=0.9176 f1=0.9164
2026-08-27 16:02:53,214 | EPOCH 36 train_loss=0.147652
2026-08-27 16:02:55,093 | EPOCH 36 VAL loss=0.238171 acc=0.9167 pre=0.9176 rec=0.9172 f1=0.9160
2026-08-27 16:03:06,101 | EPOCH 37 train_loss=0.144328
2026-08-27 16:03:08,405 | EPOCH 37 VAL loss=0.246360 acc=0.9150 pre=0.9191 rec=0.9148 f1=0.9141
2026-08-27 16:03:16,811 | EPOCH 37 train_loss=0.144048
2026-08-27 16:03:18,764 | EPOCH 37 VAL loss=0.246172 acc=0.9162 pre=0.9202 rec=0.9160 f1=0.9152
2026-08-27 16:03:30,789 | EPOCH 38 train_loss=0.141493
2026-08-27 16:03:32,839 | EPOCH 38 VAL loss=0.270957 acc=0.9073 pre=0.9111 rec=0.9079 f1=0.9068
2026-08-27 16:03:41,090 | EPOCH 38 train_loss=0.141217
2026-08-27 16:03:43,110 | EPOCH 38 VAL loss=0.276857 acc=0.9040 pre=0.9084 rec=0.9046 f1=0.9033
2026-08-27 16:03:54,780 | EPOCH 39 train_loss=0.138622
2026-08-27 16:03:57,457 | EPOCH 39 VAL loss=0.253254 acc=0.9077 pre=0.9152 rec=0.9092 f1=0.9101
2026-08-27 16:04:06,320 | EPOCH 39 train_loss=0.138607
2026-08-27 16:04:07,956 | EPOCH 39 VAL loss=0.252082 acc=0.9098 pre=0.9169 rec=0.9114 f1=0.9121
2026-08-27 16:04:20,903 | EPOCH 40 train_loss=0.135223
2026-08-27 16:04:23,210 | EPOCH 40 VAL loss=0.252144 acc=0.9112 pre=0.9148 rec=0.9119 f1=0.9123
2026-08-27 16:04:23,235 | DONE best_epoch=30 best_val_loss=0.229289 early_stop=True time=1004.08s
2026-08-27 16:04:30,935 | EPOCH 40 train_loss=0.135371
2026-08-27 16:04:32,826 | EPOCH 40 VAL loss=0.252956 acc=0.9108 pre=0.9146 rec=0.9115 f1=0.9119
2026-08-27 16:04:32,852 | DONE best_epoch=30 best_val_loss=0.228435 early_stop=True time=1011.38s
2026-08-27 16:07:33,852 | START cnn_adadelta_lr0.1_s42 opt=adadelta lr=0.1 seed=42 device=cuda epochs=150 best_by=f1 stop_by=f1
2026-08-27 16:07:58,900 | EPOCH 1 train_loss=0.760361
2026-08-27 16:08:00,844 | EPOCH 1 VAL loss=0.587961 acc=0.7815 pre=0.7865 rec=0.7831 f1=0.7680 BEST
2026-08-27 16:08:25,820 | EPOCH 2 train_loss=0.494129
2026-08-27 16:08:27,578 | EPOCH 2 VAL loss=0.481016 acc=0.8212 pre=0.8430 rec=0.8213 f1=0.8255 BEST
2026-08-27 16:08:54,080 | EPOCH 3 train_loss=0.422472
2026-08-27 16:08:55,999 | EPOCH 3 VAL loss=0.419589 acc=0.8552 pre=0.8560 rec=0.8572 f1=0.8539 BEST
2026-08-27 16:09:21,517 | EPOCH 4 train_loss=0.381967
2026-08-27 16:09:23,285 | EPOCH 4 VAL loss=0.373398 acc=0.8673 pre=0.8698 rec=0.8682 f1=0.8672 BEST
2026-08-27 16:09:47,690 | EPOCH 5 train_loss=0.352709
2026-08-27 16:09:49,455 | EPOCH 5 VAL loss=0.351954 acc=0.8737 pre=0.8763 rec=0.8743 f1=0.8735 BEST
2026-08-27 16:10:14,051 | EPOCH 6 train_loss=0.330965
2026-08-27 16:10:15,862 | EPOCH 6 VAL loss=0.345372 acc=0.8757 pre=0.8778 rec=0.8765 f1=0.8719
2026-08-27 16:10:39,719 | EPOCH 7 train_loss=0.312607
2026-08-27 16:10:41,471 | EPOCH 7 VAL loss=0.332846 acc=0.8838 pre=0.8864 rec=0.8853 f1=0.8836 BEST
2026-08-27 16:11:05,937 | EPOCH 8 train_loss=0.298375
2026-08-27 16:11:07,773 | EPOCH 8 VAL loss=0.315163 acc=0.8860 pre=0.8887 rec=0.8868 f1=0.8863 BEST
2026-08-27 16:11:32,465 | EPOCH 9 train_loss=0.285102
2026-08-27 16:11:34,354 | EPOCH 9 VAL loss=0.327127 acc=0.8785 pre=0.8836 rec=0.8796 f1=0.8756
2026-08-27 16:11:57,742 | EPOCH 10 train_loss=0.275536
2026-08-27 16:11:59,608 | EPOCH 10 VAL loss=0.314620 acc=0.8853 pre=0.8882 rec=0.8861 f1=0.8854
2026-08-27 16:12:21,892 | EPOCH 11 train_loss=0.265616
2026-08-27 16:12:23,936 | EPOCH 11 VAL loss=0.290309 acc=0.8972 pre=0.8974 rec=0.8989 f1=0.8971 BEST
2026-08-27 16:12:47,152 | EPOCH 12 train_loss=0.257861
2026-08-27 16:12:48,638 | EPOCH 12 VAL loss=0.280523 acc=0.8968 pre=0.8995 rec=0.8975 f1=0.8957
2026-08-27 16:13:11,347 | EPOCH 13 train_loss=0.249492
2026-08-27 16:13:13,185 | EPOCH 13 VAL loss=0.271585 acc=0.9005 pre=0.9015 rec=0.9011 f1=0.8995 BEST
2026-08-27 16:13:35,893 | EPOCH 14 train_loss=0.243121
2026-08-27 16:13:37,747 | EPOCH 14 VAL loss=0.269849 acc=0.9043 pre=0.9055 rec=0.9052 f1=0.9037 BEST
2026-08-27 16:14:02,854 | EPOCH 15 train_loss=0.236068
2026-08-27 16:14:05,479 | EPOCH 15 VAL loss=0.276097 acc=0.9013 pre=0.9029 rec=0.9023 f1=0.9002
2026-08-27 16:14:27,675 | EPOCH 16 train_loss=0.230311
2026-08-27 16:14:30,262 | EPOCH 16 VAL loss=0.269192 acc=0.9008 pre=0.9036 rec=0.9018 f1=0.9013
2026-08-27 16:14:51,967 | EPOCH 17 train_loss=0.224504
2026-08-27 16:14:53,707 | EPOCH 17 VAL loss=0.254132 acc=0.9067 pre=0.9080 rec=0.9083 f1=0.9075 BEST
2026-08-27 16:15:16,225 | EPOCH 18 train_loss=0.219032
2026-08-27 16:15:18,733 | EPOCH 18 VAL loss=0.251000 acc=0.9058 pre=0.9061 rec=0.9068 f1=0.9052
2026-08-27 16:15:42,229 | EPOCH 19 train_loss=0.213751
2026-08-27 16:15:44,749 | EPOCH 19 VAL loss=0.254976 acc=0.9055 pre=0.9084 rec=0.9061 f1=0.9062
2026-08-27 16:16:08,293 | EPOCH 20 train_loss=0.208211
2026-08-27 16:16:09,966 | EPOCH 20 VAL loss=0.252218 acc=0.9057 pre=0.9059 rec=0.9068 f1=0.9060
2026-08-27 16:16:33,710 | EPOCH 21 train_loss=0.203867
2026-08-27 16:16:35,584 | EPOCH 21 VAL loss=0.247745 acc=0.9088 pre=0.9104 rec=0.9105 f1=0.9097 BEST
2026-08-27 16:17:01,042 | EPOCH 22 train_loss=0.199083
2026-08-27 16:17:03,191 | EPOCH 22 VAL loss=0.249298 acc=0.9080 pre=0.9110 rec=0.9092 f1=0.9092
2026-08-27 16:17:27,162 | EPOCH 23 train_loss=0.194176
2026-08-27 16:17:28,956 | EPOCH 23 VAL loss=0.238060 acc=0.9113 pre=0.9115 rec=0.9125 f1=0.9114 BEST
2026-08-27 16:17:53,769 | EPOCH 24 train_loss=0.190705
2026-08-27 16:17:55,929 | EPOCH 24 VAL loss=0.245015 acc=0.9085 pre=0.9095 rec=0.9091 f1=0.9080
2026-08-27 16:18:18,733 | EPOCH 25 train_loss=0.186202
2026-08-27 16:18:20,682 | EPOCH 25 VAL loss=0.243983 acc=0.9100 pre=0.9131 rec=0.9102 f1=0.9106
2026-08-27 16:18:42,965 | EPOCH 26 train_loss=0.182337
2026-08-27 16:18:44,726 | EPOCH 26 VAL loss=0.246185 acc=0.9085 pre=0.9099 rec=0.9084 f1=0.9070
2026-08-27 16:19:07,771 | EPOCH 27 train_loss=0.178757
2026-08-27 16:19:09,479 | EPOCH 27 VAL loss=0.263105 acc=0.9043 pre=0.9111 rec=0.9071 f1=0.9059
2026-08-27 16:19:32,100 | EPOCH 28 train_loss=0.174616
2026-08-27 16:19:34,179 | EPOCH 28 VAL loss=0.238359 acc=0.9167 pre=0.9174 rec=0.9174 f1=0.9162 BEST
2026-08-27 16:19:57,505 | EPOCH 29 train_loss=0.170849
2026-08-27 16:19:59,447 | EPOCH 29 VAL loss=0.241214 acc=0.9117 pre=0.9143 rec=0.9115 f1=0.9113
2026-08-27 16:20:22,484 | EPOCH 30 train_loss=0.167083
2026-08-27 16:20:24,403 | EPOCH 30 VAL loss=0.229798 acc=0.9183 pre=0.9187 rec=0.9194 f1=0.9187 BEST
2026-08-27 16:20:47,646 | EPOCH 31 train_loss=0.163378
2026-08-27 16:20:49,527 | EPOCH 31 VAL loss=0.235486 acc=0.9150 pre=0.9157 rec=0.9154 f1=0.9147
