2026-08-27 21:18:28,398 | START cnn_adamax_lr0.001_s42 opt=adamax lr=0.001 seed=42 device=cuda epochs=150 best_by=f1 stop_by=f1
2026-08-27 21:18:38,017 | EPOCH 1 train_loss=0.647736
2026-08-27 21:18:38,715 | EPOCH 1 VAL loss=0.469250 acc=0.8335 pre=0.8334 rec=0.8344 f1=0.8305 BEST
2026-08-27 21:18:48,072 | EPOCH 2 train_loss=0.423732
2026-08-27 21:18:48,833 | EPOCH 2 VAL loss=0.403207 acc=0.8567 pre=0.8574 rec=0.8564 f1=0.8545 BEST
2026-08-27 21:18:58,395 | EPOCH 3 train_loss=0.374573
2026-08-27 21:18:59,164 | EPOCH 3 VAL loss=0.381642 acc=0.8648 pre=0.8672 rec=0.8666 f1=0.8636 BEST
2026-08-27 21:19:08,368 | EPOCH 4 train_loss=0.342971
2026-08-27 21:19:09,091 | EPOCH 4 VAL loss=0.337755 acc=0.8802 pre=0.8813 rec=0.8815 f1=0.8811 BEST
2026-08-27 21:19:09,219 | START cnn_adamax_lr0.001_s42 opt=adamax lr=0.001 seed=42 device=cuda epochs=150 best_by=f1 stop_by=f1
2026-08-27 21:19:09,228 | RESUMED from epoch 3, batch 800
2026-08-27 21:19:16,106 | EPOCH 4 train_loss=0.321390
2026-08-27 21:19:16,888 | EPOCH 4 VAL loss=0.337755 acc=0.8802 pre=0.8813 rec=0.8815 f1=0.8811 BEST
2026-08-27 21:19:19,821 | EPOCH 5 train_loss=0.319806
2026-08-27 21:19:20,604 | EPOCH 5 VAL loss=0.322261 acc=0.8853 pre=0.8869 rec=0.8864 f1=0.8847 BEST
2026-08-27 21:19:26,527 | EPOCH 5 train_loss=0.319774
2026-08-27 21:19:27,267 | EPOCH 5 VAL loss=0.320465 acc=0.8863 pre=0.8875 rec=0.8873 f1=0.8856 BEST
2026-08-27 21:19:30,056 | EPOCH 6 train_loss=0.303784
2026-08-27 21:19:30,777 | EPOCH 6 VAL loss=0.311477 acc=0.8873 pre=0.8891 rec=0.8877 f1=0.8865 BEST
2026-08-27 21:19:36,573 | EPOCH 6 train_loss=0.303587
2026-08-27 21:19:37,769 | EPOCH 6 VAL loss=0.310119 acc=0.8882 pre=0.8896 rec=0.8885 f1=0.8873 BEST
2026-08-27 21:19:40,830 | EPOCH 7 train_loss=0.287682
2026-08-27 21:19:41,557 | EPOCH 7 VAL loss=0.307899 acc=0.8892 pre=0.8946 rec=0.8899 f1=0.8902 BEST
2026-08-27 21:19:47,493 | EPOCH 7 train_loss=0.287416
2026-08-27 21:19:48,223 | EPOCH 7 VAL loss=0.307308 acc=0.8877 pre=0.8929 rec=0.8884 f1=0.8886 BEST
2026-08-27 21:19:51,043 | EPOCH 8 train_loss=0.274401
2026-08-27 21:19:51,807 | EPOCH 8 VAL loss=0.285823 acc=0.8973 pre=0.8999 rec=0.8977 f1=0.8956 BEST
2026-08-27 21:19:57,760 | EPOCH 8 train_loss=0.274200
2026-08-27 21:19:58,503 | EPOCH 8 VAL loss=0.286226 acc=0.8980 pre=0.9008 rec=0.8984 f1=0.8963 BEST
2026-08-27 21:20:02,018 | EPOCH 9 train_loss=0.263175
2026-08-27 21:20:02,790 | EPOCH 9 VAL loss=0.274258 acc=0.9005 pre=0.9004 rec=0.9012 f1=0.8994 BEST
2026-08-27 21:20:08,588 | EPOCH 9 train_loss=0.263054
2026-08-27 21:20:09,403 | EPOCH 9 VAL loss=0.276316 acc=0.8990 pre=0.8990 rec=0.8998 f1=0.8979 BEST
2026-08-27 21:20:12,058 | EPOCH 10 train_loss=0.253858
2026-08-27 21:20:12,775 | EPOCH 10 VAL loss=0.281009 acc=0.9013 pre=0.9016 rec=0.9022 f1=0.9009 BEST
2026-08-27 21:20:18,711 | EPOCH 10 train_loss=0.253742
2026-08-27 21:20:19,503 | EPOCH 10 VAL loss=0.279527 acc=0.9018 pre=0.9020 rec=0.9027 f1=0.9014 BEST
2026-08-27 21:20:23,168 | EPOCH 11 train_loss=0.243547
2026-08-27 21:20:23,907 | EPOCH 11 VAL loss=0.269128 acc=0.9017 pre=0.9020 rec=0.9023 f1=0.9014 BEST
2026-08-27 21:20:29,117 | EPOCH 11 train_loss=0.243674
2026-08-27 21:20:29,885 | EPOCH 11 VAL loss=0.268445 acc=0.9018 pre=0.9021 rec=0.9025 f1=0.9016 BEST
2026-08-27 21:20:33,373 | EPOCH 12 train_loss=0.235717
2026-08-27 21:20:34,114 | EPOCH 12 VAL loss=0.260948 acc=0.9072 pre=0.9068 rec=0.9084 f1=0.9069 BEST
2026-08-27 21:20:39,411 | EPOCH 12 train_loss=0.235608
2026-08-27 21:20:40,157 | EPOCH 12 VAL loss=0.261793 acc=0.9070 pre=0.9067 rec=0.9083 f1=0.9068 BEST
2026-08-27 21:20:43,541 | EPOCH 13 train_loss=0.228695
2026-08-27 21:20:44,737 | EPOCH 13 VAL loss=0.261064 acc=0.9060 pre=0.9097 rec=0.9074 f1=0.9076 BEST
2026-08-27 21:20:50,600 | EPOCH 13 train_loss=0.228665
2026-08-27 21:20:51,341 | EPOCH 13 VAL loss=0.262452 acc=0.9048 pre=0.9090 rec=0.9062 f1=0.9066
2026-08-27 21:20:54,624 | EPOCH 14 train_loss=0.221672
2026-08-27 21:20:55,383 | EPOCH 14 VAL loss=0.253426 acc=0.9105 pre=0.9124 rec=0.9109 f1=0.9100 BEST
2026-08-27 21:21:00,299 | EPOCH 14 train_loss=0.221907
2026-08-27 21:21:01,026 | EPOCH 14 VAL loss=0.252784 acc=0.9088 pre=0.9106 rec=0.9092 f1=0.9080 BEST
2026-08-27 21:21:04,669 | EPOCH 15 train_loss=0.214801
2026-08-27 21:21:05,417 | EPOCH 15 VAL loss=0.247716 acc=0.9093 pre=0.9099 rec=0.9107 f1=0.9097
2026-08-27 21:21:10,950 | EPOCH 15 train_loss=0.215231
2026-08-27 21:21:11,679 | EPOCH 15 VAL loss=0.247718 acc=0.9090 pre=0.9096 rec=0.9104 f1=0.9094 BEST
2026-08-27 21:21:15,779 | EPOCH 16 train_loss=0.208906
2026-08-27 21:21:16,536 | EPOCH 16 VAL loss=0.237876 acc=0.9125 pre=0.9132 rec=0.9136 f1=0.9133 BEST
2026-08-27 21:21:21,235 | EPOCH 16 train_loss=0.209072
2026-08-27 21:21:21,953 | EPOCH 16 VAL loss=0.237955 acc=0.9128 pre=0.9134 rec=0.9139 f1=0.9135 BEST
2026-08-27 21:21:25,839 | EPOCH 17 train_loss=0.202815
2026-08-27 21:21:26,597 | EPOCH 17 VAL loss=0.237252 acc=0.9123 pre=0.9127 rec=0.9133 f1=0.9129
2026-08-27 21:21:32,390 | EPOCH 17 train_loss=0.203141
2026-08-27 21:21:33,294 | EPOCH 17 VAL loss=0.237458 acc=0.9102 pre=0.9105 rec=0.9111 f1=0.9107
2026-08-27 21:21:35,790 | EPOCH 18 train_loss=0.198294
2026-08-27 21:21:36,537 | EPOCH 18 VAL loss=0.249439 acc=0.9107 pre=0.9120 rec=0.9117 f1=0.9089
2026-08-27 21:21:42,603 | EPOCH 18 train_loss=0.198925
2026-08-27 21:21:43,379 | EPOCH 18 VAL loss=0.247191 acc=0.9115 pre=0.9122 rec=0.9125 f1=0.9100
2026-08-27 21:21:45,798 | EPOCH 19 train_loss=0.192427
2026-08-27 21:21:46,566 | EPOCH 19 VAL loss=0.234951 acc=0.9153 pre=0.9163 rec=0.9160 f1=0.9157 BEST
2026-08-27 21:21:52,496 | EPOCH 19 train_loss=0.192978
2026-08-27 21:21:53,548 | EPOCH 19 VAL loss=0.235272 acc=0.9150 pre=0.9159 rec=0.9157 f1=0.9154 BEST
2026-08-27 21:21:56,430 | EPOCH 20 train_loss=0.187628
2026-08-27 21:21:57,180 | EPOCH 20 VAL loss=0.230619 acc=0.9175 pre=0.9185 rec=0.9187 f1=0.9183 BEST
2026-08-27 21:22:03,726 | EPOCH 20 train_loss=0.188149
2026-08-27 21:22:04,882 | EPOCH 20 VAL loss=0.231250 acc=0.9170 pre=0.9178 rec=0.9183 f1=0.9177 BEST
2026-08-27 21:22:06,587 | EPOCH 21 train_loss=0.182197
2026-08-27 21:22:07,362 | EPOCH 21 VAL loss=0.231342 acc=0.9133 pre=0.9168 rec=0.9153 f1=0.9149
2026-08-27 21:22:14,480 | EPOCH 21 train_loss=0.183026
2026-08-27 21:22:15,217 | EPOCH 21 VAL loss=0.230453 acc=0.9158 pre=0.9190 rec=0.9178 f1=0.9173
2026-08-27 21:22:17,116 | EPOCH 22 train_loss=0.177933
2026-08-27 21:22:18,541 | EPOCH 22 VAL loss=0.229683 acc=0.9177 pre=0.9187 rec=0.9186 f1=0.9182
2026-08-27 21:22:24,362 | EPOCH 22 train_loss=0.178836
2026-08-27 21:22:25,148 | EPOCH 22 VAL loss=0.231309 acc=0.9180 pre=0.9188 rec=0.9189 f1=0.9183 BEST
2026-08-27 21:22:27,615 | EPOCH 23 train_loss=0.174103
2026-08-27 21:22:28,361 | EPOCH 23 VAL loss=0.226185 acc=0.9208 pre=0.9213 rec=0.9221 f1=0.9214 BEST
2026-08-27 21:22:34,800 | EPOCH 23 train_loss=0.174713
2026-08-27 21:22:35,537 | EPOCH 23 VAL loss=0.225922 acc=0.9187 pre=0.9190 rec=0.9201 f1=0.9192 BEST
2026-08-27 21:22:37,913 | EPOCH 24 train_loss=0.169267
2026-08-27 21:22:38,639 | EPOCH 24 VAL loss=0.231845 acc=0.9148 pre=0.9171 rec=0.9153 f1=0.9158
2026-08-27 21:22:46,057 | EPOCH 24 train_loss=0.170082
2026-08-27 21:22:46,835 | EPOCH 24 VAL loss=0.232082 acc=0.9138 pre=0.9160 rec=0.9142 f1=0.9147
2026-08-27 21:22:48,135 | EPOCH 25 train_loss=0.166379
2026-08-27 21:22:48,878 | EPOCH 25 VAL loss=0.231266 acc=0.9150 pre=0.9166 rec=0.9158 f1=0.9155
2026-08-27 21:22:56,018 | EPOCH 25 train_loss=0.167178
2026-08-27 21:22:56,773 | EPOCH 25 VAL loss=0.235092 acc=0.9110 pre=0.9136 rec=0.9119 f1=0.9118
2026-08-27 21:22:58,168 | EPOCH 26 train_loss=0.161413
2026-08-27 21:22:58,902 | EPOCH 26 VAL loss=0.227453 acc=0.9165 pre=0.9189 rec=0.9176 f1=0.9175
2026-08-27 21:23:06,461 | EPOCH 26 train_loss=0.162349
2026-08-27 21:23:07,228 | EPOCH 26 VAL loss=0.226198 acc=0.9168 pre=0.9190 rec=0.9179 f1=0.9178
2026-08-27 21:23:08,999 | EPOCH 27 train_loss=0.156365
2026-08-27 21:23:09,784 | EPOCH 27 VAL loss=0.220481 acc=0.9220 pre=0.9223 rec=0.9230 f1=0.9225 BEST
2026-08-27 21:23:16,221 | EPOCH 27 train_loss=0.157299
2026-08-27 21:23:17,033 | EPOCH 27 VAL loss=0.219785 acc=0.9218 pre=0.9222 rec=0.9228 f1=0.9224 BEST
2026-08-27 21:23:19,184 | EPOCH 28 train_loss=0.153723
2026-08-27 21:23:19,989 | EPOCH 28 VAL loss=0.234023 acc=0.9153 pre=0.9172 rec=0.9159 f1=0.9151
2026-08-27 21:23:26,932 | EPOCH 28 train_loss=0.154857
2026-08-27 21:23:27,718 | EPOCH 28 VAL loss=0.232444 acc=0.9140 pre=0.9162 rec=0.9144 f1=0.9138
2026-08-27 21:23:30,607 | EPOCH 29 train_loss=0.148755
2026-08-27 21:23:31,331 | EPOCH 29 VAL loss=0.243591 acc=0.9132 pre=0.9158 rec=0.9134 f1=0.9129
2026-08-27 21:23:36,969 | EPOCH 29 train_loss=0.149887
2026-08-27 21:23:37,773 | EPOCH 29 VAL loss=0.243176 acc=0.9148 pre=0.9177 rec=0.9150 f1=0.9145
2026-08-27 21:23:40,575 | EPOCH 30 train_loss=0.144701
2026-08-27 21:23:41,300 | EPOCH 30 VAL loss=0.215235 acc=0.9225 pre=0.9227 rec=0.9232 f1=0.9226 BEST
2026-08-27 21:23:46,702 | EPOCH 30 train_loss=0.145882
2026-08-27 21:23:47,568 | EPOCH 30 VAL loss=0.217202 acc=0.9195 pre=0.9198 rec=0.9202 f1=0.9196
2026-08-27 21:23:51,673 | EPOCH 31 train_loss=0.142586
2026-08-27 21:23:52,424 | EPOCH 31 VAL loss=0.223472 acc=0.9210 pre=0.9210 rec=0.9220 f1=0.9212
2026-08-27 21:23:56,896 | EPOCH 31 train_loss=0.143847
2026-08-27 21:23:57,649 | EPOCH 31 VAL loss=0.224598 acc=0.9208 pre=0.9209 rec=0.9218 f1=0.9210
2026-08-27 21:24:01,534 | EPOCH 32 train_loss=0.137508
2026-08-27 21:24:02,276 | EPOCH 32 VAL loss=0.223133 acc=0.9202 pre=0.9203 rec=0.9206 f1=0.9202
2026-08-27 21:24:06,776 | EPOCH 32 train_loss=0.139092
2026-08-27 21:24:07,526 | EPOCH 32 VAL loss=0.222495 acc=0.9202 pre=0.9203 rec=0.9208 f1=0.9204
2026-08-27 21:24:11,927 | EPOCH 33 train_loss=0.133468
2026-08-27 21:24:13,048 | EPOCH 33 VAL loss=0.236252 acc=0.9155 pre=0.9199 rec=0.9158 f1=0.9169
2026-08-27 21:24:17,822 | EPOCH 33 train_loss=0.135228
2026-08-27 21:24:18,590 | EPOCH 33 VAL loss=0.237641 acc=0.9157 pre=0.9203 rec=0.9160 f1=0.9170
2026-08-27 21:24:22,350 | EPOCH 34 train_loss=0.129897
2026-08-27 21:24:23,124 | EPOCH 34 VAL loss=0.223700 acc=0.9207 pre=0.9210 rec=0.9219 f1=0.9211
2026-08-27 21:24:28,121 | EPOCH 34 train_loss=0.131489
2026-08-27 21:24:28,898 | EPOCH 34 VAL loss=0.226809 acc=0.9192 pre=0.9195 rec=0.9205 f1=0.9196
2026-08-27 21:24:32,920 | EPOCH 35 train_loss=0.126169
2026-08-27 21:24:34,182 | EPOCH 35 VAL loss=0.231112 acc=0.9190 pre=0.9211 rec=0.9192 f1=0.9195
2026-08-27 21:24:38,501 | EPOCH 35 train_loss=0.128026
2026-08-27 21:24:39,335 | EPOCH 35 VAL loss=0.230464 acc=0.9193 pre=0.9216 rec=0.9195 f1=0.9200
2026-08-27 21:24:44,436 | EPOCH 36 train_loss=0.122684
2026-08-27 21:24:45,168 | EPOCH 36 VAL loss=0.247224 acc=0.9113 pre=0.9173 rec=0.9128 f1=0.9135
2026-08-27 21:24:48,518 | EPOCH 36 train_loss=0.124312
2026-08-27 21:24:49,275 | EPOCH 36 VAL loss=0.246542 acc=0.9107 pre=0.9168 rec=0.9120 f1=0.9130
2026-08-27 21:24:54,560 | EPOCH 37 train_loss=0.119739
2026-08-27 21:24:55,329 | EPOCH 37 VAL loss=0.257600 acc=0.9097 pre=0.9135 rec=0.9103 f1=0.9097
2026-08-27 21:24:59,769 | EPOCH 37 train_loss=0.121487
2026-08-27 21:25:00,538 | EPOCH 37 VAL loss=0.254120 acc=0.9133 pre=0.9168 rec=0.9140 f1=0.9135
2026-08-27 21:25:00,548 | DONE best_epoch=27 best_val_loss=0.219785 early_stop=True time=389.84s
