2026-08-27 11:51:06,813 | START mlp_adamw_lr0.0005_s123 opt=adamw lr=0.0005 seed=123 device=cuda epochs=150 best_by=f1 stop_by=f1
2026-08-27 11:51:13,475 | EPOCH 1 train_loss=0.584199
2026-08-27 11:51:14,072 | EPOCH 1 VAL loss=0.443949 acc=0.8443 pre=0.8489 rec=0.8444 f1=0.8397 BEST
2026-08-27 11:51:21,039 | EPOCH 2 train_loss=0.398349
2026-08-27 11:51:21,593 | EPOCH 2 VAL loss=0.428459 acc=0.8433 pre=0.8537 rec=0.8437 f1=0.8385
2026-08-27 11:51:28,198 | EPOCH 3 train_loss=0.355028
2026-08-27 11:51:28,749 | EPOCH 3 VAL loss=0.362633 acc=0.8692 pre=0.8715 rec=0.8700 f1=0.8694 BEST
2026-08-27 11:51:35,742 | EPOCH 4 train_loss=0.329933
2026-08-27 11:51:36,299 | EPOCH 4 VAL loss=0.349215 acc=0.8717 pre=0.8719 rec=0.8728 f1=0.8711 BEST
2026-08-27 11:51:43,699 | EPOCH 5 train_loss=0.307795
2026-08-27 11:51:44,256 | EPOCH 5 VAL loss=0.344402 acc=0.8750 pre=0.8767 rec=0.8761 f1=0.8731 BEST
2026-08-27 11:51:51,287 | EPOCH 6 train_loss=0.291601
2026-08-27 11:51:51,863 | EPOCH 6 VAL loss=0.323274 acc=0.8790 pre=0.8833 rec=0.8803 f1=0.8813 BEST
2026-08-27 11:51:58,970 | EPOCH 7 train_loss=0.277190
2026-08-27 11:51:59,535 | EPOCH 7 VAL loss=0.336913 acc=0.8727 pre=0.8807 rec=0.8753 f1=0.8749
2026-08-27 11:52:06,249 | EPOCH 8 train_loss=0.263846
2026-08-27 11:52:06,817 | EPOCH 8 VAL loss=0.312378 acc=0.8868 pre=0.8903 rec=0.8879 f1=0.8879 BEST
2026-08-27 11:52:13,897 | EPOCH 9 train_loss=0.252983
2026-08-27 11:52:14,483 | EPOCH 9 VAL loss=0.310915 acc=0.8890 pre=0.8905 rec=0.8909 f1=0.8899 BEST
2026-08-27 11:52:21,612 | EPOCH 10 train_loss=0.244805
2026-08-27 11:52:22,171 | EPOCH 10 VAL loss=0.303687 acc=0.8878 pre=0.8884 rec=0.8893 f1=0.8885
2026-08-27 11:52:28,849 | EPOCH 11 train_loss=0.230742
2026-08-27 11:52:29,404 | EPOCH 11 VAL loss=0.301580 acc=0.8893 pre=0.8916 rec=0.8910 f1=0.8906 BEST
2026-08-27 11:52:36,383 | EPOCH 12 train_loss=0.222112
2026-08-27 11:52:36,965 | EPOCH 12 VAL loss=0.300280 acc=0.8972 pre=0.8981 rec=0.8979 f1=0.8973 BEST
2026-08-27 11:52:43,955 | EPOCH 13 train_loss=0.216408
2026-08-27 11:52:44,514 | EPOCH 13 VAL loss=0.313183 acc=0.8880 pre=0.8885 rec=0.8893 f1=0.8886
2026-08-27 11:52:51,126 | EPOCH 14 train_loss=0.207322
2026-08-27 11:52:51,682 | EPOCH 14 VAL loss=0.316439 acc=0.8882 pre=0.8881 rec=0.8896 f1=0.8879
2026-08-27 11:52:58,384 | EPOCH 15 train_loss=0.201314
2026-08-27 11:52:58,997 | EPOCH 15 VAL loss=0.298484 acc=0.8952 pre=0.8949 rec=0.8956 f1=0.8945
2026-08-27 11:53:05,608 | EPOCH 16 train_loss=0.193466
2026-08-27 11:53:06,180 | EPOCH 16 VAL loss=0.305952 acc=0.8940 pre=0.8944 rec=0.8950 f1=0.8937
2026-08-27 11:53:12,712 | EPOCH 17 train_loss=0.186671
2026-08-27 11:53:13,280 | EPOCH 17 VAL loss=0.308811 acc=0.8937 pre=0.8961 rec=0.8941 f1=0.8933
2026-08-27 11:53:19,902 | EPOCH 18 train_loss=0.179933
2026-08-27 11:53:20,471 | EPOCH 18 VAL loss=0.306831 acc=0.8953 pre=0.8962 rec=0.8963 f1=0.8957
2026-08-27 11:53:27,111 | EPOCH 19 train_loss=0.172406
2026-08-27 11:53:27,690 | EPOCH 19 VAL loss=0.318050 acc=0.8962 pre=0.8987 rec=0.8974 f1=0.8973 BEST
2026-08-27 11:53:34,596 | EPOCH 20 train_loss=0.167317
2026-08-27 11:53:35,153 | EPOCH 20 VAL loss=0.334156 acc=0.8832 pre=0.8860 rec=0.8847 f1=0.8833
2026-08-27 11:53:41,658 | EPOCH 21 train_loss=0.161089
2026-08-27 11:53:42,237 | EPOCH 21 VAL loss=0.325219 acc=0.8947 pre=0.8960 rec=0.8952 f1=0.8952
2026-08-27 11:53:48,843 | EPOCH 22 train_loss=0.154970
2026-08-27 11:53:49,394 | EPOCH 22 VAL loss=0.330333 acc=0.8880 pre=0.8903 rec=0.8882 f1=0.8865
2026-08-27 11:53:55,935 | EPOCH 23 train_loss=0.150300
2026-08-27 11:53:56,484 | EPOCH 23 VAL loss=0.331671 acc=0.8948 pre=0.8951 rec=0.8954 f1=0.8937
2026-08-27 11:54:03,032 | EPOCH 24 train_loss=0.146240
2026-08-27 11:54:03,650 | EPOCH 24 VAL loss=0.332070 acc=0.8942 pre=0.8983 rec=0.8961 f1=0.8959
2026-08-27 11:54:10,245 | EPOCH 25 train_loss=0.142018
2026-08-27 11:54:10,803 | EPOCH 25 VAL loss=0.333011 acc=0.8965 pre=0.8975 rec=0.8969 f1=0.8955
2026-08-27 11:54:17,320 | EPOCH 26 train_loss=0.134491
2026-08-27 11:54:17,870 | EPOCH 26 VAL loss=0.320466 acc=0.8978 pre=0.8996 rec=0.8980 f1=0.8977 BEST
2026-08-27 11:54:24,737 | EPOCH 27 train_loss=0.133017
2026-08-27 11:54:25,288 | EPOCH 27 VAL loss=0.351587 acc=0.8943 pre=0.8960 rec=0.8957 f1=0.8950
2026-08-27 11:54:31,910 | EPOCH 28 train_loss=0.128753
2026-08-27 11:54:32,457 | EPOCH 28 VAL loss=0.359157 acc=0.8940 pre=0.8960 rec=0.8960 f1=0.8953
2026-08-27 11:54:38,976 | EPOCH 29 train_loss=0.124474
2026-08-27 11:54:39,520 | EPOCH 29 VAL loss=0.376452 acc=0.8915 pre=0.8955 rec=0.8922 f1=0.8927
2026-08-27 11:54:46,043 | EPOCH 30 train_loss=0.119780
2026-08-27 11:54:46,613 | EPOCH 30 VAL loss=0.364725 acc=0.8935 pre=0.8986 rec=0.8952 f1=0.8956
2026-08-27 11:54:53,308 | EPOCH 31 train_loss=0.117715
2026-08-27 11:54:53,940 | EPOCH 31 VAL loss=0.368568 acc=0.8957 pre=0.8975 rec=0.8968 f1=0.8961
2026-08-27 11:55:00,610 | EPOCH 32 train_loss=0.111936
2026-08-27 11:55:01,195 | EPOCH 32 VAL loss=0.384297 acc=0.8870 pre=0.8906 rec=0.8882 f1=0.8887
2026-08-27 11:55:07,846 | EPOCH 33 train_loss=0.108826
2026-08-27 11:55:08,457 | EPOCH 33 VAL loss=0.367149 acc=0.8935 pre=0.8956 rec=0.8942 f1=0.8945
2026-08-27 11:55:15,351 | EPOCH 34 train_loss=0.107004
2026-08-27 11:55:15,969 | EPOCH 34 VAL loss=0.356012 acc=0.8950 pre=0.8965 rec=0.8959 f1=0.8953
2026-08-27 11:55:22,711 | EPOCH 35 train_loss=0.101611
2026-08-27 11:55:23,329 | EPOCH 35 VAL loss=0.387523 acc=0.8975 pre=0.8988 rec=0.8978 f1=0.8972
2026-08-27 11:55:30,138 | EPOCH 36 train_loss=0.097751
2026-08-27 11:55:30,752 | EPOCH 36 VAL loss=0.393342 acc=0.8917 pre=0.8926 rec=0.8926 f1=0.8920
2026-08-27 11:55:30,762 | DONE best_epoch=26 best_val_loss=0.320466 early_stop=True time=263.24s
