2026-08-27 18:53:00,029 | START cnn_rmsprop_lr0.001_s2026 opt=rmsprop lr=0.001 seed=2026 device=cuda epochs=150 best_by=f1 stop_by=f1
2026-08-27 18:53:08,262 | START cnn_rmsprop_lr0.001_s2026 opt=rmsprop lr=0.001 seed=2026 device=cuda epochs=150 best_by=f1 stop_by=f1
2026-08-27 18:53:08,271 | RESUMED from epoch 0, batch 600
2026-08-27 18:53:10,869 | EPOCH 1 train_loss=0.486334
2026-08-27 18:53:12,538 | EPOCH 1 VAL loss=0.367012 acc=0.8720 pre=0.8710 rec=0.8734 f1=0.8689 BEST
2026-08-27 18:53:14,663 | START cnn_rmsprop_lr0.001_s2026 opt=rmsprop lr=0.001 seed=2026 device=cuda epochs=150 best_by=f1 stop_by=f1
2026-08-27 18:53:14,674 | RESUMED from epoch 1, batch 0
2026-08-27 18:53:17,529 | EPOCH 1 train_loss=0.379679
2026-08-27 18:53:18,767 | EPOCH 1 VAL loss=0.370895 acc=0.8718 pre=0.8712 rec=0.8732 f1=0.8685 BEST
2026-08-27 18:53:24,777 | EPOCH 2 train_loss=0.325520
2026-08-27 18:53:25,912 | EPOCH 2 VAL loss=0.307792 acc=0.8890 pre=0.8893 rec=0.8908 f1=0.8882 BEST
2026-08-27 18:53:26,949 | EPOCH 2 train_loss=0.325405
2026-08-27 18:53:28,084 | EPOCH 2 VAL loss=0.308180 acc=0.8890 pre=0.8894 rec=0.8906 f1=0.8880 BEST
2026-08-27 18:53:31,073 | EPOCH 2 train_loss=0.325335
2026-08-27 18:53:32,123 | EPOCH 2 VAL loss=0.308067 acc=0.8900 pre=0.8903 rec=0.8916 f1=0.8887 BEST
2026-08-27 18:53:37,266 | EPOCH 3 train_loss=0.279538
2026-08-27 18:53:38,183 | EPOCH 3 VAL loss=0.301094 acc=0.8878 pre=0.8996 rec=0.8912 f1=0.8906 BEST
2026-08-27 18:53:40,661 | EPOCH 3 train_loss=0.279411
2026-08-27 18:53:41,766 | EPOCH 3 VAL loss=0.298315 acc=0.8883 pre=0.8991 rec=0.8915 f1=0.8909 BEST
2026-08-27 18:53:44,525 | EPOCH 3 train_loss=0.279419
2026-08-27 18:53:45,599 | EPOCH 3 VAL loss=0.299956 acc=0.8880 pre=0.9011 rec=0.8914 f1=0.8909 BEST
2026-08-27 18:53:50,700 | EPOCH 4 train_loss=0.249507
2026-08-27 18:53:51,518 | EPOCH 4 VAL loss=0.261524 acc=0.8997 pre=0.9016 rec=0.8998 f1=0.8999 BEST
2026-08-27 18:53:54,839 | EPOCH 4 train_loss=0.249314
2026-08-27 18:53:55,567 | EPOCH 4 VAL loss=0.257992 acc=0.9020 pre=0.9036 rec=0.9021 f1=0.9022 BEST
2026-08-27 18:53:58,040 | EPOCH 4 train_loss=0.248921
2026-08-27 18:53:59,152 | EPOCH 4 VAL loss=0.255612 acc=0.9032 pre=0.9047 rec=0.9033 f1=0.9032 BEST
2026-08-27 18:54:03,390 | EPOCH 5 train_loss=0.226092
2026-08-27 18:54:04,208 | EPOCH 5 VAL loss=0.238164 acc=0.9100 pre=0.9103 rec=0.9108 f1=0.9105 BEST
2026-08-27 18:54:07,106 | EPOCH 5 train_loss=0.225663
2026-08-27 18:54:08,467 | EPOCH 5 VAL loss=0.237783 acc=0.9105 pre=0.9110 rec=0.9114 f1=0.9111 BEST
2026-08-27 18:54:12,148 | EPOCH 5 train_loss=0.226447
2026-08-27 18:54:12,979 | EPOCH 5 VAL loss=0.240278 acc=0.9107 pre=0.9110 rec=0.9115 f1=0.9111 BEST
2026-08-27 18:54:16,848 | EPOCH 6 train_loss=0.207256
2026-08-27 18:54:17,647 | EPOCH 6 VAL loss=0.230172 acc=0.9147 pre=0.9152 rec=0.9154 f1=0.9145 BEST
2026-08-27 18:54:20,919 | EPOCH 6 train_loss=0.206984
2026-08-27 18:54:21,663 | EPOCH 6 VAL loss=0.230328 acc=0.9147 pre=0.9156 rec=0.9152 f1=0.9143 BEST
2026-08-27 18:54:25,719 | EPOCH 6 train_loss=0.208010
2026-08-27 18:54:26,723 | EPOCH 6 VAL loss=0.227006 acc=0.9153 pre=0.9159 rec=0.9160 f1=0.9153 BEST
2026-08-27 18:54:28,653 | EPOCH 7 train_loss=0.190253
2026-08-27 18:54:29,926 | EPOCH 7 VAL loss=0.258313 acc=0.9035 pre=0.9129 rec=0.9060 f1=0.9063
2026-08-27 18:54:34,392 | EPOCH 7 train_loss=0.189427
2026-08-27 18:54:35,503 | EPOCH 7 VAL loss=0.245878 acc=0.9070 pre=0.9132 rec=0.9094 f1=0.9092
2026-08-27 18:54:39,464 | EPOCH 7 train_loss=0.190953
2026-08-27 18:54:40,551 | EPOCH 7 VAL loss=0.245932 acc=0.9085 pre=0.9142 rec=0.9107 f1=0.9106
2026-08-27 18:54:41,678 | EPOCH 8 train_loss=0.176322
2026-08-27 18:54:42,736 | EPOCH 8 VAL loss=0.230401 acc=0.9145 pre=0.9165 rec=0.9155 f1=0.9154 BEST
2026-08-27 18:54:46,333 | EPOCH 8 train_loss=0.175438
2026-08-27 18:54:47,142 | EPOCH 8 VAL loss=0.230360 acc=0.9172 pre=0.9188 rec=0.9181 f1=0.9179 BEST
2026-08-27 18:54:53,457 | EPOCH 8 train_loss=0.176565
2026-08-27 18:54:54,692 | EPOCH 8 VAL loss=0.229351 acc=0.9162 pre=0.9180 rec=0.9171 f1=0.9171 BEST
2026-08-27 18:54:55,680 | EPOCH 9 train_loss=0.161965
2026-08-27 18:54:56,788 | EPOCH 9 VAL loss=0.218597 acc=0.9202 pre=0.9214 rec=0.9208 f1=0.9210 BEST
2026-08-27 18:54:59,302 | EPOCH 9 train_loss=0.161310
2026-08-27 18:55:00,051 | EPOCH 9 VAL loss=0.218718 acc=0.9207 pre=0.9224 rec=0.9216 f1=0.9218 BEST
2026-08-27 18:55:06,440 | EPOCH 9 train_loss=0.162816
2026-08-27 18:55:07,396 | EPOCH 9 VAL loss=0.222032 acc=0.9185 pre=0.9207 rec=0.9194 f1=0.9197 BEST
2026-08-27 18:55:09,153 | EPOCH 10 train_loss=0.149980
2026-08-27 18:55:10,261 | EPOCH 10 VAL loss=0.234527 acc=0.9103 pre=0.9136 rec=0.9111 f1=0.9108
2026-08-27 18:55:11,674 | EPOCH 10 train_loss=0.148850
2026-08-27 18:55:12,428 | EPOCH 10 VAL loss=0.240917 acc=0.9100 pre=0.9136 rec=0.9107 f1=0.9105
2026-08-27 18:55:20,338 | EPOCH 10 train_loss=0.150805
2026-08-27 18:55:21,446 | EPOCH 10 VAL loss=0.246171 acc=0.9112 pre=0.9163 rec=0.9117 f1=0.9116
2026-08-27 18:55:21,474 | EPOCH 11 train_loss=0.138167
2026-08-27 18:55:22,264 | EPOCH 11 VAL loss=0.225157 acc=0.9203 pre=0.9210 rec=0.9213 f1=0.9206
2026-08-27 18:55:24,775 | EPOCH 11 train_loss=0.136756
2026-08-27 18:55:25,725 | EPOCH 11 VAL loss=0.233960 acc=0.9215 pre=0.9233 rec=0.9223 f1=0.9221 BEST
2026-08-27 18:55:33,318 | EPOCH 11 train_loss=0.139059
2026-08-27 18:55:33,403 | EPOCH 12 train_loss=0.127347
2026-08-27 18:55:34,037 | EPOCH 11 VAL loss=0.227858 acc=0.9240 pre=0.9256 rec=0.9248 f1=0.9246 BEST
2026-08-27 18:55:34,507 | EPOCH 12 VAL loss=0.248097 acc=0.9167 pre=0.9209 rec=0.9167 f1=0.9160
2026-08-27 18:55:37,716 | EPOCH 12 train_loss=0.125740
2026-08-27 18:55:38,788 | EPOCH 12 VAL loss=0.254787 acc=0.9138 pre=0.9173 rec=0.9138 f1=0.9136
2026-08-27 18:55:45,902 | EPOCH 12 train_loss=0.127189
2026-08-27 18:55:45,995 | EPOCH 13 train_loss=0.117774
2026-08-27 18:55:46,721 | EPOCH 13 VAL loss=0.247228 acc=0.9160 pre=0.9180 rec=0.9167 f1=0.9169
2026-08-27 18:55:47,018 | EPOCH 12 VAL loss=0.250842 acc=0.9133 pre=0.9176 rec=0.9134 f1=0.9129
2026-08-27 18:55:51,380 | EPOCH 13 train_loss=0.116124
2026-08-27 18:55:52,419 | EPOCH 13 VAL loss=0.242119 acc=0.9150 pre=0.9172 rec=0.9152 f1=0.9157
2026-08-27 18:55:57,444 | EPOCH 14 train_loss=0.107064
2026-08-27 18:55:58,191 | EPOCH 14 VAL loss=0.243723 acc=0.9215 pre=0.9222 rec=0.9224 f1=0.9221 BEST
2026-08-27 18:55:58,292 | EPOCH 13 train_loss=0.117608
2026-08-27 18:55:59,152 | EPOCH 13 VAL loss=0.250914 acc=0.9185 pre=0.9211 rec=0.9187 f1=0.9193
2026-08-27 18:56:04,107 | EPOCH 14 train_loss=0.105348
2026-08-27 18:56:05,382 | EPOCH 14 VAL loss=0.251028 acc=0.9193 pre=0.9200 rec=0.9205 f1=0.9201
2026-08-27 18:56:10,710 | EPOCH 15 train_loss=0.098239
2026-08-27 18:56:11,377 | EPOCH 14 train_loss=0.107945
2026-08-27 18:56:11,827 | EPOCH 15 VAL loss=0.258139 acc=0.9183 pre=0.9197 rec=0.9192 f1=0.9193
2026-08-27 18:56:12,103 | EPOCH 14 VAL loss=0.248208 acc=0.9168 pre=0.9176 rec=0.9176 f1=0.9175
2026-08-27 18:56:17,261 | EPOCH 15 train_loss=0.097000
2026-08-27 18:56:18,324 | EPOCH 15 VAL loss=0.253014 acc=0.9163 pre=0.9181 rec=0.9174 f1=0.9176
2026-08-27 18:56:22,105 | EPOCH 15 train_loss=0.098062
2026-08-27 18:56:22,976 | EPOCH 15 VAL loss=0.252444 acc=0.9213 pre=0.9223 rec=0.9221 f1=0.9221
2026-08-27 18:56:23,774 | EPOCH 16 train_loss=0.089582
2026-08-27 18:56:24,865 | EPOCH 16 VAL loss=0.270294 acc=0.9175 pre=0.9179 rec=0.9186 f1=0.9180
2026-08-27 18:56:30,536 | EPOCH 16 train_loss=0.088035
2026-08-27 18:56:31,308 | EPOCH 16 VAL loss=0.266586 acc=0.9178 pre=0.9185 rec=0.9189 f1=0.9183
2026-08-27 18:56:35,458 | EPOCH 16 train_loss=0.088566
2026-08-27 18:56:36,529 | EPOCH 17 train_loss=0.082728
2026-08-27 18:56:36,538 | EPOCH 16 VAL loss=0.267220 acc=0.9188 pre=0.9192 rec=0.9201 f1=0.9192
2026-08-27 18:56:37,681 | EPOCH 17 VAL loss=0.286952 acc=0.9178 pre=0.9201 rec=0.9182 f1=0.9167
2026-08-27 18:56:43,042 | EPOCH 17 train_loss=0.080906
2026-08-27 18:56:44,635 | EPOCH 17 VAL loss=0.305046 acc=0.9155 pre=0.9172 rec=0.9160 f1=0.9140
2026-08-27 18:56:47,921 | EPOCH 18 train_loss=0.075860
2026-08-27 18:56:48,308 | EPOCH 17 train_loss=0.082651
2026-08-27 18:56:48,873 | EPOCH 18 VAL loss=0.310330 acc=0.9158 pre=0.9169 rec=0.9165 f1=0.9162
2026-08-27 18:56:49,046 | EPOCH 17 VAL loss=0.294974 acc=0.9162 pre=0.9185 rec=0.9167 f1=0.9152
2026-08-27 18:56:56,363 | EPOCH 18 train_loss=0.073204
2026-08-27 18:56:57,391 | EPOCH 18 VAL loss=0.307341 acc=0.9175 pre=0.9184 rec=0.9184 f1=0.9179
2026-08-27 18:57:01,022 | EPOCH 19 train_loss=0.068462
2026-08-27 18:57:01,522 | EPOCH 18 train_loss=0.074908
2026-08-27 18:57:02,142 | EPOCH 19 VAL loss=0.291091 acc=0.9203 pre=0.9213 rec=0.9208 f1=0.9203
2026-08-27 18:57:02,270 | EPOCH 18 VAL loss=0.306906 acc=0.9143 pre=0.9158 rec=0.9145 f1=0.9150
2026-08-27 18:57:08,531 | EPOCH 19 train_loss=0.066943
2026-08-27 18:57:09,582 | EPOCH 19 VAL loss=0.304246 acc=0.9190 pre=0.9210 rec=0.9191 f1=0.9191
2026-08-27 18:57:13,053 | EPOCH 19 train_loss=0.068441
2026-08-27 18:57:14,208 | EPOCH 19 VAL loss=0.310249 acc=0.9193 pre=0.9206 rec=0.9197 f1=0.9198
2026-08-27 18:57:14,615 | EPOCH 20 train_loss=0.062557
2026-08-27 18:57:15,806 | EPOCH 20 VAL loss=0.306460 acc=0.9182 pre=0.9188 rec=0.9189 f1=0.9186
2026-08-27 18:57:21,754 | EPOCH 20 train_loss=0.061510
2026-08-27 18:57:22,860 | EPOCH 20 VAL loss=0.327033 acc=0.9163 pre=0.9170 rec=0.9169 f1=0.9166
2026-08-27 18:57:26,515 | EPOCH 20 train_loss=0.060971
2026-08-27 18:57:26,759 | EPOCH 21 train_loss=0.056991
2026-08-27 18:57:27,516 | EPOCH 21 VAL loss=0.328423 acc=0.9185 pre=0.9190 rec=0.9191 f1=0.9186
2026-08-27 18:57:27,571 | EPOCH 20 VAL loss=0.302323 acc=0.9198 pre=0.9205 rec=0.9207 f1=0.9205
2026-08-27 18:57:34,559 | EPOCH 21 train_loss=0.055815
2026-08-27 18:57:35,449 | EPOCH 21 VAL loss=0.349915 acc=0.9177 pre=0.9188 rec=0.9184 f1=0.9178
2026-08-27 18:57:35,459 | DONE best_epoch=11 best_val_loss=0.23396 early_stop=True time=270.53s
