2026-08-27 22:08:56,378 | START cnn_nadam_lr0.002_s42 opt=nadam lr=0.002 seed=42 device=cuda epochs=150 best_by=f1 stop_by=f1
2026-08-27 22:09:06,351 | EPOCH 1 train_loss=0.464910
2026-08-27 22:09:07,081 | EPOCH 1 VAL loss=0.358695 acc=0.8680 pre=0.8727 rec=0.8710 f1=0.8690 BEST
2026-08-27 22:09:16,827 | EPOCH 2 train_loss=0.294708
2026-08-27 22:09:17,579 | EPOCH 2 VAL loss=0.282978 acc=0.8952 pre=0.8990 rec=0.8954 f1=0.8966 BEST
2026-08-27 22:09:27,975 | EPOCH 3 train_loss=0.249091
2026-08-27 22:09:28,808 | EPOCH 3 VAL loss=0.267054 acc=0.8988 pre=0.9013 rec=0.9000 f1=0.8997 BEST
2026-08-27 22:09:38,502 | EPOCH 4 train_loss=0.220868
2026-08-27 22:09:39,227 | EPOCH 4 VAL loss=0.244054 acc=0.9087 pre=0.9118 rec=0.9100 f1=0.9100 BEST
2026-08-27 22:09:49,477 | EPOCH 5 train_loss=0.196201
2026-08-27 22:09:50,246 | EPOCH 5 VAL loss=0.230126 acc=0.9163 pre=0.9177 rec=0.9168 f1=0.9169 BEST
2026-08-27 22:09:59,863 | EPOCH 6 train_loss=0.177505
2026-08-27 22:10:00,997 | EPOCH 6 VAL loss=0.227500 acc=0.9177 pre=0.9182 rec=0.9184 f1=0.9178 BEST
2026-08-27 22:10:11,225 | EPOCH 7 train_loss=0.157280
2026-08-27 22:10:12,003 | EPOCH 7 VAL loss=0.246886 acc=0.9137 pre=0.9163 rec=0.9150 f1=0.9145
2026-08-27 22:10:21,399 | EPOCH 8 train_loss=0.140445
2026-08-27 22:10:22,141 | EPOCH 8 VAL loss=0.248989 acc=0.9145 pre=0.9169 rec=0.9147 f1=0.9150
2026-08-27 22:10:31,778 | EPOCH 9 train_loss=0.123982
2026-08-27 22:10:32,537 | EPOCH 9 VAL loss=0.249974 acc=0.9178 pre=0.9177 rec=0.9188 f1=0.9179 BEST
2026-08-27 22:10:42,044 | EPOCH 10 train_loss=0.111990
2026-08-27 22:10:42,787 | EPOCH 10 VAL loss=0.257830 acc=0.9177 pre=0.9196 rec=0.9184 f1=0.9186 BEST
2026-08-27 22:10:53,764 | EPOCH 11 train_loss=0.097764
2026-08-27 22:10:54,517 | EPOCH 11 VAL loss=0.273160 acc=0.9163 pre=0.9178 rec=0.9174 f1=0.9172
2026-08-27 22:11:03,909 | EPOCH 12 train_loss=0.088016
2026-08-27 22:11:04,674 | EPOCH 12 VAL loss=0.294454 acc=0.9155 pre=0.9167 rec=0.9157 f1=0.9158
2026-08-27 22:11:14,383 | EPOCH 13 train_loss=0.077002
2026-08-27 22:11:15,875 | EPOCH 13 VAL loss=0.327127 acc=0.9123 pre=0.9154 rec=0.9134 f1=0.9137
2026-08-27 22:11:25,587 | EPOCH 14 train_loss=0.067769
2026-08-27 22:11:26,365 | EPOCH 14 VAL loss=0.318327 acc=0.9165 pre=0.9167 rec=0.9175 f1=0.9167
2026-08-27 22:11:36,049 | EPOCH 15 train_loss=0.062269
2026-08-27 22:11:36,876 | EPOCH 15 VAL loss=0.354647 acc=0.9177 pre=0.9190 rec=0.9182 f1=0.9174
2026-08-27 22:11:46,610 | EPOCH 16 train_loss=0.053860
2026-08-27 22:11:47,387 | EPOCH 16 VAL loss=0.363348 acc=0.9125 pre=0.9138 rec=0.9129 f1=0.9129
2026-08-27 22:11:56,754 | EPOCH 17 train_loss=0.052103
2026-08-27 22:11:57,515 | EPOCH 17 VAL loss=0.379207 acc=0.9123 pre=0.9136 rec=0.9140 f1=0.9132
2026-08-27 22:12:07,393 | EPOCH 18 train_loss=0.044349
2026-08-27 22:12:08,141 | EPOCH 18 VAL loss=0.387690 acc=0.9135 pre=0.9137 rec=0.9144 f1=0.9138
2026-08-27 22:12:17,324 | EPOCH 19 train_loss=0.044678
2026-08-27 22:12:18,095 | EPOCH 19 VAL loss=0.419195 acc=0.9130 pre=0.9135 rec=0.9137 f1=0.9131
2026-08-27 22:12:27,902 | EPOCH 20 train_loss=0.037129
2026-08-27 22:12:28,643 | EPOCH 20 VAL loss=0.461485 acc=0.9155 pre=0.9168 rec=0.9159 f1=0.9143
2026-08-27 22:12:28,655 | DONE best_epoch=10 best_val_loss=0.25783 early_stop=True time=211.44s
2026-08-27 22:15:09,521 | START cnn_nadam_lr0.002_s42 opt=nadam lr=0.002 seed=42 device=cuda epochs=150 best_by=f1 stop_by=f1
2026-08-27 22:15:18,689 | EPOCH 1 train_loss=0.463219
2026-08-27 22:15:19,830 | EPOCH 1 VAL loss=0.358387 acc=0.8677 pre=0.8724 rec=0.8706 f1=0.8684 BEST
2026-08-27 22:15:29,616 | EPOCH 2 train_loss=0.292716
2026-08-27 22:15:30,345 | EPOCH 2 VAL loss=0.276674 acc=0.8968 pre=0.8994 rec=0.8969 f1=0.8976 BEST
2026-08-27 22:15:40,019 | EPOCH 3 train_loss=0.247356
2026-08-27 22:15:40,752 | EPOCH 3 VAL loss=0.263649 acc=0.8990 pre=0.9018 rec=0.9003 f1=0.9000 BEST
2026-08-27 22:15:51,066 | EPOCH 4 train_loss=0.219200
2026-08-27 22:15:52,019 | EPOCH 4 VAL loss=0.242445 acc=0.9090 pre=0.9111 rec=0.9101 f1=0.9101 BEST
2026-08-27 22:16:01,782 | EPOCH 5 train_loss=0.195919
2026-08-27 22:16:02,575 | EPOCH 5 VAL loss=0.227156 acc=0.9133 pre=0.9150 rec=0.9137 f1=0.9136 BEST
2026-08-27 22:16:12,793 | EPOCH 6 train_loss=0.176133
2026-08-27 22:16:13,557 | EPOCH 6 VAL loss=0.230544 acc=0.9150 pre=0.9158 rec=0.9157 f1=0.9146 BEST
2026-08-27 22:16:23,520 | EPOCH 7 train_loss=0.156705
2026-08-27 22:16:24,247 | EPOCH 7 VAL loss=0.240883 acc=0.9168 pre=0.9182 rec=0.9180 f1=0.9175 BEST
