2026-08-27 08:08:03,903 | START mlp_adadelta_lr0.5_s123 opt=adadelta lr=0.5 seed=123 device=cuda epochs=150 best_by=f1 stop_by=f1
2026-08-27 08:08:10,727 | EPOCH 1 train_loss=0.588290
2026-08-27 08:08:11,317 | EPOCH 1 VAL loss=0.414726 acc=0.8478 pre=0.8487 rec=0.8482 f1=0.8455 BEST
2026-08-27 08:08:18,458 | EPOCH 2 train_loss=0.401082
2026-08-27 08:08:19,023 | EPOCH 2 VAL loss=0.396024 acc=0.8555 pre=0.8637 rec=0.8541 f1=0.8519 BEST
2026-08-27 08:08:26,086 | EPOCH 3 train_loss=0.358262
2026-08-27 08:08:26,657 | EPOCH 3 VAL loss=0.364934 acc=0.8682 pre=0.8682 rec=0.8691 f1=0.8666 BEST
2026-08-27 08:08:33,787 | EPOCH 4 train_loss=0.330751
2026-08-27 08:08:34,763 | EPOCH 4 VAL loss=0.365069 acc=0.8617 pre=0.8714 rec=0.8637 f1=0.8644
2026-08-27 08:08:41,618 | EPOCH 5 train_loss=0.309957
2026-08-27 08:08:42,320 | EPOCH 5 VAL loss=0.407309 acc=0.8507 pre=0.8643 rec=0.8536 f1=0.8517
2026-08-27 08:08:49,424 | EPOCH 6 train_loss=0.294358
2026-08-27 08:08:50,020 | EPOCH 6 VAL loss=0.337628 acc=0.8768 pre=0.8817 rec=0.8770 f1=0.8775 BEST
2026-08-27 08:08:57,460 | EPOCH 7 train_loss=0.282545
2026-08-27 08:08:58,055 | EPOCH 7 VAL loss=0.335754 acc=0.8777 pre=0.8815 rec=0.8799 f1=0.8791 BEST
2026-08-27 08:09:05,400 | EPOCH 8 train_loss=0.270097
2026-08-27 08:09:05,993 | EPOCH 8 VAL loss=0.328541 acc=0.8815 pre=0.8838 rec=0.8834 f1=0.8826 BEST
2026-08-27 08:09:13,219 | EPOCH 9 train_loss=0.261110
2026-08-27 08:09:13,848 | EPOCH 9 VAL loss=0.395137 acc=0.8718 pre=0.8741 rec=0.8735 f1=0.8691
2026-08-27 08:09:20,658 | EPOCH 10 train_loss=0.251476
2026-08-27 08:09:21,232 | EPOCH 10 VAL loss=0.364811 acc=0.8702 pre=0.8832 rec=0.8734 f1=0.8732
2026-08-27 08:09:28,221 | EPOCH 11 train_loss=0.243724
2026-08-27 08:09:28,818 | EPOCH 11 VAL loss=0.315186 acc=0.8867 pre=0.8880 rec=0.8880 f1=0.8866 BEST
2026-08-27 08:09:36,198 | EPOCH 12 train_loss=0.236888
2026-08-27 08:09:36,799 | EPOCH 12 VAL loss=0.323580 acc=0.8900 pre=0.8916 rec=0.8908 f1=0.8903 BEST
2026-08-27 08:09:44,306 | EPOCH 13 train_loss=0.229702
2026-08-27 08:09:44,915 | EPOCH 13 VAL loss=0.354034 acc=0.8835 pre=0.8887 rec=0.8836 f1=0.8817
2026-08-27 08:09:52,062 | EPOCH 14 train_loss=0.224705
2026-08-27 08:09:52,663 | EPOCH 14 VAL loss=0.355334 acc=0.8840 pre=0.8848 rec=0.8854 f1=0.8838
2026-08-27 08:09:59,724 | EPOCH 15 train_loss=0.216392
2026-08-27 08:10:00,319 | EPOCH 15 VAL loss=0.332441 acc=0.8885 pre=0.8918 rec=0.8901 f1=0.8898
2026-08-27 08:10:07,360 | EPOCH 16 train_loss=0.212443
2026-08-27 08:10:07,952 | EPOCH 16 VAL loss=0.329352 acc=0.8942 pre=0.8948 rec=0.8952 f1=0.8948 BEST
2026-08-27 08:10:15,396 | EPOCH 17 train_loss=0.206591
2026-08-27 08:10:16,013 | EPOCH 17 VAL loss=0.350066 acc=0.8900 pre=0.8895 rec=0.8913 f1=0.8898
2026-08-27 08:10:22,966 | EPOCH 18 train_loss=0.200016
2026-08-27 08:10:23,579 | EPOCH 18 VAL loss=0.355799 acc=0.8878 pre=0.8893 rec=0.8885 f1=0.8882
2026-08-27 08:10:30,547 | EPOCH 19 train_loss=0.196021
2026-08-27 08:10:31,148 | EPOCH 19 VAL loss=0.360195 acc=0.8930 pre=0.8956 rec=0.8937 f1=0.8942
2026-08-27 08:10:38,187 | EPOCH 20 train_loss=0.192023
2026-08-27 08:10:38,789 | EPOCH 20 VAL loss=0.357107 acc=0.8848 pre=0.8850 rec=0.8858 f1=0.8839
2026-08-27 08:10:45,744 | EPOCH 21 train_loss=0.188992
2026-08-27 08:10:46,342 | EPOCH 21 VAL loss=0.366066 acc=0.8888 pre=0.8927 rec=0.8887 f1=0.8884
2026-08-27 08:10:53,298 | EPOCH 22 train_loss=0.183281
2026-08-27 08:10:53,945 | EPOCH 22 VAL loss=0.379153 acc=0.8913 pre=0.8923 rec=0.8921 f1=0.8911
2026-08-27 08:11:00,978 | EPOCH 23 train_loss=0.179406
2026-08-27 08:11:01,568 | EPOCH 23 VAL loss=0.360538 acc=0.8943 pre=0.8945 rec=0.8950 f1=0.8930
2026-08-27 08:11:08,538 | EPOCH 24 train_loss=0.178080
2026-08-27 08:11:09,111 | EPOCH 24 VAL loss=0.383842 acc=0.8873 pre=0.8902 rec=0.8887 f1=0.8881
2026-08-27 08:11:16,029 | EPOCH 25 train_loss=0.174763
2026-08-27 08:11:16,611 | EPOCH 25 VAL loss=0.361947 acc=0.8928 pre=0.8922 rec=0.8935 f1=0.8924
2026-08-27 08:11:23,320 | EPOCH 26 train_loss=0.168314
2026-08-27 08:11:23,925 | EPOCH 26 VAL loss=0.392777 acc=0.8920 pre=0.8969 rec=0.8929 f1=0.8943
2026-08-27 08:11:23,933 | DONE best_epoch=16 best_val_loss=0.329352 early_stop=True time=199.33s
