2026-08-27 14:03:09,466 | START mlp_nadam_lr0.001_s42 opt=nadam lr=0.001 seed=42 device=cuda epochs=150 best_by=f1 stop_by=f1
2026-08-27 14:03:21,414 | EPOCH 1 train_loss=0.524481
2026-08-27 14:03:22,061 | EPOCH 1 VAL loss=0.410752 acc=0.8533 pre=0.8545 rec=0.8557 f1=0.8533 BEST
2026-08-27 14:03:22,231 | START mlp_nadam_lr0.001_s42 opt=nadam lr=0.001 seed=42 device=cuda epochs=150 best_by=f1 stop_by=f1
2026-08-27 14:03:22,243 | RESUMED from epoch 0, batch 800
2026-08-27 14:03:32,177 | EPOCH 1 train_loss=0.413350
2026-08-27 14:03:33,258 | EPOCH 1 VAL loss=0.410752 acc=0.8533 pre=0.8545 rec=0.8557 f1=0.8533 BEST
2026-08-27 14:03:34,323 | EPOCH 2 train_loss=0.364688
2026-08-27 14:03:35,450 | EPOCH 2 VAL loss=0.371519 acc=0.8633 pre=0.8717 rec=0.8636 f1=0.8661 BEST
2026-08-27 14:03:46,415 | EPOCH 2 train_loss=0.364688
2026-08-27 14:03:47,513 | EPOCH 2 VAL loss=0.371519 acc=0.8633 pre=0.8717 rec=0.8636 f1=0.8661 BEST
2026-08-27 14:03:48,214 | EPOCH 3 train_loss=0.323859
2026-08-27 14:03:49,262 | EPOCH 3 VAL loss=0.348836 acc=0.8723 pre=0.8733 rec=0.8738 f1=0.8719 BEST
2026-08-27 14:04:00,459 | EPOCH 3 train_loss=0.323859
2026-08-27 14:04:01,442 | EPOCH 3 VAL loss=0.348836 acc=0.8723 pre=0.8733 rec=0.8738 f1=0.8719 BEST
2026-08-27 14:04:01,865 | EPOCH 4 train_loss=0.298759
2026-08-27 14:04:03,440 | EPOCH 4 VAL loss=0.319315 acc=0.8817 pre=0.8826 rec=0.8828 f1=0.8825 BEST
2026-08-27 14:04:14,886 | EPOCH 4 train_loss=0.298759
2026-08-27 14:04:15,973 | EPOCH 4 VAL loss=0.319315 acc=0.8817 pre=0.8826 rec=0.8828 f1=0.8825 BEST
2026-08-27 14:04:16,002 | EPOCH 5 train_loss=0.278935
2026-08-27 14:04:17,072 | EPOCH 5 VAL loss=0.313109 acc=0.8810 pre=0.8828 rec=0.8819 f1=0.8811
2026-08-27 14:04:28,995 | EPOCH 5 train_loss=0.278935
2026-08-27 14:04:29,253 | EPOCH 6 train_loss=0.265674
2026-08-27 14:04:30,070 | EPOCH 5 VAL loss=0.313109 acc=0.8810 pre=0.8828 rec=0.8819 f1=0.8811
2026-08-27 14:04:30,288 | EPOCH 6 VAL loss=0.321098 acc=0.8835 pre=0.8833 rec=0.8850 f1=0.8834 BEST
2026-08-27 14:04:42,756 | EPOCH 6 train_loss=0.265674
2026-08-27 14:04:43,130 | EPOCH 7 train_loss=0.249007
2026-08-27 14:04:43,832 | EPOCH 6 VAL loss=0.321098 acc=0.8835 pre=0.8833 rec=0.8850 f1=0.8834 BEST
2026-08-27 14:04:44,242 | EPOCH 7 VAL loss=0.339088 acc=0.8803 pre=0.8826 rec=0.8822 f1=0.8803
2026-08-27 14:04:56,577 | EPOCH 8 train_loss=0.237572
2026-08-27 14:04:56,846 | EPOCH 7 train_loss=0.249007
2026-08-27 14:04:57,628 | EPOCH 8 VAL loss=0.315266 acc=0.8883 pre=0.8897 rec=0.8889 f1=0.8878 BEST
2026-08-27 14:04:57,960 | EPOCH 7 VAL loss=0.339088 acc=0.8803 pre=0.8826 rec=0.8822 f1=0.8803
2026-08-27 14:05:10,222 | EPOCH 9 train_loss=0.226790
2026-08-27 14:05:10,392 | EPOCH 8 train_loss=0.237572
2026-08-27 14:05:11,292 | EPOCH 9 VAL loss=0.308054 acc=0.8912 pre=0.8910 rec=0.8922 f1=0.8909 BEST
2026-08-27 14:05:11,490 | EPOCH 8 VAL loss=0.315266 acc=0.8883 pre=0.8897 rec=0.8889 f1=0.8878 BEST
2026-08-27 14:05:24,098 | EPOCH 10 train_loss=0.217162
2026-08-27 14:05:24,722 | EPOCH 9 train_loss=0.226790
2026-08-27 14:05:25,243 | EPOCH 10 VAL loss=0.356688 acc=0.8792 pre=0.8831 rec=0.8798 f1=0.8788
2026-08-27 14:05:26,320 | EPOCH 9 VAL loss=0.308054 acc=0.8912 pre=0.8910 rec=0.8922 f1=0.8909 BEST
2026-08-27 14:05:37,335 | EPOCH 11 train_loss=0.206861
2026-08-27 14:05:38,416 | EPOCH 11 VAL loss=0.323831 acc=0.8857 pre=0.8858 rec=0.8877 f1=0.8855
2026-08-27 14:05:39,249 | EPOCH 10 train_loss=0.217162
2026-08-27 14:05:40,358 | EPOCH 10 VAL loss=0.356688 acc=0.8792 pre=0.8831 rec=0.8798 f1=0.8788
2026-08-27 14:05:50,626 | EPOCH 12 train_loss=0.199775
2026-08-27 14:05:51,708 | EPOCH 12 VAL loss=0.312838 acc=0.8932 pre=0.8941 rec=0.8941 f1=0.8930 BEST
2026-08-27 14:05:52,708 | EPOCH 11 train_loss=0.206861
2026-08-27 14:05:53,807 | EPOCH 11 VAL loss=0.323831 acc=0.8857 pre=0.8858 rec=0.8877 f1=0.8855
2026-08-27 16:01:00,800 | START mlp_nadam_lr0.001_s42 opt=nadam lr=0.001 seed=42 device=cuda epochs=150 best_by=f1 stop_by=f1
2026-08-27 16:01:08,660 | START mlp_nadam_lr0.001_s42 opt=nadam lr=0.001 seed=42 device=cuda epochs=150 best_by=f1 stop_by=f1
2026-08-27 16:01:08,685 | RESUMED from epoch 0, batch 200
2026-08-27 16:01:21,051 | EPOCH 1 train_loss=0.524481
2026-08-27 16:01:22,887 | EPOCH 1 VAL loss=0.410752 acc=0.8533 pre=0.8545 rec=0.8557 f1=0.8533 BEST
2026-08-27 16:01:25,822 | START mlp_nadam_lr0.001_s42 opt=nadam lr=0.001 seed=42 device=cuda epochs=150 best_by=f1 stop_by=f1
2026-08-27 16:01:25,849 | RESUMED from epoch 1, batch 0
2026-08-27 16:01:28,129 | EPOCH 1 train_loss=0.450803
2026-08-27 16:01:30,078 | EPOCH 1 VAL loss=0.410752 acc=0.8533 pre=0.8545 rec=0.8557 f1=0.8533 BEST
2026-08-27 16:01:42,564 | EPOCH 2 train_loss=0.364688
2026-08-27 16:01:44,459 | EPOCH 2 VAL loss=0.371519 acc=0.8633 pre=0.8717 rec=0.8636 f1=0.8661 BEST
2026-08-27 16:01:46,454 | EPOCH 2 train_loss=0.364688
2026-08-27 16:01:48,996 | EPOCH 2 VAL loss=0.371519 acc=0.8633 pre=0.8717 rec=0.8636 f1=0.8661 BEST
2026-08-27 16:01:53,430 | EPOCH 2 train_loss=0.364688
2026-08-27 16:01:55,264 | EPOCH 2 VAL loss=0.371519 acc=0.8633 pre=0.8717 rec=0.8636 f1=0.8661 BEST
2026-08-27 16:02:06,964 | EPOCH 3 train_loss=0.323859
2026-08-27 16:02:09,683 | EPOCH 3 VAL loss=0.348836 acc=0.8723 pre=0.8733 rec=0.8738 f1=0.8719 BEST
2026-08-27 16:02:10,413 | EPOCH 3 train_loss=0.323859
2026-08-27 16:02:12,316 | EPOCH 3 VAL loss=0.348836 acc=0.8723 pre=0.8733 rec=0.8738 f1=0.8719 BEST
2026-08-27 16:02:17,647 | EPOCH 3 train_loss=0.323859
2026-08-27 16:02:19,499 | EPOCH 3 VAL loss=0.348836 acc=0.8723 pre=0.8733 rec=0.8738 f1=0.8719 BEST
2026-08-27 16:02:30,889 | EPOCH 4 train_loss=0.298759
2026-08-27 16:02:32,696 | EPOCH 4 VAL loss=0.319315 acc=0.8817 pre=0.8826 rec=0.8828 f1=0.8825 BEST
2026-08-27 16:02:35,230 | EPOCH 4 train_loss=0.298759
2026-08-27 16:02:37,824 | EPOCH 4 VAL loss=0.319315 acc=0.8817 pre=0.8826 rec=0.8828 f1=0.8825 BEST
2026-08-27 16:02:41,380 | EPOCH 4 train_loss=0.298759
2026-08-27 16:02:44,332 | EPOCH 4 VAL loss=0.319315 acc=0.8817 pre=0.8826 rec=0.8828 f1=0.8825 BEST
2026-08-27 16:02:54,416 | EPOCH 5 train_loss=0.278935
2026-08-27 16:02:56,130 | EPOCH 5 VAL loss=0.313109 acc=0.8810 pre=0.8828 rec=0.8819 f1=0.8811
2026-08-27 16:03:01,180 | EPOCH 5 train_loss=0.278935
2026-08-27 16:03:02,859 | EPOCH 5 VAL loss=0.313109 acc=0.8810 pre=0.8828 rec=0.8819 f1=0.8811
2026-08-27 16:03:07,048 | EPOCH 5 train_loss=0.278935
2026-08-27 16:03:09,116 | EPOCH 5 VAL loss=0.313109 acc=0.8810 pre=0.8828 rec=0.8819 f1=0.8811
2026-08-27 16:03:17,132 | EPOCH 6 train_loss=0.265674
2026-08-27 16:03:18,817 | EPOCH 6 VAL loss=0.321098 acc=0.8835 pre=0.8833 rec=0.8850 f1=0.8834 BEST
2026-08-27 16:03:24,685 | EPOCH 6 train_loss=0.265674
2026-08-27 16:03:26,470 | EPOCH 6 VAL loss=0.321098 acc=0.8835 pre=0.8833 rec=0.8850 f1=0.8834 BEST
2026-08-27 16:03:30,217 | EPOCH 6 train_loss=0.265674
2026-08-27 16:03:32,999 | EPOCH 6 VAL loss=0.321098 acc=0.8835 pre=0.8833 rec=0.8850 f1=0.8834 BEST
2026-08-27 16:03:42,383 | EPOCH 7 train_loss=0.249007
2026-08-27 16:03:44,041 | EPOCH 7 VAL loss=0.339088 acc=0.8803 pre=0.8826 rec=0.8822 f1=0.8803
2026-08-27 16:03:49,536 | EPOCH 7 train_loss=0.249007
2026-08-27 16:03:51,421 | EPOCH 7 VAL loss=0.339088 acc=0.8803 pre=0.8826 rec=0.8822 f1=0.8803
2026-08-27 16:03:54,580 | EPOCH 7 train_loss=0.249007
2026-08-27 16:03:56,410 | EPOCH 7 VAL loss=0.339088 acc=0.8803 pre=0.8826 rec=0.8822 f1=0.8803
2026-08-27 16:04:06,834 | EPOCH 8 train_loss=0.237572
2026-08-27 16:04:08,593 | EPOCH 8 VAL loss=0.315266 acc=0.8883 pre=0.8897 rec=0.8889 f1=0.8878 BEST
2026-08-27 16:04:11,818 | EPOCH 8 train_loss=0.237572
2026-08-27 16:04:13,677 | EPOCH 8 VAL loss=0.315266 acc=0.8883 pre=0.8897 rec=0.8889 f1=0.8878 BEST
2026-08-27 16:04:17,311 | EPOCH 8 train_loss=0.237572
2026-08-27 16:04:19,117 | EPOCH 8 VAL loss=0.315266 acc=0.8883 pre=0.8897 rec=0.8889 f1=0.8878 BEST
2026-08-27 16:04:30,465 | EPOCH 9 train_loss=0.226790
2026-08-27 16:04:32,228 | EPOCH 9 VAL loss=0.308054 acc=0.8912 pre=0.8910 rec=0.8922 f1=0.8909 BEST
2026-08-27 16:04:37,932 | EPOCH 9 train_loss=0.226790
2026-08-27 16:04:39,687 | EPOCH 9 VAL loss=0.308054 acc=0.8912 pre=0.8910 rec=0.8922 f1=0.8909 BEST
2026-08-27 16:04:42,386 | EPOCH 9 train_loss=0.226790
2026-08-27 16:04:44,157 | EPOCH 9 VAL loss=0.308054 acc=0.8912 pre=0.8910 rec=0.8922 f1=0.8909 BEST
2026-08-27 16:04:53,499 | EPOCH 10 train_loss=0.217162
2026-08-27 16:04:55,667 | EPOCH 10 VAL loss=0.356688 acc=0.8792 pre=0.8831 rec=0.8798 f1=0.8788
2026-08-27 16:05:01,855 | EPOCH 10 train_loss=0.217162
2026-08-27 16:05:03,710 | EPOCH 10 VAL loss=0.356688 acc=0.8792 pre=0.8831 rec=0.8798 f1=0.8788
2026-08-27 16:05:07,818 | EPOCH 10 train_loss=0.217162
2026-08-27 16:05:09,664 | EPOCH 10 VAL loss=0.356688 acc=0.8792 pre=0.8831 rec=0.8798 f1=0.8788
2026-08-27 16:05:16,157 | EPOCH 11 train_loss=0.206861
2026-08-27 16:05:17,982 | EPOCH 11 VAL loss=0.323831 acc=0.8857 pre=0.8858 rec=0.8877 f1=0.8855
2026-08-27 16:05:26,251 | EPOCH 11 train_loss=0.206861
2026-08-27 16:05:28,018 | EPOCH 11 VAL loss=0.323831 acc=0.8857 pre=0.8858 rec=0.8877 f1=0.8855
2026-08-27 16:05:32,697 | EPOCH 11 train_loss=0.206861
2026-08-27 16:05:34,390 | EPOCH 11 VAL loss=0.323831 acc=0.8857 pre=0.8858 rec=0.8877 f1=0.8855
2026-08-27 16:05:37,065 | EPOCH 12 train_loss=0.199775
2026-08-27 16:05:38,698 | EPOCH 12 VAL loss=0.312838 acc=0.8932 pre=0.8941 rec=0.8941 f1=0.8930 BEST
2026-08-27 16:05:50,698 | EPOCH 12 train_loss=0.199775
2026-08-27 16:05:52,321 | EPOCH 12 VAL loss=0.312838 acc=0.8932 pre=0.8941 rec=0.8941 f1=0.8930 BEST
2026-08-27 16:05:54,687 | EPOCH 12 train_loss=0.199775
2026-08-27 16:05:56,295 | EPOCH 12 VAL loss=0.312838 acc=0.8932 pre=0.8941 rec=0.8941 f1=0.8930 BEST
2026-08-27 16:06:02,328 | EPOCH 13 train_loss=0.190598
2026-08-27 16:06:04,198 | EPOCH 13 VAL loss=0.318808 acc=0.8908 pre=0.8944 rec=0.8922 f1=0.8925
2026-08-27 16:06:15,654 | EPOCH 13 train_loss=0.190598
2026-08-27 16:06:17,590 | EPOCH 13 VAL loss=0.318808 acc=0.8908 pre=0.8944 rec=0.8922 f1=0.8925
2026-08-27 16:06:18,616 | EPOCH 13 train_loss=0.190598
2026-08-27 16:06:20,431 | EPOCH 13 VAL loss=0.318808 acc=0.8908 pre=0.8944 rec=0.8922 f1=0.8925
2026-08-27 16:06:24,691 | EPOCH 14 train_loss=0.186042
2026-08-27 16:06:26,279 | EPOCH 14 VAL loss=0.322217 acc=0.8912 pre=0.8928 rec=0.8922 f1=0.8915
2026-08-27 16:06:38,676 | EPOCH 14 train_loss=0.186042
2026-08-27 16:06:40,571 | EPOCH 14 VAL loss=0.322217 acc=0.8912 pre=0.8928 rec=0.8922 f1=0.8915
2026-08-27 16:06:43,569 | EPOCH 14 train_loss=0.186042
2026-08-27 16:06:45,383 | EPOCH 14 VAL loss=0.322217 acc=0.8912 pre=0.8928 rec=0.8922 f1=0.8915
2026-08-27 16:06:48,052 | EPOCH 15 train_loss=0.176269
2026-08-27 16:06:49,830 | EPOCH 15 VAL loss=0.318348 acc=0.8920 pre=0.8926 rec=0.8928 f1=0.8911
2026-08-27 16:07:01,676 | EPOCH 15 train_loss=0.176269
2026-08-27 16:07:03,617 | EPOCH 15 VAL loss=0.318348 acc=0.8920 pre=0.8926 rec=0.8928 f1=0.8911
2026-08-27 16:07:08,096 | EPOCH 15 train_loss=0.176269
2026-08-27 16:07:09,822 | EPOCH 15 VAL loss=0.318348 acc=0.8920 pre=0.8926 rec=0.8928 f1=0.8911
2026-08-27 16:07:10,904 | EPOCH 16 train_loss=0.169950
2026-08-27 16:07:12,705 | EPOCH 16 VAL loss=0.321928 acc=0.8945 pre=0.8959 rec=0.8950 f1=0.8940 BEST
2026-08-27 16:07:24,415 | EPOCH 16 train_loss=0.169950
2026-08-27 16:07:26,354 | EPOCH 16 VAL loss=0.321928 acc=0.8945 pre=0.8959 rec=0.8950 f1=0.8940 BEST
2026-08-27 16:07:32,962 | EPOCH 16 train_loss=0.169950
2026-08-27 16:07:33,789 | EPOCH 17 train_loss=0.164890
2026-08-27 16:07:34,375 | EPOCH 16 VAL loss=0.321928 acc=0.8945 pre=0.8959 rec=0.8950 f1=0.8940 BEST
2026-08-27 16:07:35,827 | EPOCH 17 VAL loss=0.324109 acc=0.8943 pre=0.8970 rec=0.8961 f1=0.8959 BEST
2026-08-27 16:07:49,348 | EPOCH 17 train_loss=0.164890
2026-08-27 16:07:51,125 | EPOCH 17 VAL loss=0.324109 acc=0.8943 pre=0.8970 rec=0.8961 f1=0.8959 BEST
2026-08-27 16:07:58,004 | EPOCH 18 train_loss=0.160182
2026-08-27 16:07:58,158 | EPOCH 17 train_loss=0.164890
2026-08-27 16:07:59,681 | EPOCH 18 VAL loss=0.319680 acc=0.8938 pre=0.8948 rec=0.8940 f1=0.8929
2026-08-27 16:07:59,960 | EPOCH 17 VAL loss=0.324109 acc=0.8943 pre=0.8970 rec=0.8961 f1=0.8959 BEST
2026-08-27 16:08:14,378 | EPOCH 18 train_loss=0.160182
2026-08-27 16:08:16,071 | EPOCH 18 VAL loss=0.319680 acc=0.8938 pre=0.8948 rec=0.8940 f1=0.8929
2026-08-27 16:08:20,327 | EPOCH 19 train_loss=0.153286
2026-08-27 16:08:21,915 | EPOCH 18 train_loss=0.160182
2026-08-27 16:08:21,985 | EPOCH 19 VAL loss=0.328133 acc=0.8968 pre=0.8975 rec=0.8975 f1=0.8964 BEST
2026-08-27 16:08:23,690 | EPOCH 18 VAL loss=0.319680 acc=0.8938 pre=0.8948 rec=0.8940 f1=0.8929
2026-08-27 16:08:37,905 | EPOCH 19 train_loss=0.153286
2026-08-27 16:08:39,988 | EPOCH 19 VAL loss=0.328133 acc=0.8968 pre=0.8975 rec=0.8975 f1=0.8964 BEST
2026-08-27 16:08:44,002 | EPOCH 20 train_loss=0.147973
2026-08-27 16:08:44,702 | EPOCH 19 train_loss=0.153286
2026-08-27 16:08:46,293 | EPOCH 20 VAL loss=0.350891 acc=0.8928 pre=0.8931 rec=0.8938 f1=0.8928
2026-08-27 16:08:46,931 | EPOCH 19 VAL loss=0.328133 acc=0.8968 pre=0.8975 rec=0.8975 f1=0.8964 BEST
2026-08-27 16:09:02,983 | EPOCH 20 train_loss=0.147973
2026-08-27 16:09:04,611 | EPOCH 20 VAL loss=0.350891 acc=0.8928 pre=0.8931 rec=0.8938 f1=0.8928
2026-08-27 16:09:07,444 | EPOCH 21 train_loss=0.141722
2026-08-27 16:09:08,846 | EPOCH 20 train_loss=0.147973
2026-08-27 16:09:09,254 | EPOCH 21 VAL loss=0.354368 acc=0.8925 pre=0.8928 rec=0.8939 f1=0.8929
2026-08-27 16:09:11,173 | EPOCH 20 VAL loss=0.350891 acc=0.8928 pre=0.8931 rec=0.8938 f1=0.8928
2026-08-27 16:09:26,320 | EPOCH 21 train_loss=0.141722
2026-08-27 16:09:28,339 | EPOCH 21 VAL loss=0.354368 acc=0.8925 pre=0.8928 rec=0.8939 f1=0.8929
2026-08-27 16:09:31,272 | EPOCH 22 train_loss=0.138039
2026-08-27 16:09:32,423 | EPOCH 21 train_loss=0.141722
2026-08-27 16:09:32,987 | EPOCH 22 VAL loss=0.371790 acc=0.8903 pre=0.8930 rec=0.8911 f1=0.8912
2026-08-27 16:09:34,486 | EPOCH 21 VAL loss=0.354368 acc=0.8925 pre=0.8928 rec=0.8939 f1=0.8929
2026-08-27 16:09:51,673 | EPOCH 22 train_loss=0.138039
2026-08-27 16:09:53,378 | EPOCH 22 VAL loss=0.371790 acc=0.8903 pre=0.8930 rec=0.8911 f1=0.8912
2026-08-27 16:09:54,505 | EPOCH 23 train_loss=0.135389
2026-08-27 16:09:55,048 | EPOCH 22 train_loss=0.138039
2026-08-27 16:09:56,155 | EPOCH 23 VAL loss=0.356937 acc=0.8903 pre=0.8898 rec=0.8916 f1=0.8898
2026-08-27 16:09:56,979 | EPOCH 22 VAL loss=0.371790 acc=0.8903 pre=0.8930 rec=0.8911 f1=0.8912
2026-08-27 16:10:14,645 | EPOCH 23 train_loss=0.135389
2026-08-27 16:10:16,496 | EPOCH 24 train_loss=0.126781
2026-08-27 16:10:16,538 | EPOCH 23 VAL loss=0.356937 acc=0.8903 pre=0.8898 rec=0.8916 f1=0.8898
2026-08-27 16:10:18,269 | EPOCH 24 VAL loss=0.395130 acc=0.8927 pre=0.8934 rec=0.8935 f1=0.8931
2026-08-27 16:10:18,958 | EPOCH 23 train_loss=0.135389
2026-08-27 16:10:20,974 | EPOCH 23 VAL loss=0.356937 acc=0.8903 pre=0.8898 rec=0.8916 f1=0.8898
2026-08-27 16:10:37,741 | EPOCH 24 train_loss=0.126781
2026-08-27 16:10:39,668 | EPOCH 24 VAL loss=0.395130 acc=0.8927 pre=0.8934 rec=0.8935 f1=0.8931
2026-08-27 16:10:40,440 | EPOCH 25 train_loss=0.125440
2026-08-27 16:10:42,286 | EPOCH 25 VAL loss=0.387282 acc=0.8910 pre=0.8915 rec=0.8921 f1=0.8904
2026-08-27 16:10:42,748 | EPOCH 24 train_loss=0.126781
2026-08-27 16:10:44,470 | EPOCH 24 VAL loss=0.395130 acc=0.8927 pre=0.8934 rec=0.8935 f1=0.8931
2026-08-27 16:11:02,235 | EPOCH 26 train_loss=0.125873
2026-08-27 16:11:02,749 | EPOCH 25 train_loss=0.125440
2026-08-27 16:11:04,040 | EPOCH 26 VAL loss=0.358549 acc=0.8953 pre=0.8953 rec=0.8963 f1=0.8950
2026-08-27 16:11:04,593 | EPOCH 25 VAL loss=0.387282 acc=0.8910 pre=0.8915 rec=0.8921 f1=0.8904
2026-08-27 16:11:05,571 | EPOCH 25 train_loss=0.125440
2026-08-27 16:11:07,354 | EPOCH 25 VAL loss=0.387282 acc=0.8910 pre=0.8915 rec=0.8921 f1=0.8904
2026-08-27 16:11:23,841 | EPOCH 27 train_loss=0.117884
2026-08-27 16:11:25,376 | EPOCH 27 VAL loss=0.396698 acc=0.8927 pre=0.8931 rec=0.8935 f1=0.8924
2026-08-27 16:11:27,833 | EPOCH 26 train_loss=0.125873
2026-08-27 16:11:28,531 | EPOCH 26 train_loss=0.125873
2026-08-27 16:11:29,713 | EPOCH 26 VAL loss=0.358549 acc=0.8953 pre=0.8953 rec=0.8963 f1=0.8950
2026-08-27 16:11:30,319 | EPOCH 26 VAL loss=0.358549 acc=0.8953 pre=0.8953 rec=0.8963 f1=0.8950
2026-08-27 16:11:45,678 | EPOCH 28 train_loss=0.111008
2026-08-27 16:11:47,615 | EPOCH 28 VAL loss=0.436058 acc=0.8925 pre=0.8929 rec=0.8938 f1=0.8917
2026-08-27 16:11:51,279 | EPOCH 27 train_loss=0.117884
2026-08-27 16:11:53,053 | EPOCH 27 train_loss=0.117884
2026-08-27 16:11:53,188 | EPOCH 27 VAL loss=0.396698 acc=0.8927 pre=0.8931 rec=0.8935 f1=0.8924
2026-08-27 16:11:55,005 | EPOCH 27 VAL loss=0.396698 acc=0.8927 pre=0.8931 rec=0.8935 f1=0.8924
2026-08-27 16:12:07,776 | EPOCH 29 train_loss=0.112484
2026-08-27 16:12:09,865 | EPOCH 29 VAL loss=0.439805 acc=0.8852 pre=0.8877 rec=0.8855 f1=0.8849
2026-08-27 16:12:09,891 | DONE best_epoch=19 best_val_loss=0.328133 early_stop=True time=666.82s
2026-08-27 16:12:13,629 | EPOCH 28 train_loss=0.111008
