2026-08-27 16:20:50,835 | START mlp_nadam_lr0.001_s2026 opt=nadam lr=0.001 seed=2026 device=cuda epochs=150 best_by=f1 stop_by=f1
2026-08-27 16:21:07,462 | START mlp_nadam_lr0.001_s2026 opt=nadam lr=0.001 seed=2026 device=cuda epochs=150 best_by=f1 stop_by=f1
2026-08-27 16:21:07,494 | RESUMED from epoch 0, batch 600
2026-08-27 16:21:09,652 | EPOCH 1 train_loss=0.523419
2026-08-27 16:21:11,509 | EPOCH 1 VAL loss=0.408022 acc=0.8545 pre=0.8537 rec=0.8562 f1=0.8527 BEST
2026-08-27 16:21:13,342 | START mlp_nadam_lr0.001_s2026 opt=nadam lr=0.001 seed=2026 device=cuda epochs=150 best_by=f1 stop_by=f1
2026-08-27 16:21:13,372 | RESUMED from epoch 1, batch 0
2026-08-27 16:21:24,434 | EPOCH 1 train_loss=0.412738
2026-08-27 16:21:26,283 | EPOCH 1 VAL loss=0.408022 acc=0.8545 pre=0.8537 rec=0.8562 f1=0.8527 BEST
2026-08-27 16:21:31,971 | EPOCH 2 train_loss=0.365112
2026-08-27 16:21:33,694 | EPOCH 2 VAL loss=0.359661 acc=0.8675 pre=0.8693 rec=0.8694 f1=0.8676 BEST
2026-08-27 16:21:34,688 | EPOCH 2 train_loss=0.365112
2026-08-27 16:21:36,644 | EPOCH 2 VAL loss=0.359661 acc=0.8675 pre=0.8693 rec=0.8694 f1=0.8676 BEST
2026-08-27 16:21:48,000 | EPOCH 2 train_loss=0.365112
2026-08-27 16:21:49,914 | EPOCH 2 VAL loss=0.359661 acc=0.8675 pre=0.8693 rec=0.8694 f1=0.8676 BEST
2026-08-27 16:21:56,753 | EPOCH 3 train_loss=0.322640
2026-08-27 16:21:58,300 | EPOCH 3 train_loss=0.322640
2026-08-27 16:21:58,384 | EPOCH 3 VAL loss=0.393029 acc=0.8547 pre=0.8718 rec=0.8587 f1=0.8579
2026-08-27 16:22:00,277 | EPOCH 3 VAL loss=0.393029 acc=0.8547 pre=0.8718 rec=0.8587 f1=0.8579
2026-08-27 16:22:10,601 | EPOCH 3 train_loss=0.322640
2026-08-27 16:22:12,409 | EPOCH 3 VAL loss=0.393029 acc=0.8547 pre=0.8718 rec=0.8587 f1=0.8579
2026-08-27 16:22:18,081 | EPOCH 4 train_loss=0.298614
2026-08-27 16:22:19,996 | EPOCH 4 VAL loss=0.328228 acc=0.8792 pre=0.8798 rec=0.8800 f1=0.8791 BEST
2026-08-27 16:22:20,391 | EPOCH 4 train_loss=0.298614
2026-08-27 16:22:23,239 | EPOCH 4 VAL loss=0.328228 acc=0.8792 pre=0.8798 rec=0.8800 f1=0.8791 BEST
2026-08-27 16:22:35,227 | EPOCH 4 train_loss=0.298614
2026-08-27 16:22:36,971 | EPOCH 4 VAL loss=0.328228 acc=0.8792 pre=0.8798 rec=0.8800 f1=0.8791 BEST
2026-08-27 16:22:41,826 | EPOCH 5 train_loss=0.278383
2026-08-27 16:22:43,539 | EPOCH 5 VAL loss=0.325515 acc=0.8800 pre=0.8806 rec=0.8812 f1=0.8788
2026-08-27 16:22:45,538 | EPOCH 5 train_loss=0.278383
2026-08-27 16:22:47,306 | EPOCH 5 VAL loss=0.325515 acc=0.8800 pre=0.8806 rec=0.8812 f1=0.8788
2026-08-27 16:22:58,295 | EPOCH 5 train_loss=0.278383
2026-08-27 16:23:00,175 | EPOCH 5 VAL loss=0.325515 acc=0.8800 pre=0.8806 rec=0.8812 f1=0.8788
2026-08-27 16:23:03,611 | EPOCH 6 train_loss=0.263242
2026-08-27 16:23:05,110 | EPOCH 6 VAL loss=0.313360 acc=0.8848 pre=0.8874 rec=0.8866 f1=0.8861 BEST
2026-08-27 16:23:08,373 | EPOCH 6 train_loss=0.263242
2026-08-27 16:23:10,040 | EPOCH 6 VAL loss=0.313360 acc=0.8848 pre=0.8874 rec=0.8866 f1=0.8861 BEST
2026-08-27 16:23:22,202 | EPOCH 6 train_loss=0.263242
2026-08-27 16:23:23,752 | EPOCH 6 VAL loss=0.313360 acc=0.8848 pre=0.8874 rec=0.8866 f1=0.8861 BEST
2026-08-27 16:23:27,743 | EPOCH 7 train_loss=0.249080
2026-08-27 16:23:29,602 | EPOCH 7 VAL loss=0.314908 acc=0.8822 pre=0.8871 rec=0.8841 f1=0.8844
2026-08-27 16:23:32,806 | EPOCH 7 train_loss=0.249080
2026-08-27 16:23:34,721 | EPOCH 7 VAL loss=0.314908 acc=0.8822 pre=0.8871 rec=0.8841 f1=0.8844
2026-08-27 16:23:46,975 | EPOCH 7 train_loss=0.249080
2026-08-27 16:23:49,168 | EPOCH 7 VAL loss=0.314908 acc=0.8822 pre=0.8871 rec=0.8841 f1=0.8844
2026-08-27 16:23:51,058 | EPOCH 8 train_loss=0.238596
2026-08-27 16:23:52,859 | EPOCH 8 VAL loss=0.308649 acc=0.8892 pre=0.8893 rec=0.8904 f1=0.8891 BEST
2026-08-27 16:23:55,116 | EPOCH 8 train_loss=0.238596
2026-08-27 16:23:56,684 | EPOCH 8 VAL loss=0.308649 acc=0.8892 pre=0.8893 rec=0.8904 f1=0.8891 BEST
2026-08-27 16:24:10,067 | EPOCH 8 train_loss=0.238596
2026-08-27 16:24:11,982 | EPOCH 8 VAL loss=0.308649 acc=0.8892 pre=0.8893 rec=0.8904 f1=0.8891 BEST
2026-08-27 16:24:15,544 | EPOCH 9 train_loss=0.226478
2026-08-27 16:24:18,163 | EPOCH 9 VAL loss=0.313275 acc=0.8882 pre=0.8917 rec=0.8893 f1=0.8897 BEST
2026-08-27 16:24:19,995 | EPOCH 9 train_loss=0.226478
2026-08-27 16:24:21,474 | EPOCH 9 VAL loss=0.313275 acc=0.8882 pre=0.8917 rec=0.8893 f1=0.8897 BEST
2026-08-27 16:24:34,199 | EPOCH 9 train_loss=0.226478
2026-08-27 16:24:35,962 | EPOCH 9 VAL loss=0.313275 acc=0.8882 pre=0.8917 rec=0.8893 f1=0.8897 BEST
2026-08-27 16:24:40,728 | EPOCH 10 train_loss=0.216902
2026-08-27 16:24:42,163 | EPOCH 10 VAL loss=0.311410 acc=0.8920 pre=0.8937 rec=0.8925 f1=0.8920 BEST
2026-08-27 16:24:43,730 | EPOCH 10 train_loss=0.216902
2026-08-27 16:24:45,662 | EPOCH 10 VAL loss=0.311410 acc=0.8920 pre=0.8937 rec=0.8925 f1=0.8920 BEST
2026-08-27 16:24:58,325 | EPOCH 10 train_loss=0.216902
2026-08-27 16:25:00,122 | EPOCH 10 VAL loss=0.311410 acc=0.8920 pre=0.8937 rec=0.8925 f1=0.8920 BEST
2026-08-27 16:25:04,996 | EPOCH 11 train_loss=0.208328
2026-08-27 16:25:06,849 | EPOCH 11 VAL loss=0.318238 acc=0.8858 pre=0.8880 rec=0.8880 f1=0.8870
2026-08-27 16:25:10,233 | EPOCH 11 train_loss=0.208328
2026-08-27 16:25:12,213 | EPOCH 11 VAL loss=0.318238 acc=0.8858 pre=0.8880 rec=0.8880 f1=0.8870
2026-08-27 16:25:22,131 | EPOCH 11 train_loss=0.208328
2026-08-27 16:25:24,844 | EPOCH 11 VAL loss=0.318238 acc=0.8858 pre=0.8880 rec=0.8880 f1=0.8870
2026-08-27 16:25:26,861 | EPOCH 12 train_loss=0.199160
2026-08-27 16:25:29,178 | EPOCH 12 VAL loss=0.315710 acc=0.8893 pre=0.8930 rec=0.8903 f1=0.8907
2026-08-27 16:25:33,936 | EPOCH 12 train_loss=0.199160
2026-08-27 16:25:35,953 | EPOCH 12 VAL loss=0.315710 acc=0.8893 pre=0.8930 rec=0.8903 f1=0.8907
2026-08-27 16:25:47,225 | EPOCH 12 train_loss=0.199160
2026-08-27 16:25:48,831 | EPOCH 12 VAL loss=0.315710 acc=0.8893 pre=0.8930 rec=0.8903 f1=0.8907
2026-08-27 16:25:49,412 | EPOCH 13 train_loss=0.191792
2026-08-27 16:25:51,402 | EPOCH 13 VAL loss=0.315018 acc=0.8958 pre=0.8968 rec=0.8968 f1=0.8964 BEST
2026-08-27 16:25:56,886 | EPOCH 13 train_loss=0.191792
2026-08-27 16:25:58,736 | EPOCH 13 VAL loss=0.315018 acc=0.8958 pre=0.8968 rec=0.8968 f1=0.8964 BEST
2026-08-27 16:26:12,277 | EPOCH 13 train_loss=0.191792
2026-08-27 16:26:12,326 | EPOCH 14 train_loss=0.183588
2026-08-27 16:26:13,964 | EPOCH 13 VAL loss=0.315018 acc=0.8958 pre=0.8968 rec=0.8968 f1=0.8964 BEST
2026-08-27 16:26:14,371 | EPOCH 14 VAL loss=0.329821 acc=0.8925 pre=0.8940 rec=0.8930 f1=0.8922
2026-08-27 16:26:20,672 | EPOCH 14 train_loss=0.183588
2026-08-27 16:26:23,116 | EPOCH 14 VAL loss=0.329821 acc=0.8925 pre=0.8940 rec=0.8930 f1=0.8922
2026-08-27 16:26:35,632 | EPOCH 15 train_loss=0.177321
2026-08-27 16:26:37,496 | EPOCH 14 train_loss=0.183588
2026-08-27 16:26:37,670 | EPOCH 15 VAL loss=0.331124 acc=0.8930 pre=0.8962 rec=0.8949 f1=0.8949
2026-08-27 16:26:39,544 | EPOCH 14 VAL loss=0.329821 acc=0.8925 pre=0.8940 rec=0.8930 f1=0.8922
2026-08-27 16:26:44,885 | EPOCH 15 train_loss=0.177321
2026-08-27 16:26:46,555 | EPOCH 15 VAL loss=0.331124 acc=0.8930 pre=0.8962 rec=0.8949 f1=0.8949
2026-08-27 16:26:59,096 | EPOCH 16 train_loss=0.169639
2026-08-27 16:27:01,002 | EPOCH 16 VAL loss=0.346352 acc=0.8843 pre=0.8880 rec=0.8849 f1=0.8817
2026-08-27 16:27:01,142 | EPOCH 15 train_loss=0.177321
2026-08-27 16:27:02,855 | EPOCH 15 VAL loss=0.331124 acc=0.8930 pre=0.8962 rec=0.8949 f1=0.8949
2026-08-27 16:27:07,461 | EPOCH 16 train_loss=0.169639
2026-08-27 16:27:09,411 | EPOCH 16 VAL loss=0.346352 acc=0.8843 pre=0.8880 rec=0.8849 f1=0.8817
2026-08-27 16:27:22,223 | EPOCH 17 train_loss=0.162824
2026-08-27 16:27:23,759 | EPOCH 17 VAL loss=0.330373 acc=0.8913 pre=0.8943 rec=0.8917 f1=0.8888
2026-08-27 16:27:25,505 | EPOCH 16 train_loss=0.169639
2026-08-27 16:27:27,570 | EPOCH 16 VAL loss=0.346352 acc=0.8843 pre=0.8880 rec=0.8849 f1=0.8817
2026-08-27 16:27:31,712 | EPOCH 17 train_loss=0.162824
2026-08-27 16:27:33,361 | EPOCH 17 VAL loss=0.330373 acc=0.8913 pre=0.8943 rec=0.8917 f1=0.8888
2026-08-27 16:27:44,196 | EPOCH 18 train_loss=0.159154
2026-08-27 16:27:45,844 | EPOCH 18 VAL loss=0.330622 acc=0.8932 pre=0.8944 rec=0.8939 f1=0.8938
2026-08-27 16:27:47,734 | EPOCH 17 train_loss=0.162824
2026-08-27 16:27:49,213 | EPOCH 17 VAL loss=0.330373 acc=0.8913 pre=0.8943 rec=0.8917 f1=0.8888
2026-08-27 16:27:55,000 | EPOCH 18 train_loss=0.159154
2026-08-27 16:27:56,585 | EPOCH 18 VAL loss=0.330622 acc=0.8932 pre=0.8944 rec=0.8939 f1=0.8938
2026-08-27 16:28:05,582 | EPOCH 19 train_loss=0.153185
2026-08-27 16:28:08,066 | EPOCH 19 VAL loss=0.348522 acc=0.8947 pre=0.8944 rec=0.8958 f1=0.8940
2026-08-27 16:28:08,417 | EPOCH 18 train_loss=0.159154
2026-08-27 16:28:10,549 | EPOCH 18 VAL loss=0.330622 acc=0.8932 pre=0.8944 rec=0.8939 f1=0.8938
2026-08-27 16:28:18,285 | EPOCH 19 train_loss=0.153185
2026-08-27 16:28:19,979 | EPOCH 19 VAL loss=0.348522 acc=0.8947 pre=0.8944 rec=0.8958 f1=0.8940
2026-08-27 16:28:29,198 | EPOCH 20 train_loss=0.148311
2026-08-27 16:28:31,239 | EPOCH 20 VAL loss=0.340224 acc=0.8918 pre=0.8935 rec=0.8924 f1=0.8921
2026-08-27 16:28:32,117 | EPOCH 19 train_loss=0.153185
2026-08-27 16:28:34,289 | EPOCH 19 VAL loss=0.348522 acc=0.8947 pre=0.8944 rec=0.8958 f1=0.8940
2026-08-27 16:28:40,934 | EPOCH 20 train_loss=0.148311
2026-08-27 16:28:43,040 | EPOCH 20 VAL loss=0.340224 acc=0.8918 pre=0.8935 rec=0.8924 f1=0.8921
2026-08-27 16:28:52,161 | EPOCH 21 train_loss=0.145755
2026-08-27 16:28:53,820 | EPOCH 21 VAL loss=0.344971 acc=0.8935 pre=0.8951 rec=0.8940 f1=0.8937
2026-08-27 16:28:55,675 | EPOCH 20 train_loss=0.148311
2026-08-27 16:28:57,499 | EPOCH 20 VAL loss=0.340224 acc=0.8918 pre=0.8935 rec=0.8924 f1=0.8921
2026-08-27 16:29:03,931 | EPOCH 21 train_loss=0.145755
2026-08-27 16:29:05,828 | EPOCH 21 VAL loss=0.344971 acc=0.8935 pre=0.8951 rec=0.8940 f1=0.8937
2026-08-27 16:29:16,699 | EPOCH 22 train_loss=0.139532
2026-08-27 16:29:18,384 | EPOCH 22 VAL loss=0.373453 acc=0.8917 pre=0.8957 rec=0.8922 f1=0.8932
2026-08-27 16:29:20,201 | EPOCH 21 train_loss=0.145755
2026-08-27 16:29:22,086 | EPOCH 21 VAL loss=0.344971 acc=0.8935 pre=0.8951 rec=0.8940 f1=0.8937
2026-08-27 16:29:26,955 | EPOCH 22 train_loss=0.139532
2026-08-27 16:29:29,127 | EPOCH 22 VAL loss=0.373453 acc=0.8917 pre=0.8957 rec=0.8922 f1=0.8932
2026-08-27 16:29:40,798 | EPOCH 23 train_loss=0.132620
2026-08-27 16:29:42,613 | EPOCH 23 VAL loss=0.381537 acc=0.8933 pre=0.8945 rec=0.8954 f1=0.8941
2026-08-27 16:29:42,628 | DONE best_epoch=13 best_val_loss=0.315018 early_stop=True time=529.8s
2026-08-27 16:29:44,855 | EPOCH 22 train_loss=0.139532
2026-08-27 16:29:46,859 | EPOCH 22 VAL loss=0.373453 acc=0.8917 pre=0.8957 rec=0.8922 f1=0.8932
