2026-08-27 20:16:15,080 | START cnn_adamw_lr0.002_s2026 opt=adamw lr=0.002 seed=2026 device=cuda epochs=150 best_by=f1 stop_by=f1
2026-08-27 20:16:27,334 | EPOCH 1 train_loss=0.472415
2026-08-27 20:16:28,396 | EPOCH 1 VAL loss=0.349492 acc=0.8740 pre=0.8751 rec=0.8754 f1=0.8745 BEST
2026-08-27 20:16:40,462 | EPOCH 2 train_loss=0.298946
2026-08-27 20:16:41,369 | EPOCH 2 VAL loss=0.274245 acc=0.8990 pre=0.8984 rec=0.9001 f1=0.8986 BEST
2026-08-27 20:16:54,382 | EPOCH 3 train_loss=0.254843
2026-08-27 20:16:55,574 | EPOCH 3 VAL loss=0.256955 acc=0.9020 pre=0.9057 rec=0.9037 f1=0.9039 BEST
2026-08-27 20:17:06,759 | EPOCH 4 train_loss=0.226640
2026-08-27 20:17:07,579 | EPOCH 4 VAL loss=0.249181 acc=0.9050 pre=0.9067 rec=0.9047 f1=0.9048 BEST
2026-08-27 20:17:20,901 | EPOCH 5 train_loss=0.201861
2026-08-27 20:17:21,609 | EPOCH 5 VAL loss=0.231876 acc=0.9148 pre=0.9156 rec=0.9153 f1=0.9149 BEST
2026-08-27 20:17:22,410 | START cnn_adamw_lr0.002_s2026 opt=adamw lr=0.002 seed=2026 device=cuda epochs=150 best_by=f1 stop_by=f1
2026-08-27 20:17:22,425 | RESUMED from epoch 5, batch 0
2026-08-27 20:17:28,592 | START cnn_adamw_lr0.002_s2026 opt=adamw lr=0.002 seed=2026 device=cuda epochs=150 best_by=f1 stop_by=f1
2026-08-27 20:17:28,610 | RESUMED from epoch 5, batch 400
2026-08-27 20:17:33,572 | EPOCH 6 train_loss=0.181899
2026-08-27 20:17:33,617 | EPOCH 6 train_loss=0.182387
2026-08-27 20:17:34,358 | EPOCH 6 VAL loss=0.242979 acc=0.9110 pre=0.9148 rec=0.9127 f1=0.9128
2026-08-27 20:17:34,743 | EPOCH 6 VAL loss=0.245455 acc=0.9120 pre=0.9176 rec=0.9139 f1=0.9142
2026-08-27 20:17:40,180 | EPOCH 6 train_loss=0.183609
2026-08-27 20:17:41,612 | EPOCH 6 VAL loss=0.241875 acc=0.9128 pre=0.9176 rec=0.9148 f1=0.9148
2026-08-27 20:17:47,451 | EPOCH 7 train_loss=0.165607
2026-08-27 20:17:47,565 | EPOCH 7 train_loss=0.165067
2026-08-27 20:17:48,182 | EPOCH 7 VAL loss=0.233005 acc=0.9175 pre=0.9177 rec=0.9184 f1=0.9179 BEST
2026-08-27 20:17:48,718 | EPOCH 7 VAL loss=0.226113 acc=0.9185 pre=0.9189 rec=0.9194 f1=0.9190 BEST
2026-08-27 20:17:53,573 | EPOCH 7 train_loss=0.165037
2026-08-27 20:17:54,663 | EPOCH 7 VAL loss=0.230040 acc=0.9168 pre=0.9170 rec=0.9179 f1=0.9174 BEST
2026-08-27 20:18:00,885 | EPOCH 8 train_loss=0.145639
2026-08-27 20:18:00,936 | EPOCH 8 train_loss=0.147203
2026-08-27 20:18:01,677 | EPOCH 8 VAL loss=0.240062 acc=0.9187 pre=0.9194 rec=0.9195 f1=0.9176
2026-08-27 20:18:02,425 | EPOCH 8 VAL loss=0.232077 acc=0.9205 pre=0.9220 rec=0.9211 f1=0.9196 BEST
2026-08-27 20:18:08,373 | EPOCH 8 train_loss=0.147345
2026-08-27 20:18:09,584 | EPOCH 8 VAL loss=0.238060 acc=0.9202 pre=0.9215 rec=0.9208 f1=0.9195 BEST
2026-08-27 20:18:13,563 | EPOCH 9 train_loss=0.131269
2026-08-27 20:18:14,334 | EPOCH 9 VAL loss=0.245100 acc=0.9162 pre=0.9169 rec=0.9175 f1=0.9162
2026-08-27 20:18:16,299 | EPOCH 9 train_loss=0.132094
2026-08-27 20:18:17,485 | EPOCH 9 VAL loss=0.247252 acc=0.9177 pre=0.9182 rec=0.9191 f1=0.9179
2026-08-27 20:18:23,492 | EPOCH 9 train_loss=0.131697
2026-08-27 20:18:24,587 | EPOCH 9 VAL loss=0.245044 acc=0.9205 pre=0.9206 rec=0.9218 f1=0.9208 BEST
2026-08-27 20:18:26,716 | EPOCH 10 train_loss=0.119299
2026-08-27 20:18:28,129 | EPOCH 10 VAL loss=0.240224 acc=0.9207 pre=0.9210 rec=0.9211 f1=0.9205 BEST
2026-08-27 20:18:29,399 | EPOCH 10 train_loss=0.120021
2026-08-27 20:18:30,503 | EPOCH 10 VAL loss=0.242807 acc=0.9183 pre=0.9192 rec=0.9187 f1=0.9183
2026-08-27 20:18:38,394 | EPOCH 10 train_loss=0.121561
2026-08-27 20:18:39,560 | EPOCH 10 VAL loss=0.240952 acc=0.9207 pre=0.9215 rec=0.9212 f1=0.9207
2026-08-27 20:18:41,565 | EPOCH 11 train_loss=0.104112
2026-08-27 20:18:41,636 | EPOCH 11 train_loss=0.106333
2026-08-27 20:18:42,376 | EPOCH 11 VAL loss=0.263779 acc=0.9193 pre=0.9205 rec=0.9201 f1=0.9202 BEST
2026-08-27 20:18:42,747 | EPOCH 11 VAL loss=0.264108 acc=0.9175 pre=0.9198 rec=0.9187 f1=0.9187
2026-08-27 20:18:52,205 | EPOCH 11 train_loss=0.105715
2026-08-27 20:18:53,387 | EPOCH 11 VAL loss=0.266737 acc=0.9167 pre=0.9183 rec=0.9176 f1=0.9177
2026-08-27 20:18:54,729 | EPOCH 12 train_loss=0.094400
2026-08-27 20:18:55,551 | EPOCH 12 VAL loss=0.273185 acc=0.9182 pre=0.9188 rec=0.9190 f1=0.9185
2026-08-27 20:18:55,752 | EPOCH 12 train_loss=0.097415
2026-08-27 20:18:56,921 | EPOCH 12 VAL loss=0.282430 acc=0.9145 pre=0.9149 rec=0.9155 f1=0.9146
2026-08-27 20:19:05,891 | EPOCH 12 train_loss=0.095938
2026-08-27 20:19:07,085 | EPOCH 12 VAL loss=0.282905 acc=0.9122 pre=0.9128 rec=0.9133 f1=0.9122
2026-08-27 20:19:07,086 | EPOCH 13 train_loss=0.084541
2026-08-27 20:19:08,061 | EPOCH 13 VAL loss=0.281458 acc=0.9180 pre=0.9191 rec=0.9187 f1=0.9187
2026-08-27 20:19:08,901 | EPOCH 13 train_loss=0.085366
2026-08-27 20:19:09,989 | EPOCH 13 VAL loss=0.302060 acc=0.9167 pre=0.9186 rec=0.9172 f1=0.9178
2026-08-27 20:19:19,775 | EPOCH 13 train_loss=0.084056
2026-08-27 20:19:20,971 | EPOCH 13 VAL loss=0.298810 acc=0.9143 pre=0.9171 rec=0.9156 f1=0.9157
2026-08-27 20:19:21,415 | EPOCH 14 train_loss=0.075578
2026-08-27 20:19:22,278 | EPOCH 14 train_loss=0.074444
2026-08-27 20:19:22,596 | EPOCH 14 VAL loss=0.314454 acc=0.9170 pre=0.9182 rec=0.9176 f1=0.9170
2026-08-27 20:19:23,242 | EPOCH 14 VAL loss=0.305375 acc=0.9167 pre=0.9172 rec=0.9172 f1=0.9168
2026-08-27 20:19:31,970 | EPOCH 14 train_loss=0.076841
2026-08-27 20:19:33,110 | EPOCH 14 VAL loss=0.322433 acc=0.9140 pre=0.9154 rec=0.9144 f1=0.9137
2026-08-27 20:19:35,095 | EPOCH 15 train_loss=0.068992
2026-08-27 20:19:35,559 | EPOCH 15 train_loss=0.070032
2026-08-27 20:19:35,993 | EPOCH 15 VAL loss=0.323608 acc=0.9137 pre=0.9144 rec=0.9148 f1=0.9138
2026-08-27 20:19:36,778 | EPOCH 15 VAL loss=0.341355 acc=0.9132 pre=0.9140 rec=0.9142 f1=0.9134
2026-08-27 20:19:46,344 | EPOCH 15 train_loss=0.067755
2026-08-27 20:19:47,461 | EPOCH 15 VAL loss=0.319178 acc=0.9152 pre=0.9152 rec=0.9162 f1=0.9150
2026-08-27 20:19:47,952 | EPOCH 16 train_loss=0.062121
2026-08-27 20:19:49,013 | EPOCH 16 VAL loss=0.343585 acc=0.9145 pre=0.9166 rec=0.9145 f1=0.9144
2026-08-27 20:19:49,621 | EPOCH 16 train_loss=0.064977
2026-08-27 20:19:50,618 | EPOCH 16 VAL loss=0.304369 acc=0.9163 pre=0.9171 rec=0.9170 f1=0.9165
2026-08-27 20:19:59,989 | EPOCH 16 train_loss=0.067726
2026-08-27 20:20:00,683 | EPOCH 17 train_loss=0.056339
2026-08-27 20:20:01,188 | EPOCH 16 VAL loss=0.331746 acc=0.9148 pre=0.9160 rec=0.9154 f1=0.9149
2026-08-27 20:20:01,948 | EPOCH 17 VAL loss=0.349868 acc=0.9172 pre=0.9180 rec=0.9178 f1=0.9171
2026-08-27 20:20:04,194 | EPOCH 17 train_loss=0.054115
2026-08-27 20:20:04,973 | EPOCH 17 VAL loss=0.349192 acc=0.9110 pre=0.9128 rec=0.9118 f1=0.9119
2026-08-27 20:20:13,547 | EPOCH 17 train_loss=0.057077
2026-08-27 20:20:14,320 | EPOCH 17 VAL loss=0.333098 acc=0.9155 pre=0.9159 rec=0.9164 f1=0.9160
2026-08-27 20:20:14,531 | EPOCH 18 train_loss=0.053099
2026-08-27 20:20:15,340 | EPOCH 18 VAL loss=0.375544 acc=0.9132 pre=0.9152 rec=0.9137 f1=0.9132
2026-08-27 20:20:17,103 | EPOCH 18 train_loss=0.054380
2026-08-27 20:20:18,286 | EPOCH 18 VAL loss=0.367340 acc=0.9118 pre=0.9128 rec=0.9125 f1=0.9117
2026-08-27 20:20:27,800 | EPOCH 19 train_loss=0.050175
2026-08-27 20:20:28,094 | EPOCH 18 train_loss=0.054463
2026-08-27 20:20:28,745 | EPOCH 19 VAL loss=0.408225 acc=0.9137 pre=0.9144 rec=0.9148 f1=0.9141
2026-08-27 20:20:28,971 | EPOCH 18 VAL loss=0.371100 acc=0.9122 pre=0.9142 rec=0.9127 f1=0.9122
2026-08-27 20:20:30,672 | EPOCH 19 train_loss=0.050714
2026-08-27 20:20:31,834 | EPOCH 19 VAL loss=0.386047 acc=0.9147 pre=0.9153 rec=0.9156 f1=0.9151
2026-08-27 20:20:40,197 | EPOCH 20 train_loss=0.048468
2026-08-27 20:20:40,826 | EPOCH 19 train_loss=0.046826
2026-08-27 20:20:41,370 | EPOCH 20 VAL loss=0.379207 acc=0.9135 pre=0.9148 rec=0.9138 f1=0.9132
2026-08-27 20:20:41,383 | DONE best_epoch=10 best_val_loss=0.240224 early_stop=True time=263.4s
2026-08-27 20:20:41,607 | EPOCH 19 VAL loss=0.383627 acc=0.9180 pre=0.9186 rec=0.9187 f1=0.9181
2026-08-27 20:20:41,616 | DONE best_epoch=9 best_val_loss=0.245044 early_stop=True time=263.38s
2026-08-27 20:20:44,335 | EPOCH 20 train_loss=0.045939
2026-08-27 20:20:45,004 | EPOCH 20 VAL loss=0.362073 acc=0.9193 pre=0.9202 rec=0.9199 f1=0.9196
