2026-08-27 18:30:41,809 | START cnn_rmsprop_lr0.005_s42 opt=rmsprop lr=0.005 seed=42 device=cuda epochs=150 best_by=f1 stop_by=f1
2026-08-27 18:30:52,161 | EPOCH 1 train_loss=0.550159
2026-08-27 18:30:52,879 | EPOCH 1 VAL loss=0.385775 acc=0.8568 pre=0.8605 rec=0.8600 f1=0.8570 BEST
2026-08-27 18:30:57,153 | START cnn_rmsprop_lr0.005_s42 opt=rmsprop lr=0.005 seed=42 device=cuda epochs=150 best_by=f1 stop_by=f1
2026-08-27 18:30:57,165 | RESUMED from epoch 1, batch 200
2026-08-27 18:31:04,614 | EPOCH 2 train_loss=0.319744
2026-08-27 18:31:05,293 | EPOCH 2 VAL loss=0.321492 acc=0.8815 pre=0.8889 rec=0.8820 f1=0.8839 BEST
2026-08-27 18:31:06,734 | START cnn_rmsprop_lr0.005_s42 opt=rmsprop lr=0.005 seed=42 device=cuda epochs=150 best_by=f1 stop_by=f1
2026-08-27 18:31:06,750 | RESUMED from epoch 2, batch 0
2026-08-27 18:31:07,678 | EPOCH 2 train_loss=0.315340
2026-08-27 18:31:08,737 | EPOCH 2 VAL loss=0.320828 acc=0.8807 pre=0.8917 rec=0.8816 f1=0.8838 BEST
2026-08-27 18:31:16,230 | EPOCH 3 train_loss=0.278097
2026-08-27 18:31:17,364 | EPOCH 3 VAL loss=0.323223 acc=0.8857 pre=0.8871 rec=0.8873 f1=0.8857 BEST
2026-08-27 18:31:19,411 | EPOCH 3 train_loss=0.278667
2026-08-27 18:31:19,896 | EPOCH 3 train_loss=0.280390
2026-08-27 18:31:20,590 | EPOCH 3 VAL loss=0.297842 acc=0.8950 pre=0.8955 rec=0.8967 f1=0.8947 BEST
2026-08-27 18:31:21,124 | EPOCH 3 VAL loss=0.296184 acc=0.8943 pre=0.8943 rec=0.8956 f1=0.8936 BEST
2026-08-27 18:31:30,701 | EPOCH 4 train_loss=0.253520
2026-08-27 18:31:31,765 | EPOCH 4 VAL loss=0.312454 acc=0.8785 pre=0.8896 rec=0.8813 f1=0.8810
2026-08-27 18:31:32,428 | EPOCH 4 train_loss=0.253409
2026-08-27 18:31:33,283 | EPOCH 4 train_loss=0.259395
2026-08-27 18:31:33,436 | EPOCH 4 VAL loss=0.304337 acc=0.8837 pre=0.8915 rec=0.8859 f1=0.8854
2026-08-27 18:31:34,358 | EPOCH 4 VAL loss=0.292587 acc=0.8888 pre=0.8964 rec=0.8908 f1=0.8906
2026-08-27 18:31:43,167 | EPOCH 5 train_loss=0.234040
2026-08-27 18:31:44,322 | EPOCH 5 VAL loss=0.281662 acc=0.9065 pre=0.9078 rec=0.9069 f1=0.9059 BEST
2026-08-27 18:31:45,857 | EPOCH 5 train_loss=0.233219
2026-08-27 18:31:46,162 | EPOCH 5 train_loss=0.239132
2026-08-27 18:31:46,957 | EPOCH 5 VAL loss=0.283108 acc=0.9040 pre=0.9065 rec=0.9043 f1=0.9029 BEST
2026-08-27 18:31:47,334 | EPOCH 5 VAL loss=0.284272 acc=0.8992 pre=0.9013 rec=0.9000 f1=0.8986 BEST
2026-08-27 18:31:56,286 | EPOCH 6 train_loss=0.219101
2026-08-27 18:31:57,035 | EPOCH 6 VAL loss=0.307106 acc=0.9012 pre=0.9022 rec=0.9021 f1=0.9003
2026-08-27 18:31:59,000 | EPOCH 6 train_loss=0.225186
2026-08-27 18:31:59,260 | EPOCH 6 train_loss=0.219110
2026-08-27 18:32:00,142 | EPOCH 6 VAL loss=0.287496 acc=0.9037 pre=0.9032 rec=0.9049 f1=0.9034 BEST
2026-08-27 18:32:00,505 | EPOCH 6 VAL loss=0.302797 acc=0.8992 pre=0.9015 rec=0.9003 f1=0.8978
2026-08-27 18:32:08,665 | EPOCH 7 train_loss=0.207302
2026-08-27 18:32:09,928 | EPOCH 7 VAL loss=0.287066 acc=0.9035 pre=0.9049 rec=0.9051 f1=0.9042
2026-08-27 18:32:11,834 | EPOCH 7 train_loss=0.207018
2026-08-27 18:32:12,602 | EPOCH 7 VAL loss=0.306872 acc=0.8975 pre=0.9012 rec=0.8996 f1=0.8986
2026-08-27 18:32:13,355 | EPOCH 7 train_loss=0.212838
2026-08-27 18:32:14,349 | EPOCH 7 VAL loss=0.319072 acc=0.8918 pre=0.8972 rec=0.8936 f1=0.8926
2026-08-27 18:32:21,157 | EPOCH 8 train_loss=0.197699
2026-08-27 18:32:22,261 | EPOCH 8 VAL loss=0.299801 acc=0.9018 pre=0.9042 rec=0.9026 f1=0.9023
2026-08-27 18:32:24,262 | EPOCH 8 train_loss=0.196958
2026-08-27 18:32:25,341 | EPOCH 8 VAL loss=0.288381 acc=0.9060 pre=0.9075 rec=0.9063 f1=0.9063 BEST
2026-08-27 18:32:26,457 | EPOCH 8 train_loss=0.203966
2026-08-27 18:32:27,379 | EPOCH 8 VAL loss=0.293966 acc=0.9067 pre=0.9083 rec=0.9073 f1=0.9071 BEST
2026-08-27 18:32:33,265 | EPOCH 9 train_loss=0.186064
2026-08-27 18:32:34,699 | EPOCH 9 VAL loss=0.294011 acc=0.9113 pre=0.9117 rec=0.9117 f1=0.9104 BEST
2026-08-27 18:32:38,383 | EPOCH 9 train_loss=0.187826
2026-08-27 18:32:39,484 | EPOCH 9 VAL loss=0.333038 acc=0.9018 pre=0.9022 rec=0.9025 f1=0.9007
2026-08-27 18:32:39,637 | EPOCH 9 train_loss=0.195155
2026-08-27 18:32:40,759 | EPOCH 9 VAL loss=0.322558 acc=0.8957 pre=0.8976 rec=0.8964 f1=0.8945
2026-08-27 18:32:46,596 | EPOCH 10 train_loss=0.179140
2026-08-27 18:32:47,708 | EPOCH 10 VAL loss=0.316046 acc=0.9008 pre=0.9043 rec=0.9022 f1=0.9022
2026-08-27 18:32:50,347 | EPOCH 10 train_loss=0.179191
2026-08-27 18:32:51,118 | EPOCH 10 VAL loss=0.332251 acc=0.8905 pre=0.8963 rec=0.8915 f1=0.8919
2026-08-27 18:32:52,530 | EPOCH 10 train_loss=0.187374
2026-08-27 18:32:53,305 | EPOCH 10 VAL loss=0.316589 acc=0.8990 pre=0.9013 rec=0.9002 f1=0.8998
2026-08-27 18:32:59,803 | EPOCH 11 train_loss=0.171986
2026-08-27 18:33:00,557 | EPOCH 11 VAL loss=0.324884 acc=0.9025 pre=0.9031 rec=0.9039 f1=0.9031
2026-08-27 18:33:04,369 | EPOCH 11 train_loss=0.172127
2026-08-27 18:33:04,694 | EPOCH 11 train_loss=0.176989
2026-08-27 18:33:05,421 | EPOCH 11 VAL loss=0.328518 acc=0.9050 pre=0.9052 rec=0.9064 f1=0.9052
2026-08-27 18:33:05,486 | EPOCH 11 VAL loss=0.350348 acc=0.9025 pre=0.9029 rec=0.9038 f1=0.9026
2026-08-27 18:33:13,247 | EPOCH 12 train_loss=0.165144
2026-08-27 18:33:14,341 | EPOCH 12 VAL loss=0.317638 acc=0.9055 pre=0.9065 rec=0.9064 f1=0.9063
2026-08-27 18:33:16,583 | EPOCH 12 train_loss=0.167676
2026-08-27 18:33:16,692 | EPOCH 12 train_loss=0.172127
2026-08-27 18:33:17,409 | EPOCH 12 VAL loss=0.310740 acc=0.9010 pre=0.9019 rec=0.9016 f1=0.9013
2026-08-27 18:33:17,678 | EPOCH 12 VAL loss=0.356252 acc=0.8938 pre=0.8976 rec=0.8949 f1=0.8957
2026-08-27 18:33:26,566 | EPOCH 13 train_loss=0.160636
2026-08-27 18:33:27,693 | EPOCH 13 VAL loss=0.341194 acc=0.9052 pre=0.9054 rec=0.9060 f1=0.9049
2026-08-27 18:33:28,778 | EPOCH 13 train_loss=0.163375
2026-08-27 18:33:29,773 | EPOCH 13 VAL loss=0.399792 acc=0.8957 pre=0.8972 rec=0.8963 f1=0.8949
2026-08-27 18:33:29,881 | EPOCH 13 train_loss=0.158689
2026-08-27 18:33:30,987 | EPOCH 13 VAL loss=0.361725 acc=0.9030 pre=0.9050 rec=0.9039 f1=0.9041
2026-08-27 18:33:39,160 | EPOCH 14 train_loss=0.154902
2026-08-27 18:33:40,306 | EPOCH 14 VAL loss=0.353755 acc=0.9015 pre=0.9024 rec=0.9023 f1=0.9009
2026-08-27 18:33:41,180 | EPOCH 14 train_loss=0.157936
2026-08-27 18:33:42,160 | EPOCH 14 train_loss=0.154635
2026-08-27 18:33:42,240 | EPOCH 14 VAL loss=0.381479 acc=0.8920 pre=0.8975 rec=0.8938 f1=0.8942
2026-08-27 18:33:42,977 | EPOCH 14 VAL loss=0.337379 acc=0.9043 pre=0.9055 rec=0.9051 f1=0.9049
2026-08-27 18:33:53,170 | EPOCH 15 train_loss=0.147616
2026-08-27 18:33:54,292 | EPOCH 15 VAL loss=0.422182 acc=0.8935 pre=0.8946 rec=0.8950 f1=0.8940
2026-08-27 18:33:54,389 | EPOCH 15 train_loss=0.149679
2026-08-27 18:33:55,131 | EPOCH 15 train_loss=0.154638
2026-08-27 18:33:55,184 | EPOCH 15 VAL loss=0.369263 acc=0.9008 pre=0.9014 rec=0.9016 f1=0.9012
2026-08-27 18:33:56,095 | EPOCH 15 VAL loss=0.359477 acc=0.9047 pre=0.9043 rec=0.9057 f1=0.9041
2026-08-27 18:34:05,539 | EPOCH 16 train_loss=0.143204
2026-08-27 18:34:06,565 | EPOCH 16 train_loss=0.143875
2026-08-27 18:34:06,661 | EPOCH 16 VAL loss=0.348235 acc=0.9083 pre=0.9089 rec=0.9087 f1=0.9084
2026-08-27 18:34:07,387 | EPOCH 16 VAL loss=0.410078 acc=0.8973 pre=0.8981 rec=0.8985 f1=0.8979
2026-08-27 18:34:08,023 | EPOCH 16 train_loss=0.145488
2026-08-27 18:34:09,359 | EPOCH 16 VAL loss=0.375576 acc=0.9037 pre=0.9038 rec=0.9044 f1=0.9039
2026-08-27 18:34:19,230 | EPOCH 17 train_loss=0.140560
2026-08-27 18:34:19,610 | EPOCH 17 train_loss=0.142420
2026-08-27 18:34:20,365 | EPOCH 17 VAL loss=0.381851 acc=0.8995 pre=0.9001 rec=0.9007 f1=0.9001
2026-08-27 18:34:20,626 | EPOCH 17 VAL loss=0.377655 acc=0.8967 pre=0.9009 rec=0.8987 f1=0.8984
2026-08-27 18:34:21,491 | EPOCH 17 train_loss=0.141553
2026-08-27 18:34:22,388 | EPOCH 17 VAL loss=0.390107 acc=0.8967 pre=0.9030 rec=0.8984 f1=0.8988
2026-08-27 18:34:32,124 | EPOCH 18 train_loss=0.133799
2026-08-27 18:34:32,317 | EPOCH 18 train_loss=0.135939
2026-08-27 18:34:33,285 | EPOCH 18 VAL loss=0.385061 acc=0.9033 pre=0.9036 rec=0.9046 f1=0.9038
2026-08-27 18:34:33,494 | EPOCH 18 VAL loss=0.391858 acc=0.8975 pre=0.8976 rec=0.8986 f1=0.8979
2026-08-27 18:34:33,505 | DONE best_epoch=8 best_val_loss=0.288381 early_stop=True time=228.17s
2026-08-27 18:34:33,746 | EPOCH 18 train_loss=0.136368
2026-08-27 18:34:34,998 | EPOCH 18 VAL loss=0.387496 acc=0.9023 pre=0.9019 rec=0.9032 f1=0.9020
2026-08-27 18:34:35,006 | DONE best_epoch=8 best_val_loss=0.293966 early_stop=True time=230.78s
2026-08-27 18:34:42,795 | EPOCH 19 train_loss=0.133251
