2026-08-27 21:25:03,838 | START cnn_adamax_lr0.001_s123 opt=adamax lr=0.001 seed=123 device=cuda epochs=150 best_by=f1 stop_by=f1
2026-08-27 21:25:13,157 | EPOCH 1 train_loss=0.618590
2026-08-27 21:25:13,971 | EPOCH 1 VAL loss=0.461571 acc=0.8350 pre=0.8370 rec=0.8349 f1=0.8266 BEST
2026-08-27 21:25:24,190 | EPOCH 2 train_loss=0.402623
2026-08-27 21:25:24,964 | EPOCH 2 VAL loss=0.420287 acc=0.8475 pre=0.8590 rec=0.8479 f1=0.8438 BEST
2026-08-27 21:25:29,994 | START cnn_adamax_lr0.001_s123 opt=adamax lr=0.001 seed=123 device=cuda epochs=150 best_by=f1 stop_by=f1
2026-08-27 21:25:30,003 | RESUMED from epoch 2, batch 400
2026-08-27 21:25:34,179 | EPOCH 3 train_loss=0.351100
2026-08-27 21:25:34,905 | EPOCH 3 VAL loss=0.347830 acc=0.8793 pre=0.8837 rec=0.8809 f1=0.8813 BEST
2026-08-27 21:25:37,918 | EPOCH 3 train_loss=0.341612
2026-08-27 21:25:38,651 | EPOCH 3 VAL loss=0.347185 acc=0.8793 pre=0.8840 rec=0.8808 f1=0.8815 BEST
2026-08-27 21:25:44,542 | EPOCH 4 train_loss=0.322516
2026-08-27 21:25:45,365 | EPOCH 4 VAL loss=0.325135 acc=0.8850 pre=0.8855 rec=0.8858 f1=0.8846 BEST
2026-08-27 21:25:49,824 | EPOCH 4 train_loss=0.322453
2026-08-27 21:25:50,561 | EPOCH 4 VAL loss=0.325073 acc=0.8850 pre=0.8855 rec=0.8858 f1=0.8846 BEST
2026-08-27 21:25:54,951 | EPOCH 5 train_loss=0.299532
2026-08-27 21:25:55,669 | EPOCH 5 VAL loss=0.306041 acc=0.8930 pre=0.8925 rec=0.8939 f1=0.8917 BEST
2026-08-27 21:26:00,082 | EPOCH 5 train_loss=0.299465
2026-08-27 21:26:00,821 | EPOCH 5 VAL loss=0.305995 acc=0.8932 pre=0.8928 rec=0.8941 f1=0.8919 BEST
2026-08-27 21:26:05,491 | EPOCH 6 train_loss=0.281559
2026-08-27 21:26:06,672 | EPOCH 6 VAL loss=0.292134 acc=0.8938 pre=0.8955 rec=0.8950 f1=0.8949 BEST
2026-08-27 21:26:11,821 | EPOCH 6 train_loss=0.281536
2026-08-27 21:26:12,608 | EPOCH 6 VAL loss=0.293510 acc=0.8920 pre=0.8939 rec=0.8932 f1=0.8932 BEST
2026-08-27 21:26:16,558 | EPOCH 7 train_loss=0.268695
2026-08-27 21:26:17,329 | EPOCH 7 VAL loss=0.279861 acc=0.9005 pre=0.9007 rec=0.9020 f1=0.9011 BEST
2026-08-27 21:26:22,621 | EPOCH 7 train_loss=0.268918
2026-08-27 21:26:23,414 | EPOCH 7 VAL loss=0.280780 acc=0.9012 pre=0.9016 rec=0.9026 f1=0.9018 BEST
2026-08-27 21:26:27,801 | EPOCH 8 train_loss=0.255458
2026-08-27 21:26:29,231 | EPOCH 8 VAL loss=0.278513 acc=0.9025 pre=0.9056 rec=0.9037 f1=0.9037 BEST
2026-08-27 21:26:33,976 | EPOCH 8 train_loss=0.255270
2026-08-27 21:26:34,719 | EPOCH 8 VAL loss=0.279173 acc=0.9020 pre=0.9054 rec=0.9032 f1=0.9032 BEST
2026-08-27 21:26:39,170 | EPOCH 9 train_loss=0.243565
2026-08-27 21:26:40,007 | EPOCH 9 VAL loss=0.269737 acc=0.9022 pre=0.9058 rec=0.9043 f1=0.9037 BEST
2026-08-27 21:26:44,326 | EPOCH 9 train_loss=0.243770
2026-08-27 21:26:45,110 | EPOCH 9 VAL loss=0.270274 acc=0.9018 pre=0.9051 rec=0.9039 f1=0.9032
2026-08-27 21:26:49,643 | EPOCH 10 train_loss=0.234777
2026-08-27 21:26:50,832 | EPOCH 10 VAL loss=0.262229 acc=0.9057 pre=0.9061 rec=0.9069 f1=0.9057 BEST
2026-08-27 21:26:55,424 | EPOCH 10 train_loss=0.234868
2026-08-27 21:26:56,176 | EPOCH 10 VAL loss=0.262644 acc=0.9072 pre=0.9077 rec=0.9084 f1=0.9073 BEST
2026-08-27 21:27:00,945 | EPOCH 11 train_loss=0.225626
2026-08-27 21:27:01,717 | EPOCH 11 VAL loss=0.259465 acc=0.9053 pre=0.9074 rec=0.9070 f1=0.9064 BEST
2026-08-27 21:27:05,851 | EPOCH 11 train_loss=0.225548
2026-08-27 21:27:06,613 | EPOCH 11 VAL loss=0.258883 acc=0.9057 pre=0.9077 rec=0.9072 f1=0.9067
2026-08-27 21:27:11,544 | EPOCH 12 train_loss=0.217690
2026-08-27 21:27:12,758 | EPOCH 12 VAL loss=0.250821 acc=0.9063 pre=0.9074 rec=0.9068 f1=0.9068 BEST
2026-08-27 21:27:16,293 | EPOCH 12 train_loss=0.217604
2026-08-27 21:27:17,053 | EPOCH 12 VAL loss=0.250621 acc=0.9060 pre=0.9069 rec=0.9066 f1=0.9065
2026-08-27 21:27:23,427 | EPOCH 13 train_loss=0.211828
2026-08-27 21:27:24,168 | EPOCH 13 VAL loss=0.239170 acc=0.9118 pre=0.9116 rec=0.9131 f1=0.9119 BEST
2026-08-27 21:27:26,553 | EPOCH 13 train_loss=0.211661
2026-08-27 21:27:27,321 | EPOCH 13 VAL loss=0.239696 acc=0.9120 pre=0.9120 rec=0.9133 f1=0.9124 BEST
2026-08-27 21:27:33,786 | EPOCH 14 train_loss=0.204386
2026-08-27 21:27:34,548 | EPOCH 14 VAL loss=0.247996 acc=0.9083 pre=0.9090 rec=0.9097 f1=0.9089
2026-08-27 21:27:37,497 | EPOCH 14 train_loss=0.204288
2026-08-27 21:27:38,272 | EPOCH 14 VAL loss=0.248171 acc=0.9087 pre=0.9098 rec=0.9101 f1=0.9095
2026-08-27 21:27:44,709 | EPOCH 15 train_loss=0.197537
2026-08-27 21:27:45,499 | EPOCH 15 VAL loss=0.240032 acc=0.9092 pre=0.9097 rec=0.9100 f1=0.9091
2026-08-27 21:27:47,485 | EPOCH 15 train_loss=0.197351
2026-08-27 21:27:48,255 | EPOCH 15 VAL loss=0.238709 acc=0.9123 pre=0.9127 rec=0.9130 f1=0.9119
2026-08-27 21:27:54,580 | EPOCH 16 train_loss=0.191321
2026-08-27 21:27:55,349 | EPOCH 16 VAL loss=0.233952 acc=0.9123 pre=0.9129 rec=0.9129 f1=0.9119
2026-08-27 21:27:57,375 | EPOCH 16 train_loss=0.191192
2026-08-27 21:27:58,161 | EPOCH 16 VAL loss=0.233597 acc=0.9113 pre=0.9118 rec=0.9119 f1=0.9111
2026-08-27 21:28:05,563 | EPOCH 17 train_loss=0.183982
2026-08-27 21:28:06,341 | EPOCH 17 VAL loss=0.239416 acc=0.9123 pre=0.9140 rec=0.9130 f1=0.9123 BEST
2026-08-27 21:28:08,182 | EPOCH 17 train_loss=0.184082
2026-08-27 21:28:08,964 | EPOCH 17 VAL loss=0.239818 acc=0.9128 pre=0.9145 rec=0.9135 f1=0.9127 BEST
2026-08-27 21:28:16,014 | EPOCH 18 train_loss=0.179119
2026-08-27 21:28:16,773 | EPOCH 18 VAL loss=0.235322 acc=0.9130 pre=0.9133 rec=0.9138 f1=0.9126 BEST
2026-08-27 21:28:18,625 | EPOCH 18 train_loss=0.179392
2026-08-27 21:28:19,450 | EPOCH 18 VAL loss=0.236561 acc=0.9133 pre=0.9136 rec=0.9143 f1=0.9130 BEST
2026-08-27 21:28:26,968 | EPOCH 19 train_loss=0.173085
2026-08-27 21:28:27,735 | EPOCH 19 VAL loss=0.241547 acc=0.9138 pre=0.9159 rec=0.9150 f1=0.9147 BEST
2026-08-27 21:28:29,908 | EPOCH 19 train_loss=0.172980
2026-08-27 21:28:30,675 | EPOCH 19 VAL loss=0.238603 acc=0.9148 pre=0.9165 rec=0.9160 f1=0.9156 BEST
2026-08-27 21:28:37,502 | EPOCH 20 train_loss=0.167995
2026-08-27 21:28:38,308 | EPOCH 20 VAL loss=0.231067 acc=0.9143 pre=0.9156 rec=0.9149 f1=0.9145
2026-08-27 21:28:40,556 | EPOCH 20 train_loss=0.168332
2026-08-27 21:28:41,319 | EPOCH 20 VAL loss=0.230248 acc=0.9137 pre=0.9148 rec=0.9144 f1=0.9140
2026-08-27 21:28:47,660 | EPOCH 21 train_loss=0.163170
2026-08-27 21:28:48,414 | EPOCH 21 VAL loss=0.234899 acc=0.9148 pre=0.9170 rec=0.9148 f1=0.9156 BEST
2026-08-27 21:28:51,864 | EPOCH 21 train_loss=0.163063
2026-08-27 21:28:52,643 | EPOCH 21 VAL loss=0.236952 acc=0.9145 pre=0.9165 rec=0.9144 f1=0.9151
2026-08-27 21:28:58,127 | EPOCH 22 train_loss=0.156975
2026-08-27 21:28:58,906 | EPOCH 22 VAL loss=0.236902 acc=0.9155 pre=0.9165 rec=0.9160 f1=0.9155
2026-08-27 21:29:01,869 | EPOCH 22 train_loss=0.156840
2026-08-27 21:29:02,610 | EPOCH 22 VAL loss=0.235863 acc=0.9140 pre=0.9150 rec=0.9146 f1=0.9141
2026-08-27 21:29:08,302 | EPOCH 23 train_loss=0.153311
2026-08-27 21:29:09,522 | EPOCH 23 VAL loss=0.237917 acc=0.9163 pre=0.9190 rec=0.9167 f1=0.9155
2026-08-27 21:29:12,377 | EPOCH 23 train_loss=0.153683
2026-08-27 21:29:13,109 | EPOCH 23 VAL loss=0.241661 acc=0.9152 pre=0.9174 rec=0.9156 f1=0.9143
2026-08-27 21:29:19,119 | EPOCH 24 train_loss=0.147434
2026-08-27 21:29:19,934 | EPOCH 24 VAL loss=0.234642 acc=0.9157 pre=0.9183 rec=0.9169 f1=0.9167 BEST
2026-08-27 21:29:22,455 | EPOCH 24 train_loss=0.147854
2026-08-27 21:29:23,189 | EPOCH 24 VAL loss=0.239919 acc=0.9132 pre=0.9168 rec=0.9147 f1=0.9144
2026-08-27 21:29:29,871 | EPOCH 25 train_loss=0.144536
2026-08-27 21:29:30,651 | EPOCH 25 VAL loss=0.231981 acc=0.9170 pre=0.9181 rec=0.9173 f1=0.9169 BEST
2026-08-27 21:29:32,924 | EPOCH 25 train_loss=0.145172
2026-08-27 21:29:33,721 | EPOCH 25 VAL loss=0.234378 acc=0.9177 pre=0.9188 rec=0.9180 f1=0.9175 BEST
2026-08-27 21:29:41,809 | EPOCH 26 train_loss=0.139347
2026-08-27 21:29:42,622 | EPOCH 26 VAL loss=0.227064 acc=0.9188 pre=0.9190 rec=0.9194 f1=0.9185 BEST
2026-08-27 21:29:43,682 | EPOCH 26 train_loss=0.139724
2026-08-27 21:29:44,422 | EPOCH 26 VAL loss=0.227695 acc=0.9185 pre=0.9187 rec=0.9193 f1=0.9185 BEST
2026-08-27 21:29:52,395 | EPOCH 27 train_loss=0.134587
2026-08-27 21:29:53,271 | EPOCH 27 VAL loss=0.227601 acc=0.9167 pre=0.9190 rec=0.9182 f1=0.9180
2026-08-27 21:29:54,624 | EPOCH 27 train_loss=0.135482
2026-08-27 21:29:56,072 | EPOCH 27 VAL loss=0.228680 acc=0.9165 pre=0.9190 rec=0.9179 f1=0.9179
2026-08-27 21:30:02,801 | EPOCH 28 train_loss=0.132316
2026-08-27 21:30:03,561 | EPOCH 28 VAL loss=0.225423 acc=0.9193 pre=0.9200 rec=0.9203 f1=0.9199 BEST
2026-08-27 21:30:05,484 | EPOCH 28 train_loss=0.132525
2026-08-27 21:30:06,212 | EPOCH 28 VAL loss=0.226864 acc=0.9197 pre=0.9202 rec=0.9206 f1=0.9202 BEST
2026-08-27 21:30:13,726 | EPOCH 29 train_loss=0.126094
2026-08-27 21:30:14,537 | EPOCH 29 VAL loss=0.237480 acc=0.9172 pre=0.9191 rec=0.9181 f1=0.9182
2026-08-27 21:30:15,965 | EPOCH 29 train_loss=0.126776
2026-08-27 21:30:16,728 | EPOCH 29 VAL loss=0.235700 acc=0.9175 pre=0.9188 rec=0.9186 f1=0.9184
2026-08-27 21:30:24,637 | EPOCH 30 train_loss=0.122722
2026-08-27 21:30:25,429 | EPOCH 30 VAL loss=0.230211 acc=0.9205 pre=0.9207 rec=0.9220 f1=0.9210 BEST
2026-08-27 21:30:27,113 | EPOCH 30 train_loss=0.123803
2026-08-27 21:30:27,867 | EPOCH 30 VAL loss=0.229942 acc=0.9232 pre=0.9235 rec=0.9246 f1=0.9237 BEST
2026-08-27 21:30:34,865 | EPOCH 31 train_loss=0.119653
2026-08-27 21:30:35,657 | EPOCH 31 VAL loss=0.234329 acc=0.9200 pre=0.9209 rec=0.9206 f1=0.9205
2026-08-27 21:30:37,443 | EPOCH 31 train_loss=0.120198
2026-08-27 21:30:38,214 | EPOCH 31 VAL loss=0.232066 acc=0.9208 pre=0.9219 rec=0.9213 f1=0.9213
2026-08-27 21:30:45,621 | EPOCH 32 train_loss=0.114938
2026-08-27 21:30:46,415 | EPOCH 32 VAL loss=0.250815 acc=0.9142 pre=0.9169 rec=0.9153 f1=0.9150
2026-08-27 21:30:48,495 | EPOCH 32 train_loss=0.115995
2026-08-27 21:30:49,328 | EPOCH 32 VAL loss=0.246039 acc=0.9148 pre=0.9178 rec=0.9160 f1=0.9160
2026-08-27 21:30:55,741 | EPOCH 33 train_loss=0.111169
2026-08-27 21:30:56,507 | EPOCH 33 VAL loss=0.236451 acc=0.9218 pre=0.9228 rec=0.9223 f1=0.9224 BEST
2026-08-27 21:30:58,656 | EPOCH 33 train_loss=0.111977
2026-08-27 21:30:59,514 | EPOCH 33 VAL loss=0.236668 acc=0.9217 pre=0.9225 rec=0.9222 f1=0.9223
2026-08-27 21:31:07,460 | EPOCH 34 train_loss=0.108102
2026-08-27 21:31:08,228 | EPOCH 34 VAL loss=0.261647 acc=0.9118 pre=0.9165 rec=0.9130 f1=0.9131
2026-08-27 21:31:09,598 | EPOCH 34 train_loss=0.108575
2026-08-27 21:31:10,853 | EPOCH 34 VAL loss=0.260596 acc=0.9132 pre=0.9178 rec=0.9142 f1=0.9141
2026-08-27 21:31:17,816 | EPOCH 35 train_loss=0.103149
2026-08-27 21:31:18,574 | EPOCH 35 VAL loss=0.244289 acc=0.9175 pre=0.9191 rec=0.9179 f1=0.9180
2026-08-27 21:31:20,543 | EPOCH 35 train_loss=0.104277
2026-08-27 21:31:21,318 | EPOCH 35 VAL loss=0.247765 acc=0.9192 pre=0.9205 rec=0.9196 f1=0.9196
2026-08-27 21:31:29,375 | EPOCH 36 train_loss=0.100127
2026-08-27 21:31:30,140 | EPOCH 36 VAL loss=0.246640 acc=0.9172 pre=0.9177 rec=0.9175 f1=0.9169
2026-08-27 21:31:30,726 | EPOCH 36 train_loss=0.101230
2026-08-27 21:31:31,491 | EPOCH 36 VAL loss=0.242200 acc=0.9193 pre=0.9195 rec=0.9200 f1=0.9195
2026-08-27 21:31:39,437 | EPOCH 37 train_loss=0.096612
2026-08-27 21:31:40,179 | EPOCH 37 VAL loss=0.248332 acc=0.9202 pre=0.9207 rec=0.9208 f1=0.9206
2026-08-27 21:31:40,847 | EPOCH 37 train_loss=0.097328
2026-08-27 21:31:41,601 | EPOCH 37 VAL loss=0.247418 acc=0.9205 pre=0.9209 rec=0.9210 f1=0.9207
2026-08-27 21:31:49,908 | EPOCH 38 train_loss=0.094801
2026-08-27 21:31:50,687 | EPOCH 38 VAL loss=0.252795 acc=0.9153 pre=0.9166 rec=0.9163 f1=0.9162
2026-08-27 21:31:52,471 | EPOCH 38 train_loss=0.095922
2026-08-27 21:31:53,249 | EPOCH 38 VAL loss=0.257466 acc=0.9148 pre=0.9165 rec=0.9160 f1=0.9157
2026-08-27 21:32:00,036 | EPOCH 39 train_loss=0.090078
2026-08-27 21:32:00,838 | EPOCH 39 VAL loss=0.263760 acc=0.9150 pre=0.9212 rec=0.9159 f1=0.9174
2026-08-27 21:32:02,716 | EPOCH 39 train_loss=0.091440
2026-08-27 21:32:03,535 | EPOCH 39 VAL loss=0.258859 acc=0.9170 pre=0.9221 rec=0.9178 f1=0.9190
2026-08-27 21:32:10,186 | EPOCH 40 train_loss=0.088416
2026-08-27 21:32:10,954 | EPOCH 40 VAL loss=0.252915 acc=0.9198 pre=0.9201 rec=0.9205 f1=0.9200
2026-08-27 21:32:13,018 | EPOCH 40 train_loss=0.089792
2026-08-27 21:32:14,452 | EPOCH 40 VAL loss=0.249344 acc=0.9230 pre=0.9232 rec=0.9238 f1=0.9232
2026-08-27 21:32:14,463 | DONE best_epoch=30 best_val_loss=0.229942 early_stop=True time=428.52s
2026-08-27 21:32:20,672 | EPOCH 41 train_loss=0.083486
2026-08-27 21:32:21,419 | EPOCH 41 VAL loss=0.261590 acc=0.9195 pre=0.9203 rec=0.9201 f1=0.9200
2026-08-27 21:32:30,625 | EPOCH 42 train_loss=0.080441
2026-08-27 21:32:31,447 | EPOCH 42 VAL loss=0.266260 acc=0.9155 pre=0.9164 rec=0.9167 f1=0.9161
2026-08-27 21:32:41,029 | EPOCH 43 train_loss=0.076978
2026-08-27 21:32:41,807 | EPOCH 43 VAL loss=0.271316 acc=0.9233 pre=0.9237 rec=0.9244 f1=0.9239 BEST
2026-08-27 21:32:51,567 | EPOCH 44 train_loss=0.074345
2026-08-27 21:32:52,327 | EPOCH 44 VAL loss=0.269148 acc=0.9232 pre=0.9238 rec=0.9240 f1=0.9236
2026-08-27 21:33:02,093 | EPOCH 45 train_loss=0.072080
2026-08-27 21:33:02,843 | EPOCH 45 VAL loss=0.275468 acc=0.9192 pre=0.9226 rec=0.9206 f1=0.9207
2026-08-27 21:33:12,100 | EPOCH 46 train_loss=0.068692
2026-08-27 21:33:12,848 | EPOCH 46 VAL loss=0.282132 acc=0.9182 pre=0.9204 rec=0.9189 f1=0.9190
2026-08-27 21:33:23,235 | EPOCH 47 train_loss=0.066878
2026-08-27 21:33:24,014 | EPOCH 47 VAL loss=0.266942 acc=0.9223 pre=0.9232 rec=0.9234 f1=0.9232
2026-08-27 21:33:33,609 | EPOCH 48 train_loss=0.064679
2026-08-27 21:33:34,347 | EPOCH 48 VAL loss=0.281817 acc=0.9203 pre=0.9209 rec=0.9209 f1=0.9202
2026-08-27 21:33:43,741 | EPOCH 49 train_loss=0.060929
2026-08-27 21:33:44,459 | EPOCH 49 VAL loss=0.283192 acc=0.9183 pre=0.9208 rec=0.9195 f1=0.9197
2026-08-27 21:33:54,643 | EPOCH 50 train_loss=0.057618
2026-08-27 21:33:55,416 | EPOCH 50 VAL loss=0.281205 acc=0.9193 pre=0.9207 rec=0.9198 f1=0.9201
2026-08-27 21:34:05,031 | EPOCH 51 train_loss=0.055543
2026-08-27 21:34:05,797 | EPOCH 51 VAL loss=0.285145 acc=0.9227 pre=0.9233 rec=0.9234 f1=0.9233
2026-08-27 21:34:16,483 | EPOCH 52 train_loss=0.053846
2026-08-27 21:34:17,260 | EPOCH 52 VAL loss=0.285419 acc=0.9223 pre=0.9235 rec=0.9230 f1=0.9231
2026-08-27 21:34:26,682 | EPOCH 53 train_loss=0.052397
2026-08-27 21:34:27,443 | EPOCH 53 VAL loss=0.302096 acc=0.9200 pre=0.9213 rec=0.9212 f1=0.9209
2026-08-27 21:34:27,452 | DONE best_epoch=43 best_val_loss=0.271316 early_stop=True time=562.75s
