2026-08-27 07:45:46,143 | START cnn_adadelta_lr1.0_s123 opt=adadelta lr=1.0 seed=123 device=cuda epochs=150 best_by=f1 stop_by=f1
2026-08-27 07:45:53,749 | EPOCH 1 train_loss=0.500729
2026-08-27 07:45:54,370 | EPOCH 1 VAL loss=0.322149 acc=0.8830 pre=0.8832 rec=0.8836 f1=0.8824 BEST
2026-08-27 07:46:03,112 | EPOCH 2 train_loss=0.306047
2026-08-27 07:46:03,824 | EPOCH 2 VAL loss=0.313060 acc=0.8862 pre=0.8939 rec=0.8854 f1=0.8812
2026-08-27 07:46:11,024 | EPOCH 3 train_loss=0.257627
2026-08-27 07:46:11,642 | EPOCH 3 VAL loss=0.258430 acc=0.9065 pre=0.9079 rec=0.9074 f1=0.9072 BEST
2026-08-27 07:46:19,457 | EPOCH 4 train_loss=0.227961
2026-08-27 07:46:20,054 | EPOCH 4 VAL loss=0.264162 acc=0.9022 pre=0.9081 rec=0.9039 f1=0.9039
2026-08-27 07:46:28,214 | EPOCH 5 train_loss=0.206316
2026-08-27 07:46:28,795 | EPOCH 5 VAL loss=0.264998 acc=0.9092 pre=0.9099 rec=0.9109 f1=0.9096 BEST
2026-08-27 07:46:36,525 | EPOCH 6 train_loss=0.187070
2026-08-27 07:46:37,506 | EPOCH 6 VAL loss=0.243555 acc=0.9125 pre=0.9144 rec=0.9127 f1=0.9118 BEST
2026-08-27 07:46:46,515 | EPOCH 7 train_loss=0.168790
2026-08-27 07:46:47,133 | EPOCH 7 VAL loss=0.258490 acc=0.9065 pre=0.9121 rec=0.9075 f1=0.9088
2026-08-27 07:46:54,519 | EPOCH 8 train_loss=0.155825
2026-08-27 07:46:55,131 | EPOCH 8 VAL loss=0.237105 acc=0.9195 pre=0.9207 rec=0.9206 f1=0.9202 BEST
2026-08-27 07:47:02,995 | EPOCH 9 train_loss=0.141060
2026-08-27 07:47:03,643 | EPOCH 9 VAL loss=0.298065 acc=0.9092 pre=0.9135 rec=0.9101 f1=0.9096
2026-08-27 07:47:12,226 | EPOCH 10 train_loss=0.130467
2026-08-27 07:47:12,826 | EPOCH 10 VAL loss=0.251892 acc=0.9180 pre=0.9193 rec=0.9191 f1=0.9190
2026-08-27 07:47:20,373 | EPOCH 11 train_loss=0.117429
2026-08-27 07:47:20,996 | EPOCH 11 VAL loss=0.266285 acc=0.9210 pre=0.9218 rec=0.9218 f1=0.9216 BEST
2026-08-27 07:47:28,679 | EPOCH 12 train_loss=0.107096
2026-08-27 07:47:29,325 | EPOCH 12 VAL loss=0.259701 acc=0.9202 pre=0.9222 rec=0.9209 f1=0.9213
2026-08-27 07:47:37,345 | EPOCH 13 train_loss=0.097212
2026-08-27 07:47:37,928 | EPOCH 13 VAL loss=0.286909 acc=0.9192 pre=0.9196 rec=0.9199 f1=0.9195
2026-08-27 07:47:45,626 | EPOCH 14 train_loss=0.087291
2026-08-27 07:47:46,206 | EPOCH 14 VAL loss=0.301732 acc=0.9163 pre=0.9172 rec=0.9178 f1=0.9171
2026-08-27 07:47:54,595 | EPOCH 15 train_loss=0.079330
2026-08-27 07:47:55,220 | EPOCH 15 VAL loss=0.321800 acc=0.9113 pre=0.9130 rec=0.9127 f1=0.9124
2026-08-27 07:48:02,665 | EPOCH 16 train_loss=0.071290
2026-08-27 07:48:03,273 | EPOCH 16 VAL loss=0.332769 acc=0.9147 pre=0.9165 rec=0.9159 f1=0.9159
2026-08-27 07:48:10,636 | EPOCH 17 train_loss=0.065193
2026-08-27 07:48:11,217 | EPOCH 17 VAL loss=0.334366 acc=0.9170 pre=0.9180 rec=0.9179 f1=0.9179
2026-08-27 07:48:18,805 | EPOCH 18 train_loss=0.057593
2026-08-27 07:48:19,398 | EPOCH 18 VAL loss=0.364946 acc=0.9118 pre=0.9124 rec=0.9130 f1=0.9124
2026-08-27 07:48:26,966 | EPOCH 19 train_loss=0.051789
2026-08-27 07:48:27,548 | EPOCH 19 VAL loss=0.401463 acc=0.9125 pre=0.9172 rec=0.9136 f1=0.9143
2026-08-27 07:48:34,972 | EPOCH 20 train_loss=0.046347
2026-08-27 07:48:35,571 | EPOCH 20 VAL loss=0.392001 acc=0.9155 pre=0.9155 rec=0.9162 f1=0.9156
2026-08-27 07:48:42,927 | EPOCH 21 train_loss=0.042521
2026-08-27 07:48:43,583 | EPOCH 21 VAL loss=0.438862 acc=0.9167 pre=0.9170 rec=0.9177 f1=0.9172
2026-08-27 07:48:43,597 | DONE best_epoch=11 best_val_loss=0.266285 early_stop=True time=176.71s
