2026-08-27 19:26:20,111 | START cnn_adam_lr0.002_s2026 opt=adam lr=0.002 seed=2026 device=cuda epochs=150 best_by=f1 stop_by=f1
2026-08-27 19:26:27,834 | START cnn_adam_lr0.002_s2026 opt=adam lr=0.002 seed=2026 device=cuda epochs=150 best_by=f1 stop_by=f1
2026-08-27 19:26:27,849 | RESUMED from epoch 0, batch 400
2026-08-27 19:26:32,193 | EPOCH 1 train_loss=0.472065
2026-08-27 19:26:33,325 | EPOCH 1 VAL loss=0.347227 acc=0.8738 pre=0.8758 rec=0.8753 f1=0.8747 BEST
2026-08-27 19:26:38,158 | EPOCH 1 train_loss=0.363351
2026-08-27 19:26:38,986 | EPOCH 1 VAL loss=0.350009 acc=0.8738 pre=0.8751 rec=0.8750 f1=0.8744 BEST
2026-08-27 19:26:46,197 | EPOCH 2 train_loss=0.298501
2026-08-27 19:26:47,279 | EPOCH 2 VAL loss=0.274149 acc=0.9020 pre=0.9015 rec=0.9030 f1=0.9015 BEST
2026-08-27 19:26:51,937 | EPOCH 2 train_loss=0.298771
2026-08-27 19:26:53,075 | EPOCH 2 VAL loss=0.274748 acc=0.9010 pre=0.9005 rec=0.9020 f1=0.9005 BEST
2026-08-27 19:26:59,335 | EPOCH 3 train_loss=0.254124
2026-08-27 19:27:00,488 | EPOCH 3 VAL loss=0.262067 acc=0.9033 pre=0.9075 rec=0.9052 f1=0.9052 BEST
2026-08-27 19:27:05,878 | EPOCH 3 train_loss=0.253086
2026-08-27 19:27:06,867 | EPOCH 3 VAL loss=0.264109 acc=0.8995 pre=0.9056 rec=0.9014 f1=0.9018 BEST
2026-08-27 19:27:12,727 | EPOCH 4 train_loss=0.225338
2026-08-27 19:27:13,471 | EPOCH 4 VAL loss=0.257446 acc=0.9040 pre=0.9061 rec=0.9035 f1=0.9039
2026-08-27 19:27:13,981 | START cnn_adam_lr0.002_s2026 opt=adam lr=0.002 seed=2026 device=cuda epochs=150 best_by=f1 stop_by=f1
2026-08-27 19:27:14,000 | RESUMED from epoch 4, batch 0
2026-08-27 19:27:19,227 | EPOCH 4 train_loss=0.225062
2026-08-27 19:27:20,383 | EPOCH 4 VAL loss=0.254007 acc=0.9067 pre=0.9087 rec=0.9067 f1=0.9068 BEST
2026-08-27 19:27:25,279 | EPOCH 5 train_loss=0.200751
2026-08-27 19:27:25,646 | EPOCH 5 train_loss=0.200766
2026-08-27 19:27:26,119 | EPOCH 5 VAL loss=0.235282 acc=0.9175 pre=0.9187 rec=0.9182 f1=0.9182 BEST
2026-08-27 19:27:26,835 | EPOCH 5 VAL loss=0.230855 acc=0.9193 pre=0.9203 rec=0.9200 f1=0.9201 BEST
2026-08-27 19:27:33,439 | EPOCH 5 train_loss=0.199901
2026-08-27 19:27:34,504 | EPOCH 5 VAL loss=0.232155 acc=0.9173 pre=0.9181 rec=0.9180 f1=0.9179 BEST
2026-08-27 19:27:39,470 | EPOCH 6 train_loss=0.182023
2026-08-27 19:27:39,631 | EPOCH 6 train_loss=0.182105
2026-08-27 19:27:40,261 | EPOCH 6 VAL loss=0.246007 acc=0.9150 pre=0.9206 rec=0.9170 f1=0.9171
2026-08-27 19:27:40,738 | EPOCH 6 VAL loss=0.251663 acc=0.9128 pre=0.9192 rec=0.9148 f1=0.9151
2026-08-27 19:27:46,178 | EPOCH 6 train_loss=0.181071
2026-08-27 19:27:47,327 | EPOCH 6 VAL loss=0.245179 acc=0.9135 pre=0.9192 rec=0.9153 f1=0.9157
2026-08-27 19:27:52,825 | EPOCH 7 train_loss=0.161960
2026-08-27 19:27:53,448 | EPOCH 7 train_loss=0.162376
2026-08-27 19:27:53,991 | EPOCH 7 VAL loss=0.227980 acc=0.9192 pre=0.9196 rec=0.9202 f1=0.9196
2026-08-27 19:27:54,208 | EPOCH 7 VAL loss=0.226779 acc=0.9180 pre=0.9185 rec=0.9189 f1=0.9181
2026-08-27 19:28:00,210 | EPOCH 7 train_loss=0.162058
2026-08-27 19:28:01,103 | EPOCH 7 VAL loss=0.234681 acc=0.9183 pre=0.9181 rec=0.9195 f1=0.9185 BEST
2026-08-27 19:28:05,366 | EPOCH 8 train_loss=0.143745
2026-08-27 19:28:06,129 | EPOCH 8 train_loss=0.145554
2026-08-27 19:28:06,233 | EPOCH 8 VAL loss=0.250731 acc=0.9167 pre=0.9184 rec=0.9170 f1=0.9161
2026-08-27 19:28:07,291 | EPOCH 8 VAL loss=0.248747 acc=0.9165 pre=0.9186 rec=0.9168 f1=0.9158
2026-08-27 19:28:14,220 | EPOCH 8 train_loss=0.143624
2026-08-27 19:28:15,446 | EPOCH 8 VAL loss=0.243568 acc=0.9175 pre=0.9179 rec=0.9179 f1=0.9170
2026-08-27 19:28:18,892 | EPOCH 9 train_loss=0.125375
2026-08-27 19:28:19,944 | EPOCH 9 VAL loss=0.251819 acc=0.9193 pre=0.9208 rec=0.9204 f1=0.9201 BEST
2026-08-27 19:28:20,214 | EPOCH 9 train_loss=0.127274
2026-08-27 19:28:21,118 | EPOCH 9 VAL loss=0.247296 acc=0.9212 pre=0.9222 rec=0.9222 f1=0.9219 BEST
2026-08-27 19:28:27,835 | EPOCH 9 train_loss=0.126160
2026-08-27 19:28:29,006 | EPOCH 9 VAL loss=0.250203 acc=0.9188 pre=0.9195 rec=0.9195 f1=0.9191 BEST
2026-08-27 19:28:32,477 | EPOCH 10 train_loss=0.116610
2026-08-27 19:28:32,620 | EPOCH 10 train_loss=0.114857
2026-08-27 19:28:33,247 | EPOCH 10 VAL loss=0.261387 acc=0.9157 pre=0.9177 rec=0.9158 f1=0.9155
2026-08-27 19:28:34,182 | EPOCH 10 VAL loss=0.256624 acc=0.9165 pre=0.9190 rec=0.9165 f1=0.9158
2026-08-27 19:28:41,478 | EPOCH 10 train_loss=0.113091
2026-08-27 19:28:42,203 | EPOCH 10 VAL loss=0.259249 acc=0.9160 pre=0.9178 rec=0.9163 f1=0.9159
2026-08-27 19:28:46,091 | EPOCH 11 train_loss=0.100758
2026-08-27 19:28:46,581 | EPOCH 11 train_loss=0.101566
2026-08-27 19:28:47,035 | EPOCH 11 VAL loss=0.278937 acc=0.9207 pre=0.9237 rec=0.9218 f1=0.9221 BEST
2026-08-27 19:28:47,314 | EPOCH 11 VAL loss=0.279316 acc=0.9225 pre=0.9234 rec=0.9235 f1=0.9233 BEST
2026-08-27 19:28:54,891 | EPOCH 11 train_loss=0.099374
2026-08-27 19:28:56,024 | EPOCH 11 VAL loss=0.274073 acc=0.9207 pre=0.9225 rec=0.9211 f1=0.9216 BEST
2026-08-27 19:28:58,764 | EPOCH 12 train_loss=0.090598
2026-08-27 19:28:59,577 | EPOCH 12 train_loss=0.090359
2026-08-27 19:28:59,858 | EPOCH 12 VAL loss=0.294292 acc=0.9167 pre=0.9177 rec=0.9174 f1=0.9166
2026-08-27 19:29:00,800 | EPOCH 12 VAL loss=0.292721 acc=0.9195 pre=0.9205 rec=0.9203 f1=0.9194
2026-08-27 19:29:08,851 | EPOCH 12 train_loss=0.091631
2026-08-27 19:29:09,795 | EPOCH 12 VAL loss=0.297940 acc=0.9150 pre=0.9164 rec=0.9157 f1=0.9148
2026-08-27 19:29:11,974 | EPOCH 13 train_loss=0.078819
2026-08-27 19:29:12,749 | EPOCH 13 VAL loss=0.332800 acc=0.9133 pre=0.9158 rec=0.9141 f1=0.9139
2026-08-27 19:29:13,754 | EPOCH 13 train_loss=0.077614
2026-08-27 19:29:14,821 | EPOCH 13 VAL loss=0.316300 acc=0.9152 pre=0.9162 rec=0.9157 f1=0.9156
2026-08-27 19:29:21,832 | EPOCH 13 train_loss=0.079956
2026-08-27 19:29:22,629 | EPOCH 13 VAL loss=0.320466 acc=0.9177 pre=0.9194 rec=0.9176 f1=0.9178
2026-08-27 19:29:24,913 | EPOCH 14 train_loss=0.070991
2026-08-27 19:29:25,997 | EPOCH 14 VAL loss=0.339839 acc=0.9113 pre=0.9120 rec=0.9119 f1=0.9116
2026-08-27 19:29:26,430 | EPOCH 14 train_loss=0.071634
2026-08-27 19:29:27,489 | EPOCH 14 VAL loss=0.352615 acc=0.9110 pre=0.9128 rec=0.9117 f1=0.9118
2026-08-27 19:29:34,724 | EPOCH 14 train_loss=0.071115
2026-08-27 19:29:35,529 | EPOCH 14 VAL loss=0.323785 acc=0.9180 pre=0.9192 rec=0.9184 f1=0.9184
2026-08-27 19:29:38,031 | EPOCH 15 train_loss=0.065030
2026-08-27 19:29:39,002 | EPOCH 15 train_loss=0.063698
2026-08-27 19:29:39,082 | EPOCH 15 VAL loss=0.343416 acc=0.9113 pre=0.9118 rec=0.9122 f1=0.9116
2026-08-27 19:29:40,126 | EPOCH 15 VAL loss=0.373698 acc=0.9105 pre=0.9117 rec=0.9116 f1=0.9113
2026-08-27 19:29:47,166 | EPOCH 15 train_loss=0.062735
2026-08-27 19:29:48,651 | EPOCH 15 VAL loss=0.352889 acc=0.9157 pre=0.9169 rec=0.9163 f1=0.9160
2026-08-27 19:29:50,791 | EPOCH 16 train_loss=0.057644
2026-08-27 19:29:51,619 | EPOCH 16 VAL loss=0.381271 acc=0.9028 pre=0.9049 rec=0.9029 f1=0.9016
2026-08-27 19:29:52,987 | EPOCH 16 train_loss=0.057284
2026-08-27 19:29:53,780 | EPOCH 16 VAL loss=0.355768 acc=0.9117 pre=0.9134 rec=0.9124 f1=0.9124
2026-08-27 19:30:01,129 | EPOCH 16 train_loss=0.059740
2026-08-27 19:30:02,248 | EPOCH 16 VAL loss=0.379028 acc=0.9095 pre=0.9124 rec=0.9098 f1=0.9094
2026-08-27 19:30:04,073 | EPOCH 17 train_loss=0.052275
2026-08-27 19:30:04,372 | EPOCH 17 train_loss=0.053855
2026-08-27 19:30:05,115 | EPOCH 17 VAL loss=0.394585 acc=0.9127 pre=0.9133 rec=0.9137 f1=0.9131
2026-08-27 19:30:05,123 | EPOCH 17 VAL loss=0.429515 acc=0.9063 pre=0.9083 rec=0.9066 f1=0.9056
2026-08-27 19:30:14,771 | EPOCH 17 train_loss=0.052084
2026-08-27 19:30:15,512 | EPOCH 17 VAL loss=0.367833 acc=0.9142 pre=0.9144 rec=0.9148 f1=0.9141
2026-08-27 19:30:17,244 | EPOCH 18 train_loss=0.047199
2026-08-27 19:30:18,008 | EPOCH 18 VAL loss=0.446160 acc=0.9127 pre=0.9139 rec=0.9135 f1=0.9134
2026-08-27 19:30:18,289 | EPOCH 18 train_loss=0.044820
2026-08-27 19:30:19,457 | EPOCH 18 VAL loss=0.448992 acc=0.9120 pre=0.9138 rec=0.9127 f1=0.9123
2026-08-27 19:30:26,565 | EPOCH 18 train_loss=0.050539
2026-08-27 19:30:27,449 | EPOCH 18 VAL loss=0.403212 acc=0.9117 pre=0.9132 rec=0.9121 f1=0.9118
2026-08-27 19:30:29,789 | EPOCH 19 train_loss=0.043786
2026-08-27 19:30:30,546 | EPOCH 19 VAL loss=0.495272 acc=0.9068 pre=0.9079 rec=0.9076 f1=0.9076
2026-08-27 19:30:31,984 | EPOCH 19 train_loss=0.044049
2026-08-27 19:30:33,173 | EPOCH 19 VAL loss=0.425221 acc=0.9127 pre=0.9138 rec=0.9133 f1=0.9132
2026-08-27 19:30:40,184 | EPOCH 19 train_loss=0.043022
2026-08-27 19:30:40,942 | EPOCH 19 VAL loss=0.420445 acc=0.9137 pre=0.9151 rec=0.9138 f1=0.9142
2026-08-27 19:30:43,386 | EPOCH 20 train_loss=0.045695
2026-08-27 19:30:44,537 | EPOCH 20 VAL loss=0.495862 acc=0.9073 pre=0.9097 rec=0.9076 f1=0.9071
2026-08-27 19:30:44,948 | EPOCH 20 train_loss=0.041462
2026-08-27 19:30:45,758 | EPOCH 20 VAL loss=0.477287 acc=0.9097 pre=0.9106 rec=0.9104 f1=0.9103
2026-08-27 19:30:52,696 | EPOCH 20 train_loss=0.046044
2026-08-27 19:30:53,548 | EPOCH 20 VAL loss=0.529924 acc=0.9082 pre=0.9114 rec=0.9081 f1=0.9078
2026-08-27 19:30:57,621 | EPOCH 21 train_loss=0.040226
2026-08-27 19:30:57,755 | EPOCH 21 train_loss=0.045326
2026-08-27 19:30:58,843 | EPOCH 21 VAL loss=0.452585 acc=0.9108 pre=0.9116 rec=0.9112 f1=0.9111
2026-08-27 19:30:58,857 | DONE best_epoch=11 best_val_loss=0.279316 early_stop=True time=276.05s
2026-08-27 19:30:59,246 | EPOCH 21 VAL loss=0.487337 acc=0.9072 pre=0.9095 rec=0.9088 f1=0.9084
2026-08-27 19:30:59,260 | DONE best_epoch=11 best_val_loss=0.278937 early_stop=True time=277.54s
