2026-08-27 09:02:55,342 | START mlp_adagrad_lr0.005_s123 opt=adagrad lr=0.005 seed=123 device=cuda epochs=150 best_by=f1 stop_by=f1
2026-08-27 09:03:01,974 | EPOCH 1 train_loss=0.566629
2026-08-27 09:03:02,536 | EPOCH 1 VAL loss=0.462304 acc=0.8385 pre=0.8378 rec=0.8390 f1=0.8343 BEST
2026-08-27 09:03:09,838 | EPOCH 2 train_loss=0.428427
2026-08-27 09:03:10,400 | EPOCH 2 VAL loss=0.419281 acc=0.8543 pre=0.8551 rec=0.8546 f1=0.8527 BEST
2026-08-27 09:03:17,167 | EPOCH 3 train_loss=0.395379
2026-08-27 09:03:17,722 | EPOCH 3 VAL loss=0.405355 acc=0.8593 pre=0.8599 rec=0.8606 f1=0.8585 BEST
2026-08-27 09:03:24,762 | EPOCH 4 train_loss=0.375706
2026-08-27 09:03:25,334 | EPOCH 4 VAL loss=0.389471 acc=0.8615 pre=0.8629 rec=0.8628 f1=0.8625 BEST
2026-08-27 09:03:32,230 | EPOCH 5 train_loss=0.360961
2026-08-27 09:03:32,784 | EPOCH 5 VAL loss=0.381909 acc=0.8652 pre=0.8646 rec=0.8668 f1=0.8648 BEST
2026-08-27 09:03:39,654 | EPOCH 6 train_loss=0.349591
2026-08-27 09:03:40,231 | EPOCH 6 VAL loss=0.367954 acc=0.8682 pre=0.8701 rec=0.8690 f1=0.8689 BEST
2026-08-27 09:03:47,013 | EPOCH 7 train_loss=0.339583
2026-08-27 09:03:47,585 | EPOCH 7 VAL loss=0.358785 acc=0.8703 pre=0.8707 rec=0.8714 f1=0.8708 BEST
2026-08-27 09:03:54,347 | EPOCH 8 train_loss=0.331739
2026-08-27 09:03:54,892 | EPOCH 8 VAL loss=0.356345 acc=0.8738 pre=0.8744 rec=0.8752 f1=0.8743 BEST
2026-08-27 09:04:01,665 | EPOCH 9 train_loss=0.323966
2026-08-27 09:04:02,230 | EPOCH 9 VAL loss=0.354955 acc=0.8757 pre=0.8759 rec=0.8767 f1=0.8747 BEST
2026-08-27 09:04:09,104 | EPOCH 10 train_loss=0.318483
2026-08-27 09:04:09,645 | EPOCH 10 VAL loss=0.347094 acc=0.8738 pre=0.8741 rec=0.8751 f1=0.8743
2026-08-27 09:04:16,042 | EPOCH 11 train_loss=0.312237
2026-08-27 09:04:16,590 | EPOCH 11 VAL loss=0.346018 acc=0.8773 pre=0.8781 rec=0.8784 f1=0.8769 BEST
2026-08-27 09:04:23,666 | EPOCH 12 train_loss=0.307207
2026-08-27 09:04:24,222 | EPOCH 12 VAL loss=0.337170 acc=0.8807 pre=0.8806 rec=0.8816 f1=0.8807 BEST
2026-08-27 09:04:31,152 | EPOCH 13 train_loss=0.302729
2026-08-27 09:04:31,709 | EPOCH 13 VAL loss=0.337072 acc=0.8778 pre=0.8776 rec=0.8786 f1=0.8770
2026-08-27 09:04:38,049 | EPOCH 14 train_loss=0.298275
2026-08-27 09:04:38,609 | EPOCH 14 VAL loss=0.335485 acc=0.8770 pre=0.8772 rec=0.8779 f1=0.8765
2026-08-27 09:04:45,011 | EPOCH 15 train_loss=0.294002
2026-08-27 09:04:45,569 | EPOCH 15 VAL loss=0.331781 acc=0.8780 pre=0.8789 rec=0.8793 f1=0.8790
2026-08-27 09:04:52,046 | EPOCH 16 train_loss=0.289804
2026-08-27 09:04:52,619 | EPOCH 16 VAL loss=0.330159 acc=0.8783 pre=0.8780 rec=0.8798 f1=0.8784
2026-08-27 09:04:59,051 | EPOCH 17 train_loss=0.286698
2026-08-27 09:04:59,595 | EPOCH 17 VAL loss=0.325457 acc=0.8812 pre=0.8812 rec=0.8818 f1=0.8806
2026-08-27 09:05:06,060 | EPOCH 18 train_loss=0.282948
2026-08-27 09:05:06,627 | EPOCH 18 VAL loss=0.323407 acc=0.8805 pre=0.8805 rec=0.8819 f1=0.8807
2026-08-27 09:05:13,057 | EPOCH 19 train_loss=0.279742
2026-08-27 09:05:13,640 | EPOCH 19 VAL loss=0.325317 acc=0.8812 pre=0.8823 rec=0.8820 f1=0.8819 BEST
2026-08-27 09:05:20,328 | EPOCH 20 train_loss=0.276625
2026-08-27 09:05:20,876 | EPOCH 20 VAL loss=0.325033 acc=0.8798 pre=0.8801 rec=0.8810 f1=0.8798
2026-08-27 09:05:27,230 | EPOCH 21 train_loss=0.273978
2026-08-27 09:05:27,803 | EPOCH 21 VAL loss=0.318905 acc=0.8843 pre=0.8856 rec=0.8848 f1=0.8837 BEST
2026-08-27 09:05:34,571 | EPOCH 22 train_loss=0.271199
2026-08-27 09:05:35,114 | EPOCH 22 VAL loss=0.320815 acc=0.8830 pre=0.8838 rec=0.8838 f1=0.8824
2026-08-27 09:05:41,397 | EPOCH 23 train_loss=0.268410
2026-08-27 09:05:41,934 | EPOCH 23 VAL loss=0.317741 acc=0.8820 pre=0.8831 rec=0.8825 f1=0.8808
2026-08-27 09:05:48,306 | EPOCH 24 train_loss=0.266022
2026-08-27 09:05:48,859 | EPOCH 24 VAL loss=0.313777 acc=0.8810 pre=0.8820 rec=0.8822 f1=0.8819
2026-08-27 09:05:55,255 | EPOCH 25 train_loss=0.263574
2026-08-27 09:05:55,805 | EPOCH 25 VAL loss=0.317361 acc=0.8842 pre=0.8845 rec=0.8850 f1=0.8830
2026-08-27 09:06:02,197 | EPOCH 26 train_loss=0.261275
2026-08-27 09:06:02,739 | EPOCH 26 VAL loss=0.310586 acc=0.8857 pre=0.8863 rec=0.8863 f1=0.8852 BEST
2026-08-27 09:06:09,440 | EPOCH 27 train_loss=0.259006
2026-08-27 09:06:10,377 | EPOCH 27 VAL loss=0.311323 acc=0.8857 pre=0.8857 rec=0.8867 f1=0.8860 BEST
2026-08-27 09:06:17,211 | EPOCH 28 train_loss=0.256957
2026-08-27 09:06:17,769 | EPOCH 28 VAL loss=0.312783 acc=0.8852 pre=0.8859 rec=0.8866 f1=0.8861 BEST
2026-08-27 09:06:24,600 | EPOCH 29 train_loss=0.254969
2026-08-27 09:06:25,151 | EPOCH 29 VAL loss=0.310054 acc=0.8867 pre=0.8874 rec=0.8876 f1=0.8868 BEST
2026-08-27 09:06:31,884 | EPOCH 30 train_loss=0.252858
2026-08-27 09:06:32,436 | EPOCH 30 VAL loss=0.314543 acc=0.8843 pre=0.8857 rec=0.8858 f1=0.8849
2026-08-27 09:06:38,928 | EPOCH 31 train_loss=0.250961
2026-08-27 09:06:39,473 | EPOCH 31 VAL loss=0.309563 acc=0.8868 pre=0.8870 rec=0.8877 f1=0.8862
2026-08-27 09:06:45,861 | EPOCH 32 train_loss=0.248960
2026-08-27 09:06:46,401 | EPOCH 32 VAL loss=0.308239 acc=0.8855 pre=0.8855 rec=0.8866 f1=0.8854
2026-08-27 09:06:52,698 | EPOCH 33 train_loss=0.247485
2026-08-27 09:06:53,246 | EPOCH 33 VAL loss=0.305290 acc=0.8877 pre=0.8880 rec=0.8885 f1=0.8876 BEST
2026-08-27 09:07:00,144 | EPOCH 34 train_loss=0.245312
2026-08-27 09:07:00,709 | EPOCH 34 VAL loss=0.309185 acc=0.8847 pre=0.8870 rec=0.8861 f1=0.8861
2026-08-27 09:07:07,322 | EPOCH 35 train_loss=0.244172
2026-08-27 09:07:07,883 | EPOCH 35 VAL loss=0.305453 acc=0.8873 pre=0.8873 rec=0.8883 f1=0.8872
2026-08-27 09:07:14,322 | EPOCH 36 train_loss=0.242449
2026-08-27 09:07:14,873 | EPOCH 36 VAL loss=0.305518 acc=0.8888 pre=0.8897 rec=0.8899 f1=0.8893 BEST
2026-08-27 09:07:21,683 | EPOCH 37 train_loss=0.240674
2026-08-27 09:07:22,238 | EPOCH 37 VAL loss=0.304529 acc=0.8887 pre=0.8891 rec=0.8897 f1=0.8889
2026-08-27 09:07:28,661 | EPOCH 38 train_loss=0.239193
2026-08-27 09:07:29,211 | EPOCH 38 VAL loss=0.303012 acc=0.8860 pre=0.8868 rec=0.8872 f1=0.8867
2026-08-27 09:07:35,556 | EPOCH 39 train_loss=0.238101
2026-08-27 09:07:36,120 | EPOCH 39 VAL loss=0.301301 acc=0.8887 pre=0.8890 rec=0.8897 f1=0.8892
2026-08-27 09:07:42,559 | EPOCH 40 train_loss=0.236624
2026-08-27 09:07:43,108 | EPOCH 40 VAL loss=0.302812 acc=0.8867 pre=0.8870 rec=0.8880 f1=0.8872
2026-08-27 09:07:49,568 | EPOCH 41 train_loss=0.235065
2026-08-27 09:07:50,120 | EPOCH 41 VAL loss=0.300805 acc=0.8883 pre=0.8887 rec=0.8894 f1=0.8887
2026-08-27 09:07:56,556 | EPOCH 42 train_loss=0.233865
2026-08-27 09:07:57,106 | EPOCH 42 VAL loss=0.304915 acc=0.8875 pre=0.8885 rec=0.8890 f1=0.8883
2026-08-27 09:08:03,657 | EPOCH 43 train_loss=0.232299
2026-08-27 09:08:04,202 | EPOCH 43 VAL loss=0.302399 acc=0.8892 pre=0.8893 rec=0.8904 f1=0.8894 BEST
2026-08-27 09:08:10,862 | EPOCH 44 train_loss=0.231255
2026-08-27 09:08:11,407 | EPOCH 44 VAL loss=0.300445 acc=0.8902 pre=0.8903 rec=0.8911 f1=0.8904 BEST
2026-08-27 09:08:18,127 | EPOCH 45 train_loss=0.229655
2026-08-27 09:08:18,668 | EPOCH 45 VAL loss=0.300503 acc=0.8890 pre=0.8892 rec=0.8902 f1=0.8893
2026-08-27 09:08:25,176 | EPOCH 46 train_loss=0.228402
2026-08-27 09:08:25,735 | EPOCH 46 VAL loss=0.303948 acc=0.8877 pre=0.8884 rec=0.8887 f1=0.8881
2026-08-27 09:08:32,077 | EPOCH 47 train_loss=0.227080
2026-08-27 09:08:32,615 | EPOCH 47 VAL loss=0.302385 acc=0.8853 pre=0.8862 rec=0.8866 f1=0.8862
2026-08-27 09:08:39,043 | EPOCH 48 train_loss=0.226140
2026-08-27 09:08:39,598 | EPOCH 48 VAL loss=0.298212 acc=0.8892 pre=0.8895 rec=0.8901 f1=0.8895
2026-08-27 09:08:46,243 | EPOCH 49 train_loss=0.224880
2026-08-27 09:08:46,802 | EPOCH 49 VAL loss=0.302640 acc=0.8872 pre=0.8872 rec=0.8884 f1=0.8874
2026-08-27 09:08:53,223 | EPOCH 50 train_loss=0.223720
2026-08-27 09:08:53,816 | EPOCH 50 VAL loss=0.298150 acc=0.8903 pre=0.8909 rec=0.8913 f1=0.8906 BEST
2026-08-27 09:09:00,541 | EPOCH 51 train_loss=0.222479
2026-08-27 09:09:01,102 | EPOCH 51 VAL loss=0.298890 acc=0.8895 pre=0.8896 rec=0.8904 f1=0.8894
2026-08-27 09:09:07,528 | EPOCH 52 train_loss=0.221477
2026-08-27 09:09:08,087 | EPOCH 52 VAL loss=0.298348 acc=0.8903 pre=0.8905 rec=0.8913 f1=0.8903
2026-08-27 09:09:14,479 | EPOCH 53 train_loss=0.220455
2026-08-27 09:09:15,036 | EPOCH 53 VAL loss=0.298454 acc=0.8898 pre=0.8901 rec=0.8908 f1=0.8902
2026-08-27 09:09:21,251 | EPOCH 54 train_loss=0.219127
2026-08-27 09:09:21,804 | EPOCH 54 VAL loss=0.302990 acc=0.8865 pre=0.8886 rec=0.8883 f1=0.8881
2026-08-27 09:09:28,130 | EPOCH 55 train_loss=0.218272
2026-08-27 09:09:28,667 | EPOCH 55 VAL loss=0.301588 acc=0.8895 pre=0.8894 rec=0.8908 f1=0.8895
2026-08-27 09:09:34,939 | EPOCH 56 train_loss=0.217375
2026-08-27 09:09:35,473 | EPOCH 56 VAL loss=0.298687 acc=0.8898 pre=0.8902 rec=0.8908 f1=0.8898
2026-08-27 09:09:41,659 | EPOCH 57 train_loss=0.216283
2026-08-27 09:09:42,198 | EPOCH 57 VAL loss=0.299444 acc=0.8902 pre=0.8916 rec=0.8914 f1=0.8911 BEST
2026-08-27 09:09:48,853 | EPOCH 58 train_loss=0.215299
2026-08-27 09:09:49,411 | EPOCH 58 VAL loss=0.297323 acc=0.8907 pre=0.8908 rec=0.8919 f1=0.8911 BEST
2026-08-27 09:09:55,938 | EPOCH 59 train_loss=0.214241
2026-08-27 09:09:56,482 | EPOCH 59 VAL loss=0.297165 acc=0.8927 pre=0.8933 rec=0.8936 f1=0.8930 BEST
2026-08-27 09:10:03,050 | EPOCH 60 train_loss=0.213099
2026-08-27 09:10:03,643 | EPOCH 60 VAL loss=0.300267 acc=0.8907 pre=0.8910 rec=0.8917 f1=0.8906
2026-08-27 09:10:09,903 | EPOCH 61 train_loss=0.212509
2026-08-27 09:10:10,455 | EPOCH 61 VAL loss=0.296559 acc=0.8908 pre=0.8915 rec=0.8914 f1=0.8910
2026-08-27 09:10:16,672 | EPOCH 62 train_loss=0.211486
2026-08-27 09:10:17,206 | EPOCH 62 VAL loss=0.295931 acc=0.8917 pre=0.8921 rec=0.8928 f1=0.8922
2026-08-27 09:10:23,443 | EPOCH 63 train_loss=0.210387
2026-08-27 09:10:24,030 | EPOCH 63 VAL loss=0.295861 acc=0.8908 pre=0.8909 rec=0.8918 f1=0.8910
2026-08-27 09:10:30,275 | EPOCH 64 train_loss=0.209607
2026-08-27 09:10:30,808 | EPOCH 64 VAL loss=0.297592 acc=0.8882 pre=0.8896 rec=0.8894 f1=0.8893
2026-08-27 09:10:37,198 | EPOCH 65 train_loss=0.208662
2026-08-27 09:10:38,100 | EPOCH 65 VAL loss=0.298669 acc=0.8903 pre=0.8917 rec=0.8917 f1=0.8913
2026-08-27 09:10:44,517 | EPOCH 66 train_loss=0.207805
2026-08-27 09:10:45,057 | EPOCH 66 VAL loss=0.297425 acc=0.8903 pre=0.8911 rec=0.8915 f1=0.8908
2026-08-27 09:10:51,471 | EPOCH 67 train_loss=0.206749
2026-08-27 09:10:52,020 | EPOCH 67 VAL loss=0.298211 acc=0.8888 pre=0.8900 rec=0.8899 f1=0.8894
2026-08-27 09:10:58,464 | EPOCH 68 train_loss=0.205833
2026-08-27 09:10:59,011 | EPOCH 68 VAL loss=0.297096 acc=0.8910 pre=0.8907 rec=0.8920 f1=0.8909
2026-08-27 09:11:05,377 | EPOCH 69 train_loss=0.205143
2026-08-27 09:11:05,932 | EPOCH 69 VAL loss=0.299563 acc=0.8923 pre=0.8925 rec=0.8934 f1=0.8920
2026-08-27 09:11:05,939 | DONE best_epoch=59 best_val_loss=0.297165 early_stop=True time=489.95s
