2026-08-27 12:40:08,434 | START cnn_adadelta_lr0.5_s2026 opt=adadelta lr=0.5 seed=2026 device=cuda epochs=150 best_by=f1 stop_by=f1
2026-08-27 12:40:10,436 | START cnn_adadelta_lr0.5_s2026 opt=adadelta lr=0.5 seed=2026 device=cuda epochs=150 best_by=f1 stop_by=f1
2026-08-27 12:40:10,452 | RESUMED from epoch 0, batch 200
2026-08-27 12:40:20,284 | EPOCH 1 train_loss=0.573465
2026-08-27 12:40:21,380 | EPOCH 1 VAL loss=0.398331 acc=0.8607 pre=0.8600 rec=0.8621 f1=0.8570 BEST
2026-08-27 12:40:23,676 | EPOCH 1 train_loss=0.463586
2026-08-27 12:40:24,868 | EPOCH 1 VAL loss=0.399389 acc=0.8613 pre=0.8605 rec=0.8628 f1=0.8582 BEST
2026-08-27 12:40:35,768 | EPOCH 2 train_loss=0.348972
2026-08-27 12:40:37,075 | EPOCH 2 VAL loss=0.323833 acc=0.8822 pre=0.8832 rec=0.8841 f1=0.8819 BEST
2026-08-27 12:40:39,490 | EPOCH 2 train_loss=0.349195
2026-08-27 12:40:40,625 | EPOCH 2 VAL loss=0.323792 acc=0.8793 pre=0.8801 rec=0.8813 f1=0.8789 BEST
2026-08-27 12:40:50,674 | EPOCH 3 train_loss=0.293551
2026-08-27 12:40:51,907 | EPOCH 3 VAL loss=0.310219 acc=0.8775 pre=0.8911 rec=0.8810 f1=0.8804
2026-08-27 12:40:54,489 | EPOCH 3 train_loss=0.293953
2026-08-27 12:40:55,742 | EPOCH 3 VAL loss=0.320809 acc=0.8755 pre=0.8913 rec=0.8792 f1=0.8789 BEST
2026-08-27 12:41:06,312 | EPOCH 4 train_loss=0.260408
2026-08-27 12:41:07,434 | EPOCH 4 VAL loss=0.265515 acc=0.9023 pre=0.9036 rec=0.9029 f1=0.9021 BEST
2026-08-27 12:41:10,641 | EPOCH 4 train_loss=0.260617
2026-08-27 12:41:11,777 | EPOCH 4 VAL loss=0.269968 acc=0.8997 pre=0.9012 rec=0.9001 f1=0.8994 BEST
2026-08-27 12:41:21,357 | EPOCH 5 train_loss=0.235523
2026-08-27 12:41:22,443 | EPOCH 5 VAL loss=0.250196 acc=0.9092 pre=0.9098 rec=0.9098 f1=0.9090 BEST
2026-08-27 12:41:26,624 | EPOCH 5 train_loss=0.235610
2026-08-27 12:41:27,739 | EPOCH 5 VAL loss=0.254248 acc=0.9065 pre=0.9073 rec=0.9069 f1=0.9058 BEST
2026-08-27 12:41:35,862 | EPOCH 6 train_loss=0.215863
2026-08-27 12:41:36,943 | EPOCH 6 VAL loss=0.235016 acc=0.9158 pre=0.9160 rec=0.9167 f1=0.9160 BEST
2026-08-27 12:41:41,326 | EPOCH 6 train_loss=0.216846
2026-08-27 12:41:42,867 | EPOCH 6 VAL loss=0.235401 acc=0.9142 pre=0.9144 rec=0.9149 f1=0.9143 BEST
2026-08-27 12:41:51,108 | EPOCH 7 train_loss=0.198158
2026-08-27 12:41:52,200 | EPOCH 7 VAL loss=0.255664 acc=0.9043 pre=0.9123 rec=0.9067 f1=0.9065
2026-08-27 12:41:56,528 | EPOCH 7 train_loss=0.199060
2026-08-27 12:41:57,664 | EPOCH 7 VAL loss=0.256212 acc=0.9053 pre=0.9132 rec=0.9076 f1=0.9072
2026-08-27 12:42:05,610 | EPOCH 8 train_loss=0.184590
2026-08-27 12:42:06,681 | EPOCH 8 VAL loss=0.222027 acc=0.9182 pre=0.9195 rec=0.9194 f1=0.9193 BEST
2026-08-27 12:42:11,353 | EPOCH 8 train_loss=0.185271
2026-08-27 12:42:12,461 | EPOCH 8 VAL loss=0.225366 acc=0.9153 pre=0.9162 rec=0.9164 f1=0.9162 BEST
2026-08-27 12:42:19,822 | EPOCH 9 train_loss=0.170324
2026-08-27 12:42:20,921 | EPOCH 9 VAL loss=0.225852 acc=0.9187 pre=0.9214 rec=0.9196 f1=0.9200 BEST
2026-08-27 12:42:23,041 | INTERRUPTED epoch=8 batch=663
2026-08-27 12:42:23,042 | INTERRUPTED epoch=9 batch=97
2026-08-27 15:38:43,924 | START cnn_adadelta_lr0.5_s2026 opt=adadelta lr=0.5 seed=2026 device=cuda epochs=150 best_by=f1 stop_by=f1
2026-08-27 15:39:05,925 | EPOCH 1 train_loss=0.573654
2026-08-27 15:39:08,054 | EPOCH 1 VAL loss=0.399294 acc=0.8607 pre=0.8599 rec=0.8621 f1=0.8570 BEST
2026-08-27 15:39:27,220 | START cnn_adadelta_lr0.5_s2026 opt=adadelta lr=0.5 seed=2026 device=cuda epochs=150 best_by=f1 stop_by=f1
2026-08-27 15:39:27,247 | RESUMED from epoch 1, batch 600
2026-08-27 15:39:31,042 | EPOCH 2 train_loss=0.348866
2026-08-27 15:39:32,870 | EPOCH 2 VAL loss=0.321926 acc=0.8820 pre=0.8823 rec=0.8836 f1=0.8815 BEST
2026-08-27 15:39:46,054 | EPOCH 2 train_loss=0.327292
2026-08-27 15:39:47,872 | EPOCH 2 VAL loss=0.323457 acc=0.8807 pre=0.8815 rec=0.8825 f1=0.8804 BEST
2026-08-27 15:39:57,137 | EPOCH 3 train_loss=0.294080
2026-08-27 15:39:59,025 | EPOCH 3 VAL loss=0.310115 acc=0.8788 pre=0.8939 rec=0.8824 f1=0.8819 BEST
2026-08-27 15:40:12,558 | EPOCH 3 train_loss=0.294532
2026-08-27 15:40:14,059 | EPOCH 3 VAL loss=0.307465 acc=0.8808 pre=0.8946 rec=0.8843 f1=0.8839 BEST
2026-08-27 15:40:24,224 | EPOCH 4 train_loss=0.260348
2026-08-27 15:40:25,518 | EPOCH 4 VAL loss=0.270680 acc=0.8965 pre=0.8982 rec=0.8970 f1=0.8959 BEST
