2026-08-27 12:16:26,609 | START mlp_adamax_lr0.001_s123 opt=adamax lr=0.001 seed=123 device=cuda epochs=150 best_by=f1 stop_by=f1
2026-08-27 12:16:33,716 | EPOCH 1 train_loss=0.615063
2026-08-27 12:16:34,298 | EPOCH 1 VAL loss=0.474435 acc=0.8370 pre=0.8400 rec=0.8369 f1=0.8326 BEST
2026-08-27 12:16:41,454 | EPOCH 2 train_loss=0.433883
2026-08-27 12:16:42,037 | EPOCH 2 VAL loss=0.454097 acc=0.8378 pre=0.8474 rec=0.8380 f1=0.8327 BEST
2026-08-27 12:16:49,184 | EPOCH 3 train_loss=0.390102
2026-08-27 12:16:49,813 | EPOCH 3 VAL loss=0.394876 acc=0.8607 pre=0.8622 rec=0.8621 f1=0.8606 BEST
2026-08-27 12:16:56,949 | EPOCH 4 train_loss=0.364146
2026-08-27 12:16:57,530 | EPOCH 4 VAL loss=0.372301 acc=0.8665 pre=0.8666 rec=0.8675 f1=0.8642 BEST
2026-08-27 12:17:05,043 | EPOCH 5 train_loss=0.340660
2026-08-27 12:17:05,627 | EPOCH 5 VAL loss=0.358084 acc=0.8703 pre=0.8714 rec=0.8712 f1=0.8688 BEST
2026-08-27 12:17:12,813 | EPOCH 6 train_loss=0.322510
2026-08-27 12:17:13,401 | EPOCH 6 VAL loss=0.343960 acc=0.8758 pre=0.8784 rec=0.8770 f1=0.8773 BEST
2026-08-27 12:17:20,466 | EPOCH 7 train_loss=0.308820
2026-08-27 12:17:21,040 | EPOCH 7 VAL loss=0.342448 acc=0.8735 pre=0.8768 rec=0.8756 f1=0.8750
2026-08-27 12:17:27,789 | EPOCH 8 train_loss=0.293806
2026-08-27 12:17:28,390 | EPOCH 8 VAL loss=0.324817 acc=0.8803 pre=0.8827 rec=0.8811 f1=0.8810 BEST
2026-08-27 12:17:35,621 | EPOCH 9 train_loss=0.282628
2026-08-27 12:17:36,203 | EPOCH 9 VAL loss=0.328820 acc=0.8797 pre=0.8819 rec=0.8818 f1=0.8806
2026-08-27 12:17:42,918 | EPOCH 10 train_loss=0.273434
2026-08-27 12:17:43,531 | EPOCH 10 VAL loss=0.318492 acc=0.8818 pre=0.8827 rec=0.8834 f1=0.8825 BEST
2026-08-27 12:17:50,706 | EPOCH 11 train_loss=0.262440
2026-08-27 12:17:51,298 | EPOCH 11 VAL loss=0.311362 acc=0.8862 pre=0.8869 rec=0.8880 f1=0.8866 BEST
2026-08-27 12:17:58,495 | EPOCH 12 train_loss=0.253754
2026-08-27 12:17:59,078 | EPOCH 12 VAL loss=0.316923 acc=0.8883 pre=0.8910 rec=0.8887 f1=0.8887 BEST
2026-08-27 12:18:06,190 | EPOCH 13 train_loss=0.247007
2026-08-27 12:18:06,778 | EPOCH 13 VAL loss=0.310205 acc=0.8885 pre=0.8892 rec=0.8900 f1=0.8894 BEST
2026-08-27 12:18:13,815 | EPOCH 14 train_loss=0.238783
2026-08-27 12:18:14,817 | EPOCH 14 VAL loss=0.318254 acc=0.8862 pre=0.8870 rec=0.8874 f1=0.8858
2026-08-27 12:18:21,646 | EPOCH 15 train_loss=0.232601
2026-08-27 12:18:22,228 | EPOCH 15 VAL loss=0.298054 acc=0.8923 pre=0.8924 rec=0.8933 f1=0.8925 BEST
2026-08-27 12:18:29,447 | EPOCH 16 train_loss=0.223951
2026-08-27 12:18:30,009 | EPOCH 16 VAL loss=0.300284 acc=0.8942 pre=0.8952 rec=0.8951 f1=0.8931 BEST
2026-08-27 12:18:36,984 | EPOCH 17 train_loss=0.217722
2026-08-27 12:18:37,573 | EPOCH 17 VAL loss=0.308407 acc=0.8892 pre=0.8921 rec=0.8898 f1=0.8891
2026-08-27 12:18:44,182 | EPOCH 18 train_loss=0.211173
2026-08-27 12:18:44,768 | EPOCH 18 VAL loss=0.297453 acc=0.8942 pre=0.8951 rec=0.8952 f1=0.8945 BEST
2026-08-27 12:18:51,560 | EPOCH 19 train_loss=0.203936
2026-08-27 12:18:52,126 | EPOCH 19 VAL loss=0.307212 acc=0.8922 pre=0.8955 rec=0.8936 f1=0.8937
2026-08-27 12:18:58,820 | EPOCH 20 train_loss=0.199271
2026-08-27 12:18:59,401 | EPOCH 20 VAL loss=0.314102 acc=0.8868 pre=0.8892 rec=0.8880 f1=0.8868
2026-08-27 12:19:05,875 | EPOCH 21 train_loss=0.194244
2026-08-27 12:19:06,439 | EPOCH 21 VAL loss=0.319148 acc=0.8935 pre=0.8969 rec=0.8935 f1=0.8925
2026-08-27 12:19:12,895 | EPOCH 22 train_loss=0.187538
2026-08-27 12:19:13,457 | EPOCH 22 VAL loss=0.312227 acc=0.8900 pre=0.8921 rec=0.8903 f1=0.8883
2026-08-27 12:19:19,908 | EPOCH 23 train_loss=0.182285
2026-08-27 12:19:20,489 | EPOCH 23 VAL loss=0.300082 acc=0.8928 pre=0.8930 rec=0.8936 f1=0.8919
2026-08-27 12:19:27,019 | EPOCH 24 train_loss=0.175889
2026-08-27 12:19:27,576 | EPOCH 24 VAL loss=0.305577 acc=0.8950 pre=0.8970 rec=0.8965 f1=0.8959 BEST
2026-08-27 12:19:34,432 | EPOCH 25 train_loss=0.172239
2026-08-27 12:19:34,980 | EPOCH 25 VAL loss=0.305855 acc=0.8957 pre=0.8966 rec=0.8964 f1=0.8954
2026-08-27 12:19:41,525 | EPOCH 26 train_loss=0.167132
2026-08-27 12:19:42,108 | EPOCH 26 VAL loss=0.297805 acc=0.8997 pre=0.9001 rec=0.9005 f1=0.8997 BEST
2026-08-27 12:19:48,898 | EPOCH 27 train_loss=0.163364
2026-08-27 12:19:49,441 | EPOCH 27 VAL loss=0.314920 acc=0.8948 pre=0.8945 rec=0.8960 f1=0.8949
2026-08-27 12:19:55,825 | EPOCH 28 train_loss=0.158076
2026-08-27 12:19:56,369 | EPOCH 28 VAL loss=0.318701 acc=0.8940 pre=0.8957 rec=0.8954 f1=0.8952
2026-08-27 12:20:02,776 | EPOCH 29 train_loss=0.153814
2026-08-27 12:20:03,341 | EPOCH 29 VAL loss=0.314597 acc=0.8963 pre=0.8986 rec=0.8972 f1=0.8975
2026-08-27 12:20:09,903 | EPOCH 30 train_loss=0.150716
2026-08-27 12:20:10,462 | EPOCH 30 VAL loss=0.328459 acc=0.8908 pre=0.8969 rec=0.8932 f1=0.8931
2026-08-27 12:20:17,133 | EPOCH 31 train_loss=0.143955
2026-08-27 12:20:17,696 | EPOCH 31 VAL loss=0.326612 acc=0.8968 pre=0.8980 rec=0.8980 f1=0.8971
2026-08-27 12:20:24,267 | EPOCH 32 train_loss=0.140806
2026-08-27 12:20:24,826 | EPOCH 32 VAL loss=0.327998 acc=0.8963 pre=0.9004 rec=0.8977 f1=0.8982
2026-08-27 12:20:31,275 | EPOCH 33 train_loss=0.136663
2026-08-27 12:20:31,837 | EPOCH 33 VAL loss=0.322961 acc=0.8963 pre=0.8979 rec=0.8971 f1=0.8970
2026-08-27 12:20:38,249 | EPOCH 34 train_loss=0.132632
2026-08-27 12:20:38,816 | EPOCH 34 VAL loss=0.338805 acc=0.8893 pre=0.8937 rec=0.8908 f1=0.8904
2026-08-27 12:20:45,238 | EPOCH 35 train_loss=0.129400
2026-08-27 12:20:45,821 | EPOCH 35 VAL loss=0.327472 acc=0.8982 pre=0.8984 rec=0.8989 f1=0.8983
2026-08-27 12:20:52,213 | EPOCH 36 train_loss=0.123996
2026-08-27 12:20:52,762 | EPOCH 36 VAL loss=0.337382 acc=0.8948 pre=0.8961 rec=0.8956 f1=0.8950
2026-08-27 12:20:52,770 | DONE best_epoch=26 best_val_loss=0.297805 early_stop=True time=265.52s
