2026-08-27 11:41:37,229 | START mlp_adamw_lr0.001_s2026 opt=adamw lr=0.001 seed=2026 device=cuda epochs=150 best_by=f1 stop_by=f1
2026-08-27 11:41:43,957 | EPOCH 1 train_loss=0.539000
2026-08-27 11:41:44,502 | EPOCH 1 VAL loss=0.426412 acc=0.8442 pre=0.8497 rec=0.8458 f1=0.8454 BEST
2026-08-27 11:41:51,487 | EPOCH 2 train_loss=0.378269
2026-08-27 11:41:52,055 | EPOCH 2 VAL loss=0.355204 acc=0.8677 pre=0.8686 rec=0.8694 f1=0.8683 BEST
2026-08-27 11:41:59,163 | EPOCH 3 train_loss=0.338010
2026-08-27 11:41:59,746 | EPOCH 3 VAL loss=0.358857 acc=0.8658 pre=0.8676 rec=0.8675 f1=0.8666
2026-08-27 11:42:06,508 | EPOCH 4 train_loss=0.311982
2026-08-27 11:42:07,072 | EPOCH 4 VAL loss=0.331997 acc=0.8782 pre=0.8798 rec=0.8791 f1=0.8791 BEST
2026-08-27 11:42:14,117 | EPOCH 5 train_loss=0.293786
2026-08-27 11:42:14,676 | EPOCH 5 VAL loss=0.332313 acc=0.8807 pre=0.8811 rec=0.8819 f1=0.8795 BEST
2026-08-27 11:42:22,103 | EPOCH 6 train_loss=0.278335
2026-08-27 11:42:22,669 | EPOCH 6 VAL loss=0.324866 acc=0.8802 pre=0.8915 rec=0.8824 f1=0.8839 BEST
2026-08-27 11:42:29,765 | EPOCH 7 train_loss=0.267132
2026-08-27 11:42:30,335 | EPOCH 7 VAL loss=0.315096 acc=0.8858 pre=0.8855 rec=0.8873 f1=0.8851 BEST
2026-08-27 11:42:37,510 | EPOCH 8 train_loss=0.252529
2026-08-27 11:42:38,080 | EPOCH 8 VAL loss=0.315060 acc=0.8830 pre=0.8832 rec=0.8845 f1=0.8819
2026-08-27 11:42:44,767 | EPOCH 9 train_loss=0.242352
2026-08-27 11:42:45,312 | EPOCH 9 VAL loss=0.317373 acc=0.8888 pre=0.8912 rec=0.8903 f1=0.8899 BEST
2026-08-27 11:42:52,179 | EPOCH 10 train_loss=0.233036
2026-08-27 11:42:52,735 | EPOCH 10 VAL loss=0.337195 acc=0.8872 pre=0.8870 rec=0.8883 f1=0.8849
2026-08-27 11:42:59,582 | EPOCH 11 train_loss=0.223686
2026-08-27 11:43:00,140 | EPOCH 11 VAL loss=0.314278 acc=0.8920 pre=0.8956 rec=0.8939 f1=0.8936 BEST
2026-08-27 11:43:07,068 | EPOCH 12 train_loss=0.217272
2026-08-27 11:43:07,628 | EPOCH 12 VAL loss=0.314727 acc=0.8887 pre=0.8912 rec=0.8900 f1=0.8898
2026-08-27 11:43:14,147 | EPOCH 13 train_loss=0.209768
2026-08-27 11:43:14,695 | EPOCH 13 VAL loss=0.330813 acc=0.8918 pre=0.8923 rec=0.8926 f1=0.8924
2026-08-27 11:43:21,364 | EPOCH 14 train_loss=0.203019
2026-08-27 11:43:21,932 | EPOCH 14 VAL loss=0.322379 acc=0.8905 pre=0.8928 rec=0.8909 f1=0.8902
2026-08-27 11:43:28,531 | EPOCH 15 train_loss=0.192912
2026-08-27 11:43:29,094 | EPOCH 15 VAL loss=0.324654 acc=0.8955 pre=0.8964 rec=0.8967 f1=0.8961 BEST
2026-08-27 11:43:36,122 | EPOCH 16 train_loss=0.187450
2026-08-27 11:43:36,761 | EPOCH 16 VAL loss=0.347075 acc=0.8802 pre=0.8867 rec=0.8807 f1=0.8787
2026-08-27 11:43:43,562 | EPOCH 17 train_loss=0.181305
2026-08-27 11:43:44,148 | EPOCH 17 VAL loss=0.341658 acc=0.8897 pre=0.8930 rec=0.8901 f1=0.8882
2026-08-27 11:43:50,745 | EPOCH 18 train_loss=0.177779
2026-08-27 11:43:51,301 | EPOCH 18 VAL loss=0.328475 acc=0.8937 pre=0.8961 rec=0.8946 f1=0.8951
2026-08-27 11:43:58,082 | EPOCH 19 train_loss=0.170870
2026-08-27 11:43:58,654 | EPOCH 19 VAL loss=0.336107 acc=0.8962 pre=0.8969 rec=0.8977 f1=0.8969 BEST
2026-08-27 11:44:05,791 | EPOCH 20 train_loss=0.166340
2026-08-27 11:44:06,364 | EPOCH 20 VAL loss=0.326515 acc=0.8938 pre=0.8951 rec=0.8946 f1=0.8945
2026-08-27 11:44:12,956 | EPOCH 21 train_loss=0.158422
2026-08-27 11:44:13,518 | EPOCH 21 VAL loss=0.353353 acc=0.8923 pre=0.8940 rec=0.8932 f1=0.8930
2026-08-27 11:44:20,133 | EPOCH 22 train_loss=0.157819
2026-08-27 11:44:20,702 | EPOCH 22 VAL loss=0.360135 acc=0.8947 pre=0.8965 rec=0.8959 f1=0.8956
2026-08-27 11:44:27,306 | EPOCH 23 train_loss=0.152463
2026-08-27 11:44:27,865 | EPOCH 23 VAL loss=0.366911 acc=0.8883 pre=0.8893 rec=0.8900 f1=0.8881
2026-08-27 11:44:34,463 | EPOCH 24 train_loss=0.144469
2026-08-27 11:44:35,023 | EPOCH 24 VAL loss=0.368588 acc=0.8905 pre=0.8910 rec=0.8909 f1=0.8900
2026-08-27 11:44:41,505 | EPOCH 25 train_loss=0.140538
2026-08-27 11:44:42,077 | EPOCH 25 VAL loss=0.385071 acc=0.8825 pre=0.8861 rec=0.8833 f1=0.8826
2026-08-27 11:44:48,737 | EPOCH 26 train_loss=0.138898
2026-08-27 11:44:49,293 | EPOCH 26 VAL loss=0.389582 acc=0.8922 pre=0.8932 rec=0.8927 f1=0.8912
2026-08-27 11:44:55,903 | EPOCH 27 train_loss=0.137741
2026-08-27 11:44:56,453 | EPOCH 27 VAL loss=0.365200 acc=0.8968 pre=0.8977 rec=0.8976 f1=0.8975 BEST
2026-08-27 11:45:03,470 | EPOCH 28 train_loss=0.132533
2026-08-27 11:45:04,102 | EPOCH 28 VAL loss=0.389763 acc=0.8935 pre=0.8964 rec=0.8942 f1=0.8943
2026-08-27 11:45:10,784 | EPOCH 29 train_loss=0.130009
2026-08-27 11:45:11,358 | EPOCH 29 VAL loss=0.397216 acc=0.8930 pre=0.8931 rec=0.8945 f1=0.8934
2026-08-27 11:45:18,080 | EPOCH 30 train_loss=0.124229
2026-08-27 11:45:18,641 | EPOCH 30 VAL loss=0.368693 acc=0.8975 pre=0.8985 rec=0.8988 f1=0.8985 BEST
2026-08-27 11:45:25,658 | EPOCH 31 train_loss=0.122453
2026-08-27 11:45:26,226 | EPOCH 31 VAL loss=0.395046 acc=0.8928 pre=0.8933 rec=0.8937 f1=0.8928
2026-08-27 11:45:32,859 | EPOCH 32 train_loss=0.122410
2026-08-27 11:45:33,424 | EPOCH 32 VAL loss=0.389083 acc=0.8937 pre=0.8937 rec=0.8951 f1=0.8943
2026-08-27 11:45:40,103 | EPOCH 33 train_loss=0.113055
2026-08-27 11:45:40,656 | EPOCH 33 VAL loss=0.390569 acc=0.8968 pre=0.8972 rec=0.8982 f1=0.8970
2026-08-27 11:45:47,374 | EPOCH 34 train_loss=0.116213
2026-08-27 11:45:47,965 | EPOCH 34 VAL loss=0.401228 acc=0.8965 pre=0.8992 rec=0.8981 f1=0.8981
2026-08-27 11:45:54,654 | EPOCH 35 train_loss=0.109281
2026-08-27 11:45:55,208 | EPOCH 35 VAL loss=0.405706 acc=0.8982 pre=0.8978 rec=0.8994 f1=0.8978
2026-08-27 11:46:01,719 | EPOCH 36 train_loss=0.109818
2026-08-27 11:46:02,260 | EPOCH 36 VAL loss=0.403639 acc=0.8953 pre=0.8966 rec=0.8963 f1=0.8963
2026-08-27 11:46:08,833 | EPOCH 37 train_loss=0.105144
2026-08-27 11:46:09,376 | EPOCH 37 VAL loss=0.399900 acc=0.8988 pre=0.8998 rec=0.8995 f1=0.8995 BEST
2026-08-27 11:46:16,329 | EPOCH 38 train_loss=0.107171
2026-08-27 11:46:16,917 | EPOCH 38 VAL loss=0.434804 acc=0.8943 pre=0.8948 rec=0.8951 f1=0.8943
2026-08-27 11:46:23,569 | EPOCH 39 train_loss=0.101341
2026-08-27 11:46:24,160 | EPOCH 39 VAL loss=0.435377 acc=0.8937 pre=0.8931 rec=0.8947 f1=0.8930
2026-08-27 11:46:30,823 | EPOCH 40 train_loss=0.098944
2026-08-27 11:46:31,379 | EPOCH 40 VAL loss=0.428282 acc=0.8972 pre=0.8982 rec=0.8981 f1=0.8980
2026-08-27 11:46:38,067 | EPOCH 41 train_loss=0.099162
2026-08-27 11:46:38,644 | EPOCH 41 VAL loss=0.453925 acc=0.8862 pre=0.8881 rec=0.8873 f1=0.8870
2026-08-27 11:46:45,332 | EPOCH 42 train_loss=0.095856
2026-08-27 11:46:45,890 | EPOCH 42 VAL loss=0.449591 acc=0.8932 pre=0.8937 rec=0.8941 f1=0.8931
2026-08-27 11:46:52,654 | EPOCH 43 train_loss=0.093901
2026-08-27 11:46:53,220 | EPOCH 43 VAL loss=0.448657 acc=0.8953 pre=0.8953 rec=0.8964 f1=0.8954
2026-08-27 11:46:59,978 | EPOCH 44 train_loss=0.093297
2026-08-27 11:47:00,539 | EPOCH 44 VAL loss=0.457686 acc=0.8933 pre=0.8929 rec=0.8937 f1=0.8928
2026-08-27 11:47:07,211 | EPOCH 45 train_loss=0.092051
2026-08-27 11:47:07,765 | EPOCH 45 VAL loss=0.483405 acc=0.8882 pre=0.8894 rec=0.8898 f1=0.8888
2026-08-27 11:47:14,511 | EPOCH 46 train_loss=0.091648
2026-08-27 11:47:15,076 | EPOCH 46 VAL loss=0.457847 acc=0.8900 pre=0.8930 rec=0.8907 f1=0.8907
2026-08-27 11:47:21,715 | EPOCH 47 train_loss=0.086930
2026-08-27 11:47:22,264 | EPOCH 47 VAL loss=0.491332 acc=0.8928 pre=0.8933 rec=0.8940 f1=0.8933
2026-08-27 11:47:22,272 | DONE best_epoch=37 best_val_loss=0.3999 early_stop=True time=344.4s
