2026-08-27 19:31:03,376 | START cnn_adam_lr0.001_s42 opt=adam lr=0.001 seed=42 device=cuda epochs=150 best_by=f1 stop_by=f1
2026-08-27 19:31:05,084 | START cnn_adam_lr0.001_s42 opt=adam lr=0.001 seed=42 device=cuda epochs=150 best_by=f1 stop_by=f1
2026-08-27 19:31:08,986 | START cnn_adam_lr0.001_s42 opt=adam lr=0.001 seed=42 device=cuda epochs=150 best_by=f1 stop_by=f1
2026-08-27 19:31:08,998 | RESUMED from epoch 0, batch 400
2026-08-27 19:31:13,943 | EPOCH 1 train_loss=0.527340
2026-08-27 19:31:15,492 | EPOCH 1 VAL loss=0.383419 acc=0.8655 pre=0.8660 rec=0.8665 f1=0.8635 BEST
2026-08-27 19:31:16,047 | EPOCH 1 train_loss=0.529418
2026-08-27 19:31:17,138 | EPOCH 1 VAL loss=0.383833 acc=0.8658 pre=0.8669 rec=0.8668 f1=0.8642 BEST
2026-08-27 19:31:20,265 | EPOCH 1 train_loss=0.403790
2026-08-27 19:31:21,472 | EPOCH 1 VAL loss=0.384838 acc=0.8658 pre=0.8668 rec=0.8670 f1=0.8643 BEST
2026-08-27 19:31:27,053 | EPOCH 2 train_loss=0.333446
2026-08-27 19:31:27,926 | EPOCH 2 VAL loss=0.317858 acc=0.8880 pre=0.8907 rec=0.8879 f1=0.8856 BEST
2026-08-27 19:31:30,914 | EPOCH 2 train_loss=0.333989
2026-08-27 19:31:32,048 | EPOCH 2 VAL loss=0.317422 acc=0.8872 pre=0.8891 rec=0.8873 f1=0.8851 BEST
2026-08-27 19:31:33,420 | EPOCH 2 train_loss=0.332985
2026-08-27 19:31:34,430 | EPOCH 2 VAL loss=0.319482 acc=0.8862 pre=0.8887 rec=0.8861 f1=0.8837 BEST
2026-08-27 19:31:40,865 | EPOCH 3 train_loss=0.289103
2026-08-27 19:31:42,004 | EPOCH 3 VAL loss=0.297010 acc=0.8943 pre=0.8959 rec=0.8955 f1=0.8932 BEST
2026-08-27 19:31:44,909 | EPOCH 3 train_loss=0.289868
2026-08-27 19:31:46,084 | EPOCH 3 VAL loss=0.296804 acc=0.8923 pre=0.8947 rec=0.8933 f1=0.8911 BEST
2026-08-27 19:31:46,603 | EPOCH 3 train_loss=0.289047
2026-08-27 19:31:47,369 | EPOCH 3 VAL loss=0.301587 acc=0.8933 pre=0.8960 rec=0.8943 f1=0.8918 BEST
2026-08-27 19:31:55,647 | EPOCH 4 train_loss=0.257403
2026-08-27 19:31:56,641 | EPOCH 4 VAL loss=0.266535 acc=0.9045 pre=0.9086 rec=0.9059 f1=0.9061 BEST
2026-08-27 19:31:58,706 | EPOCH 4 train_loss=0.258423
2026-08-27 19:31:58,921 | EPOCH 4 train_loss=0.257477
2026-08-27 19:31:59,535 | EPOCH 4 VAL loss=0.262065 acc=0.9057 pre=0.9091 rec=0.9070 f1=0.9073 BEST
2026-08-27 19:32:00,097 | EPOCH 4 VAL loss=0.265749 acc=0.9042 pre=0.9076 rec=0.9056 f1=0.9058 BEST
2026-08-27 19:32:10,297 | EPOCH 5 train_loss=0.236644
2026-08-27 19:32:11,087 | EPOCH 5 VAL loss=0.250359 acc=0.9070 pre=0.9080 rec=0.9075 f1=0.9068 BEST
2026-08-27 19:32:11,938 | EPOCH 5 train_loss=0.236649
2026-08-27 19:32:13,082 | EPOCH 5 VAL loss=0.249845 acc=0.9090 pre=0.9099 rec=0.9094 f1=0.9087 BEST
2026-08-27 19:32:13,303 | EPOCH 5 train_loss=0.236548
2026-08-27 19:32:14,483 | EPOCH 5 VAL loss=0.250533 acc=0.9073 pre=0.9087 rec=0.9077 f1=0.9071 BEST
2026-08-27 19:32:22,752 | EPOCH 6 train_loss=0.218796
2026-08-27 19:32:23,701 | EPOCH 6 VAL loss=0.246298 acc=0.9113 pre=0.9115 rec=0.9122 f1=0.9114 BEST
2026-08-27 19:32:25,243 | EPOCH 6 train_loss=0.218651
2026-08-27 19:32:26,403 | EPOCH 6 VAL loss=0.242085 acc=0.9120 pre=0.9130 rec=0.9126 f1=0.9115 BEST
2026-08-27 19:32:26,915 | EPOCH 6 train_loss=0.218344
2026-08-27 19:32:27,913 | EPOCH 6 VAL loss=0.244704 acc=0.9120 pre=0.9124 rec=0.9127 f1=0.9119 BEST
2026-08-27 19:32:35,949 | EPOCH 7 train_loss=0.202296
2026-08-27 19:32:36,765 | EPOCH 7 VAL loss=0.257506 acc=0.9083 pre=0.9146 rec=0.9100 f1=0.9100
2026-08-27 19:32:39,721 | EPOCH 7 train_loss=0.202798
2026-08-27 19:32:40,507 | EPOCH 7 VAL loss=0.250404 acc=0.9092 pre=0.9155 rec=0.9107 f1=0.9109
2026-08-27 19:32:41,049 | EPOCH 7 train_loss=0.202436
2026-08-27 19:32:41,823 | EPOCH 7 VAL loss=0.260552 acc=0.9072 pre=0.9142 rec=0.9089 f1=0.9091
2026-08-27 19:32:48,747 | EPOCH 8 train_loss=0.188804
2026-08-27 19:32:49,670 | EPOCH 8 VAL loss=0.232579 acc=0.9145 pre=0.9165 rec=0.9148 f1=0.9138 BEST
2026-08-27 19:32:52,520 | EPOCH 8 train_loss=0.188778
2026-08-27 19:32:53,723 | EPOCH 8 VAL loss=0.234842 acc=0.9138 pre=0.9165 rec=0.9140 f1=0.9131 BEST
2026-08-27 19:32:54,176 | EPOCH 8 train_loss=0.188198
2026-08-27 19:32:55,386 | EPOCH 8 VAL loss=0.231256 acc=0.9152 pre=0.9173 rec=0.9153 f1=0.9145 BEST
2026-08-27 19:33:02,581 | EPOCH 9 train_loss=0.174894
2026-08-27 19:33:03,334 | EPOCH 9 VAL loss=0.232177 acc=0.9168 pre=0.9175 rec=0.9176 f1=0.9162 BEST
2026-08-27 19:33:06,473 | EPOCH 9 train_loss=0.175402
2026-08-27 19:33:07,413 | EPOCH 9 train_loss=0.173033
2026-08-27 19:33:07,629 | EPOCH 9 VAL loss=0.236640 acc=0.9147 pre=0.9157 rec=0.9154 f1=0.9138 BEST
2026-08-27 19:33:08,496 | EPOCH 9 VAL loss=0.234913 acc=0.9155 pre=0.9157 rec=0.9165 f1=0.9149 BEST
2026-08-27 19:33:15,646 | EPOCH 10 train_loss=0.161870
2026-08-27 19:33:16,867 | EPOCH 10 VAL loss=0.235540 acc=0.9158 pre=0.9170 rec=0.9162 f1=0.9158
2026-08-27 19:33:19,820 | EPOCH 10 train_loss=0.162610
2026-08-27 19:33:20,644 | EPOCH 10 VAL loss=0.235018 acc=0.9150 pre=0.9167 rec=0.9153 f1=0.9144 BEST
2026-08-27 19:33:21,893 | EPOCH 10 train_loss=0.160952
2026-08-27 19:33:23,021 | EPOCH 10 VAL loss=0.236882 acc=0.9145 pre=0.9156 rec=0.9150 f1=0.9145
2026-08-27 19:33:29,245 | EPOCH 11 train_loss=0.150981
2026-08-27 19:33:30,406 | EPOCH 11 VAL loss=0.240067 acc=0.9158 pre=0.9174 rec=0.9165 f1=0.9162
2026-08-27 19:33:32,691 | EPOCH 11 train_loss=0.150347
2026-08-27 19:33:33,857 | EPOCH 11 VAL loss=0.230218 acc=0.9188 pre=0.9195 rec=0.9198 f1=0.9193 BEST
2026-08-27 19:33:33,993 | EPOCH 11 train_loss=0.149640
2026-08-27 19:33:34,775 | EPOCH 11 VAL loss=0.234707 acc=0.9185 pre=0.9193 rec=0.9192 f1=0.9185 BEST
2026-08-27 19:33:43,726 | EPOCH 12 train_loss=0.138154
2026-08-27 19:33:44,498 | EPOCH 12 VAL loss=0.227454 acc=0.9168 pre=0.9177 rec=0.9172 f1=0.9170 BEST
2026-08-27 19:33:46,276 | EPOCH 12 train_loss=0.138439
2026-08-27 19:33:47,214 | EPOCH 12 VAL loss=0.231686 acc=0.9193 pre=0.9205 rec=0.9195 f1=0.9195 BEST
2026-08-27 19:33:48,272 | EPOCH 12 train_loss=0.136220
2026-08-27 19:33:49,163 | EPOCH 12 VAL loss=0.227719 acc=0.9193 pre=0.9201 rec=0.9199 f1=0.9197 BEST
2026-08-27 19:33:57,539 | EPOCH 13 train_loss=0.126611
2026-08-27 19:33:58,669 | EPOCH 13 VAL loss=0.235113 acc=0.9188 pre=0.9203 rec=0.9198 f1=0.9198 BEST
2026-08-27 19:33:58,998 | EPOCH 13 train_loss=0.129476
2026-08-27 19:33:59,890 | EPOCH 13 VAL loss=0.234190 acc=0.9177 pre=0.9198 rec=0.9185 f1=0.9188
2026-08-27 19:34:01,640 | EPOCH 13 train_loss=0.124757
2026-08-27 19:34:02,820 | EPOCH 13 VAL loss=0.236947 acc=0.9162 pre=0.9186 rec=0.9175 f1=0.9176
2026-08-27 19:34:11,632 | EPOCH 14 train_loss=0.115389
2026-08-27 19:34:12,399 | EPOCH 14 VAL loss=0.247493 acc=0.9215 pre=0.9222 rec=0.9224 f1=0.9220 BEST
2026-08-27 19:34:13,164 | EPOCH 14 train_loss=0.118231
2026-08-27 19:34:14,321 | EPOCH 14 VAL loss=0.237293 acc=0.9212 pre=0.9219 rec=0.9220 f1=0.9214 BEST
2026-08-27 19:34:15,811 | EPOCH 14 train_loss=0.115580
2026-08-27 19:34:16,748 | EPOCH 14 VAL loss=0.250078 acc=0.9198 pre=0.9202 rec=0.9207 f1=0.9200 BEST
2026-08-27 19:34:23,555 | EPOCH 15 train_loss=0.106928
2026-08-27 19:34:24,689 | EPOCH 15 VAL loss=0.247130 acc=0.9198 pre=0.9200 rec=0.9207 f1=0.9201
2026-08-27 19:34:27,230 | EPOCH 15 train_loss=0.108026
2026-08-27 19:34:28,668 | EPOCH 15 VAL loss=0.256652 acc=0.9183 pre=0.9197 rec=0.9198 f1=0.9194
2026-08-27 19:34:29,263 | EPOCH 15 train_loss=0.104020
2026-08-27 19:34:30,237 | EPOCH 15 VAL loss=0.250044 acc=0.9198 pre=0.9203 rec=0.9209 f1=0.9204 BEST
2026-08-27 19:34:36,711 | EPOCH 16 train_loss=0.096111
2026-08-27 19:34:37,630 | EPOCH 16 VAL loss=0.255272 acc=0.9192 pre=0.9209 rec=0.9197 f1=0.9201
2026-08-27 19:34:41,101 | EPOCH 16 train_loss=0.098794
2026-08-27 19:34:42,090 | EPOCH 16 VAL loss=0.261181 acc=0.9185 pre=0.9204 rec=0.9189 f1=0.9191
2026-08-27 19:34:42,501 | EPOCH 16 train_loss=0.094492
2026-08-27 19:34:43,559 | EPOCH 16 VAL loss=0.251269 acc=0.9185 pre=0.9195 rec=0.9190 f1=0.9189
2026-08-27 19:34:49,600 | EPOCH 17 train_loss=0.087837
2026-08-27 19:34:50,803 | EPOCH 17 VAL loss=0.285211 acc=0.9150 pre=0.9191 rec=0.9169 f1=0.9165
2026-08-27 19:34:53,792 | EPOCH 17 train_loss=0.089525
2026-08-27 19:34:54,900 | EPOCH 17 VAL loss=0.273586 acc=0.9162 pre=0.9178 rec=0.9178 f1=0.9173
2026-08-27 19:34:56,130 | EPOCH 17 train_loss=0.086014
2026-08-27 19:34:57,233 | EPOCH 17 VAL loss=0.284652 acc=0.9120 pre=0.9143 rec=0.9137 f1=0.9133
2026-08-27 19:35:01,869 | EPOCH 18 train_loss=0.080026
2026-08-27 19:35:03,036 | EPOCH 18 VAL loss=0.284474 acc=0.9188 pre=0.9191 rec=0.9198 f1=0.9185
2026-08-27 19:35:06,623 | EPOCH 18 train_loss=0.081717
2026-08-27 19:35:07,756 | EPOCH 18 VAL loss=0.289772 acc=0.9140 pre=0.9143 rec=0.9152 f1=0.9134
2026-08-27 19:35:09,232 | EPOCH 18 train_loss=0.078213
2026-08-27 19:35:10,319 | EPOCH 18 VAL loss=0.300696 acc=0.9165 pre=0.9175 rec=0.9176 f1=0.9160
2026-08-27 19:35:15,452 | EPOCH 19 train_loss=0.070956
2026-08-27 19:35:16,374 | EPOCH 19 VAL loss=0.296155 acc=0.9138 pre=0.9158 rec=0.9146 f1=0.9149
2026-08-27 19:35:19,932 | EPOCH 19 train_loss=0.073042
2026-08-27 19:35:20,774 | EPOCH 19 VAL loss=0.295526 acc=0.9182 pre=0.9188 rec=0.9191 f1=0.9188
2026-08-27 19:35:23,241 | EPOCH 19 train_loss=0.071738
2026-08-27 19:35:24,386 | EPOCH 19 VAL loss=0.286202 acc=0.9173 pre=0.9184 rec=0.9185 f1=0.9183
2026-08-27 19:35:29,147 | EPOCH 20 train_loss=0.063986
2026-08-27 19:35:30,285 | EPOCH 20 VAL loss=0.312517 acc=0.9180 pre=0.9187 rec=0.9191 f1=0.9188
2026-08-27 19:35:31,640 | EPOCH 20 train_loss=0.067160
2026-08-27 19:35:32,766 | EPOCH 20 VAL loss=0.308302 acc=0.9167 pre=0.9176 rec=0.9176 f1=0.9175
2026-08-27 19:35:35,729 | EPOCH 20 train_loss=0.063020
2026-08-27 19:35:36,909 | EPOCH 20 VAL loss=0.313464 acc=0.9140 pre=0.9152 rec=0.9153 f1=0.9151
2026-08-27 19:35:42,653 | EPOCH 21 train_loss=0.057726
2026-08-27 19:35:43,433 | EPOCH 21 VAL loss=0.321392 acc=0.9203 pre=0.9215 rec=0.9218 f1=0.9213
2026-08-27 19:35:45,047 | EPOCH 21 train_loss=0.059179
2026-08-27 19:35:45,829 | EPOCH 21 VAL loss=0.306253 acc=0.9170 pre=0.9183 rec=0.9183 f1=0.9181
2026-08-27 19:35:48,962 | EPOCH 21 train_loss=0.057477
2026-08-27 19:35:49,770 | EPOCH 21 VAL loss=0.317722 acc=0.9158 pre=0.9160 rec=0.9173 f1=0.9162
2026-08-27 19:35:55,792 | EPOCH 22 train_loss=0.054551
2026-08-27 19:35:56,928 | EPOCH 22 VAL loss=0.340331 acc=0.9177 pre=0.9189 rec=0.9185 f1=0.9185
2026-08-27 19:35:57,396 | EPOCH 22 train_loss=0.055992
2026-08-27 19:35:58,454 | EPOCH 22 VAL loss=0.354750 acc=0.9137 pre=0.9177 rec=0.9152 f1=0.9155
2026-08-27 19:36:02,008 | EPOCH 22 train_loss=0.051930
2026-08-27 19:36:03,110 | EPOCH 22 VAL loss=0.345777 acc=0.9173 pre=0.9184 rec=0.9182 f1=0.9182
2026-08-27 19:36:08,522 | EPOCH 23 train_loss=0.047980
2026-08-27 19:36:09,583 | EPOCH 23 VAL loss=0.337175 acc=0.9173 pre=0.9187 rec=0.9178 f1=0.9179
2026-08-27 19:36:10,996 | EPOCH 23 train_loss=0.050957
2026-08-27 19:36:11,904 | EPOCH 23 VAL loss=0.326841 acc=0.9165 pre=0.9174 rec=0.9176 f1=0.9173
2026-08-27 19:36:14,848 | EPOCH 23 train_loss=0.046381
2026-08-27 19:36:15,959 | EPOCH 23 VAL loss=0.327184 acc=0.9180 pre=0.9186 rec=0.9190 f1=0.9187
2026-08-27 19:36:20,723 | EPOCH 24 train_loss=0.045117
2026-08-27 19:36:21,551 | EPOCH 24 VAL loss=0.369489 acc=0.9130 pre=0.9152 rec=0.9139 f1=0.9139
2026-08-27 19:36:21,561 | DONE best_epoch=14 best_val_loss=0.247493 early_stop=True time=317.25s
