2026-08-27 10:56:44,648 | START mlp_adam_lr0.001_s42 opt=adam lr=0.001 seed=42 device=cuda epochs=150 best_by=f1 stop_by=f1
2026-08-27 10:56:51,376 | EPOCH 1 train_loss=0.538870
2026-08-27 10:56:51,932 | EPOCH 1 VAL loss=0.425868 acc=0.8502 pre=0.8509 rec=0.8512 f1=0.8486 BEST
2026-08-27 10:56:59,177 | EPOCH 2 train_loss=0.375885
2026-08-27 10:56:59,745 | EPOCH 2 VAL loss=0.367305 acc=0.8672 pre=0.8698 rec=0.8665 f1=0.8660 BEST
2026-08-27 10:57:06,917 | EPOCH 3 train_loss=0.338099
2026-08-27 10:57:07,503 | EPOCH 3 VAL loss=0.359791 acc=0.8732 pre=0.8758 rec=0.8741 f1=0.8714 BEST
2026-08-27 10:57:14,653 | EPOCH 4 train_loss=0.310200
2026-08-27 10:57:15,209 | EPOCH 4 VAL loss=0.329248 acc=0.8797 pre=0.8824 rec=0.8808 f1=0.8813 BEST
2026-08-27 10:57:22,286 | EPOCH 5 train_loss=0.291843
2026-08-27 10:57:22,855 | EPOCH 5 VAL loss=0.318777 acc=0.8833 pre=0.8829 rec=0.8847 f1=0.8827 BEST
2026-08-27 10:57:29,927 | EPOCH 6 train_loss=0.276773
2026-08-27 10:57:30,502 | EPOCH 6 VAL loss=0.330708 acc=0.8817 pre=0.8833 rec=0.8824 f1=0.8803
2026-08-27 10:57:37,066 | EPOCH 7 train_loss=0.264623
2026-08-27 10:57:37,635 | EPOCH 7 VAL loss=0.345049 acc=0.8807 pre=0.8862 rec=0.8824 f1=0.8820
2026-08-27 10:57:44,248 | EPOCH 8 train_loss=0.250363
2026-08-27 10:57:44,807 | EPOCH 8 VAL loss=0.310076 acc=0.8895 pre=0.8901 rec=0.8900 f1=0.8882 BEST
2026-08-27 10:57:52,115 | EPOCH 9 train_loss=0.241276
2026-08-27 10:57:52,679 | EPOCH 9 VAL loss=0.307686 acc=0.8878 pre=0.8890 rec=0.8887 f1=0.8868
2026-08-27 10:57:59,174 | EPOCH 10 train_loss=0.233753
2026-08-27 10:57:59,738 | EPOCH 10 VAL loss=0.323953 acc=0.8857 pre=0.8873 rec=0.8860 f1=0.8842
2026-08-27 10:58:06,401 | EPOCH 11 train_loss=0.221832
2026-08-27 10:58:06,962 | EPOCH 11 VAL loss=0.333811 acc=0.8823 pre=0.8854 rec=0.8834 f1=0.8820
2026-08-27 10:58:13,529 | EPOCH 12 train_loss=0.212965
2026-08-27 10:58:14,139 | EPOCH 12 VAL loss=0.309547 acc=0.8933 pre=0.8934 rec=0.8942 f1=0.8925 BEST
2026-08-27 10:58:20,947 | EPOCH 13 train_loss=0.204319
2026-08-27 10:58:21,528 | EPOCH 13 VAL loss=0.326132 acc=0.8867 pre=0.8899 rec=0.8883 f1=0.8887
2026-08-27 10:58:28,167 | EPOCH 14 train_loss=0.198059
2026-08-27 10:58:28,724 | EPOCH 14 VAL loss=0.325301 acc=0.8935 pre=0.8943 rec=0.8944 f1=0.8932 BEST
2026-08-27 10:58:35,663 | EPOCH 15 train_loss=0.189778
2026-08-27 10:58:36,221 | EPOCH 15 VAL loss=0.337847 acc=0.8832 pre=0.8840 rec=0.8845 f1=0.8821
2026-08-27 10:58:42,703 | EPOCH 16 train_loss=0.184318
2026-08-27 10:58:43,264 | EPOCH 16 VAL loss=0.329960 acc=0.8883 pre=0.8910 rec=0.8890 f1=0.8898
2026-08-27 10:58:49,824 | EPOCH 17 train_loss=0.175691
2026-08-27 10:58:50,374 | EPOCH 17 VAL loss=0.329400 acc=0.8922 pre=0.8951 rec=0.8939 f1=0.8937 BEST
2026-08-27 10:58:57,423 | EPOCH 18 train_loss=0.173108
2026-08-27 10:58:58,008 | EPOCH 18 VAL loss=0.334584 acc=0.8902 pre=0.8896 rec=0.8913 f1=0.8879
2026-08-27 10:59:04,664 | EPOCH 19 train_loss=0.164594
2026-08-27 10:59:05,222 | EPOCH 19 VAL loss=0.329685 acc=0.8947 pre=0.8959 rec=0.8953 f1=0.8953 BEST
2026-08-27 10:59:12,270 | EPOCH 20 train_loss=0.160566
2026-08-27 10:59:12,825 | EPOCH 20 VAL loss=0.354038 acc=0.8913 pre=0.8918 rec=0.8919 f1=0.8914
2026-08-27 10:59:19,579 | EPOCH 21 train_loss=0.155996
2026-08-27 10:59:20,127 | EPOCH 21 VAL loss=0.345856 acc=0.8942 pre=0.8965 rec=0.8958 f1=0.8956 BEST
2026-08-27 10:59:27,505 | EPOCH 22 train_loss=0.147466
2026-08-27 10:59:28,071 | EPOCH 22 VAL loss=0.357852 acc=0.8942 pre=0.8945 rec=0.8951 f1=0.8946
2026-08-27 10:59:34,682 | EPOCH 23 train_loss=0.144272
2026-08-27 10:59:35,243 | EPOCH 23 VAL loss=0.371266 acc=0.8920 pre=0.8929 rec=0.8936 f1=0.8928
2026-08-27 10:59:41,786 | EPOCH 24 train_loss=0.141469
2026-08-27 10:59:42,344 | EPOCH 24 VAL loss=0.370719 acc=0.8942 pre=0.8949 rec=0.8944 f1=0.8943
2026-08-27 10:59:48,948 | EPOCH 25 train_loss=0.135366
2026-08-27 10:59:49,500 | EPOCH 25 VAL loss=0.379307 acc=0.8928 pre=0.8939 rec=0.8939 f1=0.8937
2026-08-27 10:59:56,038 | EPOCH 26 train_loss=0.135441
2026-08-27 10:59:56,590 | EPOCH 26 VAL loss=0.378543 acc=0.8865 pre=0.8899 rec=0.8883 f1=0.8882
2026-08-27 11:00:03,219 | EPOCH 27 train_loss=0.131641
2026-08-27 11:00:03,837 | EPOCH 27 VAL loss=0.380446 acc=0.8962 pre=0.8964 rec=0.8966 f1=0.8955
2026-08-27 11:00:10,433 | EPOCH 28 train_loss=0.121695
2026-08-27 11:00:10,981 | EPOCH 28 VAL loss=0.406153 acc=0.8935 pre=0.8949 rec=0.8942 f1=0.8927
2026-08-27 11:00:17,546 | EPOCH 29 train_loss=0.119180
2026-08-27 11:00:18,105 | EPOCH 29 VAL loss=0.410903 acc=0.8872 pre=0.8888 rec=0.8879 f1=0.8864
2026-08-27 11:00:24,734 | EPOCH 30 train_loss=0.118120
2026-08-27 11:00:25,294 | EPOCH 30 VAL loss=0.423811 acc=0.8953 pre=0.8962 rec=0.8963 f1=0.8962 BEST
2026-08-27 11:00:32,459 | EPOCH 31 train_loss=0.116215
2026-08-27 11:00:33,031 | EPOCH 31 VAL loss=0.410243 acc=0.8885 pre=0.8903 rec=0.8899 f1=0.8888
2026-08-27 11:00:39,657 | EPOCH 32 train_loss=0.108348
2026-08-27 11:00:40,233 | EPOCH 32 VAL loss=0.427450 acc=0.8900 pre=0.8914 rec=0.8908 f1=0.8904
2026-08-27 11:00:47,122 | EPOCH 33 train_loss=0.109177
2026-08-27 11:00:47,685 | EPOCH 33 VAL loss=0.418027 acc=0.8933 pre=0.8942 rec=0.8937 f1=0.8932
2026-08-27 11:00:54,232 | EPOCH 34 train_loss=0.101542
2026-08-27 11:00:54,775 | EPOCH 34 VAL loss=0.429598 acc=0.8960 pre=0.8959 rec=0.8969 f1=0.8956
2026-08-27 11:01:01,280 | EPOCH 35 train_loss=0.104680
2026-08-27 11:01:01,832 | EPOCH 35 VAL loss=0.450040 acc=0.8925 pre=0.8941 rec=0.8934 f1=0.8937
2026-08-27 11:01:08,584 | EPOCH 36 train_loss=0.099303
2026-08-27 11:01:09,166 | EPOCH 36 VAL loss=0.510895 acc=0.8768 pre=0.8842 rec=0.8778 f1=0.8789
2026-08-27 11:01:15,816 | EPOCH 37 train_loss=0.095865
2026-08-27 11:01:16,375 | EPOCH 37 VAL loss=0.502876 acc=0.8863 pre=0.8898 rec=0.8874 f1=0.8846
2026-08-27 11:01:22,907 | EPOCH 38 train_loss=0.092200
2026-08-27 11:01:23,472 | EPOCH 38 VAL loss=0.475583 acc=0.8957 pre=0.8962 rec=0.8963 f1=0.8961
2026-08-27 11:01:30,236 | EPOCH 39 train_loss=0.093628
2026-08-27 11:01:30,793 | EPOCH 39 VAL loss=0.487149 acc=0.8917 pre=0.8926 rec=0.8926 f1=0.8925
2026-08-27 11:01:37,409 | EPOCH 40 train_loss=0.085835
2026-08-27 11:01:37,972 | EPOCH 40 VAL loss=0.480603 acc=0.8968 pre=0.8973 rec=0.8977 f1=0.8970 BEST
2026-08-27 11:01:44,988 | EPOCH 41 train_loss=0.086980
2026-08-27 11:01:45,553 | EPOCH 41 VAL loss=0.476709 acc=0.8942 pre=0.8946 rec=0.8953 f1=0.8947
2026-08-27 11:01:52,287 | EPOCH 42 train_loss=0.086113
2026-08-27 11:01:52,861 | EPOCH 42 VAL loss=0.516177 acc=0.8928 pre=0.8932 rec=0.8943 f1=0.8935
2026-08-27 11:01:59,857 | EPOCH 43 train_loss=0.082332
2026-08-27 11:02:00,447 | EPOCH 43 VAL loss=0.535098 acc=0.8917 pre=0.8916 rec=0.8924 f1=0.8913
2026-08-27 11:02:07,265 | EPOCH 44 train_loss=0.087316
2026-08-27 11:02:07,855 | EPOCH 44 VAL loss=0.552976 acc=0.8870 pre=0.8908 rec=0.8883 f1=0.8886
2026-08-27 11:02:14,966 | EPOCH 45 train_loss=0.080021
2026-08-27 11:02:15,551 | EPOCH 45 VAL loss=0.551542 acc=0.8895 pre=0.8912 rec=0.8898 f1=0.8896
2026-08-27 11:02:22,271 | EPOCH 46 train_loss=0.076386
2026-08-27 11:02:22,835 | EPOCH 46 VAL loss=0.539383 acc=0.8938 pre=0.8940 rec=0.8950 f1=0.8943
2026-08-27 11:02:29,702 | EPOCH 47 train_loss=0.079233
2026-08-27 11:02:30,283 | EPOCH 47 VAL loss=0.526162 acc=0.8893 pre=0.8901 rec=0.8902 f1=0.8880
2026-08-27 11:02:37,112 | EPOCH 48 train_loss=0.075433
2026-08-27 11:02:37,697 | EPOCH 48 VAL loss=0.571920 acc=0.8920 pre=0.8925 rec=0.8927 f1=0.8921
2026-08-27 11:02:44,535 | EPOCH 49 train_loss=0.072938
2026-08-27 11:02:45,116 | EPOCH 49 VAL loss=0.537340 acc=0.8918 pre=0.8924 rec=0.8920 f1=0.8908
2026-08-27 11:02:52,042 | EPOCH 50 train_loss=0.070874
2026-08-27 11:02:52,638 | EPOCH 50 VAL loss=0.553800 acc=0.8898 pre=0.8911 rec=0.8908 f1=0.8902
2026-08-27 11:02:52,647 | DONE best_epoch=40 best_val_loss=0.480603 early_stop=True time=367.31s
