2026-08-27 13:49:26,569 | START cnn_adagrad_lr0.005_s42 opt=adagrad lr=0.005 seed=42 device=cuda epochs=150 best_by=f1 stop_by=f1
2026-08-27 13:49:39,209 | START cnn_adagrad_lr0.005_s42 opt=adagrad lr=0.005 seed=42 device=cuda epochs=150 best_by=f1 stop_by=f1
2026-08-27 13:49:39,221 | RESUMED from epoch 0, batch 800
2026-08-27 13:49:39,239 | EPOCH 1 train_loss=0.549119
2026-08-27 13:49:40,296 | EPOCH 1 VAL loss=0.445914 acc=0.8458 pre=0.8448 rec=0.8477 f1=0.8437 BEST
2026-08-27 13:49:49,374 | EPOCH 1 train_loss=0.445021
2026-08-27 13:49:50,505 | EPOCH 1 VAL loss=0.445914 acc=0.8458 pre=0.8448 rec=0.8477 f1=0.8437 BEST
2026-08-27 13:49:53,209 | EPOCH 2 train_loss=0.405861
2026-08-27 13:49:54,330 | EPOCH 2 VAL loss=0.399054 acc=0.8595 pre=0.8628 rec=0.8599 f1=0.8606 BEST
2026-08-27 13:50:03,908 | EPOCH 2 train_loss=0.405876
2026-08-27 13:50:05,073 | EPOCH 2 VAL loss=0.399058 acc=0.8595 pre=0.8628 rec=0.8599 f1=0.8606 BEST
2026-08-27 13:50:07,711 | EPOCH 3 train_loss=0.370883
2026-08-27 13:50:08,820 | EPOCH 3 VAL loss=0.379755 acc=0.8665 pre=0.8664 rec=0.8679 f1=0.8662 BEST
2026-08-27 13:50:18,942 | EPOCH 3 train_loss=0.370893
2026-08-27 13:50:20,074 | EPOCH 3 VAL loss=0.379952 acc=0.8663 pre=0.8661 rec=0.8677 f1=0.8660 BEST
2026-08-27 13:50:22,193 | EPOCH 4 train_loss=0.352931
2026-08-27 13:50:23,279 | EPOCH 4 VAL loss=0.357351 acc=0.8743 pre=0.8748 rec=0.8754 f1=0.8748 BEST
2026-08-27 13:50:33,446 | EPOCH 4 train_loss=0.352983
2026-08-27 13:50:35,171 | EPOCH 4 VAL loss=0.357497 acc=0.8743 pre=0.8747 rec=0.8755 f1=0.8748 BEST
2026-08-27 13:50:36,587 | EPOCH 5 train_loss=0.339951
2026-08-27 13:50:37,725 | EPOCH 5 VAL loss=0.354891 acc=0.8740 pre=0.8757 rec=0.8748 f1=0.8737
2026-08-27 13:50:48,657 | EPOCH 5 train_loss=0.339983
2026-08-27 13:50:49,797 | EPOCH 5 VAL loss=0.354782 acc=0.8740 pre=0.8758 rec=0.8747 f1=0.8736
2026-08-27 13:50:50,528 | EPOCH 6 train_loss=0.330391
2026-08-27 13:50:51,647 | EPOCH 6 VAL loss=0.351336 acc=0.8718 pre=0.8727 rec=0.8725 f1=0.8689
2026-08-27 13:51:02,619 | EPOCH 6 train_loss=0.330421
2026-08-27 13:51:03,768 | EPOCH 6 VAL loss=0.351383 acc=0.8722 pre=0.8729 rec=0.8728 f1=0.8693
2026-08-27 13:51:04,341 | EPOCH 7 train_loss=0.322315
2026-08-27 13:51:05,514 | EPOCH 7 VAL loss=0.341983 acc=0.8790 pre=0.8793 rec=0.8802 f1=0.8780 BEST
2026-08-27 13:51:16,768 | EPOCH 7 train_loss=0.322364
2026-08-27 13:51:17,927 | EPOCH 7 VAL loss=0.341892 acc=0.8795 pre=0.8799 rec=0.8807 f1=0.8786 BEST
2026-08-27 13:51:18,946 | EPOCH 8 train_loss=0.315732
2026-08-27 13:51:20,082 | EPOCH 8 VAL loss=0.333012 acc=0.8797 pre=0.8799 rec=0.8802 f1=0.8786 BEST
2026-08-27 13:51:31,551 | EPOCH 8 train_loss=0.315801
2026-08-27 13:51:32,679 | EPOCH 8 VAL loss=0.332823 acc=0.8797 pre=0.8799 rec=0.8802 f1=0.8786
2026-08-27 13:51:33,387 | EPOCH 9 train_loss=0.309545
2026-08-27 13:51:35,052 | EPOCH 9 VAL loss=0.333655 acc=0.8803 pre=0.8806 rec=0.8812 f1=0.8787 BEST
2026-08-27 13:51:45,531 | EPOCH 9 train_loss=0.309596
2026-08-27 13:51:46,682 | EPOCH 9 VAL loss=0.333416 acc=0.8797 pre=0.8798 rec=0.8805 f1=0.8780
2026-08-27 13:51:48,324 | EPOCH 10 train_loss=0.305159
2026-08-27 13:51:49,460 | EPOCH 10 VAL loss=0.326789 acc=0.8833 pre=0.8833 rec=0.8843 f1=0.8831 BEST
2026-08-27 13:52:00,236 | EPOCH 10 train_loss=0.305236
2026-08-27 13:52:01,336 | EPOCH 10 VAL loss=0.326623 acc=0.8837 pre=0.8837 rec=0.8846 f1=0.8834 BEST
2026-08-27 13:52:02,907 | EPOCH 11 train_loss=0.299870
2026-08-27 13:52:04,001 | EPOCH 11 VAL loss=0.320358 acc=0.8858 pre=0.8850 rec=0.8867 f1=0.8850 BEST
2026-08-27 13:52:14,846 | EPOCH 11 train_loss=0.299930
2026-08-27 13:52:15,976 | EPOCH 11 VAL loss=0.320314 acc=0.8860 pre=0.8852 rec=0.8869 f1=0.8851 BEST
2026-08-27 13:52:17,228 | EPOCH 12 train_loss=0.296304
2026-08-27 13:52:18,354 | EPOCH 12 VAL loss=0.315856 acc=0.8868 pre=0.8867 rec=0.8876 f1=0.8861 BEST
2026-08-27 13:52:30,067 | EPOCH 12 train_loss=0.296401
2026-08-27 13:52:31,271 | EPOCH 12 VAL loss=0.315725 acc=0.8867 pre=0.8864 rec=0.8875 f1=0.8859 BEST
2026-08-27 13:52:32,492 | EPOCH 13 train_loss=0.292290
2026-08-27 13:52:33,715 | EPOCH 13 VAL loss=0.313320 acc=0.8875 pre=0.8876 rec=0.8883 f1=0.8869 BEST
2026-08-27 13:52:45,909 | EPOCH 13 train_loss=0.292313
2026-08-27 13:52:47,148 | EPOCH 13 VAL loss=0.313334 acc=0.8873 pre=0.8874 rec=0.8881 f1=0.8868 BEST
2026-08-27 13:52:48,152 | EPOCH 14 train_loss=0.289437
2026-08-27 13:52:49,345 | EPOCH 14 VAL loss=0.308923 acc=0.8898 pre=0.8896 rec=0.8906 f1=0.8893 BEST
2026-08-27 13:53:01,109 | EPOCH 14 train_loss=0.289520
2026-08-27 13:53:02,275 | EPOCH 14 VAL loss=0.308848 acc=0.8902 pre=0.8900 rec=0.8910 f1=0.8896 BEST
2026-08-27 13:53:03,078 | EPOCH 15 train_loss=0.285780
2026-08-27 13:53:04,192 | EPOCH 15 VAL loss=0.312673 acc=0.8880 pre=0.8883 rec=0.8887 f1=0.8866
2026-08-27 13:53:15,861 | EPOCH 15 train_loss=0.285853
2026-08-27 13:53:16,576 | EPOCH 16 train_loss=0.283110
2026-08-27 13:53:16,890 | EPOCH 15 VAL loss=0.312714 acc=0.8885 pre=0.8888 rec=0.8892 f1=0.8870
2026-08-27 13:53:17,527 | EPOCH 16 VAL loss=0.304904 acc=0.8907 pre=0.8905 rec=0.8915 f1=0.8904 BEST
2026-08-27 13:53:29,694 | EPOCH 16 train_loss=0.283167
