2026-08-27 10:36:33,088 | START mlp_rmsprop_lr0.0005_s123 opt=rmsprop lr=0.0005 seed=123 device=cuda epochs=150 best_by=f1 stop_by=f1
2026-08-27 10:36:39,650 | EPOCH 1 train_loss=0.556251
2026-08-27 10:36:40,209 | EPOCH 1 VAL loss=0.428131 acc=0.8483 pre=0.8480 rec=0.8486 f1=0.8455 BEST
2026-08-27 10:36:46,978 | EPOCH 2 train_loss=0.399449
2026-08-27 10:36:47,532 | EPOCH 2 VAL loss=0.383999 acc=0.8610 pre=0.8654 rec=0.8601 f1=0.8594 BEST
2026-08-27 10:36:54,142 | EPOCH 3 train_loss=0.354345
2026-08-27 10:36:54,701 | EPOCH 3 VAL loss=0.348954 acc=0.8737 pre=0.8734 rec=0.8746 f1=0.8726 BEST
2026-08-27 10:37:01,389 | EPOCH 4 train_loss=0.324604
2026-08-27 10:37:01,926 | EPOCH 4 VAL loss=0.349705 acc=0.8712 pre=0.8757 rec=0.8727 f1=0.8730 BEST
2026-08-27 10:37:08,722 | EPOCH 5 train_loss=0.303249
2026-08-27 10:37:09,282 | EPOCH 5 VAL loss=0.375153 acc=0.8607 pre=0.8706 rec=0.8634 f1=0.8619
2026-08-27 10:37:15,640 | EPOCH 6 train_loss=0.286820
2026-08-27 10:37:16,180 | EPOCH 6 VAL loss=0.321307 acc=0.8827 pre=0.8858 rec=0.8830 f1=0.8829 BEST
2026-08-27 10:37:22,809 | EPOCH 7 train_loss=0.271817
2026-08-27 10:37:23,370 | EPOCH 7 VAL loss=0.315582 acc=0.8830 pre=0.8859 rec=0.8847 f1=0.8844 BEST
2026-08-27 10:37:30,124 | EPOCH 8 train_loss=0.259118
2026-08-27 10:37:30,658 | EPOCH 8 VAL loss=0.323830 acc=0.8825 pre=0.8855 rec=0.8843 f1=0.8841
2026-08-27 10:37:36,980 | EPOCH 9 train_loss=0.248434
2026-08-27 10:37:37,533 | EPOCH 9 VAL loss=0.340963 acc=0.8847 pre=0.8862 rec=0.8855 f1=0.8837
2026-08-27 10:37:44,102 | EPOCH 10 train_loss=0.237882
2026-08-27 10:37:44,641 | EPOCH 10 VAL loss=0.312798 acc=0.8863 pre=0.8895 rec=0.8883 f1=0.8878 BEST
2026-08-27 10:37:51,241 | EPOCH 11 train_loss=0.228616
2026-08-27 10:37:51,777 | EPOCH 11 VAL loss=0.308849 acc=0.8868 pre=0.8887 rec=0.8881 f1=0.8863
2026-08-27 10:37:58,142 | EPOCH 12 train_loss=0.219015
2026-08-27 10:37:58,680 | EPOCH 12 VAL loss=0.305714 acc=0.8960 pre=0.8971 rec=0.8966 f1=0.8963 BEST
2026-08-27 10:38:05,640 | EPOCH 13 train_loss=0.211041
2026-08-27 10:38:06,202 | EPOCH 13 VAL loss=0.319410 acc=0.8892 pre=0.8911 rec=0.8891 f1=0.8879
2026-08-27 10:38:12,681 | EPOCH 14 train_loss=0.203656
2026-08-27 10:38:13,661 | EPOCH 14 VAL loss=0.330003 acc=0.8915 pre=0.8918 rec=0.8923 f1=0.8905
2026-08-27 10:38:19,966 | EPOCH 15 train_loss=0.195649
2026-08-27 10:38:20,510 | EPOCH 15 VAL loss=0.315114 acc=0.8898 pre=0.8924 rec=0.8915 f1=0.8911
2026-08-27 10:38:26,845 | EPOCH 16 train_loss=0.188122
2026-08-27 10:38:27,382 | EPOCH 16 VAL loss=0.311068 acc=0.8972 pre=0.8981 rec=0.8983 f1=0.8977 BEST
2026-08-27 10:38:34,004 | EPOCH 17 train_loss=0.181111
2026-08-27 10:38:34,544 | EPOCH 17 VAL loss=0.320012 acc=0.8947 pre=0.8961 rec=0.8954 f1=0.8948
2026-08-27 10:38:40,876 | EPOCH 18 train_loss=0.176090
2026-08-27 10:38:41,422 | EPOCH 18 VAL loss=0.342896 acc=0.8863 pre=0.8883 rec=0.8868 f1=0.8862
2026-08-27 10:38:48,028 | EPOCH 19 train_loss=0.167743
2026-08-27 10:38:48,570 | EPOCH 19 VAL loss=0.320664 acc=0.8957 pre=0.8979 rec=0.8966 f1=0.8964
2026-08-27 10:38:54,808 | EPOCH 20 train_loss=0.162897
2026-08-27 10:38:55,335 | EPOCH 20 VAL loss=0.332728 acc=0.8907 pre=0.8906 rec=0.8921 f1=0.8904
2026-08-27 10:39:01,602 | EPOCH 21 train_loss=0.158409
2026-08-27 10:39:02,144 | EPOCH 21 VAL loss=0.361001 acc=0.8855 pre=0.8911 rec=0.8856 f1=0.8845
2026-08-27 10:39:08,529 | EPOCH 22 train_loss=0.151318
2026-08-27 10:39:09,067 | EPOCH 22 VAL loss=0.354108 acc=0.8898 pre=0.8916 rec=0.8911 f1=0.8901
2026-08-27 10:39:15,349 | EPOCH 23 train_loss=0.147238
2026-08-27 10:39:15,897 | EPOCH 23 VAL loss=0.335955 acc=0.8948 pre=0.8961 rec=0.8952 f1=0.8946
2026-08-27 10:39:22,190 | EPOCH 24 train_loss=0.141370
2026-08-27 10:39:22,724 | EPOCH 24 VAL loss=0.353508 acc=0.8903 pre=0.8943 rec=0.8919 f1=0.8919
2026-08-27 10:39:29,031 | EPOCH 25 train_loss=0.137496
2026-08-27 10:39:29,572 | EPOCH 25 VAL loss=0.363064 acc=0.8932 pre=0.8952 rec=0.8935 f1=0.8915
2026-08-27 10:39:35,824 | EPOCH 26 train_loss=0.131922
2026-08-27 10:39:36,360 | EPOCH 26 VAL loss=0.354392 acc=0.8965 pre=0.8976 rec=0.8972 f1=0.8967
2026-08-27 10:39:36,366 | DONE best_epoch=16 best_val_loss=0.311068 early_stop=True time=182.66s
