2026-08-27 11:36:34,126 | START mlp_adamw_lr0.001_s123 opt=adamw lr=0.001 seed=123 device=cuda epochs=150 best_by=f1 stop_by=f1
2026-08-27 11:36:40,911 | EPOCH 1 train_loss=0.536870
2026-08-27 11:36:41,460 | EPOCH 1 VAL loss=0.407418 acc=0.8530 pre=0.8558 rec=0.8534 f1=0.8515 BEST
2026-08-27 11:36:48,295 | EPOCH 2 train_loss=0.376348
2026-08-27 11:36:48,843 | EPOCH 2 VAL loss=0.407324 acc=0.8497 pre=0.8625 rec=0.8502 f1=0.8475
2026-08-27 11:36:55,335 | EPOCH 3 train_loss=0.335510
2026-08-27 11:36:55,885 | EPOCH 3 VAL loss=0.341806 acc=0.8702 pre=0.8731 rec=0.8711 f1=0.8714 BEST
2026-08-27 11:37:03,079 | EPOCH 4 train_loss=0.312574
2026-08-27 11:37:03,707 | EPOCH 4 VAL loss=0.342220 acc=0.8755 pre=0.8760 rec=0.8765 f1=0.8740 BEST
2026-08-27 11:37:10,650 | EPOCH 5 train_loss=0.294087
2026-08-27 11:37:11,572 | EPOCH 5 VAL loss=0.349998 acc=0.8737 pre=0.8757 rec=0.8747 f1=0.8709
2026-08-27 11:37:18,166 | EPOCH 6 train_loss=0.279329
2026-08-27 11:37:18,719 | EPOCH 6 VAL loss=0.319636 acc=0.8822 pre=0.8838 rec=0.8836 f1=0.8834 BEST
2026-08-27 11:37:25,868 | EPOCH 7 train_loss=0.264174
2026-08-27 11:37:26,426 | EPOCH 7 VAL loss=0.333455 acc=0.8778 pre=0.8837 rec=0.8804 f1=0.8795
2026-08-27 11:37:33,316 | EPOCH 8 train_loss=0.252454
2026-08-27 11:37:33,913 | EPOCH 8 VAL loss=0.328681 acc=0.8793 pre=0.8849 rec=0.8810 f1=0.8802
2026-08-27 11:37:41,049 | EPOCH 9 train_loss=0.241467
2026-08-27 11:37:41,697 | EPOCH 9 VAL loss=0.322373 acc=0.8847 pre=0.8861 rec=0.8867 f1=0.8855 BEST
2026-08-27 11:37:50,248 | EPOCH 10 train_loss=0.234058
2026-08-27 11:37:50,896 | EPOCH 10 VAL loss=0.315165 acc=0.8843 pre=0.8848 rec=0.8858 f1=0.8844
2026-08-27 11:37:59,453 | EPOCH 11 train_loss=0.219846
2026-08-27 11:38:00,205 | EPOCH 11 VAL loss=0.308796 acc=0.8892 pre=0.8926 rec=0.8909 f1=0.8904 BEST
2026-08-27 11:38:11,648 | EPOCH 12 train_loss=0.213527
2026-08-27 11:38:12,382 | EPOCH 12 VAL loss=0.316953 acc=0.8887 pre=0.8905 rec=0.8894 f1=0.8894
2026-08-27 11:38:21,329 | EPOCH 13 train_loss=0.206915
2026-08-27 11:38:21,981 | EPOCH 13 VAL loss=0.321048 acc=0.8900 pre=0.8923 rec=0.8918 f1=0.8914 BEST
2026-08-27 11:38:30,368 | EPOCH 14 train_loss=0.199314
2026-08-27 11:38:31,023 | EPOCH 14 VAL loss=0.338612 acc=0.8880 pre=0.8889 rec=0.8894 f1=0.8877
2026-08-27 11:38:39,030 | EPOCH 15 train_loss=0.196044
2026-08-27 11:38:39,685 | EPOCH 15 VAL loss=0.313160 acc=0.8970 pre=0.8968 rec=0.8979 f1=0.8970 BEST
2026-08-27 11:38:48,330 | EPOCH 16 train_loss=0.187143
2026-08-27 11:38:48,993 | EPOCH 16 VAL loss=0.334180 acc=0.8852 pre=0.8869 rec=0.8860 f1=0.8847
2026-08-27 11:38:57,757 | EPOCH 17 train_loss=0.180110
2026-08-27 11:38:58,413 | EPOCH 17 VAL loss=0.353765 acc=0.8808 pre=0.8842 rec=0.8814 f1=0.8807
2026-08-27 11:39:06,649 | EPOCH 18 train_loss=0.175045
2026-08-27 11:39:07,289 | EPOCH 18 VAL loss=0.316186 acc=0.8965 pre=0.8982 rec=0.8981 f1=0.8976 BEST
2026-08-27 11:39:15,600 | EPOCH 19 train_loss=0.166716
2026-08-27 11:39:16,269 | EPOCH 19 VAL loss=0.342415 acc=0.8877 pre=0.8903 rec=0.8891 f1=0.8889
2026-08-27 11:39:24,238 | EPOCH 20 train_loss=0.165307
2026-08-27 11:39:24,875 | EPOCH 20 VAL loss=0.343274 acc=0.8888 pre=0.8906 rec=0.8900 f1=0.8883
2026-08-27 11:39:32,813 | EPOCH 21 train_loss=0.159123
2026-08-27 11:39:33,453 | EPOCH 21 VAL loss=0.362732 acc=0.8888 pre=0.8923 rec=0.8888 f1=0.8881
2026-08-27 11:39:41,634 | EPOCH 22 train_loss=0.153239
2026-08-27 11:39:42,281 | EPOCH 22 VAL loss=0.388915 acc=0.8825 pre=0.8904 rec=0.8821 f1=0.8791
2026-08-27 11:39:50,322 | EPOCH 23 train_loss=0.150290
2026-08-27 11:39:50,964 | EPOCH 23 VAL loss=0.336315 acc=0.8927 pre=0.8930 rec=0.8932 f1=0.8920
2026-08-27 11:39:58,942 | EPOCH 24 train_loss=0.142215
2026-08-27 11:39:59,617 | EPOCH 24 VAL loss=0.360866 acc=0.8925 pre=0.8968 rec=0.8940 f1=0.8943
2026-08-27 11:40:07,830 | EPOCH 25 train_loss=0.141659
2026-08-27 11:40:08,470 | EPOCH 25 VAL loss=0.357300 acc=0.8892 pre=0.8884 rec=0.8902 f1=0.8874
2026-08-27 11:40:16,638 | EPOCH 26 train_loss=0.136806
2026-08-27 11:40:17,279 | EPOCH 26 VAL loss=0.354917 acc=0.8983 pre=0.8991 rec=0.8990 f1=0.8985 BEST
2026-08-27 11:40:26,089 | EPOCH 27 train_loss=0.133007
2026-08-27 11:40:26,731 | EPOCH 27 VAL loss=0.375492 acc=0.8910 pre=0.8918 rec=0.8923 f1=0.8912
2026-08-27 11:40:34,597 | EPOCH 28 train_loss=0.128932
2026-08-27 11:40:35,237 | EPOCH 28 VAL loss=0.365838 acc=0.8962 pre=0.8975 rec=0.8977 f1=0.8973
2026-08-27 11:40:42,953 | EPOCH 29 train_loss=0.127942
2026-08-27 11:40:43,634 | EPOCH 29 VAL loss=0.389562 acc=0.8912 pre=0.8953 rec=0.8925 f1=0.8931
2026-08-27 11:40:50,581 | EPOCH 30 train_loss=0.124430
2026-08-27 11:40:51,137 | EPOCH 30 VAL loss=0.439663 acc=0.8785 pre=0.8850 rec=0.8809 f1=0.8804
2026-08-27 11:40:57,785 | EPOCH 31 train_loss=0.118833
2026-08-27 11:40:58,326 | EPOCH 31 VAL loss=0.401347 acc=0.8857 pre=0.8881 rec=0.8870 f1=0.8868
2026-08-27 11:41:04,912 | EPOCH 32 train_loss=0.117867
2026-08-27 11:41:05,484 | EPOCH 32 VAL loss=0.406092 acc=0.8923 pre=0.8948 rec=0.8935 f1=0.8937
2026-08-27 11:41:12,153 | EPOCH 33 train_loss=0.115951
2026-08-27 11:41:12,721 | EPOCH 33 VAL loss=0.397628 acc=0.8945 pre=0.8964 rec=0.8952 f1=0.8953
2026-08-27 11:41:19,330 | EPOCH 34 train_loss=0.111846
2026-08-27 11:41:19,882 | EPOCH 34 VAL loss=0.411997 acc=0.8893 pre=0.8900 rec=0.8910 f1=0.8899
2026-08-27 11:41:26,557 | EPOCH 35 train_loss=0.108938
2026-08-27 11:41:27,181 | EPOCH 35 VAL loss=0.430972 acc=0.8925 pre=0.8933 rec=0.8930 f1=0.8912
2026-08-27 11:41:33,939 | EPOCH 36 train_loss=0.103744
2026-08-27 11:41:34,494 | EPOCH 36 VAL loss=0.416113 acc=0.8930 pre=0.8935 rec=0.8941 f1=0.8927
2026-08-27 11:41:34,502 | DONE best_epoch=26 best_val_loss=0.354917 early_stop=True time=299.72s
