2026-08-27 11:29:48,169 | START mlp_adamw_lr0.002_s2026 opt=adamw lr=0.002 seed=2026 device=cuda epochs=150 best_by=f1 stop_by=f1
2026-08-27 11:29:55,224 | EPOCH 1 train_loss=0.514193
2026-08-27 11:29:55,840 | EPOCH 1 VAL loss=0.388946 acc=0.8577 pre=0.8587 rec=0.8587 f1=0.8584 BEST
2026-08-27 11:30:02,948 | EPOCH 2 train_loss=0.376081
2026-08-27 11:30:03,513 | EPOCH 2 VAL loss=0.358169 acc=0.8657 pre=0.8657 rec=0.8674 f1=0.8652 BEST
2026-08-27 11:30:10,467 | EPOCH 3 train_loss=0.339164
2026-08-27 11:30:11,023 | EPOCH 3 VAL loss=0.355708 acc=0.8647 pre=0.8725 rec=0.8674 f1=0.8668 BEST
2026-08-27 11:30:18,086 | EPOCH 4 train_loss=0.313591
2026-08-27 11:30:18,645 | EPOCH 4 VAL loss=0.339936 acc=0.8720 pre=0.8754 rec=0.8732 f1=0.8732 BEST
2026-08-27 11:30:25,565 | EPOCH 5 train_loss=0.297499
2026-08-27 11:30:26,124 | EPOCH 5 VAL loss=0.338593 acc=0.8790 pre=0.8786 rec=0.8805 f1=0.8782 BEST
2026-08-27 11:30:33,024 | EPOCH 6 train_loss=0.282286
2026-08-27 11:30:33,615 | EPOCH 6 VAL loss=0.339451 acc=0.8750 pre=0.8837 rec=0.8767 f1=0.8776
2026-08-27 11:30:40,260 | EPOCH 7 train_loss=0.272697
2026-08-27 11:30:40,805 | EPOCH 7 VAL loss=0.311272 acc=0.8855 pre=0.8864 rec=0.8865 f1=0.8855 BEST
2026-08-27 11:30:47,770 | EPOCH 8 train_loss=0.261295
2026-08-27 11:30:48,322 | EPOCH 8 VAL loss=0.328412 acc=0.8800 pre=0.8801 rec=0.8814 f1=0.8791
2026-08-27 11:30:54,900 | EPOCH 9 train_loss=0.250488
2026-08-27 11:30:55,459 | EPOCH 9 VAL loss=0.327276 acc=0.8850 pre=0.8884 rec=0.8863 f1=0.8862 BEST
2026-08-27 11:31:02,435 | EPOCH 10 train_loss=0.242110
2026-08-27 11:31:03,002 | EPOCH 10 VAL loss=0.345122 acc=0.8855 pre=0.8872 rec=0.8865 f1=0.8839
2026-08-27 11:31:09,710 | EPOCH 11 train_loss=0.232553
2026-08-27 11:31:10,268 | EPOCH 11 VAL loss=0.357791 acc=0.8833 pre=0.8849 rec=0.8852 f1=0.8839
2026-08-27 11:31:16,848 | EPOCH 12 train_loss=0.228819
2026-08-27 11:31:17,406 | EPOCH 12 VAL loss=0.319308 acc=0.8837 pre=0.8876 rec=0.8849 f1=0.8849
2026-08-27 11:31:24,073 | EPOCH 13 train_loss=0.221357
2026-08-27 11:31:24,636 | EPOCH 13 VAL loss=0.338433 acc=0.8862 pre=0.8874 rec=0.8875 f1=0.8872 BEST
2026-08-27 11:31:31,655 | EPOCH 14 train_loss=0.215609
2026-08-27 11:31:32,229 | EPOCH 14 VAL loss=0.338356 acc=0.8862 pre=0.8880 rec=0.8865 f1=0.8861
2026-08-27 11:31:38,870 | EPOCH 15 train_loss=0.208092
2026-08-27 11:31:39,425 | EPOCH 15 VAL loss=0.356031 acc=0.8830 pre=0.8842 rec=0.8845 f1=0.8836
2026-08-27 11:31:46,084 | EPOCH 16 train_loss=0.203433
2026-08-27 11:31:46,660 | EPOCH 16 VAL loss=0.344086 acc=0.8845 pre=0.8886 rec=0.8849 f1=0.8820
2026-08-27 11:31:53,245 | EPOCH 17 train_loss=0.195463
2026-08-27 11:31:53,840 | EPOCH 17 VAL loss=0.340971 acc=0.8882 pre=0.8930 rec=0.8885 f1=0.8870
2026-08-27 11:32:00,441 | EPOCH 18 train_loss=0.195547
2026-08-27 11:32:01,000 | EPOCH 18 VAL loss=0.331500 acc=0.8923 pre=0.8941 rec=0.8928 f1=0.8924 BEST
2026-08-27 11:32:08,068 | EPOCH 19 train_loss=0.192947
2026-08-27 11:32:08,621 | EPOCH 19 VAL loss=0.330804 acc=0.8887 pre=0.8913 rec=0.8903 f1=0.8903
2026-08-27 11:32:15,254 | EPOCH 20 train_loss=0.187909
2026-08-27 11:32:15,804 | EPOCH 20 VAL loss=0.355535 acc=0.8885 pre=0.8894 rec=0.8896 f1=0.8890
2026-08-27 11:32:22,475 | EPOCH 21 train_loss=0.180580
2026-08-27 11:32:23,038 | EPOCH 21 VAL loss=0.359799 acc=0.8807 pre=0.8845 rec=0.8812 f1=0.8819
2026-08-27 11:32:29,696 | EPOCH 22 train_loss=0.176563
2026-08-27 11:32:30,268 | EPOCH 22 VAL loss=0.376176 acc=0.8827 pre=0.8853 rec=0.8836 f1=0.8836
2026-08-27 11:32:36,927 | EPOCH 23 train_loss=0.173291
2026-08-27 11:32:37,497 | EPOCH 23 VAL loss=0.378365 acc=0.8845 pre=0.8856 rec=0.8862 f1=0.8837
2026-08-27 11:32:44,285 | EPOCH 24 train_loss=0.171044
2026-08-27 11:32:44,839 | EPOCH 24 VAL loss=0.379787 acc=0.8872 pre=0.8880 rec=0.8877 f1=0.8862
2026-08-27 11:32:51,658 | EPOCH 25 train_loss=0.166916
2026-08-27 11:32:52,282 | EPOCH 25 VAL loss=0.365621 acc=0.8877 pre=0.8916 rec=0.8883 f1=0.8879
2026-08-27 11:32:59,114 | EPOCH 26 train_loss=0.165172
2026-08-27 11:32:59,677 | EPOCH 26 VAL loss=0.389813 acc=0.8903 pre=0.8909 rec=0.8908 f1=0.8894
2026-08-27 11:33:06,347 | EPOCH 27 train_loss=0.165136
2026-08-27 11:33:06,904 | EPOCH 27 VAL loss=0.380071 acc=0.8930 pre=0.8937 rec=0.8939 f1=0.8922
2026-08-27 11:33:13,434 | EPOCH 28 train_loss=0.160352
2026-08-27 11:33:14,013 | EPOCH 28 VAL loss=0.397037 acc=0.8870 pre=0.8870 rec=0.8877 f1=0.8869
2026-08-27 11:33:14,022 | DONE best_epoch=18 best_val_loss=0.3315 early_stop=True time=205.18s
