2026-08-27 08:34:24,808 | START mlp_adagrad_lr0.01_s42 opt=adagrad lr=0.01 seed=42 device=cuda epochs=150 best_by=f1 stop_by=f1
2026-08-27 08:34:31,185 | EPOCH 1 train_loss=0.522418
2026-08-27 08:34:31,728 | EPOCH 1 VAL loss=0.430485 acc=0.8480 pre=0.8482 rec=0.8501 f1=0.8477 BEST
2026-08-27 08:34:38,380 | EPOCH 2 train_loss=0.384953
2026-08-27 08:34:38,926 | EPOCH 2 VAL loss=0.378666 acc=0.8615 pre=0.8640 rec=0.8615 f1=0.8621 BEST
2026-08-27 08:34:45,492 | EPOCH 3 train_loss=0.348298
2026-08-27 08:34:46,026 | EPOCH 3 VAL loss=0.360910 acc=0.8693 pre=0.8699 rec=0.8706 f1=0.8697 BEST
2026-08-27 08:34:52,592 | EPOCH 4 train_loss=0.326895
2026-08-27 08:34:53,124 | EPOCH 4 VAL loss=0.343684 acc=0.8727 pre=0.8744 rec=0.8737 f1=0.8739 BEST
2026-08-27 08:34:59,944 | EPOCH 5 train_loss=0.311109
2026-08-27 08:35:00,492 | EPOCH 5 VAL loss=0.334027 acc=0.8777 pre=0.8790 rec=0.8784 f1=0.8776 BEST
2026-08-27 08:35:07,256 | EPOCH 6 train_loss=0.299068
2026-08-27 08:35:07,793 | EPOCH 6 VAL loss=0.330888 acc=0.8797 pre=0.8800 rec=0.8807 f1=0.8786 BEST
2026-08-27 08:35:14,354 | EPOCH 7 train_loss=0.288573
2026-08-27 08:35:14,883 | EPOCH 7 VAL loss=0.329609 acc=0.8803 pre=0.8822 rec=0.8821 f1=0.8810 BEST
2026-08-27 08:35:21,481 | EPOCH 8 train_loss=0.279949
2026-08-27 08:35:22,019 | EPOCH 8 VAL loss=0.314276 acc=0.8845 pre=0.8858 rec=0.8852 f1=0.8844 BEST
2026-08-27 08:35:28,613 | EPOCH 9 train_loss=0.271573
2026-08-27 08:35:29,157 | EPOCH 9 VAL loss=0.316317 acc=0.8835 pre=0.8846 rec=0.8843 f1=0.8826
2026-08-27 08:35:35,401 | EPOCH 10 train_loss=0.265327
2026-08-27 08:35:35,936 | EPOCH 10 VAL loss=0.317315 acc=0.8833 pre=0.8842 rec=0.8844 f1=0.8836
2026-08-27 08:35:42,221 | EPOCH 11 train_loss=0.258984
2026-08-27 08:35:42,753 | EPOCH 11 VAL loss=0.308931 acc=0.8880 pre=0.8878 rec=0.8893 f1=0.8877 BEST
2026-08-27 08:35:49,356 | EPOCH 12 train_loss=0.253654
2026-08-27 08:35:49,888 | EPOCH 12 VAL loss=0.302072 acc=0.8895 pre=0.8899 rec=0.8905 f1=0.8895 BEST
2026-08-27 08:35:56,416 | EPOCH 13 train_loss=0.248303
2026-08-27 08:35:56,951 | EPOCH 13 VAL loss=0.300192 acc=0.8905 pre=0.8918 rec=0.8916 f1=0.8913 BEST
2026-08-27 08:36:03,785 | EPOCH 14 train_loss=0.244125
2026-08-27 08:36:04,700 | EPOCH 14 VAL loss=0.297565 acc=0.8907 pre=0.8911 rec=0.8916 f1=0.8908
2026-08-27 08:36:10,972 | EPOCH 15 train_loss=0.239043
2026-08-27 08:36:11,520 | EPOCH 15 VAL loss=0.308110 acc=0.8868 pre=0.8884 rec=0.8878 f1=0.8859
2026-08-27 08:36:17,804 | EPOCH 16 train_loss=0.235519
2026-08-27 08:36:18,344 | EPOCH 16 VAL loss=0.294778 acc=0.8910 pre=0.8916 rec=0.8921 f1=0.8916 BEST
2026-08-27 08:36:25,079 | EPOCH 17 train_loss=0.231410
2026-08-27 08:36:25,613 | EPOCH 17 VAL loss=0.293564 acc=0.8903 pre=0.8910 rec=0.8914 f1=0.8907
2026-08-27 08:36:31,944 | EPOCH 18 train_loss=0.227304
2026-08-27 08:36:32,486 | EPOCH 18 VAL loss=0.298261 acc=0.8897 pre=0.8903 rec=0.8909 f1=0.8895
2026-08-27 08:36:38,840 | EPOCH 19 train_loss=0.223866
2026-08-27 08:36:39,386 | EPOCH 19 VAL loss=0.291821 acc=0.8923 pre=0.8931 rec=0.8932 f1=0.8928 BEST
2026-08-27 08:36:46,141 | EPOCH 20 train_loss=0.220007
2026-08-27 08:36:46,682 | EPOCH 20 VAL loss=0.296812 acc=0.8907 pre=0.8908 rec=0.8917 f1=0.8905
2026-08-27 08:36:52,946 | EPOCH 21 train_loss=0.216704
2026-08-27 08:36:53,491 | EPOCH 21 VAL loss=0.294738 acc=0.8910 pre=0.8927 rec=0.8926 f1=0.8921
2026-08-27 08:36:59,783 | EPOCH 22 train_loss=0.213357
2026-08-27 08:37:00,319 | EPOCH 22 VAL loss=0.291812 acc=0.8927 pre=0.8950 rec=0.8938 f1=0.8942 BEST
2026-08-27 08:37:07,105 | EPOCH 23 train_loss=0.210117
2026-08-27 08:37:07,650 | EPOCH 23 VAL loss=0.292339 acc=0.8928 pre=0.8926 rec=0.8938 f1=0.8925
2026-08-27 08:37:13,958 | EPOCH 24 train_loss=0.207415
2026-08-27 08:37:14,501 | EPOCH 24 VAL loss=0.293016 acc=0.8943 pre=0.8944 rec=0.8951 f1=0.8943 BEST
2026-08-27 08:37:21,134 | EPOCH 25 train_loss=0.205082
2026-08-27 08:37:21,669 | EPOCH 25 VAL loss=0.287339 acc=0.8957 pre=0.8960 rec=0.8965 f1=0.8959 BEST
2026-08-27 08:37:28,347 | EPOCH 26 train_loss=0.201986
2026-08-27 08:37:28,899 | EPOCH 26 VAL loss=0.289036 acc=0.8915 pre=0.8913 rec=0.8923 f1=0.8911
2026-08-27 08:37:35,216 | EPOCH 27 train_loss=0.199864
2026-08-27 08:37:35,754 | EPOCH 27 VAL loss=0.291095 acc=0.8933 pre=0.8932 rec=0.8949 f1=0.8936
2026-08-27 08:37:42,075 | EPOCH 28 train_loss=0.196873
2026-08-27 08:37:42,627 | EPOCH 28 VAL loss=0.290307 acc=0.8927 pre=0.8924 rec=0.8937 f1=0.8922
2026-08-27 08:37:48,885 | EPOCH 29 train_loss=0.194161
2026-08-27 08:37:49,420 | EPOCH 29 VAL loss=0.293533 acc=0.8913 pre=0.8937 rec=0.8922 f1=0.8919
2026-08-27 08:37:55,674 | EPOCH 30 train_loss=0.191965
2026-08-27 08:37:56,197 | EPOCH 30 VAL loss=0.290075 acc=0.8947 pre=0.8951 rec=0.8960 f1=0.8952
2026-08-27 08:38:02,407 | EPOCH 31 train_loss=0.189017
2026-08-27 08:38:02,936 | EPOCH 31 VAL loss=0.291133 acc=0.8948 pre=0.8946 rec=0.8957 f1=0.8946
2026-08-27 08:38:09,277 | EPOCH 32 train_loss=0.187214
2026-08-27 08:38:09,810 | EPOCH 32 VAL loss=0.292466 acc=0.8908 pre=0.8926 rec=0.8925 f1=0.8921
2026-08-27 08:38:16,090 | EPOCH 33 train_loss=0.185171
2026-08-27 08:38:16,621 | EPOCH 33 VAL loss=0.299498 acc=0.8898 pre=0.8920 rec=0.8904 f1=0.8893
2026-08-27 08:38:22,822 | EPOCH 34 train_loss=0.182347
2026-08-27 08:38:23,354 | EPOCH 34 VAL loss=0.288868 acc=0.8965 pre=0.8970 rec=0.8978 f1=0.8973 BEST
2026-08-27 08:38:29,980 | EPOCH 35 train_loss=0.180907
2026-08-27 08:38:30,517 | EPOCH 35 VAL loss=0.291527 acc=0.8952 pre=0.8965 rec=0.8961 f1=0.8962
2026-08-27 08:38:36,855 | EPOCH 36 train_loss=0.178322
2026-08-27 08:38:37,382 | EPOCH 36 VAL loss=0.288228 acc=0.8937 pre=0.8936 rec=0.8947 f1=0.8939
2026-08-27 08:38:43,647 | EPOCH 37 train_loss=0.176213
2026-08-27 08:38:44,176 | EPOCH 37 VAL loss=0.294192 acc=0.8925 pre=0.8935 rec=0.8929 f1=0.8913
2026-08-27 08:38:50,347 | EPOCH 38 train_loss=0.174349
2026-08-27 08:38:50,881 | EPOCH 38 VAL loss=0.292027 acc=0.8978 pre=0.8984 rec=0.8985 f1=0.8976 BEST
2026-08-27 08:38:57,904 | EPOCH 39 train_loss=0.172399
2026-08-27 08:38:58,471 | EPOCH 39 VAL loss=0.297939 acc=0.8913 pre=0.8956 rec=0.8930 f1=0.8935
2026-08-27 08:39:04,835 | EPOCH 40 train_loss=0.170631
2026-08-27 08:39:05,367 | EPOCH 40 VAL loss=0.290857 acc=0.8942 pre=0.8939 rec=0.8949 f1=0.8939
2026-08-27 08:39:11,559 | EPOCH 41 train_loss=0.168722
2026-08-27 08:39:12,095 | EPOCH 41 VAL loss=0.290040 acc=0.8948 pre=0.8956 rec=0.8959 f1=0.8956
2026-08-27 08:39:18,415 | EPOCH 42 train_loss=0.166769
2026-08-27 08:39:18,944 | EPOCH 42 VAL loss=0.295243 acc=0.8952 pre=0.8952 rec=0.8961 f1=0.8951
2026-08-27 08:39:25,166 | EPOCH 43 train_loss=0.164596
2026-08-27 08:39:25,702 | EPOCH 43 VAL loss=0.292638 acc=0.8957 pre=0.8962 rec=0.8963 f1=0.8956
2026-08-27 08:39:31,832 | EPOCH 44 train_loss=0.163505
2026-08-27 08:39:32,370 | EPOCH 44 VAL loss=0.291510 acc=0.8958 pre=0.8959 rec=0.8966 f1=0.8959
2026-08-27 08:39:38,642 | EPOCH 45 train_loss=0.161286
2026-08-27 08:39:39,172 | EPOCH 45 VAL loss=0.295535 acc=0.8945 pre=0.8942 rec=0.8954 f1=0.8941
2026-08-27 08:39:45,343 | EPOCH 46 train_loss=0.159518
2026-08-27 08:39:45,880 | EPOCH 46 VAL loss=0.292467 acc=0.8960 pre=0.8964 rec=0.8971 f1=0.8965
2026-08-27 08:39:52,107 | EPOCH 47 train_loss=0.157731
2026-08-27 08:39:52,638 | EPOCH 47 VAL loss=0.300187 acc=0.8910 pre=0.8947 rec=0.8925 f1=0.8925
2026-08-27 08:39:58,949 | EPOCH 48 train_loss=0.156176
2026-08-27 08:39:59,494 | EPOCH 48 VAL loss=0.294292 acc=0.8948 pre=0.8952 rec=0.8956 f1=0.8949
2026-08-27 08:39:59,500 | DONE best_epoch=38 best_val_loss=0.292027 early_stop=True time=334.06s
