2026-08-27 13:24:51,619 | START mlp_adamax_lr0.0005_s2026 opt=adamax lr=0.0005 seed=2026 device=cuda epochs=150 best_by=f1 stop_by=f1
2026-08-27 13:25:03,426 | EPOCH 1 train_loss=0.711390
2026-08-27 13:25:04,557 | EPOCH 1 VAL loss=0.524013 acc=0.8180 pre=0.8184 rec=0.8202 f1=0.8153 BEST
2026-08-27 13:25:08,046 | START mlp_adamax_lr0.0005_s2026 opt=adamax lr=0.0005 seed=2026 device=cuda epochs=150 best_by=f1 stop_by=f1
2026-08-27 13:25:08,060 | RESUMED from epoch 1, batch 200
2026-08-27 13:25:16,920 | EPOCH 2 train_loss=0.470148
2026-08-27 13:25:18,026 | EPOCH 2 VAL loss=0.464699 acc=0.8387 pre=0.8395 rec=0.8404 f1=0.8364 BEST
2026-08-27 13:25:19,700 | EPOCH 2 train_loss=0.463130
2026-08-27 13:25:20,816 | EPOCH 2 VAL loss=0.464699 acc=0.8387 pre=0.8395 rec=0.8404 f1=0.8364 BEST
2026-08-27 13:25:30,596 | EPOCH 3 train_loss=0.427718
2026-08-27 13:25:31,683 | EPOCH 3 VAL loss=0.434981 acc=0.8492 pre=0.8499 rec=0.8511 f1=0.8492 BEST
2026-08-27 13:25:33,395 | EPOCH 3 train_loss=0.427718
2026-08-27 13:25:34,568 | EPOCH 3 VAL loss=0.434981 acc=0.8492 pre=0.8499 rec=0.8511 f1=0.8492 BEST
2026-08-27 13:25:44,079 | EPOCH 4 train_loss=0.400773
2026-08-27 13:25:45,202 | EPOCH 4 VAL loss=0.407671 acc=0.8543 pre=0.8555 rec=0.8551 f1=0.8550 BEST
2026-08-27 13:25:47,101 | EPOCH 4 train_loss=0.400773
2026-08-27 13:25:48,158 | EPOCH 4 VAL loss=0.407671 acc=0.8543 pre=0.8555 rec=0.8551 f1=0.8550 BEST
2026-08-27 13:25:58,059 | EPOCH 5 train_loss=0.381776
2026-08-27 13:25:59,131 | EPOCH 5 VAL loss=0.399222 acc=0.8572 pre=0.8570 rec=0.8584 f1=0.8557 BEST
2026-08-27 13:26:00,727 | EPOCH 5 train_loss=0.381776
2026-08-27 13:26:01,797 | EPOCH 5 VAL loss=0.399222 acc=0.8572 pre=0.8570 rec=0.8584 f1=0.8557 BEST
2026-08-27 13:26:11,370 | EPOCH 6 train_loss=0.366170
2026-08-27 13:26:12,459 | EPOCH 6 VAL loss=0.399750 acc=0.8555 pre=0.8688 rec=0.8571 f1=0.8590 BEST
2026-08-27 13:26:14,265 | EPOCH 6 train_loss=0.366170
2026-08-27 13:26:15,928 | EPOCH 6 VAL loss=0.399750 acc=0.8555 pre=0.8688 rec=0.8571 f1=0.8590 BEST
2026-08-27 13:26:24,956 | EPOCH 7 train_loss=0.351955
2026-08-27 13:26:26,034 | EPOCH 7 VAL loss=0.361046 acc=0.8712 pre=0.8704 rec=0.8717 f1=0.8703 BEST
2026-08-27 13:26:28,594 | EPOCH 7 train_loss=0.351955
2026-08-27 13:26:29,659 | EPOCH 7 VAL loss=0.361046 acc=0.8712 pre=0.8704 rec=0.8717 f1=0.8703 BEST
2026-08-27 13:26:38,362 | EPOCH 8 train_loss=0.339434
2026-08-27 13:26:39,451 | EPOCH 8 VAL loss=0.384825 acc=0.8633 pre=0.8659 rec=0.8641 f1=0.8574
2026-08-27 13:26:42,299 | EPOCH 8 train_loss=0.339434
2026-08-27 13:26:43,402 | EPOCH 8 VAL loss=0.384825 acc=0.8633 pre=0.8659 rec=0.8641 f1=0.8574
2026-08-27 13:26:51,339 | EPOCH 9 train_loss=0.327737
2026-08-27 13:26:52,404 | EPOCH 9 VAL loss=0.358867 acc=0.8695 pre=0.8710 rec=0.8710 f1=0.8699
2026-08-27 13:26:55,481 | EPOCH 9 train_loss=0.327737
2026-08-27 13:26:56,569 | EPOCH 9 VAL loss=0.358867 acc=0.8695 pre=0.8710 rec=0.8710 f1=0.8699
2026-08-27 13:27:04,260 | EPOCH 10 train_loss=0.317831
2026-08-27 13:27:05,382 | EPOCH 10 VAL loss=0.363639 acc=0.8720 pre=0.8747 rec=0.8725 f1=0.8679
2026-08-27 13:27:08,500 | EPOCH 10 train_loss=0.317831
2026-08-27 13:27:09,599 | EPOCH 10 VAL loss=0.363639 acc=0.8720 pre=0.8747 rec=0.8725 f1=0.8679
2026-08-27 13:27:17,241 | EPOCH 11 train_loss=0.309374
2026-08-27 13:27:18,323 | EPOCH 11 VAL loss=0.339406 acc=0.8777 pre=0.8773 rec=0.8783 f1=0.8774 BEST
2026-08-27 13:27:21,606 | EPOCH 11 train_loss=0.309374
2026-08-27 13:27:22,707 | EPOCH 11 VAL loss=0.339406 acc=0.8777 pre=0.8773 rec=0.8783 f1=0.8774 BEST
