2026-08-27 22:19:18,587 | START cnn_nadam_lr0.001_s42 opt=nadam lr=0.001 seed=42 device=cuda epochs=150 best_by=f1 stop_by=f1
2026-08-27 22:19:27,555 | EPOCH 1 train_loss=0.524013
2026-08-27 22:19:28,263 | EPOCH 1 VAL loss=0.391545 acc=0.8598 pre=0.8633 rec=0.8626 f1=0.8603 BEST
2026-08-27 22:19:38,329 | EPOCH 2 train_loss=0.332171
2026-08-27 22:19:39,494 | EPOCH 2 VAL loss=0.312763 acc=0.8877 pre=0.8907 rec=0.8877 f1=0.8888 BEST
2026-08-27 22:19:48,835 | EPOCH 3 train_loss=0.283311
2026-08-27 22:19:49,622 | EPOCH 3 VAL loss=0.285569 acc=0.8940 pre=0.8941 rec=0.8953 f1=0.8939 BEST
2026-08-27 22:19:59,123 | EPOCH 4 train_loss=0.255195
2026-08-27 22:19:59,902 | EPOCH 4 VAL loss=0.266755 acc=0.9020 pre=0.9070 rec=0.9034 f1=0.9039 BEST
2026-08-27 22:20:10,213 | EPOCH 5 train_loss=0.232968
2026-08-27 22:20:10,923 | EPOCH 5 VAL loss=0.249081 acc=0.9073 pre=0.9087 rec=0.9076 f1=0.9076 BEST
2026-08-27 22:20:20,621 | EPOCH 6 train_loss=0.217170
2026-08-27 22:20:21,333 | EPOCH 6 VAL loss=0.249332 acc=0.9082 pre=0.9090 rec=0.9089 f1=0.9083 BEST
2026-08-27 22:20:32,181 | EPOCH 7 train_loss=0.199173
2026-08-27 22:20:32,886 | EPOCH 7 VAL loss=0.256806 acc=0.9070 pre=0.9105 rec=0.9088 f1=0.9080
2026-08-27 22:20:42,058 | EPOCH 8 train_loss=0.184284
2026-08-27 22:20:42,814 | EPOCH 8 VAL loss=0.240875 acc=0.9085 pre=0.9111 rec=0.9086 f1=0.9083 BEST
2026-08-27 22:20:52,306 | EPOCH 9 train_loss=0.171196
2026-08-27 22:20:53,082 | EPOCH 9 VAL loss=0.225316 acc=0.9162 pre=0.9162 rec=0.9170 f1=0.9159 BEST
2026-08-27 22:21:02,635 | EPOCH 10 train_loss=0.159960
2026-08-27 22:21:03,379 | EPOCH 10 VAL loss=0.235112 acc=0.9155 pre=0.9170 rec=0.9162 f1=0.9159 BEST
2026-08-27 22:21:13,540 | EPOCH 11 train_loss=0.147593
2026-08-27 22:21:14,254 | EPOCH 11 VAL loss=0.233820 acc=0.9173 pre=0.9192 rec=0.9188 f1=0.9183 BEST
2026-08-27 22:21:23,811 | EPOCH 12 train_loss=0.135808
2026-08-27 22:21:24,537 | EPOCH 12 VAL loss=0.234430 acc=0.9173 pre=0.9181 rec=0.9179 f1=0.9178
2026-08-27 22:21:33,799 | EPOCH 13 train_loss=0.125467
2026-08-27 22:21:34,561 | EPOCH 13 VAL loss=0.233197 acc=0.9187 pre=0.9205 rec=0.9192 f1=0.9194 BEST
2026-08-27 22:21:44,353 | EPOCH 14 train_loss=0.115847
2026-08-27 22:21:45,088 | EPOCH 14 VAL loss=0.240470 acc=0.9210 pre=0.9214 rec=0.9219 f1=0.9213 BEST
2026-08-27 22:21:54,660 | EPOCH 15 train_loss=0.104521
2026-08-27 22:21:55,422 | EPOCH 15 VAL loss=0.242136 acc=0.9203 pre=0.9205 rec=0.9211 f1=0.9204
2026-08-27 22:22:04,954 | EPOCH 16 train_loss=0.095569
2026-08-27 22:22:05,660 | EPOCH 16 VAL loss=0.262796 acc=0.9158 pre=0.9169 rec=0.9163 f1=0.9162
2026-08-27 22:22:14,963 | EPOCH 17 train_loss=0.088828
2026-08-27 22:22:15,705 | EPOCH 17 VAL loss=0.254894 acc=0.9192 pre=0.9205 rec=0.9203 f1=0.9202
2026-08-27 22:22:25,582 | EPOCH 18 train_loss=0.078923
2026-08-27 22:22:26,341 | EPOCH 18 VAL loss=0.286489 acc=0.9145 pre=0.9149 rec=0.9159 f1=0.9149
2026-08-27 22:22:35,696 | EPOCH 19 train_loss=0.072762
2026-08-27 22:22:36,470 | EPOCH 19 VAL loss=0.288827 acc=0.9180 pre=0.9196 rec=0.9181 f1=0.9181
2026-08-27 22:22:45,860 | EPOCH 20 train_loss=0.063961
2026-08-27 22:22:46,602 | EPOCH 20 VAL loss=0.309467 acc=0.9207 pre=0.9207 rec=0.9215 f1=0.9207
2026-08-27 22:22:55,677 | EPOCH 21 train_loss=0.058169
2026-08-27 22:22:56,409 | EPOCH 21 VAL loss=0.303057 acc=0.9193 pre=0.9212 rec=0.9209 f1=0.9205
2026-08-27 22:23:05,834 | EPOCH 22 train_loss=0.054321
2026-08-27 22:23:06,630 | EPOCH 22 VAL loss=0.328530 acc=0.9167 pre=0.9180 rec=0.9175 f1=0.9176
2026-08-27 22:23:15,742 | EPOCH 23 train_loss=0.048501
2026-08-27 22:23:16,436 | EPOCH 23 VAL loss=0.315198 acc=0.9192 pre=0.9198 rec=0.9201 f1=0.9199
2026-08-27 22:23:25,101 | EPOCH 24 train_loss=0.044818
2026-08-27 22:23:26,016 | EPOCH 24 VAL loss=0.362235 acc=0.9132 pre=0.9141 rec=0.9137 f1=0.9136
2026-08-27 22:23:26,026 | DONE best_epoch=14 best_val_loss=0.24047 early_stop=True time=246.43s
2026-08-27 22:27:21,650 | START cnn_nadam_lr0.001_s42 opt=nadam lr=0.001 seed=42 device=cuda epochs=150 best_by=f1 stop_by=f1
2026-08-27 22:27:30,630 | EPOCH 1 train_loss=0.523987
2026-08-27 22:27:31,356 | EPOCH 1 VAL loss=0.391618 acc=0.8603 pre=0.8639 rec=0.8632 f1=0.8608 BEST
2026-08-27 22:27:41,381 | EPOCH 2 train_loss=0.332072
2026-08-27 22:27:42,104 | EPOCH 2 VAL loss=0.310804 acc=0.8868 pre=0.8897 rec=0.8869 f1=0.8879 BEST
2026-08-27 22:27:51,694 | EPOCH 3 train_loss=0.283158
2026-08-27 22:27:52,416 | EPOCH 3 VAL loss=0.287497 acc=0.8930 pre=0.8934 rec=0.8944 f1=0.8930 BEST
2026-08-27 22:28:01,820 | EPOCH 4 train_loss=0.254207
2026-08-27 22:28:03,311 | EPOCH 4 VAL loss=0.261523 acc=0.9035 pre=0.9075 rec=0.9047 f1=0.9052 BEST
2026-08-27 22:28:12,803 | EPOCH 5 train_loss=0.231603
2026-08-27 22:28:13,548 | EPOCH 5 VAL loss=0.243457 acc=0.9093 pre=0.9101 rec=0.9100 f1=0.9097 BEST
2026-08-27 22:28:22,826 | EPOCH 6 train_loss=0.214483
2026-08-27 22:28:23,541 | EPOCH 6 VAL loss=0.243678 acc=0.9097 pre=0.9100 rec=0.9105 f1=0.9097
2026-08-27 22:28:33,429 | EPOCH 7 train_loss=0.197000
2026-08-27 22:28:34,157 | EPOCH 7 VAL loss=0.263361 acc=0.9048 pre=0.9112 rec=0.9073 f1=0.9063
2026-08-27 22:28:43,198 | EPOCH 8 train_loss=0.182800
2026-08-27 22:28:43,900 | EPOCH 8 VAL loss=0.241336 acc=0.9093 pre=0.9129 rec=0.9093 f1=0.9088
2026-08-27 22:28:53,852 | EPOCH 9 train_loss=0.169426
2026-08-27 22:28:54,597 | EPOCH 9 VAL loss=0.223942 acc=0.9167 pre=0.9169 rec=0.9176 f1=0.9163 BEST
2026-08-27 22:29:03,977 | EPOCH 10 train_loss=0.158166
2026-08-27 22:29:04,738 | EPOCH 10 VAL loss=0.226250 acc=0.9177 pre=0.9187 rec=0.9181 f1=0.9178 BEST
2026-08-27 22:29:14,465 | EPOCH 11 train_loss=0.145932
2026-08-27 22:29:15,180 | EPOCH 11 VAL loss=0.226959 acc=0.9210 pre=0.9217 rec=0.9221 f1=0.9215 BEST
2026-08-27 22:29:24,495 | EPOCH 12 train_loss=0.134043
2026-08-27 22:29:25,197 | EPOCH 12 VAL loss=0.233525 acc=0.9187 pre=0.9194 rec=0.9192 f1=0.9188
2026-08-27 22:29:34,282 | EPOCH 13 train_loss=0.123707
2026-08-27 22:29:35,072 | EPOCH 13 VAL loss=0.237257 acc=0.9203 pre=0.9221 rec=0.9212 f1=0.9213
2026-08-27 22:29:44,208 | EPOCH 14 train_loss=0.114339
2026-08-27 22:29:44,942 | EPOCH 14 VAL loss=0.237110 acc=0.9225 pre=0.9226 rec=0.9234 f1=0.9228 BEST
2026-08-27 22:29:54,429 | EPOCH 15 train_loss=0.104084
2026-08-27 22:29:55,347 | EPOCH 15 VAL loss=0.241662 acc=0.9217 pre=0.9220 rec=0.9225 f1=0.9219
2026-08-27 22:30:04,423 | EPOCH 16 train_loss=0.094061
2026-08-27 22:30:05,140 | EPOCH 16 VAL loss=0.249011 acc=0.9222 pre=0.9230 rec=0.9227 f1=0.9226
2026-08-27 22:30:14,117 | EPOCH 17 train_loss=0.086719
2026-08-27 22:30:14,826 | EPOCH 17 VAL loss=0.262890 acc=0.9195 pre=0.9213 rec=0.9208 f1=0.9206
2026-08-27 22:30:24,843 | EPOCH 18 train_loss=0.077952
2026-08-27 22:30:25,554 | EPOCH 18 VAL loss=0.278612 acc=0.9172 pre=0.9177 rec=0.9178 f1=0.9167
2026-08-27 22:30:34,582 | EPOCH 19 train_loss=0.070862
2026-08-27 22:30:35,305 | EPOCH 19 VAL loss=0.293358 acc=0.9180 pre=0.9195 rec=0.9186 f1=0.9189
2026-08-27 22:30:45,185 | EPOCH 20 train_loss=0.064389
2026-08-27 22:30:45,879 | EPOCH 20 VAL loss=0.300505 acc=0.9195 pre=0.9200 rec=0.9205 f1=0.9201
2026-08-27 22:30:54,983 | EPOCH 21 train_loss=0.059873
2026-08-27 22:30:55,668 | EPOCH 21 VAL loss=0.297416 acc=0.9212 pre=0.9240 rec=0.9228 f1=0.9225
2026-08-27 22:31:04,852 | EPOCH 22 train_loss=0.054251
2026-08-27 22:31:05,966 | EPOCH 22 VAL loss=0.323894 acc=0.9203 pre=0.9211 rec=0.9210 f1=0.9210
2026-08-27 22:31:14,929 | EPOCH 23 train_loss=0.048367
2026-08-27 22:31:15,645 | EPOCH 23 VAL loss=0.335444 acc=0.9175 pre=0.9195 rec=0.9185 f1=0.9187
2026-08-27 22:31:24,548 | EPOCH 24 train_loss=0.042845
2026-08-27 22:31:25,252 | EPOCH 24 VAL loss=0.352451 acc=0.9195 pre=0.9207 rec=0.9198 f1=0.9195
2026-08-27 22:31:25,261 | DONE best_epoch=14 best_val_loss=0.23711 early_stop=True time=242.82s
