2026-08-27 19:03:54,577 | START cnn_rmsprop_lr0.0005_s123 opt=rmsprop lr=0.0005 seed=123 device=cuda epochs=150 best_by=f1 stop_by=f1
2026-08-27 19:04:05,525 | EPOCH 1 train_loss=0.510228
2026-08-27 19:04:06,419 | EPOCH 1 VAL loss=0.377237 acc=0.8667 pre=0.8659 rec=0.8671 f1=0.8645 BEST
2026-08-27 19:04:17,895 | EPOCH 2 train_loss=0.348725
2026-08-27 19:04:18,644 | EPOCH 2 VAL loss=0.354151 acc=0.8747 pre=0.8788 rec=0.8739 f1=0.8705 BEST
2026-08-27 19:04:30,841 | EPOCH 3 train_loss=0.305652
2026-08-27 19:04:31,929 | EPOCH 3 VAL loss=0.298706 acc=0.8962 pre=0.8972 rec=0.8968 f1=0.8959 BEST
2026-08-27 19:04:44,156 | EPOCH 4 train_loss=0.277762
2026-08-27 19:04:44,931 | EPOCH 4 VAL loss=0.320846 acc=0.8863 pre=0.8989 rec=0.8884 f1=0.8898
2026-08-27 19:04:56,504 | EPOCH 5 train_loss=0.256757
2026-08-27 19:04:57,433 | EPOCH 5 VAL loss=0.298022 acc=0.8942 pre=0.8980 rec=0.8965 f1=0.8949
2026-08-27 19:05:09,361 | EPOCH 6 train_loss=0.239254
2026-08-27 19:05:10,179 | EPOCH 6 VAL loss=0.256052 acc=0.9068 pre=0.9087 rec=0.9073 f1=0.9074 BEST
2026-08-27 19:05:21,245 | EPOCH 7 train_loss=0.225380
2026-08-27 19:05:22,357 | EPOCH 7 VAL loss=0.253964 acc=0.9062 pre=0.9097 rec=0.9075 f1=0.9079 BEST
2026-08-27 19:05:34,720 | EPOCH 8 train_loss=0.212589
2026-08-27 19:05:35,741 | EPOCH 8 VAL loss=0.247255 acc=0.9087 pre=0.9105 rec=0.9102 f1=0.9096 BEST
2026-08-27 19:05:47,963 | EPOCH 9 train_loss=0.200651
2026-08-27 19:05:49,344 | EPOCH 9 VAL loss=0.253872 acc=0.9085 pre=0.9090 rec=0.9099 f1=0.9083
2026-08-27 19:06:01,342 | EPOCH 10 train_loss=0.190446
2026-08-27 19:06:02,392 | EPOCH 10 VAL loss=0.253052 acc=0.9070 pre=0.9102 rec=0.9090 f1=0.9087
2026-08-27 19:06:15,178 | EPOCH 11 train_loss=0.180572
2026-08-27 19:06:16,193 | EPOCH 11 VAL loss=0.238177 acc=0.9147 pre=0.9171 rec=0.9159 f1=0.9160 BEST
2026-08-27 19:06:27,784 | EPOCH 12 train_loss=0.170670
2026-08-27 19:06:28,474 | EPOCH 12 VAL loss=0.226208 acc=0.9188 pre=0.9196 rec=0.9199 f1=0.9195 BEST
2026-08-27 19:06:29,310 | START cnn_rmsprop_lr0.0005_s123 opt=rmsprop lr=0.0005 seed=123 device=cuda epochs=150 best_by=f1 stop_by=f1
2026-08-27 19:06:29,330 | RESUMED from epoch 12, batch 0
2026-08-27 19:06:39,711 | EPOCH 13 train_loss=0.162482
2026-08-27 19:06:40,468 | EPOCH 13 VAL loss=0.234770 acc=0.9168 pre=0.9183 rec=0.9173 f1=0.9168
2026-08-27 19:06:42,051 | EPOCH 13 train_loss=0.162671
2026-08-27 19:06:43,166 | EPOCH 13 VAL loss=0.235565 acc=0.9163 pre=0.9176 rec=0.9168 f1=0.9161
2026-08-27 19:06:52,654 | EPOCH 14 train_loss=0.154032
2026-08-27 19:06:53,399 | EPOCH 14 VAL loss=0.235964 acc=0.9163 pre=0.9171 rec=0.9172 f1=0.9165
2026-08-27 19:06:53,433 | EPOCH 14 train_loss=0.153996
2026-08-27 19:06:54,562 | EPOCH 14 VAL loss=0.235872 acc=0.9172 pre=0.9179 rec=0.9179 f1=0.9173
2026-08-27 19:07:05,837 | EPOCH 15 train_loss=0.145362
2026-08-27 19:07:06,929 | EPOCH 15 VAL loss=0.246750 acc=0.9112 pre=0.9151 rec=0.9129 f1=0.9128
2026-08-27 19:07:07,536 | EPOCH 15 train_loss=0.145754
2026-08-27 19:07:08,571 | EPOCH 15 VAL loss=0.252343 acc=0.9093 pre=0.9139 rec=0.9112 f1=0.9111
2026-08-27 19:07:18,963 | EPOCH 16 train_loss=0.137971
2026-08-27 19:07:19,059 | EPOCH 16 train_loss=0.137784
2026-08-27 19:07:20,172 | EPOCH 16 VAL loss=0.240362 acc=0.9183 pre=0.9203 rec=0.9199 f1=0.9195
2026-08-27 19:07:20,246 | EPOCH 16 VAL loss=0.239056 acc=0.9170 pre=0.9188 rec=0.9184 f1=0.9181
2026-08-27 19:07:31,654 | EPOCH 17 train_loss=0.130280
2026-08-27 19:07:32,417 | EPOCH 17 train_loss=0.130134
2026-08-27 19:07:32,429 | EPOCH 17 VAL loss=0.244836 acc=0.9188 pre=0.9189 rec=0.9196 f1=0.9185
2026-08-27 19:07:33,406 | EPOCH 17 VAL loss=0.238880 acc=0.9187 pre=0.9187 rec=0.9194 f1=0.9183
2026-08-27 19:07:44,435 | EPOCH 18 train_loss=0.123105
2026-08-27 19:07:45,554 | EPOCH 18 VAL loss=0.244457 acc=0.9188 pre=0.9195 rec=0.9198 f1=0.9195
2026-08-27 19:07:45,886 | EPOCH 18 train_loss=0.123097
2026-08-27 19:07:46,958 | EPOCH 18 VAL loss=0.242671 acc=0.9190 pre=0.9197 rec=0.9201 f1=0.9197 BEST
2026-08-27 19:07:57,433 | EPOCH 19 train_loss=0.116493
2026-08-27 19:07:58,208 | EPOCH 19 VAL loss=0.240104 acc=0.9212 pre=0.9235 rec=0.9223 f1=0.9226 BEST
2026-08-27 19:07:59,059 | EPOCH 19 train_loss=0.116464
2026-08-27 19:08:00,130 | EPOCH 19 VAL loss=0.247075 acc=0.9192 pre=0.9228 rec=0.9205 f1=0.9208 BEST
2026-08-27 19:08:08,831 | EPOCH 20 train_loss=0.110418
2026-08-27 19:08:09,899 | EPOCH 20 VAL loss=0.237246 acc=0.9198 pre=0.9199 rec=0.9205 f1=0.9198
2026-08-27 19:08:13,513 | EPOCH 20 train_loss=0.110488
2026-08-27 19:08:14,596 | EPOCH 20 VAL loss=0.236399 acc=0.9198 pre=0.9201 rec=0.9204 f1=0.9198
2026-08-27 19:08:20,981 | EPOCH 21 train_loss=0.103566
2026-08-27 19:08:22,112 | EPOCH 21 VAL loss=0.259614 acc=0.9193 pre=0.9205 rec=0.9200 f1=0.9197
2026-08-27 19:08:24,812 | EPOCH 21 train_loss=0.103325
2026-08-27 19:08:25,854 | EPOCH 21 VAL loss=0.263392 acc=0.9168 pre=0.9186 rec=0.9174 f1=0.9171
2026-08-27 19:08:34,964 | EPOCH 22 train_loss=0.097990
2026-08-27 19:08:35,732 | EPOCH 22 VAL loss=0.268917 acc=0.9158 pre=0.9175 rec=0.9164 f1=0.9163
2026-08-27 19:08:37,096 | EPOCH 22 train_loss=0.098074
2026-08-27 19:08:37,827 | EPOCH 22 VAL loss=0.269203 acc=0.9157 pre=0.9172 rec=0.9161 f1=0.9161
2026-08-27 19:08:47,583 | EPOCH 23 train_loss=0.091537
2026-08-27 19:08:48,346 | EPOCH 23 VAL loss=0.274523 acc=0.9187 pre=0.9209 rec=0.9189 f1=0.9182
2026-08-27 19:08:48,678 | EPOCH 23 train_loss=0.091737
2026-08-27 19:08:49,817 | EPOCH 23 VAL loss=0.276397 acc=0.9172 pre=0.9198 rec=0.9174 f1=0.9165
