2026-08-27 09:38:28,344 | START mlp_adagrad_lr0.001_s123 opt=adagrad lr=0.001 seed=123 device=cuda epochs=150 best_by=f1 stop_by=f1
2026-08-27 09:38:34,701 | EPOCH 1 train_loss=0.783508
2026-08-27 09:38:35,237 | EPOCH 1 VAL loss=0.633359 acc=0.7810 pre=0.7783 rec=0.7825 f1=0.7739 BEST
2026-08-27 09:38:41,858 | EPOCH 2 train_loss=0.583284
2026-08-27 09:38:42,438 | EPOCH 2 VAL loss=0.568719 acc=0.8067 pre=0.8047 rec=0.8074 f1=0.8012 BEST
2026-08-27 09:38:49,013 | EPOCH 3 train_loss=0.538259
2026-08-27 09:38:49,548 | EPOCH 3 VAL loss=0.541395 acc=0.8128 pre=0.8116 rec=0.8140 f1=0.8096 BEST
2026-08-27 09:38:56,114 | EPOCH 4 train_loss=0.513194
2026-08-27 09:38:56,649 | EPOCH 4 VAL loss=0.519420 acc=0.8225 pre=0.8211 rec=0.8234 f1=0.8207 BEST
2026-08-27 09:39:03,510 | EPOCH 5 train_loss=0.495589
2026-08-27 09:39:04,081 | EPOCH 5 VAL loss=0.506449 acc=0.8297 pre=0.8280 rec=0.8307 f1=0.8270 BEST
2026-08-27 09:39:10,631 | EPOCH 6 train_loss=0.482480
2026-08-27 09:39:11,166 | EPOCH 6 VAL loss=0.496277 acc=0.8307 pre=0.8305 rec=0.8317 f1=0.8299 BEST
2026-08-27 09:39:17,711 | EPOCH 7 train_loss=0.472098
2026-08-27 09:39:18,264 | EPOCH 7 VAL loss=0.485249 acc=0.8343 pre=0.8337 rec=0.8352 f1=0.8334 BEST
2026-08-27 09:39:24,839 | EPOCH 8 train_loss=0.463948
2026-08-27 09:39:25,374 | EPOCH 8 VAL loss=0.478775 acc=0.8358 pre=0.8356 rec=0.8367 f1=0.8343 BEST
2026-08-27 09:39:31,876 | EPOCH 9 train_loss=0.456637
2026-08-27 09:39:32,412 | EPOCH 9 VAL loss=0.472814 acc=0.8393 pre=0.8383 rec=0.8400 f1=0.8369 BEST
2026-08-27 09:39:38,976 | EPOCH 10 train_loss=0.451151
2026-08-27 09:39:39,513 | EPOCH 10 VAL loss=0.468035 acc=0.8378 pre=0.8368 rec=0.8388 f1=0.8371 BEST
2026-08-27 09:39:46,248 | EPOCH 11 train_loss=0.445534
2026-08-27 09:39:46,785 | EPOCH 11 VAL loss=0.463274 acc=0.8402 pre=0.8397 rec=0.8409 f1=0.8383 BEST
2026-08-27 09:39:53,360 | EPOCH 12 train_loss=0.441075
2026-08-27 09:39:53,933 | EPOCH 12 VAL loss=0.458471 acc=0.8415 pre=0.8407 rec=0.8424 f1=0.8407 BEST
2026-08-27 09:40:00,452 | EPOCH 13 train_loss=0.436909
2026-08-27 09:40:00,989 | EPOCH 13 VAL loss=0.455054 acc=0.8430 pre=0.8418 rec=0.8438 f1=0.8410 BEST
2026-08-27 09:40:07,990 | EPOCH 14 train_loss=0.433210
2026-08-27 09:40:08,526 | EPOCH 14 VAL loss=0.452243 acc=0.8430 pre=0.8416 rec=0.8438 f1=0.8416 BEST
2026-08-27 09:40:15,036 | EPOCH 15 train_loss=0.429724
2026-08-27 09:40:15,571 | EPOCH 15 VAL loss=0.448447 acc=0.8445 pre=0.8432 rec=0.8452 f1=0.8437 BEST
2026-08-27 09:40:22,109 | EPOCH 16 train_loss=0.426507
2026-08-27 09:40:22,662 | EPOCH 16 VAL loss=0.447861 acc=0.8457 pre=0.8444 rec=0.8468 f1=0.8441 BEST
2026-08-27 09:40:29,361 | EPOCH 17 train_loss=0.423849
2026-08-27 09:40:29,889 | EPOCH 17 VAL loss=0.443157 acc=0.8472 pre=0.8461 rec=0.8480 f1=0.8456 BEST
2026-08-27 09:40:36,406 | EPOCH 18 train_loss=0.421039
2026-08-27 09:40:36,936 | EPOCH 18 VAL loss=0.440930 acc=0.8460 pre=0.8449 rec=0.8470 f1=0.8454
2026-08-27 09:40:43,109 | EPOCH 19 train_loss=0.418439
2026-08-27 09:40:43,691 | EPOCH 19 VAL loss=0.437850 acc=0.8463 pre=0.8456 rec=0.8471 f1=0.8451
2026-08-27 09:40:49,933 | EPOCH 20 train_loss=0.416074
2026-08-27 09:40:50,475 | EPOCH 20 VAL loss=0.437214 acc=0.8482 pre=0.8470 rec=0.8492 f1=0.8466 BEST
2026-08-27 09:40:57,153 | EPOCH 21 train_loss=0.413965
2026-08-27 09:40:57,706 | EPOCH 21 VAL loss=0.433590 acc=0.8495 pre=0.8485 rec=0.8502 f1=0.8483 BEST
2026-08-27 09:41:04,285 | EPOCH 22 train_loss=0.411856
2026-08-27 09:41:04,823 | EPOCH 22 VAL loss=0.433240 acc=0.8495 pre=0.8488 rec=0.8504 f1=0.8481
2026-08-27 09:41:11,079 | EPOCH 23 train_loss=0.409826
2026-08-27 09:41:11,638 | EPOCH 23 VAL loss=0.430590 acc=0.8505 pre=0.8496 rec=0.8512 f1=0.8488 BEST
2026-08-27 09:41:18,405 | EPOCH 24 train_loss=0.407964
2026-08-27 09:41:18,937 | EPOCH 24 VAL loss=0.428256 acc=0.8492 pre=0.8482 rec=0.8501 f1=0.8484
2026-08-27 09:41:25,129 | EPOCH 25 train_loss=0.406276
2026-08-27 09:41:25,685 | EPOCH 25 VAL loss=0.427463 acc=0.8503 pre=0.8492 rec=0.8513 f1=0.8491 BEST
2026-08-27 09:41:32,301 | EPOCH 26 train_loss=0.404568
2026-08-27 09:41:32,869 | EPOCH 26 VAL loss=0.425195 acc=0.8527 pre=0.8521 rec=0.8534 f1=0.8512 BEST
2026-08-27 09:41:39,465 | EPOCH 27 train_loss=0.402916
2026-08-27 09:41:40,001 | EPOCH 27 VAL loss=0.424194 acc=0.8497 pre=0.8489 rec=0.8508 f1=0.8492
2026-08-27 09:41:46,219 | EPOCH 28 train_loss=0.401392
2026-08-27 09:41:46,751 | EPOCH 28 VAL loss=0.422818 acc=0.8502 pre=0.8494 rec=0.8512 f1=0.8498
2026-08-27 09:41:52,892 | EPOCH 29 train_loss=0.399894
2026-08-27 09:41:53,430 | EPOCH 29 VAL loss=0.422134 acc=0.8525 pre=0.8527 rec=0.8534 f1=0.8524 BEST
2026-08-27 09:42:00,122 | EPOCH 30 train_loss=0.398450
2026-08-27 09:42:00,662 | EPOCH 30 VAL loss=0.420678 acc=0.8520 pre=0.8512 rec=0.8531 f1=0.8514
2026-08-27 09:42:06,892 | EPOCH 31 train_loss=0.397052
2026-08-27 09:42:07,416 | EPOCH 31 VAL loss=0.418763 acc=0.8522 pre=0.8511 rec=0.8530 f1=0.8511
2026-08-27 09:42:13,643 | EPOCH 32 train_loss=0.395644
2026-08-27 09:42:14,181 | EPOCH 32 VAL loss=0.418023 acc=0.8540 pre=0.8531 rec=0.8550 f1=0.8536 BEST
2026-08-27 09:42:20,798 | EPOCH 33 train_loss=0.394476
2026-08-27 09:42:21,333 | EPOCH 33 VAL loss=0.415911 acc=0.8535 pre=0.8527 rec=0.8544 f1=0.8528
2026-08-27 09:42:27,553 | EPOCH 34 train_loss=0.392977
2026-08-27 09:42:28,085 | EPOCH 34 VAL loss=0.418139 acc=0.8523 pre=0.8534 rec=0.8536 f1=0.8530
2026-08-27 09:42:34,304 | EPOCH 35 train_loss=0.392066
2026-08-27 09:42:34,832 | EPOCH 35 VAL loss=0.413829 acc=0.8538 pre=0.8532 rec=0.8546 f1=0.8532
2026-08-27 09:42:41,081 | EPOCH 36 train_loss=0.390798
2026-08-27 09:42:41,653 | EPOCH 36 VAL loss=0.414548 acc=0.8558 pre=0.8550 rec=0.8568 f1=0.8550 BEST
2026-08-27 09:42:48,247 | EPOCH 37 train_loss=0.389778
2026-08-27 09:42:48,796 | EPOCH 37 VAL loss=0.412708 acc=0.8548 pre=0.8541 rec=0.8560 f1=0.8543
2026-08-27 09:42:54,962 | EPOCH 38 train_loss=0.388689
2026-08-27 09:42:55,502 | EPOCH 38 VAL loss=0.410802 acc=0.8548 pre=0.8542 rec=0.8559 f1=0.8546
2026-08-27 09:43:01,735 | EPOCH 39 train_loss=0.387616
2026-08-27 09:43:02,315 | EPOCH 39 VAL loss=0.410845 acc=0.8558 pre=0.8553 rec=0.8568 f1=0.8553 BEST
2026-08-27 09:43:09,329 | EPOCH 40 train_loss=0.386504
2026-08-27 09:43:09,869 | EPOCH 40 VAL loss=0.410177 acc=0.8560 pre=0.8549 rec=0.8570 f1=0.8549
2026-08-27 09:43:16,165 | EPOCH 41 train_loss=0.385561
2026-08-27 09:43:16,702 | EPOCH 41 VAL loss=0.408036 acc=0.8548 pre=0.8546 rec=0.8559 f1=0.8547
2026-08-27 09:43:22,992 | EPOCH 42 train_loss=0.384584
2026-08-27 09:43:23,539 | EPOCH 42 VAL loss=0.408610 acc=0.8550 pre=0.8549 rec=0.8562 f1=0.8551
2026-08-27 09:43:29,817 | EPOCH 43 train_loss=0.383491
2026-08-27 09:43:30,367 | EPOCH 43 VAL loss=0.407426 acc=0.8557 pre=0.8550 rec=0.8568 f1=0.8552
2026-08-27 09:43:36,700 | EPOCH 44 train_loss=0.382715
2026-08-27 09:43:37,289 | EPOCH 44 VAL loss=0.405926 acc=0.8555 pre=0.8547 rec=0.8565 f1=0.8550
2026-08-27 09:43:43,709 | EPOCH 45 train_loss=0.381623
2026-08-27 09:43:44,252 | EPOCH 45 VAL loss=0.405370 acc=0.8562 pre=0.8554 rec=0.8573 f1=0.8557 BEST
2026-08-27 09:43:50,792 | EPOCH 46 train_loss=0.380877
2026-08-27 09:43:51,332 | EPOCH 46 VAL loss=0.404638 acc=0.8563 pre=0.8555 rec=0.8574 f1=0.8557 BEST
2026-08-27 09:43:58,111 | EPOCH 47 train_loss=0.379836
2026-08-27 09:43:58,645 | EPOCH 47 VAL loss=0.405878 acc=0.8563 pre=0.8559 rec=0.8576 f1=0.8565 BEST
2026-08-27 09:44:05,524 | EPOCH 48 train_loss=0.379042
2026-08-27 09:44:06,064 | EPOCH 48 VAL loss=0.403127 acc=0.8567 pre=0.8559 rec=0.8576 f1=0.8561
2026-08-27 09:44:12,247 | EPOCH 49 train_loss=0.378234
2026-08-27 09:44:12,855 | EPOCH 49 VAL loss=0.402233 acc=0.8560 pre=0.8550 rec=0.8570 f1=0.8552
2026-08-27 09:44:19,090 | EPOCH 50 train_loss=0.377402
2026-08-27 09:44:19,624 | EPOCH 50 VAL loss=0.402012 acc=0.8558 pre=0.8557 rec=0.8568 f1=0.8561
2026-08-27 09:44:25,869 | EPOCH 51 train_loss=0.376659
2026-08-27 09:44:26,413 | EPOCH 51 VAL loss=0.401211 acc=0.8572 pre=0.8561 rec=0.8580 f1=0.8560
2026-08-27 09:44:32,635 | EPOCH 52 train_loss=0.375918
2026-08-27 09:44:33,200 | EPOCH 52 VAL loss=0.400290 acc=0.8583 pre=0.8577 rec=0.8591 f1=0.8576 BEST
2026-08-27 09:44:40,172 | EPOCH 53 train_loss=0.375057
2026-08-27 09:44:40,711 | EPOCH 53 VAL loss=0.400040 acc=0.8572 pre=0.8569 rec=0.8583 f1=0.8572
2026-08-27 09:44:47,020 | EPOCH 54 train_loss=0.374297
2026-08-27 09:44:47,576 | EPOCH 54 VAL loss=0.400543 acc=0.8565 pre=0.8565 rec=0.8578 f1=0.8570
2026-08-27 09:44:53,988 | EPOCH 55 train_loss=0.373659
2026-08-27 09:44:54,534 | EPOCH 55 VAL loss=0.399636 acc=0.8572 pre=0.8564 rec=0.8585 f1=0.8568
2026-08-27 09:45:00,853 | EPOCH 56 train_loss=0.373038
2026-08-27 09:45:01,384 | EPOCH 56 VAL loss=0.397756 acc=0.8565 pre=0.8558 rec=0.8576 f1=0.8563
2026-08-27 09:45:07,691 | EPOCH 57 train_loss=0.372155
2026-08-27 09:45:08,224 | EPOCH 57 VAL loss=0.397148 acc=0.8577 pre=0.8571 rec=0.8587 f1=0.8574
2026-08-27 09:45:14,572 | EPOCH 58 train_loss=0.371493
2026-08-27 09:45:15,105 | EPOCH 58 VAL loss=0.396290 acc=0.8582 pre=0.8572 rec=0.8592 f1=0.8573
2026-08-27 09:45:21,323 | EPOCH 59 train_loss=0.370758
2026-08-27 09:45:21,856 | EPOCH 59 VAL loss=0.395506 acc=0.8573 pre=0.8574 rec=0.8583 f1=0.8575
2026-08-27 09:45:28,071 | EPOCH 60 train_loss=0.370089
2026-08-27 09:45:28,602 | EPOCH 60 VAL loss=0.396278 acc=0.8583 pre=0.8574 rec=0.8595 f1=0.8579 BEST
2026-08-27 09:45:35,340 | EPOCH 61 train_loss=0.369455
2026-08-27 09:45:35,888 | EPOCH 61 VAL loss=0.394773 acc=0.8567 pre=0.8566 rec=0.8576 f1=0.8569
2026-08-27 09:45:42,218 | EPOCH 62 train_loss=0.368922
2026-08-27 09:45:42,773 | EPOCH 62 VAL loss=0.394101 acc=0.8597 pre=0.8587 rec=0.8606 f1=0.8588 BEST
2026-08-27 09:45:49,500 | EPOCH 63 train_loss=0.368278
2026-08-27 09:45:50,039 | EPOCH 63 VAL loss=0.393558 acc=0.8585 pre=0.8577 rec=0.8595 f1=0.8581
2026-08-27 09:45:56,421 | EPOCH 64 train_loss=0.367538
2026-08-27 09:45:56,974 | EPOCH 64 VAL loss=0.392844 acc=0.8565 pre=0.8562 rec=0.8575 f1=0.8567
2026-08-27 09:46:03,145 | EPOCH 65 train_loss=0.366968
2026-08-27 09:46:03,735 | EPOCH 65 VAL loss=0.393132 acc=0.8580 pre=0.8578 rec=0.8592 f1=0.8580
2026-08-27 09:46:09,908 | EPOCH 66 train_loss=0.366323
2026-08-27 09:46:10,439 | EPOCH 66 VAL loss=0.391699 acc=0.8583 pre=0.8580 rec=0.8593 f1=0.8581
2026-08-27 09:46:16,708 | EPOCH 67 train_loss=0.365774
2026-08-27 09:46:17,241 | EPOCH 67 VAL loss=0.391721 acc=0.8593 pre=0.8592 rec=0.8603 f1=0.8591 BEST
2026-08-27 09:46:23,845 | EPOCH 68 train_loss=0.365169
2026-08-27 09:46:24,375 | EPOCH 68 VAL loss=0.391119 acc=0.8605 pre=0.8597 rec=0.8614 f1=0.8601 BEST
2026-08-27 09:46:30,912 | EPOCH 69 train_loss=0.364678
2026-08-27 09:46:31,441 | EPOCH 69 VAL loss=0.390997 acc=0.8590 pre=0.8584 rec=0.8602 f1=0.8588
2026-08-27 09:46:37,662 | EPOCH 70 train_loss=0.364004
2026-08-27 09:46:38,187 | EPOCH 70 VAL loss=0.391022 acc=0.8612 pre=0.8602 rec=0.8619 f1=0.8602 BEST
2026-08-27 09:46:44,751 | EPOCH 71 train_loss=0.363508
2026-08-27 09:46:45,283 | EPOCH 71 VAL loss=0.389659 acc=0.8598 pre=0.8593 rec=0.8608 f1=0.8597
2026-08-27 09:46:51,516 | EPOCH 72 train_loss=0.362930
2026-08-27 09:46:52,051 | EPOCH 72 VAL loss=0.389937 acc=0.8600 pre=0.8590 rec=0.8610 f1=0.8592
2026-08-27 09:46:58,483 | EPOCH 73 train_loss=0.362501
2026-08-27 09:46:59,040 | EPOCH 73 VAL loss=0.388882 acc=0.8595 pre=0.8591 rec=0.8606 f1=0.8594
2026-08-27 09:47:05,372 | EPOCH 74 train_loss=0.361955
2026-08-27 09:47:05,922 | EPOCH 74 VAL loss=0.388554 acc=0.8612 pre=0.8603 rec=0.8621 f1=0.8604 BEST
2026-08-27 09:47:12,563 | EPOCH 75 train_loss=0.361433
2026-08-27 09:47:13,109 | EPOCH 75 VAL loss=0.387907 acc=0.8607 pre=0.8597 rec=0.8616 f1=0.8598
2026-08-27 09:47:19,535 | EPOCH 76 train_loss=0.360771
2026-08-27 09:47:20,089 | EPOCH 76 VAL loss=0.387503 acc=0.8610 pre=0.8602 rec=0.8619 f1=0.8605 BEST
2026-08-27 09:47:26,993 | EPOCH 77 train_loss=0.360299
2026-08-27 09:47:27,919 | EPOCH 77 VAL loss=0.387604 acc=0.8593 pre=0.8594 rec=0.8605 f1=0.8598
2026-08-27 09:47:34,264 | EPOCH 78 train_loss=0.359810
2026-08-27 09:47:34,824 | EPOCH 78 VAL loss=0.386682 acc=0.8617 pre=0.8612 rec=0.8625 f1=0.8609 BEST
2026-08-27 09:47:41,439 | EPOCH 79 train_loss=0.359364
2026-08-27 09:47:41,988 | EPOCH 79 VAL loss=0.385871 acc=0.8617 pre=0.8612 rec=0.8625 f1=0.8613 BEST
2026-08-27 09:47:48,714 | EPOCH 80 train_loss=0.358846
2026-08-27 09:47:49,267 | EPOCH 80 VAL loss=0.385803 acc=0.8620 pre=0.8617 rec=0.8630 f1=0.8621 BEST
2026-08-27 09:47:55,913 | EPOCH 81 train_loss=0.358308
2026-08-27 09:47:56,455 | EPOCH 81 VAL loss=0.385783 acc=0.8633 pre=0.8630 rec=0.8642 f1=0.8630 BEST
2026-08-27 09:48:03,097 | EPOCH 82 train_loss=0.357818
2026-08-27 09:48:03,716 | EPOCH 82 VAL loss=0.385878 acc=0.8608 pre=0.8602 rec=0.8619 f1=0.8606
2026-08-27 09:48:09,952 | EPOCH 83 train_loss=0.357349
2026-08-27 09:48:10,485 | EPOCH 83 VAL loss=0.385205 acc=0.8617 pre=0.8608 rec=0.8625 f1=0.8606
2026-08-27 09:48:16,714 | EPOCH 84 train_loss=0.356979
2026-08-27 09:48:17,252 | EPOCH 84 VAL loss=0.384438 acc=0.8618 pre=0.8610 rec=0.8628 f1=0.8612
2026-08-27 09:48:23,445 | EPOCH 85 train_loss=0.356535
2026-08-27 09:48:24,010 | EPOCH 85 VAL loss=0.384839 acc=0.8625 pre=0.8618 rec=0.8636 f1=0.8620
2026-08-27 09:48:30,385 | EPOCH 86 train_loss=0.356021
2026-08-27 09:48:30,928 | EPOCH 86 VAL loss=0.383765 acc=0.8637 pre=0.8634 rec=0.8645 f1=0.8632 BEST
2026-08-27 09:48:37,581 | EPOCH 87 train_loss=0.355524
2026-08-27 09:48:38,123 | EPOCH 87 VAL loss=0.383028 acc=0.8640 pre=0.8638 rec=0.8649 f1=0.8637 BEST
2026-08-27 09:48:44,796 | EPOCH 88 train_loss=0.355069
2026-08-27 09:48:45,419 | EPOCH 88 VAL loss=0.383193 acc=0.8628 pre=0.8628 rec=0.8640 f1=0.8629
2026-08-27 09:48:51,768 | EPOCH 89 train_loss=0.354664
2026-08-27 09:48:52,309 | EPOCH 89 VAL loss=0.382063 acc=0.8630 pre=0.8628 rec=0.8639 f1=0.8629
2026-08-27 09:48:58,628 | EPOCH 90 train_loss=0.354153
2026-08-27 09:48:59,166 | EPOCH 90 VAL loss=0.382201 acc=0.8643 pre=0.8637 rec=0.8654 f1=0.8641 BEST
2026-08-27 09:49:05,855 | EPOCH 91 train_loss=0.353882
2026-08-27 09:49:06,409 | EPOCH 91 VAL loss=0.382207 acc=0.8637 pre=0.8633 rec=0.8646 f1=0.8633
2026-08-27 09:49:12,807 | EPOCH 92 train_loss=0.353469
2026-08-27 09:49:13,355 | EPOCH 92 VAL loss=0.381124 acc=0.8642 pre=0.8638 rec=0.8651 f1=0.8639
2026-08-27 09:49:19,592 | EPOCH 93 train_loss=0.352850
2026-08-27 09:49:20,138 | EPOCH 93 VAL loss=0.381389 acc=0.8640 pre=0.8640 rec=0.8650 f1=0.8639
2026-08-27 09:49:26,369 | EPOCH 94 train_loss=0.352552
2026-08-27 09:49:26,900 | EPOCH 94 VAL loss=0.380440 acc=0.8647 pre=0.8643 rec=0.8656 f1=0.8645 BEST
2026-08-27 09:49:33,548 | EPOCH 95 train_loss=0.352203
2026-08-27 09:49:34,114 | EPOCH 95 VAL loss=0.380175 acc=0.8628 pre=0.8624 rec=0.8638 f1=0.8628
2026-08-27 09:49:40,393 | EPOCH 96 train_loss=0.351817
2026-08-27 09:49:40,933 | EPOCH 96 VAL loss=0.380650 acc=0.8648 pre=0.8645 rec=0.8659 f1=0.8646 BEST
2026-08-27 09:49:47,581 | EPOCH 97 train_loss=0.351382
2026-08-27 09:49:48,132 | EPOCH 97 VAL loss=0.379801 acc=0.8637 pre=0.8630 rec=0.8647 f1=0.8632
2026-08-27 09:49:54,672 | EPOCH 98 train_loss=0.350913
2026-08-27 09:49:55,237 | EPOCH 98 VAL loss=0.379796 acc=0.8648 pre=0.8648 rec=0.8659 f1=0.8648 BEST
2026-08-27 09:50:01,894 | EPOCH 99 train_loss=0.350545
2026-08-27 09:50:02,445 | EPOCH 99 VAL loss=0.379584 acc=0.8640 pre=0.8633 rec=0.8650 f1=0.8635
2026-08-27 09:50:08,822 | EPOCH 100 train_loss=0.350114
2026-08-27 09:50:09,371 | EPOCH 100 VAL loss=0.379411 acc=0.8655 pre=0.8653 rec=0.8666 f1=0.8653 BEST
2026-08-27 09:50:16,227 | EPOCH 101 train_loss=0.349733
2026-08-27 09:50:16,775 | EPOCH 101 VAL loss=0.378368 acc=0.8653 pre=0.8650 rec=0.8663 f1=0.8650
2026-08-27 09:50:22,937 | EPOCH 102 train_loss=0.349365
2026-08-27 09:50:23,484 | EPOCH 102 VAL loss=0.378799 acc=0.8655 pre=0.8651 rec=0.8664 f1=0.8648
2026-08-27 09:50:29,738 | EPOCH 103 train_loss=0.348987
2026-08-27 09:50:30,276 | EPOCH 103 VAL loss=0.377280 acc=0.8658 pre=0.8655 rec=0.8665 f1=0.8653 BEST
2026-08-27 09:50:37,015 | EPOCH 104 train_loss=0.348618
2026-08-27 09:50:37,552 | EPOCH 104 VAL loss=0.377374 acc=0.8658 pre=0.8655 rec=0.8668 f1=0.8656 BEST
2026-08-27 09:50:44,755 | EPOCH 105 train_loss=0.348224
2026-08-27 09:50:45,305 | EPOCH 105 VAL loss=0.377851 acc=0.8645 pre=0.8642 rec=0.8656 f1=0.8646
2026-08-27 09:50:51,723 | EPOCH 106 train_loss=0.347831
2026-08-27 09:50:52,269 | EPOCH 106 VAL loss=0.376681 acc=0.8658 pre=0.8656 rec=0.8668 f1=0.8658 BEST
2026-08-27 09:50:59,068 | EPOCH 107 train_loss=0.347270
2026-08-27 09:50:59,606 | EPOCH 107 VAL loss=0.377320 acc=0.8650 pre=0.8645 rec=0.8660 f1=0.8648
2026-08-27 09:51:05,894 | EPOCH 108 train_loss=0.347133
2026-08-27 09:51:06,447 | EPOCH 108 VAL loss=0.376657 acc=0.8667 pre=0.8663 rec=0.8675 f1=0.8660 BEST
2026-08-27 09:51:13,068 | EPOCH 109 train_loss=0.346767
2026-08-27 09:51:13,652 | EPOCH 109 VAL loss=0.376431 acc=0.8673 pre=0.8671 rec=0.8682 f1=0.8667 BEST
2026-08-27 09:51:20,425 | EPOCH 110 train_loss=0.346472
2026-08-27 09:51:20,972 | EPOCH 110 VAL loss=0.375956 acc=0.8658 pre=0.8653 rec=0.8667 f1=0.8654
2026-08-27 09:51:27,295 | EPOCH 111 train_loss=0.346110
2026-08-27 09:51:27,845 | EPOCH 111 VAL loss=0.375327 acc=0.8658 pre=0.8657 rec=0.8668 f1=0.8659
2026-08-27 09:51:34,156 | EPOCH 112 train_loss=0.345669
2026-08-27 09:51:34,695 | EPOCH 112 VAL loss=0.375195 acc=0.8667 pre=0.8667 rec=0.8676 f1=0.8666
2026-08-27 09:51:40,945 | EPOCH 113 train_loss=0.345393
2026-08-27 09:51:41,478 | EPOCH 113 VAL loss=0.374968 acc=0.8655 pre=0.8652 rec=0.8665 f1=0.8654
2026-08-27 09:51:47,710 | EPOCH 114 train_loss=0.344948
2026-08-27 09:51:48,240 | EPOCH 114 VAL loss=0.375715 acc=0.8655 pre=0.8655 rec=0.8666 f1=0.8656
2026-08-27 09:51:54,537 | EPOCH 115 train_loss=0.344664
2026-08-27 09:51:55,096 | EPOCH 115 VAL loss=0.374361 acc=0.8665 pre=0.8666 rec=0.8675 f1=0.8667
2026-08-27 09:52:01,443 | EPOCH 116 train_loss=0.344266
2026-08-27 09:52:01,995 | EPOCH 116 VAL loss=0.375213 acc=0.8663 pre=0.8663 rec=0.8676 f1=0.8665
2026-08-27 09:52:08,332 | EPOCH 117 train_loss=0.343943
2026-08-27 09:52:08,869 | EPOCH 117 VAL loss=0.374606 acc=0.8658 pre=0.8656 rec=0.8669 f1=0.8657
2026-08-27 09:52:15,071 | EPOCH 118 train_loss=0.343661
2026-08-27 09:52:15,609 | EPOCH 118 VAL loss=0.373424 acc=0.8657 pre=0.8655 rec=0.8667 f1=0.8658
2026-08-27 09:52:21,921 | EPOCH 119 train_loss=0.343367
2026-08-27 09:52:22,455 | EPOCH 119 VAL loss=0.373795 acc=0.8663 pre=0.8659 rec=0.8674 f1=0.8660
2026-08-27 09:52:22,462 | DONE best_epoch=109 best_val_loss=0.376431 early_stop=True time=833.5s
