2026-08-27 19:59:35,502 | START cnn_adam_lr0.0005_s2026 opt=adam lr=0.0005 seed=2026 device=cuda epochs=150 best_by=f1 stop_by=f1
2026-08-27 19:59:48,257 | EPOCH 1 train_loss=0.624804
2026-08-27 19:59:49,387 | EPOCH 1 VAL loss=0.431197 acc=0.8475 pre=0.8469 rec=0.8496 f1=0.8461 BEST
2026-08-27 20:00:00,600 | EPOCH 2 train_loss=0.385503
2026-08-27 20:00:01,562 | EPOCH 2 VAL loss=0.354538 acc=0.8725 pre=0.8714 rec=0.8740 f1=0.8714 BEST
2026-08-27 20:00:14,354 | EPOCH 3 train_loss=0.340278
2026-08-27 20:00:15,355 | EPOCH 3 VAL loss=0.332209 acc=0.8815 pre=0.8816 rec=0.8830 f1=0.8816 BEST
2026-08-27 20:00:28,152 | EPOCH 4 train_loss=0.309000
2026-08-27 20:00:29,297 | EPOCH 4 VAL loss=0.304589 acc=0.8930 pre=0.8942 rec=0.8933 f1=0.8933 BEST
2026-08-27 20:00:41,672 | EPOCH 5 train_loss=0.287005
2026-08-27 20:00:42,835 | EPOCH 5 VAL loss=0.287045 acc=0.8960 pre=0.8961 rec=0.8969 f1=0.8948 BEST
2026-08-27 20:00:55,504 | EPOCH 6 train_loss=0.268939
2026-08-27 20:00:56,685 | EPOCH 6 VAL loss=0.290238 acc=0.8948 pre=0.9054 rec=0.8969 f1=0.8982 BEST
2026-08-27 20:01:08,495 | EPOCH 7 train_loss=0.253485
2026-08-27 20:01:09,317 | EPOCH 7 VAL loss=0.259609 acc=0.9047 pre=0.9051 rec=0.9054 f1=0.9047 BEST
2026-08-27 20:01:14,731 | START cnn_adam_lr0.0005_s2026 opt=adam lr=0.0005 seed=2026 device=cuda epochs=150 best_by=f1 stop_by=f1
2026-08-27 20:01:14,747 | RESUMED from epoch 7, batch 200
2026-08-27 20:01:21,416 | EPOCH 8 train_loss=0.237393
2026-08-27 20:01:22,287 | EPOCH 8 VAL loss=0.250746 acc=0.9102 pre=0.9105 rec=0.9111 f1=0.9098 BEST
2026-08-27 20:01:26,586 | EPOCH 8 train_loss=0.236029
2026-08-27 20:01:27,365 | EPOCH 8 VAL loss=0.250990 acc=0.9105 pre=0.9107 rec=0.9115 f1=0.9101 BEST
2026-08-27 20:01:34,767 | EPOCH 9 train_loss=0.225277
2026-08-27 20:01:35,567 | EPOCH 9 VAL loss=0.249318 acc=0.9077 pre=0.9088 rec=0.9088 f1=0.9082
2026-08-27 20:01:40,417 | EPOCH 9 train_loss=0.225224
2026-08-27 20:01:41,845 | EPOCH 9 VAL loss=0.248311 acc=0.9083 pre=0.9093 rec=0.9095 f1=0.9089
2026-08-27 20:01:48,635 | EPOCH 10 train_loss=0.214593
2026-08-27 20:01:49,542 | EPOCH 10 VAL loss=0.249440 acc=0.9080 pre=0.9100 rec=0.9088 f1=0.9066
2026-08-27 20:01:53,299 | EPOCH 10 train_loss=0.214653
2026-08-27 20:01:54,287 | EPOCH 10 VAL loss=0.248744 acc=0.9088 pre=0.9108 rec=0.9096 f1=0.9073
2026-08-27 20:02:03,156 | EPOCH 11 train_loss=0.201760
2026-08-27 20:02:04,321 | EPOCH 11 VAL loss=0.241535 acc=0.9120 pre=0.9170 rec=0.9131 f1=0.9140 BEST
2026-08-27 20:02:06,430 | EPOCH 11 train_loss=0.202005
2026-08-27 20:02:07,370 | EPOCH 11 VAL loss=0.241594 acc=0.9113 pre=0.9164 rec=0.9124 f1=0.9134 BEST
