2026-08-27 16:29:49,155 | START mlp_nadam_lr0.0005_s42 opt=nadam lr=0.0005 seed=42 device=cuda epochs=150 best_by=f1 stop_by=f1
2026-08-27 16:29:59,020 | START mlp_nadam_lr0.0005_s42 opt=nadam lr=0.0005 seed=42 device=cuda epochs=150 best_by=f1 stop_by=f1
2026-08-27 16:29:59,034 | RESUMED from epoch 0, batch 400
2026-08-27 16:30:09,433 | EPOCH 1 train_loss=0.575248
2026-08-27 16:30:10,894 | EPOCH 1 VAL loss=0.446094 acc=0.8437 pre=0.8451 rec=0.8461 f1=0.8432 BEST
2026-08-27 16:30:17,130 | START mlp_nadam_lr0.0005_s42 opt=nadam lr=0.0005 seed=42 device=cuda epochs=150 best_by=f1 stop_by=f1
2026-08-27 16:30:17,160 | RESUMED from epoch 1, batch 200
2026-08-27 16:30:18,480 | EPOCH 1 train_loss=0.458360
2026-08-27 16:30:20,091 | EPOCH 1 VAL loss=0.446094 acc=0.8437 pre=0.8451 rec=0.8461 f1=0.8432 BEST
2026-08-27 16:30:33,862 | EPOCH 2 train_loss=0.394307
2026-08-27 16:30:35,780 | EPOCH 2 VAL loss=0.385630 acc=0.8592 pre=0.8646 rec=0.8591 f1=0.8606 BEST
2026-08-27 16:30:38,249 | EPOCH 2 train_loss=0.389458
2026-08-27 16:30:40,348 | EPOCH 2 VAL loss=0.385630 acc=0.8592 pre=0.8646 rec=0.8591 f1=0.8606 BEST
2026-08-27 16:30:44,086 | EPOCH 2 train_loss=0.394307
2026-08-27 16:30:45,827 | EPOCH 2 VAL loss=0.385630 acc=0.8592 pre=0.8646 rec=0.8591 f1=0.8606 BEST
2026-08-27 16:30:59,542 | EPOCH 3 train_loss=0.348689
2026-08-27 16:31:01,306 | EPOCH 3 VAL loss=0.359904 acc=0.8735 pre=0.8739 rec=0.8748 f1=0.8729 BEST
2026-08-27 16:31:04,699 | EPOCH 3 train_loss=0.348689
2026-08-27 16:31:06,420 | EPOCH 3 VAL loss=0.359904 acc=0.8735 pre=0.8739 rec=0.8748 f1=0.8729 BEST
2026-08-27 16:31:07,882 | EPOCH 3 train_loss=0.348689
2026-08-27 16:31:09,576 | EPOCH 3 VAL loss=0.359904 acc=0.8735 pre=0.8739 rec=0.8748 f1=0.8729 BEST
2026-08-27 16:31:22,089 | EPOCH 4 train_loss=0.320540
2026-08-27 16:31:23,655 | EPOCH 4 VAL loss=0.338682 acc=0.8757 pre=0.8781 rec=0.8768 f1=0.8770 BEST
2026-08-27 16:31:29,754 | EPOCH 4 train_loss=0.320540
2026-08-27 16:31:31,432 | EPOCH 4 VAL loss=0.338682 acc=0.8757 pre=0.8781 rec=0.8768 f1=0.8770 BEST
2026-08-27 16:31:31,932 | EPOCH 4 train_loss=0.320540
2026-08-27 16:31:33,649 | EPOCH 4 VAL loss=0.338682 acc=0.8757 pre=0.8781 rec=0.8768 f1=0.8770 BEST
2026-08-27 16:31:45,099 | EPOCH 5 train_loss=0.298799
2026-08-27 16:31:47,107 | EPOCH 5 VAL loss=0.323640 acc=0.8760 pre=0.8780 rec=0.8772 f1=0.8764
2026-08-27 16:31:53,684 | EPOCH 5 train_loss=0.298799
2026-08-27 16:31:55,479 | EPOCH 5 VAL loss=0.323640 acc=0.8760 pre=0.8780 rec=0.8772 f1=0.8764
2026-08-27 16:31:56,231 | EPOCH 5 train_loss=0.298799
2026-08-27 16:31:58,366 | EPOCH 5 VAL loss=0.323640 acc=0.8760 pre=0.8780 rec=0.8772 f1=0.8764
2026-08-27 16:32:07,032 | EPOCH 6 train_loss=0.282389
2026-08-27 16:32:09,555 | EPOCH 6 VAL loss=0.320436 acc=0.8815 pre=0.8813 rec=0.8828 f1=0.8807 BEST
2026-08-27 16:32:17,192 | EPOCH 6 train_loss=0.282389
2026-08-27 16:32:19,129 | EPOCH 6 VAL loss=0.320436 acc=0.8815 pre=0.8813 rec=0.8828 f1=0.8807 BEST
2026-08-27 16:32:20,791 | EPOCH 6 train_loss=0.282389
2026-08-27 16:32:22,370 | EPOCH 6 VAL loss=0.320436 acc=0.8815 pre=0.8813 rec=0.8828 f1=0.8807 BEST
2026-08-27 16:32:32,998 | EPOCH 7 train_loss=0.266648
2026-08-27 16:32:34,868 | EPOCH 7 VAL loss=0.330380 acc=0.8808 pre=0.8846 rec=0.8827 f1=0.8818 BEST
2026-08-27 16:32:42,513 | EPOCH 7 train_loss=0.266648
2026-08-27 16:32:44,177 | EPOCH 7 train_loss=0.266648
2026-08-27 16:32:44,478 | EPOCH 7 VAL loss=0.330380 acc=0.8808 pre=0.8846 rec=0.8827 f1=0.8818 BEST
2026-08-27 16:32:45,852 | EPOCH 7 VAL loss=0.330380 acc=0.8808 pre=0.8846 rec=0.8827 f1=0.8818 BEST
2026-08-27 16:32:56,659 | EPOCH 8 train_loss=0.253706
2026-08-27 16:32:58,545 | EPOCH 8 VAL loss=0.309926 acc=0.8873 pre=0.8905 rec=0.8874 f1=0.8863 BEST
2026-08-27 16:33:06,787 | EPOCH 8 train_loss=0.253706
2026-08-27 16:33:08,293 | EPOCH 8 train_loss=0.253706
2026-08-27 16:33:08,615 | EPOCH 8 VAL loss=0.309926 acc=0.8873 pre=0.8905 rec=0.8874 f1=0.8863 BEST
2026-08-27 16:33:10,381 | EPOCH 8 VAL loss=0.309926 acc=0.8873 pre=0.8905 rec=0.8874 f1=0.8863 BEST
2026-08-27 16:33:18,910 | EPOCH 9 train_loss=0.241731
2026-08-27 16:33:20,956 | EPOCH 9 VAL loss=0.308432 acc=0.8892 pre=0.8904 rec=0.8900 f1=0.8884 BEST
2026-08-27 16:33:30,391 | EPOCH 9 train_loss=0.241731
2026-08-27 16:33:32,775 | EPOCH 9 VAL loss=0.308432 acc=0.8892 pre=0.8904 rec=0.8900 f1=0.8884 BEST
2026-08-27 16:33:32,908 | EPOCH 9 train_loss=0.241731
2026-08-27 16:33:35,186 | EPOCH 9 VAL loss=0.308432 acc=0.8892 pre=0.8904 rec=0.8900 f1=0.8884 BEST
2026-08-27 16:33:44,130 | EPOCH 10 train_loss=0.232542
2026-08-27 16:33:45,923 | EPOCH 10 VAL loss=0.329289 acc=0.8802 pre=0.8839 rec=0.8810 f1=0.8804
2026-08-27 16:33:54,201 | EPOCH 10 train_loss=0.232542
2026-08-27 16:33:56,337 | EPOCH 10 train_loss=0.232542
2026-08-27 16:33:56,381 | EPOCH 10 VAL loss=0.329289 acc=0.8802 pre=0.8839 rec=0.8810 f1=0.8804
2026-08-27 16:33:58,419 | EPOCH 10 VAL loss=0.329289 acc=0.8802 pre=0.8839 rec=0.8810 f1=0.8804
2026-08-27 16:34:07,771 | EPOCH 11 train_loss=0.222413
2026-08-27 16:34:09,913 | EPOCH 11 VAL loss=0.309022 acc=0.8885 pre=0.8889 rec=0.8901 f1=0.8880
2026-08-27 16:34:18,327 | EPOCH 11 train_loss=0.222413
2026-08-27 16:34:19,077 | EPOCH 11 train_loss=0.222413
2026-08-27 16:34:19,763 | EPOCH 11 VAL loss=0.309022 acc=0.8885 pre=0.8889 rec=0.8901 f1=0.8880
2026-08-27 16:34:20,719 | EPOCH 11 VAL loss=0.309022 acc=0.8885 pre=0.8889 rec=0.8901 f1=0.8880
2026-08-27 16:34:31,828 | EPOCH 12 train_loss=0.214308
2026-08-27 16:34:33,788 | EPOCH 12 VAL loss=0.300091 acc=0.8918 pre=0.8928 rec=0.8931 f1=0.8921 BEST
2026-08-27 16:34:40,906 | EPOCH 12 train_loss=0.214308
2026-08-27 16:34:41,135 | EPOCH 12 train_loss=0.214308
2026-08-27 16:34:42,621 | EPOCH 12 VAL loss=0.300091 acc=0.8918 pre=0.8928 rec=0.8931 f1=0.8921 BEST
2026-08-27 16:34:42,807 | EPOCH 12 VAL loss=0.300091 acc=0.8918 pre=0.8928 rec=0.8931 f1=0.8921 BEST
2026-08-27 16:34:58,730 | EPOCH 13 train_loss=0.203877
2026-08-27 16:35:00,446 | EPOCH 13 VAL loss=0.315293 acc=0.8862 pre=0.8910 rec=0.8878 f1=0.8879
2026-08-27 16:35:04,927 | EPOCH 13 train_loss=0.203877
2026-08-27 16:35:05,281 | EPOCH 13 train_loss=0.203877
2026-08-27 16:35:06,696 | EPOCH 13 VAL loss=0.315293 acc=0.8862 pre=0.8910 rec=0.8878 f1=0.8879
2026-08-27 16:35:07,043 | EPOCH 13 VAL loss=0.315293 acc=0.8862 pre=0.8910 rec=0.8878 f1=0.8879
2026-08-27 16:35:20,446 | EPOCH 14 train_loss=0.198584
2026-08-27 16:35:22,630 | EPOCH 14 VAL loss=0.308892 acc=0.8905 pre=0.8906 rec=0.8916 f1=0.8906
2026-08-27 16:35:27,988 | EPOCH 14 train_loss=0.198584
2026-08-27 16:35:29,360 | EPOCH 14 train_loss=0.198584
2026-08-27 16:35:30,111 | EPOCH 14 VAL loss=0.308892 acc=0.8905 pre=0.8906 rec=0.8916 f1=0.8906
2026-08-27 16:35:31,214 | EPOCH 14 VAL loss=0.308892 acc=0.8905 pre=0.8906 rec=0.8916 f1=0.8906
2026-08-27 16:35:42,954 | EPOCH 15 train_loss=0.190329
2026-08-27 16:35:45,240 | EPOCH 15 VAL loss=0.321444 acc=0.8862 pre=0.8884 rec=0.8874 f1=0.8849
2026-08-27 16:35:51,914 | EPOCH 15 train_loss=0.190329
2026-08-27 16:35:52,216 | EPOCH 15 train_loss=0.190329
2026-08-27 16:35:53,751 | EPOCH 15 VAL loss=0.321444 acc=0.8862 pre=0.8884 rec=0.8874 f1=0.8849
2026-08-27 16:35:53,900 | EPOCH 15 VAL loss=0.321444 acc=0.8862 pre=0.8884 rec=0.8874 f1=0.8849
2026-08-27 16:36:06,322 | EPOCH 16 train_loss=0.183953
2026-08-27 16:36:08,131 | EPOCH 16 VAL loss=0.305128 acc=0.8930 pre=0.8935 rec=0.8937 f1=0.8929 BEST
2026-08-27 16:36:15,387 | EPOCH 16 train_loss=0.183953
2026-08-27 16:36:16,335 | EPOCH 16 train_loss=0.183953
2026-08-27 16:36:17,416 | EPOCH 16 VAL loss=0.305128 acc=0.8930 pre=0.8935 rec=0.8937 f1=0.8929 BEST
2026-08-27 16:36:18,397 | EPOCH 16 VAL loss=0.305128 acc=0.8930 pre=0.8935 rec=0.8937 f1=0.8929 BEST
2026-08-27 16:36:31,201 | EPOCH 17 train_loss=0.176497
2026-08-27 16:36:32,985 | EPOCH 17 VAL loss=0.306948 acc=0.8942 pre=0.8965 rec=0.8959 f1=0.8956 BEST
2026-08-27 16:36:40,641 | EPOCH 17 train_loss=0.176497
2026-08-27 16:36:41,209 | EPOCH 17 train_loss=0.176497
2026-08-27 16:36:42,572 | EPOCH 17 VAL loss=0.306948 acc=0.8942 pre=0.8965 rec=0.8959 f1=0.8956 BEST
2026-08-27 16:36:43,089 | EPOCH 17 VAL loss=0.306948 acc=0.8942 pre=0.8965 rec=0.8959 f1=0.8956 BEST
2026-08-27 16:36:56,444 | EPOCH 18 train_loss=0.171115
2026-08-27 16:36:58,309 | EPOCH 18 VAL loss=0.313499 acc=0.8912 pre=0.8911 rec=0.8923 f1=0.8903
2026-08-27 16:37:04,973 | EPOCH 18 train_loss=0.171115
2026-08-27 16:37:05,800 | EPOCH 18 train_loss=0.171115
2026-08-27 16:37:07,770 | EPOCH 18 VAL loss=0.313499 acc=0.8912 pre=0.8911 rec=0.8923 f1=0.8903
2026-08-27 16:37:08,259 | EPOCH 18 VAL loss=0.313499 acc=0.8912 pre=0.8911 rec=0.8923 f1=0.8903
2026-08-27 16:37:19,317 | EPOCH 19 train_loss=0.163181
2026-08-27 16:37:21,039 | EPOCH 19 VAL loss=0.304656 acc=0.8935 pre=0.8939 rec=0.8941 f1=0.8939
2026-08-27 16:37:28,952 | EPOCH 19 train_loss=0.163181
2026-08-27 16:37:29,116 | EPOCH 19 train_loss=0.163181
2026-08-27 16:37:30,779 | EPOCH 19 VAL loss=0.304656 acc=0.8935 pre=0.8939 rec=0.8941 f1=0.8939
2026-08-27 16:37:30,864 | EPOCH 19 VAL loss=0.304656 acc=0.8935 pre=0.8939 rec=0.8941 f1=0.8939
2026-08-27 16:37:41,252 | EPOCH 20 train_loss=0.157444
2026-08-27 16:37:42,664 | EPOCH 20 VAL loss=0.321133 acc=0.8950 pre=0.8951 rec=0.8960 f1=0.8947
2026-08-27 16:37:51,864 | EPOCH 20 train_loss=0.157444
2026-08-27 16:37:52,197 | EPOCH 20 train_loss=0.157444
2026-08-27 16:37:53,631 | EPOCH 20 VAL loss=0.321133 acc=0.8950 pre=0.8951 rec=0.8960 f1=0.8947
2026-08-27 16:37:54,016 | EPOCH 20 VAL loss=0.321133 acc=0.8950 pre=0.8951 rec=0.8960 f1=0.8947
2026-08-27 16:38:03,948 | EPOCH 21 train_loss=0.153099
2026-08-27 16:38:05,795 | EPOCH 21 VAL loss=0.352836 acc=0.8857 pre=0.8875 rec=0.8873 f1=0.8871
2026-08-27 16:38:14,346 | EPOCH 21 train_loss=0.153099
2026-08-27 16:38:16,051 | EPOCH 21 VAL loss=0.352836 acc=0.8857 pre=0.8875 rec=0.8873 f1=0.8871
2026-08-27 16:38:17,648 | EPOCH 21 train_loss=0.153099
2026-08-27 16:38:19,324 | EPOCH 21 VAL loss=0.352836 acc=0.8857 pre=0.8875 rec=0.8873 f1=0.8871
2026-08-27 16:38:26,900 | EPOCH 22 train_loss=0.145964
2026-08-27 16:38:29,514 | EPOCH 22 VAL loss=0.333625 acc=0.8908 pre=0.8917 rec=0.8915 f1=0.8907
2026-08-27 16:38:35,993 | EPOCH 22 train_loss=0.145964
2026-08-27 16:38:37,818 | EPOCH 22 VAL loss=0.333625 acc=0.8908 pre=0.8917 rec=0.8915 f1=0.8907
2026-08-27 16:38:42,424 | EPOCH 22 train_loss=0.145964
2026-08-27 16:38:44,400 | EPOCH 22 VAL loss=0.333625 acc=0.8908 pre=0.8917 rec=0.8915 f1=0.8907
2026-08-27 16:38:50,166 | EPOCH 23 train_loss=0.143371
2026-08-27 16:38:52,574 | EPOCH 23 VAL loss=0.327519 acc=0.8913 pre=0.8913 rec=0.8926 f1=0.8915
2026-08-27 16:38:59,204 | EPOCH 23 train_loss=0.143371
2026-08-27 16:39:01,170 | EPOCH 23 VAL loss=0.327519 acc=0.8913 pre=0.8913 rec=0.8926 f1=0.8915
2026-08-27 16:39:05,304 | EPOCH 23 train_loss=0.143371
2026-08-27 16:39:07,263 | EPOCH 23 VAL loss=0.327519 acc=0.8913 pre=0.8913 rec=0.8926 f1=0.8915
2026-08-27 16:39:14,119 | EPOCH 24 train_loss=0.136202
2026-08-27 16:39:15,935 | EPOCH 24 VAL loss=0.346713 acc=0.8912 pre=0.8913 rec=0.8916 f1=0.8908
2026-08-27 16:39:21,785 | EPOCH 24 train_loss=0.136202
2026-08-27 16:39:23,504 | EPOCH 24 VAL loss=0.346713 acc=0.8912 pre=0.8913 rec=0.8916 f1=0.8908
2026-08-27 16:39:29,772 | EPOCH 24 train_loss=0.136202
2026-08-27 16:39:31,510 | EPOCH 24 VAL loss=0.346713 acc=0.8912 pre=0.8913 rec=0.8916 f1=0.8908
2026-08-27 16:39:37,194 | EPOCH 25 train_loss=0.131261
2026-08-27 16:39:39,110 | EPOCH 25 VAL loss=0.353268 acc=0.8907 pre=0.8902 rec=0.8914 f1=0.8904
2026-08-27 16:39:42,948 | EPOCH 25 train_loss=0.131261
2026-08-27 16:39:44,838 | EPOCH 25 VAL loss=0.353268 acc=0.8907 pre=0.8902 rec=0.8914 f1=0.8904
2026-08-27 16:39:52,564 | EPOCH 25 train_loss=0.131261
2026-08-27 16:39:54,282 | EPOCH 25 VAL loss=0.353268 acc=0.8907 pre=0.8902 rec=0.8914 f1=0.8904
2026-08-27 16:40:02,781 | EPOCH 26 train_loss=0.127504
2026-08-27 16:40:04,584 | EPOCH 26 VAL loss=0.354600 acc=0.8878 pre=0.8881 rec=0.8882 f1=0.8869
2026-08-27 16:40:05,997 | EPOCH 26 train_loss=0.127504
2026-08-27 16:40:07,780 | EPOCH 26 VAL loss=0.354600 acc=0.8878 pre=0.8881 rec=0.8882 f1=0.8869
2026-08-27 16:40:15,730 | EPOCH 26 train_loss=0.127504
2026-08-27 16:40:17,641 | EPOCH 26 VAL loss=0.354600 acc=0.8878 pre=0.8881 rec=0.8882 f1=0.8869
2026-08-27 16:40:26,612 | EPOCH 27 train_loss=0.124814
2026-08-27 16:40:28,119 | EPOCH 27 VAL loss=0.349364 acc=0.8950 pre=0.8955 rec=0.8965 f1=0.8958 BEST
2026-08-27 16:40:30,746 | EPOCH 27 train_loss=0.124814
2026-08-27 16:40:32,413 | EPOCH 27 VAL loss=0.349364 acc=0.8950 pre=0.8955 rec=0.8965 f1=0.8958 BEST
2026-08-27 16:40:38,259 | EPOCH 27 train_loss=0.124814
2026-08-27 16:40:40,228 | EPOCH 27 VAL loss=0.349364 acc=0.8950 pre=0.8955 rec=0.8965 f1=0.8958 BEST
2026-08-27 16:40:50,182 | EPOCH 28 train_loss=0.119096
2026-08-27 16:40:51,969 | EPOCH 28 VAL loss=0.370573 acc=0.8903 pre=0.8908 rec=0.8911 f1=0.8896
2026-08-27 16:40:54,594 | EPOCH 28 train_loss=0.119096
2026-08-27 16:40:56,141 | EPOCH 28 VAL loss=0.370573 acc=0.8903 pre=0.8908 rec=0.8911 f1=0.8896
2026-08-27 16:41:01,849 | EPOCH 28 train_loss=0.119096
2026-08-27 16:41:04,021 | EPOCH 28 VAL loss=0.370573 acc=0.8903 pre=0.8908 rec=0.8911 f1=0.8896
2026-08-27 16:41:12,359 | EPOCH 29 train_loss=0.113886
2026-08-27 16:41:14,116 | EPOCH 29 VAL loss=0.388483 acc=0.8872 pre=0.8888 rec=0.8881 f1=0.8872
2026-08-27 16:41:18,720 | EPOCH 29 train_loss=0.113886
2026-08-27 16:41:20,375 | EPOCH 29 VAL loss=0.388483 acc=0.8872 pre=0.8888 rec=0.8881 f1=0.8872
2026-08-27 16:41:27,263 | EPOCH 29 train_loss=0.113886
2026-08-27 16:41:29,160 | EPOCH 29 VAL loss=0.388483 acc=0.8872 pre=0.8888 rec=0.8881 f1=0.8872
2026-08-27 16:41:34,488 | EPOCH 30 train_loss=0.113120
2026-08-27 16:41:37,064 | EPOCH 30 VAL loss=0.384467 acc=0.8898 pre=0.8921 rec=0.8917 f1=0.8912
2026-08-27 16:41:42,486 | EPOCH 30 train_loss=0.113120
2026-08-27 16:41:44,530 | EPOCH 30 VAL loss=0.384467 acc=0.8898 pre=0.8921 rec=0.8917 f1=0.8912
2026-08-27 16:41:51,480 | EPOCH 30 train_loss=0.113120
2026-08-27 16:41:53,241 | EPOCH 30 VAL loss=0.384467 acc=0.8898 pre=0.8921 rec=0.8917 f1=0.8912
2026-08-27 16:41:56,702 | EPOCH 31 train_loss=0.104424
2026-08-27 16:41:58,594 | EPOCH 31 VAL loss=0.376329 acc=0.8938 pre=0.8941 rec=0.8949 f1=0.8941
2026-08-27 16:42:05,792 | EPOCH 31 train_loss=0.104424
2026-08-27 16:42:07,582 | EPOCH 31 VAL loss=0.376329 acc=0.8938 pre=0.8941 rec=0.8949 f1=0.8941
2026-08-27 16:42:15,265 | EPOCH 31 train_loss=0.104424
2026-08-27 16:42:17,007 | EPOCH 31 VAL loss=0.376329 acc=0.8938 pre=0.8941 rec=0.8949 f1=0.8941
2026-08-27 16:42:20,491 | EPOCH 32 train_loss=0.105205
2026-08-27 16:42:22,310 | EPOCH 32 VAL loss=0.440300 acc=0.8837 pre=0.8837 rec=0.8856 f1=0.8838
2026-08-27 16:42:27,711 | EPOCH 32 train_loss=0.105205
2026-08-27 16:42:29,970 | EPOCH 32 VAL loss=0.440300 acc=0.8837 pre=0.8837 rec=0.8856 f1=0.8838
2026-08-27 16:42:38,381 | EPOCH 32 train_loss=0.105205
2026-08-27 16:42:40,334 | EPOCH 32 VAL loss=0.440300 acc=0.8837 pre=0.8837 rec=0.8856 f1=0.8838
2026-08-27 16:42:43,866 | EPOCH 33 train_loss=0.100824
2026-08-27 16:42:45,711 | EPOCH 33 VAL loss=0.411229 acc=0.8898 pre=0.8915 rec=0.8908 f1=0.8898
2026-08-27 16:42:49,499 | EPOCH 33 train_loss=0.100824
2026-08-27 16:42:51,300 | EPOCH 33 VAL loss=0.411229 acc=0.8898 pre=0.8915 rec=0.8908 f1=0.8898
2026-08-27 16:43:03,007 | EPOCH 33 train_loss=0.100824
2026-08-27 16:43:04,881 | EPOCH 33 VAL loss=0.411229 acc=0.8898 pre=0.8915 rec=0.8908 f1=0.8898
2026-08-27 16:43:07,868 | EPOCH 34 train_loss=0.095336
2026-08-27 16:43:09,833 | EPOCH 34 VAL loss=0.415820 acc=0.8915 pre=0.8927 rec=0.8924 f1=0.8918
2026-08-27 16:43:13,378 | EPOCH 34 train_loss=0.095336
2026-08-27 16:43:15,230 | EPOCH 34 VAL loss=0.415820 acc=0.8915 pre=0.8927 rec=0.8924 f1=0.8918
2026-08-27 16:43:27,241 | EPOCH 34 train_loss=0.095336
2026-08-27 16:43:29,038 | EPOCH 34 VAL loss=0.415820 acc=0.8915 pre=0.8927 rec=0.8924 f1=0.8918
2026-08-27 16:43:31,078 | EPOCH 35 train_loss=0.094614
2026-08-27 16:43:32,807 | EPOCH 35 VAL loss=0.426239 acc=0.8965 pre=0.8979 rec=0.8967 f1=0.8962 BEST
2026-08-27 16:43:36,662 | EPOCH 35 train_loss=0.094614
2026-08-27 16:43:38,232 | EPOCH 35 VAL loss=0.426239 acc=0.8965 pre=0.8979 rec=0.8967 f1=0.8962 BEST
2026-08-27 16:43:50,713 | EPOCH 35 train_loss=0.094614
2026-08-27 16:43:52,406 | EPOCH 35 VAL loss=0.426239 acc=0.8965 pre=0.8979 rec=0.8967 f1=0.8962 BEST
2026-08-27 16:43:55,507 | EPOCH 36 train_loss=0.093024
2026-08-27 16:43:57,359 | EPOCH 36 VAL loss=0.427691 acc=0.8927 pre=0.8941 rec=0.8932 f1=0.8929
2026-08-27 16:44:00,448 | EPOCH 36 train_loss=0.093024
2026-08-27 16:44:02,154 | EPOCH 36 VAL loss=0.427691 acc=0.8927 pre=0.8941 rec=0.8932 f1=0.8929
2026-08-27 16:44:15,475 | EPOCH 36 train_loss=0.093024
2026-08-27 16:44:17,454 | EPOCH 36 VAL loss=0.427691 acc=0.8927 pre=0.8941 rec=0.8932 f1=0.8929
2026-08-27 16:44:18,017 | EPOCH 37 train_loss=0.087959
2026-08-27 16:44:19,694 | EPOCH 37 VAL loss=0.429241 acc=0.8907 pre=0.8910 rec=0.8914 f1=0.8897
2026-08-27 16:44:25,246 | EPOCH 37 train_loss=0.087959
2026-08-27 16:44:26,904 | EPOCH 37 VAL loss=0.429241 acc=0.8907 pre=0.8910 rec=0.8914 f1=0.8897
2026-08-27 16:44:38,450 | EPOCH 37 train_loss=0.087959
2026-08-27 16:44:40,588 | EPOCH 38 train_loss=0.084280
2026-08-27 16:44:41,025 | EPOCH 37 VAL loss=0.429241 acc=0.8907 pre=0.8910 rec=0.8914 f1=0.8897
2026-08-27 16:44:42,948 | EPOCH 38 VAL loss=0.453656 acc=0.8925 pre=0.8936 rec=0.8933 f1=0.8921
2026-08-27 16:44:48,300 | EPOCH 38 train_loss=0.084280
2026-08-27 16:44:50,312 | EPOCH 38 VAL loss=0.453656 acc=0.8925 pre=0.8936 rec=0.8933 f1=0.8921
2026-08-27 16:45:02,057 | EPOCH 38 train_loss=0.084280
2026-08-27 16:45:03,107 | EPOCH 39 train_loss=0.084592
2026-08-27 16:45:04,383 | EPOCH 38 VAL loss=0.453656 acc=0.8925 pre=0.8936 rec=0.8933 f1=0.8921
2026-08-27 16:45:05,434 | EPOCH 39 VAL loss=0.452720 acc=0.8925 pre=0.8959 rec=0.8941 f1=0.8945
2026-08-27 16:45:12,329 | EPOCH 39 train_loss=0.084592
2026-08-27 16:45:14,099 | EPOCH 39 VAL loss=0.452720 acc=0.8925 pre=0.8959 rec=0.8941 f1=0.8945
2026-08-27 16:45:26,184 | EPOCH 39 train_loss=0.084592
2026-08-27 16:45:26,351 | EPOCH 40 train_loss=0.077026
2026-08-27 16:45:28,117 | EPOCH 39 VAL loss=0.452720 acc=0.8925 pre=0.8959 rec=0.8941 f1=0.8945
2026-08-27 16:45:28,168 | EPOCH 40 VAL loss=0.469955 acc=0.8885 pre=0.8890 rec=0.8891 f1=0.8875
2026-08-27 16:45:35,208 | EPOCH 40 train_loss=0.077026
2026-08-27 16:45:36,823 | EPOCH 40 VAL loss=0.469955 acc=0.8885 pre=0.8890 rec=0.8891 f1=0.8875
2026-08-27 16:45:48,489 | EPOCH 41 train_loss=0.078500
2026-08-27 16:45:50,294 | EPOCH 41 VAL loss=0.465887 acc=0.8917 pre=0.8910 rec=0.8924 f1=0.8911
2026-08-27 16:45:50,328 | EPOCH 40 train_loss=0.077026
2026-08-27 16:45:51,993 | EPOCH 40 VAL loss=0.469955 acc=0.8885 pre=0.8890 rec=0.8891 f1=0.8875
2026-08-27 16:45:57,858 | EPOCH 41 train_loss=0.078500
2026-08-27 16:46:00,034 | EPOCH 41 VAL loss=0.465887 acc=0.8917 pre=0.8910 rec=0.8924 f1=0.8911
2026-08-27 16:46:12,142 | EPOCH 42 train_loss=0.076760
2026-08-27 16:46:13,878 | EPOCH 42 VAL loss=0.459838 acc=0.8928 pre=0.8937 rec=0.8942 f1=0.8933
2026-08-27 16:46:14,308 | EPOCH 41 train_loss=0.078500
2026-08-27 16:46:16,110 | EPOCH 41 VAL loss=0.465887 acc=0.8917 pre=0.8910 rec=0.8924 f1=0.8911
2026-08-27 16:46:19,870 | EPOCH 42 train_loss=0.076760
2026-08-27 16:46:21,663 | EPOCH 42 VAL loss=0.459838 acc=0.8928 pre=0.8937 rec=0.8942 f1=0.8933
2026-08-27 16:46:35,410 | EPOCH 43 train_loss=0.071278
2026-08-27 16:46:36,651 | EPOCH 42 train_loss=0.076760
2026-08-27 16:46:37,305 | EPOCH 43 VAL loss=0.461943 acc=0.8905 pre=0.8909 rec=0.8919 f1=0.8909
2026-08-27 16:46:38,244 | EPOCH 42 VAL loss=0.459838 acc=0.8928 pre=0.8937 rec=0.8942 f1=0.8933
2026-08-27 16:46:43,506 | EPOCH 43 train_loss=0.071278
2026-08-27 16:46:45,573 | EPOCH 43 VAL loss=0.461943 acc=0.8905 pre=0.8909 rec=0.8919 f1=0.8909
2026-08-27 16:46:59,065 | EPOCH 44 train_loss=0.072734
2026-08-27 16:47:00,014 | EPOCH 43 train_loss=0.071278
2026-08-27 16:47:00,665 | EPOCH 44 VAL loss=0.471305 acc=0.8918 pre=0.8937 rec=0.8923 f1=0.8915
2026-08-27 16:47:01,712 | EPOCH 43 VAL loss=0.461943 acc=0.8905 pre=0.8909 rec=0.8919 f1=0.8909
2026-08-27 16:47:07,556 | EPOCH 44 train_loss=0.072734
2026-08-27 16:47:09,559 | EPOCH 44 VAL loss=0.471305 acc=0.8918 pre=0.8937 rec=0.8923 f1=0.8915
2026-08-27 16:47:22,661 | EPOCH 45 train_loss=0.067549
2026-08-27 16:47:24,298 | EPOCH 44 train_loss=0.072734
2026-08-27 16:47:24,415 | EPOCH 45 VAL loss=0.486615 acc=0.8938 pre=0.8945 rec=0.8947 f1=0.8941
2026-08-27 16:47:24,430 | DONE best_epoch=35 best_val_loss=0.426239 early_stop=True time=1053.16s
2026-08-27 16:47:25,843 | EPOCH 44 VAL loss=0.471305 acc=0.8918 pre=0.8937 rec=0.8923 f1=0.8915
