2026-08-27 06:51:11,388 | START mlp_sgd_lr0.01_s123 opt=sgd lr=0.01 seed=123 device=cuda epochs=150 best_by=f1 stop_by=f1
2026-08-27 06:51:18,075 | EPOCH 1 train_loss=1.446613
2026-08-27 06:51:18,646 | EPOCH 1 VAL loss=0.858611 acc=0.6750 pre=0.6808 rec=0.6781 f1=0.6344 BEST
2026-08-27 06:51:25,478 | EPOCH 2 train_loss=0.735274
2026-08-27 06:51:26,042 | EPOCH 2 VAL loss=0.667765 acc=0.7587 pre=0.7468 rec=0.7595 f1=0.7453 BEST
2026-08-27 06:51:32,748 | EPOCH 3 train_loss=0.613605
2026-08-27 06:51:33,313 | EPOCH 3 VAL loss=0.599622 acc=0.7872 pre=0.7916 rec=0.7891 f1=0.7838 BEST
2026-08-27 06:51:40,647 | EPOCH 4 train_loss=0.552064
2026-08-27 06:51:41,586 | EPOCH 4 VAL loss=0.548491 acc=0.8077 pre=0.8135 rec=0.8085 f1=0.8088 BEST
2026-08-27 06:51:48,486 | EPOCH 5 train_loss=0.514502
2026-08-27 06:51:49,047 | EPOCH 5 VAL loss=0.536101 acc=0.8090 pre=0.8150 rec=0.8104 f1=0.8074
2026-08-27 06:51:55,445 | EPOCH 6 train_loss=0.489402
2026-08-27 06:51:56,048 | EPOCH 6 VAL loss=0.496153 acc=0.8273 pre=0.8289 rec=0.8282 f1=0.8277 BEST
2026-08-27 06:52:03,180 | EPOCH 7 train_loss=0.471200
2026-08-27 06:52:03,791 | EPOCH 7 VAL loss=0.478033 acc=0.8322 pre=0.8309 rec=0.8330 f1=0.8313 BEST
2026-08-27 06:52:10,547 | EPOCH 8 train_loss=0.457589
2026-08-27 06:52:11,150 | EPOCH 8 VAL loss=0.474551 acc=0.8317 pre=0.8360 rec=0.8331 f1=0.8334 BEST
2026-08-27 06:52:17,850 | EPOCH 9 train_loss=0.444819
2026-08-27 06:52:18,412 | EPOCH 9 VAL loss=0.472335 acc=0.8350 pre=0.8359 rec=0.8360 f1=0.8325
2026-08-27 06:52:25,466 | EPOCH 10 train_loss=0.435158
2026-08-27 06:52:26,022 | EPOCH 10 VAL loss=0.458895 acc=0.8350 pre=0.8423 rec=0.8366 f1=0.8377 BEST
2026-08-27 06:52:32,506 | EPOCH 11 train_loss=0.424991
2026-08-27 06:52:33,088 | EPOCH 11 VAL loss=0.456373 acc=0.8447 pre=0.8459 rec=0.8456 f1=0.8422 BEST
2026-08-27 06:52:39,876 | EPOCH 12 train_loss=0.417448
2026-08-27 06:52:40,555 | EPOCH 12 VAL loss=0.432091 acc=0.8470 pre=0.8471 rec=0.8474 f1=0.8470 BEST
2026-08-27 06:52:47,911 | EPOCH 13 train_loss=0.410829
2026-08-27 06:52:48,459 | EPOCH 13 VAL loss=0.447507 acc=0.8470 pre=0.8507 rec=0.8471 f1=0.8414
2026-08-27 06:52:54,809 | EPOCH 14 train_loss=0.404014
2026-08-27 06:52:55,379 | EPOCH 14 VAL loss=0.421572 acc=0.8513 pre=0.8500 rec=0.8520 f1=0.8498 BEST
2026-08-27 06:53:02,183 | EPOCH 15 train_loss=0.397001
2026-08-27 06:53:03,071 | EPOCH 15 VAL loss=0.426803 acc=0.8463 pre=0.8521 rec=0.8484 f1=0.8487
2026-08-27 06:53:09,566 | EPOCH 16 train_loss=0.390118
2026-08-27 06:53:10,129 | EPOCH 16 VAL loss=0.413942 acc=0.8528 pre=0.8574 rec=0.8545 f1=0.8548 BEST
2026-08-27 06:53:16,874 | EPOCH 17 train_loss=0.384943
2026-08-27 06:53:17,435 | EPOCH 17 VAL loss=0.412803 acc=0.8560 pre=0.8560 rec=0.8562 f1=0.8521
2026-08-27 06:53:24,347 | EPOCH 18 train_loss=0.378897
2026-08-27 06:53:24,937 | EPOCH 18 VAL loss=0.403837 acc=0.8587 pre=0.8606 rec=0.8597 f1=0.8593 BEST
2026-08-27 06:53:31,608 | EPOCH 19 train_loss=0.374065
2026-08-27 06:53:32,170 | EPOCH 19 VAL loss=0.399207 acc=0.8588 pre=0.8596 rec=0.8593 f1=0.8587
2026-08-27 06:53:38,500 | EPOCH 20 train_loss=0.368576
2026-08-27 06:53:39,053 | EPOCH 20 VAL loss=0.393106 acc=0.8590 pre=0.8587 rec=0.8600 f1=0.8583
2026-08-27 06:53:45,778 | EPOCH 21 train_loss=0.364505
2026-08-27 06:53:46,343 | EPOCH 21 VAL loss=0.407035 acc=0.8572 pre=0.8630 rec=0.8573 f1=0.8547
2026-08-27 06:53:52,735 | EPOCH 22 train_loss=0.359858
2026-08-27 06:53:53,319 | EPOCH 22 VAL loss=0.387299 acc=0.8630 pre=0.8650 rec=0.8643 f1=0.8630 BEST
2026-08-27 06:54:00,092 | EPOCH 23 train_loss=0.354814
2026-08-27 06:54:00,698 | EPOCH 23 VAL loss=0.393277 acc=0.8627 pre=0.8662 rec=0.8624 f1=0.8594
2026-08-27 06:54:07,228 | EPOCH 24 train_loss=0.350750
2026-08-27 06:54:07,778 | EPOCH 24 VAL loss=0.382660 acc=0.8612 pre=0.8659 rec=0.8626 f1=0.8631 BEST
2026-08-27 06:54:14,519 | EPOCH 25 train_loss=0.346178
2026-08-27 06:54:15,108 | EPOCH 25 VAL loss=0.380299 acc=0.8655 pre=0.8655 rec=0.8664 f1=0.8628
2026-08-27 06:54:21,541 | EPOCH 26 train_loss=0.341588
2026-08-27 06:54:22,095 | EPOCH 26 VAL loss=0.363707 acc=0.8712 pre=0.8718 rec=0.8721 f1=0.8714 BEST
2026-08-27 06:54:29,401 | EPOCH 27 train_loss=0.337656
2026-08-27 06:54:29,986 | EPOCH 27 VAL loss=0.372515 acc=0.8698 pre=0.8697 rec=0.8713 f1=0.8684
2026-08-27 06:54:36,286 | EPOCH 28 train_loss=0.333458
2026-08-27 06:54:36,853 | EPOCH 28 VAL loss=0.378413 acc=0.8610 pre=0.8695 rec=0.8626 f1=0.8641
2026-08-27 06:54:43,373 | EPOCH 29 train_loss=0.329792
2026-08-27 06:54:43,992 | EPOCH 29 VAL loss=0.357887 acc=0.8742 pre=0.8743 rec=0.8749 f1=0.8730 BEST
2026-08-27 06:54:51,030 | EPOCH 30 train_loss=0.326234
2026-08-27 06:54:51,591 | EPOCH 30 VAL loss=0.371828 acc=0.8648 pre=0.8701 rec=0.8670 f1=0.8663
2026-08-27 06:54:57,934 | EPOCH 31 train_loss=0.322295
2026-08-27 06:54:58,492 | EPOCH 31 VAL loss=0.354571 acc=0.8747 pre=0.8743 rec=0.8758 f1=0.8737 BEST
2026-08-27 06:55:05,233 | EPOCH 32 train_loss=0.318056
2026-08-27 06:55:05,813 | EPOCH 32 VAL loss=0.364123 acc=0.8722 pre=0.8724 rec=0.8738 f1=0.8708
2026-08-27 06:55:12,454 | EPOCH 33 train_loss=0.315533
2026-08-27 06:55:13,035 | EPOCH 33 VAL loss=0.362921 acc=0.8742 pre=0.8766 rec=0.8749 f1=0.8716
2026-08-27 06:55:19,327 | EPOCH 34 train_loss=0.311845
2026-08-27 06:55:19,893 | EPOCH 34 VAL loss=0.355767 acc=0.8722 pre=0.8762 rec=0.8740 f1=0.8735
2026-08-27 06:55:26,267 | EPOCH 35 train_loss=0.309431
2026-08-27 06:55:26,836 | EPOCH 35 VAL loss=0.349730 acc=0.8788 pre=0.8804 rec=0.8793 f1=0.8769 BEST
2026-08-27 06:55:34,019 | EPOCH 36 train_loss=0.305414
2026-08-27 06:55:34,596 | EPOCH 36 VAL loss=0.345203 acc=0.8782 pre=0.8817 rec=0.8797 f1=0.8802 BEST
2026-08-27 06:55:41,299 | EPOCH 37 train_loss=0.302250
2026-08-27 06:55:41,840 | EPOCH 37 VAL loss=0.345027 acc=0.8783 pre=0.8788 rec=0.8792 f1=0.8775
2026-08-27 06:55:48,151 | EPOCH 38 train_loss=0.299313
2026-08-27 06:55:48,693 | EPOCH 38 VAL loss=0.346849 acc=0.8775 pre=0.8806 rec=0.8786 f1=0.8785
2026-08-27 06:55:55,074 | EPOCH 39 train_loss=0.297591
2026-08-27 06:55:55,663 | EPOCH 39 VAL loss=0.334358 acc=0.8825 pre=0.8826 rec=0.8835 f1=0.8827 BEST
2026-08-27 06:56:02,166 | EPOCH 40 train_loss=0.294234
2026-08-27 06:56:02,772 | EPOCH 40 VAL loss=0.352976 acc=0.8697 pre=0.8797 rec=0.8719 f1=0.8729
2026-08-27 06:56:09,144 | EPOCH 41 train_loss=0.291491
2026-08-27 06:56:09,756 | EPOCH 41 VAL loss=0.331883 acc=0.8842 pre=0.8844 rec=0.8852 f1=0.8841 BEST
2026-08-27 06:56:17,113 | EPOCH 42 train_loss=0.289167
2026-08-27 06:56:17,690 | EPOCH 42 VAL loss=0.345199 acc=0.8762 pre=0.8793 rec=0.8777 f1=0.8768
2026-08-27 06:56:24,007 | EPOCH 43 train_loss=0.285246
2026-08-27 06:56:24,560 | EPOCH 43 VAL loss=0.346132 acc=0.8773 pre=0.8793 rec=0.8783 f1=0.8755
2026-08-27 06:56:30,870 | EPOCH 44 train_loss=0.283092
2026-08-27 06:56:31,435 | EPOCH 44 VAL loss=0.331540 acc=0.8850 pre=0.8858 rec=0.8854 f1=0.8840
2026-08-27 06:56:38,021 | EPOCH 45 train_loss=0.279459
2026-08-27 06:56:38,631 | EPOCH 45 VAL loss=0.333800 acc=0.8820 pre=0.8824 rec=0.8836 f1=0.8824
2026-08-27 06:56:45,066 | EPOCH 46 train_loss=0.277716
2026-08-27 06:56:45,646 | EPOCH 46 VAL loss=0.339797 acc=0.8790 pre=0.8799 rec=0.8800 f1=0.8784
2026-08-27 06:56:51,825 | EPOCH 47 train_loss=0.274379
2026-08-27 06:56:52,426 | EPOCH 47 VAL loss=0.336136 acc=0.8788 pre=0.8830 rec=0.8803 f1=0.8802
2026-08-27 06:56:58,918 | EPOCH 48 train_loss=0.272653
2026-08-27 06:56:59,456 | EPOCH 48 VAL loss=0.326166 acc=0.8853 pre=0.8862 rec=0.8859 f1=0.8844 BEST
2026-08-27 06:57:06,237 | EPOCH 49 train_loss=0.269903
2026-08-27 06:57:06,863 | EPOCH 49 VAL loss=0.341043 acc=0.8783 pre=0.8807 rec=0.8800 f1=0.8781
2026-08-27 06:57:13,215 | EPOCH 50 train_loss=0.267551
2026-08-27 06:57:13,884 | EPOCH 50 VAL loss=0.320220 acc=0.8857 pre=0.8862 rec=0.8864 f1=0.8849 BEST
2026-08-27 06:57:20,941 | EPOCH 51 train_loss=0.265632
2026-08-27 06:57:21,503 | EPOCH 51 VAL loss=0.324275 acc=0.8833 pre=0.8844 rec=0.8843 f1=0.8833
2026-08-27 06:57:27,837 | EPOCH 52 train_loss=0.262532
2026-08-27 06:57:28,416 | EPOCH 52 VAL loss=0.325086 acc=0.8857 pre=0.8866 rec=0.8864 f1=0.8842
2026-08-27 06:57:34,723 | EPOCH 53 train_loss=0.260405
2026-08-27 06:57:35,265 | EPOCH 53 VAL loss=0.324472 acc=0.8833 pre=0.8849 rec=0.8842 f1=0.8841
2026-08-27 06:57:41,594 | EPOCH 54 train_loss=0.257174
2026-08-27 06:57:42,133 | EPOCH 54 VAL loss=0.335924 acc=0.8817 pre=0.8858 rec=0.8837 f1=0.8832
2026-08-27 06:57:48,529 | EPOCH 55 train_loss=0.255437
2026-08-27 06:57:49,075 | EPOCH 55 VAL loss=0.334250 acc=0.8813 pre=0.8828 rec=0.8827 f1=0.8804
2026-08-27 06:57:55,442 | EPOCH 56 train_loss=0.252663
2026-08-27 06:57:56,009 | EPOCH 56 VAL loss=0.341347 acc=0.8775 pre=0.8832 rec=0.8781 f1=0.8751
2026-08-27 06:58:02,444 | EPOCH 57 train_loss=0.251558
2026-08-27 06:58:03,021 | EPOCH 57 VAL loss=0.348851 acc=0.8715 pre=0.8824 rec=0.8737 f1=0.8734
2026-08-27 06:58:09,451 | EPOCH 58 train_loss=0.249141
2026-08-27 06:58:09,994 | EPOCH 58 VAL loss=0.317168 acc=0.8872 pre=0.8876 rec=0.8880 f1=0.8868 BEST
2026-08-27 06:58:16,888 | EPOCH 59 train_loss=0.247337
2026-08-27 06:58:17,482 | EPOCH 59 VAL loss=0.315939 acc=0.8883 pre=0.8900 rec=0.8894 f1=0.8894 BEST
2026-08-27 06:58:24,471 | EPOCH 60 train_loss=0.245071
2026-08-27 06:58:25,025 | EPOCH 60 VAL loss=0.317860 acc=0.8882 pre=0.8895 rec=0.8887 f1=0.8879
2026-08-27 06:58:31,305 | EPOCH 61 train_loss=0.242982
2026-08-27 06:58:31,870 | EPOCH 61 VAL loss=0.316619 acc=0.8878 pre=0.8898 rec=0.8881 f1=0.8871
2026-08-27 06:58:38,146 | EPOCH 62 train_loss=0.240821
2026-08-27 06:58:38,821 | EPOCH 62 VAL loss=0.316413 acc=0.8857 pre=0.8882 rec=0.8873 f1=0.8866
2026-08-27 06:58:45,353 | EPOCH 63 train_loss=0.238131
2026-08-27 06:58:45,923 | EPOCH 63 VAL loss=0.312653 acc=0.8890 pre=0.8895 rec=0.8896 f1=0.8883
2026-08-27 06:58:52,268 | EPOCH 64 train_loss=0.236096
2026-08-27 06:58:52,869 | EPOCH 64 VAL loss=0.315104 acc=0.8902 pre=0.8911 rec=0.8915 f1=0.8908 BEST
2026-08-27 06:58:59,696 | EPOCH 65 train_loss=0.234997
2026-08-27 06:59:00,663 | EPOCH 65 VAL loss=0.310731 acc=0.8915 pre=0.8929 rec=0.8926 f1=0.8925 BEST
2026-08-27 06:59:07,574 | EPOCH 66 train_loss=0.232175
2026-08-27 06:59:08,140 | EPOCH 66 VAL loss=0.321299 acc=0.8848 pre=0.8861 rec=0.8857 f1=0.8833
2026-08-27 06:59:14,638 | EPOCH 67 train_loss=0.230196
2026-08-27 06:59:15,218 | EPOCH 67 VAL loss=0.320711 acc=0.8823 pre=0.8890 rec=0.8837 f1=0.8844
2026-08-27 06:59:22,024 | EPOCH 68 train_loss=0.227365
2026-08-27 06:59:22,605 | EPOCH 68 VAL loss=0.307749 acc=0.8907 pre=0.8910 rec=0.8910 f1=0.8903
2026-08-27 06:59:29,200 | EPOCH 69 train_loss=0.226796
2026-08-27 06:59:29,752 | EPOCH 69 VAL loss=0.323631 acc=0.8867 pre=0.8877 rec=0.8876 f1=0.8850
2026-08-27 06:59:36,102 | EPOCH 70 train_loss=0.224347
2026-08-27 06:59:36,693 | EPOCH 70 VAL loss=0.316501 acc=0.8912 pre=0.8912 rec=0.8922 f1=0.8902
2026-08-27 06:59:43,305 | EPOCH 71 train_loss=0.222965
2026-08-27 06:59:43,923 | EPOCH 71 VAL loss=0.312088 acc=0.8915 pre=0.8939 rec=0.8927 f1=0.8925 BEST
2026-08-27 06:59:50,555 | EPOCH 72 train_loss=0.220208
2026-08-27 06:59:51,152 | EPOCH 72 VAL loss=0.311690 acc=0.8893 pre=0.8900 rec=0.8903 f1=0.8884
2026-08-27 06:59:57,491 | EPOCH 73 train_loss=0.219378
2026-08-27 06:59:58,070 | EPOCH 73 VAL loss=0.305814 acc=0.8937 pre=0.8935 rec=0.8947 f1=0.8933 BEST
2026-08-27 07:00:05,233 | EPOCH 74 train_loss=0.217052
2026-08-27 07:00:05,799 | EPOCH 74 VAL loss=0.309664 acc=0.8887 pre=0.8907 rec=0.8888 f1=0.8891
2026-08-27 07:00:12,124 | EPOCH 75 train_loss=0.213950
2026-08-27 07:00:12,705 | EPOCH 75 VAL loss=0.314333 acc=0.8913 pre=0.8920 rec=0.8920 f1=0.8900
2026-08-27 07:00:19,086 | EPOCH 76 train_loss=0.213500
2026-08-27 07:00:19,645 | EPOCH 76 VAL loss=0.306485 acc=0.8917 pre=0.8923 rec=0.8923 f1=0.8909
2026-08-27 07:00:26,031 | EPOCH 77 train_loss=0.210275
2026-08-27 07:00:26,584 | EPOCH 77 VAL loss=0.312227 acc=0.8895 pre=0.8927 rec=0.8904 f1=0.8908
2026-08-27 07:00:32,918 | EPOCH 78 train_loss=0.208726
2026-08-27 07:00:33,550 | EPOCH 78 VAL loss=0.314052 acc=0.8872 pre=0.8908 rec=0.8878 f1=0.8879
2026-08-27 07:00:39,908 | EPOCH 79 train_loss=0.208596
2026-08-27 07:00:40,501 | EPOCH 79 VAL loss=0.307951 acc=0.8912 pre=0.8912 rec=0.8925 f1=0.8912
2026-08-27 07:00:47,295 | EPOCH 80 train_loss=0.205868
2026-08-27 07:00:47,858 | EPOCH 80 VAL loss=0.307268 acc=0.8900 pre=0.8932 rec=0.8904 f1=0.8911
2026-08-27 07:00:54,087 | EPOCH 81 train_loss=0.204758
2026-08-27 07:00:54,685 | EPOCH 81 VAL loss=0.312172 acc=0.8905 pre=0.8911 rec=0.8911 f1=0.8890
2026-08-27 07:01:00,970 | EPOCH 82 train_loss=0.202513
2026-08-27 07:01:01,542 | EPOCH 82 VAL loss=0.328996 acc=0.8843 pre=0.8879 rec=0.8846 f1=0.8809
2026-08-27 07:01:08,437 | EPOCH 83 train_loss=0.200438
2026-08-27 07:01:09,001 | EPOCH 83 VAL loss=0.311823 acc=0.8907 pre=0.8927 rec=0.8910 f1=0.8893
2026-08-27 07:01:09,005 | DONE best_epoch=73 best_val_loss=0.305814 early_stop=True time=596.97s
