2026-08-27 19:17:07,614 | START cnn_adam_lr0.002_s42 opt=adam lr=0.002 seed=42 device=cuda epochs=150 best_by=f1 stop_by=f1
2026-08-27 19:17:19,727 | EPOCH 1 train_loss=0.473449
2026-08-27 19:17:20,460 | EPOCH 1 VAL loss=0.354392 acc=0.8777 pre=0.8776 rec=0.8789 f1=0.8762 BEST
2026-08-27 19:17:27,304 | START cnn_adam_lr0.002_s42 opt=adam lr=0.002 seed=42 device=cuda epochs=150 best_by=f1 stop_by=f1
2026-08-27 19:17:27,316 | RESUMED from epoch 1, batch 400
2026-08-27 19:17:31,985 | EPOCH 2 train_loss=0.302124
2026-08-27 19:17:33,070 | EPOCH 2 VAL loss=0.283518 acc=0.8965 pre=0.8973 rec=0.8972 f1=0.8957 BEST
2026-08-27 19:17:37,864 | EPOCH 2 train_loss=0.287132
2026-08-27 19:17:38,995 | EPOCH 2 VAL loss=0.282359 acc=0.8953 pre=0.8961 rec=0.8960 f1=0.8944 BEST
2026-08-27 19:17:45,410 | EPOCH 3 train_loss=0.258545
2026-08-27 19:17:46,727 | EPOCH 3 VAL loss=0.280415 acc=0.8958 pre=0.8981 rec=0.8968 f1=0.8952
2026-08-27 19:17:51,106 | EPOCH 3 train_loss=0.259182
2026-08-27 19:17:51,831 | EPOCH 3 VAL loss=0.279094 acc=0.8943 pre=0.8966 rec=0.8953 f1=0.8940
2026-08-27 19:17:58,149 | EPOCH 4 train_loss=0.228943
2026-08-27 19:17:59,286 | EPOCH 4 VAL loss=0.242667 acc=0.9097 pre=0.9119 rec=0.9105 f1=0.9106 BEST
2026-08-27 19:18:04,282 | EPOCH 4 train_loss=0.229821
2026-08-27 19:18:05,393 | EPOCH 4 VAL loss=0.240321 acc=0.9102 pre=0.9121 rec=0.9110 f1=0.9112 BEST
2026-08-27 19:18:11,102 | EPOCH 5 train_loss=0.208032
2026-08-27 19:18:11,882 | EPOCH 5 VAL loss=0.244126 acc=0.9082 pre=0.9112 rec=0.9082 f1=0.9072
2026-08-27 19:18:18,068 | EPOCH 5 train_loss=0.207949
2026-08-27 19:18:19,226 | EPOCH 5 VAL loss=0.237144 acc=0.9118 pre=0.9139 rec=0.9119 f1=0.9116 BEST
