2026-08-27 21:11:50,568 | START cnn_adamax_lr0.002_s2026 opt=adamax lr=0.002 seed=2026 device=cuda epochs=150 best_by=f1 stop_by=f1
2026-08-27 21:12:02,592 | EPOCH 1 train_loss=0.570165
2026-08-27 21:12:03,741 | EPOCH 1 VAL loss=0.411297 acc=0.8505 pre=0.8533 rec=0.8526 f1=0.8511 BEST
2026-08-27 21:12:16,646 | EPOCH 2 train_loss=0.368287
2026-08-27 21:12:17,839 | EPOCH 2 VAL loss=0.341224 acc=0.8792 pre=0.8784 rec=0.8803 f1=0.8775 BEST
2026-08-27 21:12:23,345 | START cnn_adamax_lr0.002_s2026 opt=adamax lr=0.002 seed=2026 device=cuda epochs=150 best_by=f1 stop_by=f1
2026-08-27 21:12:23,361 | RESUMED from epoch 2, batch 200
2026-08-27 21:12:31,738 | EPOCH 3 train_loss=0.322094
2026-08-27 21:12:32,729 | EPOCH 3 VAL loss=0.315913 acc=0.8858 pre=0.8870 rec=0.8877 f1=0.8867 BEST
2026-08-27 21:12:35,330 | EPOCH 3 train_loss=0.317414
2026-08-27 21:12:37,054 | EPOCH 3 VAL loss=0.316311 acc=0.8862 pre=0.8870 rec=0.8880 f1=0.8869 BEST
2026-08-27 21:12:45,544 | EPOCH 4 train_loss=0.291281
2026-08-27 21:12:46,351 | EPOCH 4 VAL loss=0.287109 acc=0.8957 pre=0.8971 rec=0.8958 f1=0.8960 BEST
2026-08-27 21:12:50,987 | EPOCH 4 train_loss=0.291524
2026-08-27 21:12:52,209 | EPOCH 4 VAL loss=0.286018 acc=0.8973 pre=0.8990 rec=0.8976 f1=0.8981 BEST
2026-08-27 21:12:57,682 | EPOCH 5 train_loss=0.268771
2026-08-27 21:12:58,863 | EPOCH 5 VAL loss=0.268837 acc=0.9037 pre=0.9038 rec=0.9045 f1=0.9027 BEST
2026-08-27 21:13:04,055 | EPOCH 5 train_loss=0.269036
2026-08-27 21:13:05,081 | EPOCH 5 VAL loss=0.269539 acc=0.9032 pre=0.9035 rec=0.9041 f1=0.9022 BEST
2026-08-27 21:13:13,173 | EPOCH 6 train_loss=0.249644
2026-08-27 21:13:14,357 | EPOCH 6 VAL loss=0.277163 acc=0.8987 pre=0.9098 rec=0.9008 f1=0.9022
2026-08-27 21:13:19,449 | EPOCH 6 train_loss=0.249795
2026-08-27 21:13:20,624 | EPOCH 6 VAL loss=0.276844 acc=0.8985 pre=0.9092 rec=0.9005 f1=0.9019
2026-08-27 21:13:25,756 | EPOCH 7 train_loss=0.235498
2026-08-27 21:13:26,731 | EPOCH 7 VAL loss=0.245807 acc=0.9102 pre=0.9102 rec=0.9113 f1=0.9103 BEST
2026-08-27 21:13:33,338 | EPOCH 7 train_loss=0.235277
2026-08-27 21:13:34,447 | EPOCH 7 VAL loss=0.246453 acc=0.9095 pre=0.9098 rec=0.9105 f1=0.9098 BEST
2026-08-27 21:13:39,565 | EPOCH 8 train_loss=0.219729
2026-08-27 21:13:40,725 | EPOCH 8 VAL loss=0.242206 acc=0.9122 pre=0.9122 rec=0.9132 f1=0.9116 BEST
2026-08-27 21:13:45,828 | EPOCH 8 train_loss=0.219949
2026-08-27 21:13:46,698 | EPOCH 8 VAL loss=0.241012 acc=0.9128 pre=0.9128 rec=0.9139 f1=0.9124 BEST
2026-08-27 21:13:53,721 | EPOCH 9 train_loss=0.209318
2026-08-27 21:13:55,246 | EPOCH 9 VAL loss=0.238761 acc=0.9148 pre=0.9150 rec=0.9160 f1=0.9152 BEST
2026-08-27 21:14:00,083 | EPOCH 9 train_loss=0.209157
2026-08-27 21:14:01,288 | EPOCH 9 VAL loss=0.238592 acc=0.9138 pre=0.9140 rec=0.9151 f1=0.9142 BEST
2026-08-27 21:14:09,362 | EPOCH 10 train_loss=0.199385
2026-08-27 21:14:10,531 | EPOCH 10 VAL loss=0.238501 acc=0.9127 pre=0.9139 rec=0.9134 f1=0.9117
