2026-08-27 22:00:52,683 | START cnn_adamax_lr0.0005_s2026 opt=adamax lr=0.0005 seed=2026 device=cuda epochs=150 best_by=f1 stop_by=f1
2026-08-27 22:01:03,212 | EPOCH 1 train_loss=0.789912
2026-08-27 22:01:04,006 | EPOCH 1 VAL loss=0.560196 acc=0.7937 pre=0.7928 rec=0.7957 f1=0.7908 BEST
2026-08-27 22:01:10,307 | START cnn_adamax_lr0.0005_s2026 opt=adamax lr=0.0005 seed=2026 device=cuda epochs=150 best_by=f1 stop_by=f1
2026-08-27 22:01:10,321 | RESUMED from epoch 1, batch 400
2026-08-27 22:01:13,179 | EPOCH 2 train_loss=0.499912
2026-08-27 22:01:13,935 | EPOCH 2 VAL loss=0.463957 acc=0.8347 pre=0.8318 rec=0.8361 f1=0.8308 BEST
2026-08-27 22:01:19,101 | EPOCH 2 train_loss=0.480292
2026-08-27 22:01:19,950 | EPOCH 2 VAL loss=0.463958 acc=0.8347 pre=0.8318 rec=0.8361 f1=0.8308 BEST
2026-08-27 22:01:24,337 | EPOCH 3 train_loss=0.438123
2026-08-27 22:01:25,093 | EPOCH 3 VAL loss=0.440620 acc=0.8448 pre=0.8464 rec=0.8465 f1=0.8419 BEST
2026-08-27 22:01:29,566 | EPOCH 3 train_loss=0.438215
2026-08-27 22:01:30,355 | EPOCH 3 VAL loss=0.440773 acc=0.8450 pre=0.8466 rec=0.8467 f1=0.8419 BEST
2026-08-27 22:01:34,674 | EPOCH 4 train_loss=0.400430
2026-08-27 22:01:35,433 | EPOCH 4 VAL loss=0.391784 acc=0.8608 pre=0.8599 rec=0.8611 f1=0.8592 BEST
2026-08-27 22:01:40,860 | EPOCH 4 train_loss=0.400510
2026-08-27 22:01:41,650 | EPOCH 4 VAL loss=0.391956 acc=0.8612 pre=0.8602 rec=0.8614 f1=0.8595 BEST
2026-08-27 22:01:45,218 | EPOCH 5 train_loss=0.376165
2026-08-27 22:01:46,021 | EPOCH 5 VAL loss=0.383413 acc=0.8635 pre=0.8634 rec=0.8642 f1=0.8586
2026-08-27 22:01:51,289 | EPOCH 5 train_loss=0.376399
2026-08-27 22:01:52,051 | EPOCH 5 VAL loss=0.383829 acc=0.8633 pre=0.8636 rec=0.8640 f1=0.8585
2026-08-27 22:01:55,234 | EPOCH 6 train_loss=0.358286
2026-08-27 22:01:55,968 | EPOCH 6 VAL loss=0.366947 acc=0.8692 pre=0.8781 rec=0.8709 f1=0.8725 BEST
2026-08-27 22:02:01,239 | EPOCH 6 train_loss=0.358331
2026-08-27 22:02:02,189 | EPOCH 6 VAL loss=0.367116 acc=0.8688 pre=0.8778 rec=0.8706 f1=0.8722 BEST
2026-08-27 22:02:06,404 | EPOCH 7 train_loss=0.342753
2026-08-27 22:02:07,166 | EPOCH 7 VAL loss=0.346507 acc=0.8745 pre=0.8743 rec=0.8750 f1=0.8734 BEST
2026-08-27 22:02:12,726 | EPOCH 7 train_loss=0.342858
2026-08-27 22:02:13,517 | EPOCH 7 VAL loss=0.346623 acc=0.8743 pre=0.8743 rec=0.8748 f1=0.8732 BEST
2026-08-27 22:02:16,807 | EPOCH 8 train_loss=0.327793
2026-08-27 22:02:17,531 | EPOCH 8 VAL loss=0.335274 acc=0.8773 pre=0.8774 rec=0.8785 f1=0.8767 BEST
2026-08-27 22:02:23,376 | EPOCH 8 train_loss=0.327671
2026-08-27 22:02:24,156 | EPOCH 8 VAL loss=0.335772 acc=0.8782 pre=0.8784 rec=0.8794 f1=0.8777 BEST
2026-08-27 22:02:27,243 | EPOCH 9 train_loss=0.318139
2026-08-27 22:02:28,120 | EPOCH 9 VAL loss=0.335793 acc=0.8802 pre=0.8820 rec=0.8814 f1=0.8806 BEST
2026-08-27 22:02:35,252 | EPOCH 9 train_loss=0.318035
2026-08-27 22:02:36,068 | EPOCH 9 VAL loss=0.334749 acc=0.8820 pre=0.8840 rec=0.8833 f1=0.8826 BEST
2026-08-27 22:02:37,830 | EPOCH 10 train_loss=0.310039
2026-08-27 22:02:38,573 | EPOCH 10 VAL loss=0.329827 acc=0.8833 pre=0.8836 rec=0.8845 f1=0.8813 BEST
2026-08-27 22:02:45,784 | EPOCH 10 train_loss=0.309765
2026-08-27 22:02:46,534 | EPOCH 10 VAL loss=0.328951 acc=0.8845 pre=0.8849 rec=0.8857 f1=0.8827 BEST
2026-08-27 22:02:49,347 | EPOCH 11 train_loss=0.300045
2026-08-27 22:02:50,465 | EPOCH 11 VAL loss=0.314346 acc=0.8887 pre=0.8916 rec=0.8895 f1=0.8901 BEST
2026-08-27 22:02:56,562 | EPOCH 11 train_loss=0.299834
2026-08-27 22:02:57,325 | EPOCH 11 VAL loss=0.314013 acc=0.8883 pre=0.8909 rec=0.8892 f1=0.8896 BEST
2026-08-27 22:03:00,009 | EPOCH 12 train_loss=0.292771
2026-08-27 22:03:00,727 | EPOCH 12 VAL loss=0.304635 acc=0.8943 pre=0.8962 rec=0.8955 f1=0.8954 BEST
2026-08-27 22:03:06,882 | EPOCH 12 train_loss=0.292623
2026-08-27 22:03:07,693 | EPOCH 12 VAL loss=0.303924 acc=0.8937 pre=0.8958 rec=0.8948 f1=0.8949 BEST
2026-08-27 22:03:10,415 | EPOCH 13 train_loss=0.282680
2026-08-27 22:03:11,694 | EPOCH 13 VAL loss=0.296193 acc=0.8948 pre=0.8964 rec=0.8958 f1=0.8960 BEST
2026-08-27 22:03:17,376 | EPOCH 13 train_loss=0.282548
2026-08-27 22:03:18,115 | EPOCH 13 VAL loss=0.296328 acc=0.8952 pre=0.8968 rec=0.8962 f1=0.8963 BEST
2026-08-27 22:03:22,212 | EPOCH 14 train_loss=0.275345
2026-08-27 22:03:22,952 | EPOCH 14 VAL loss=0.295883 acc=0.8963 pre=0.8986 rec=0.8976 f1=0.8976 BEST
2026-08-27 22:03:27,693 | EPOCH 14 train_loss=0.275062
2026-08-27 22:03:28,435 | EPOCH 14 VAL loss=0.295183 acc=0.8967 pre=0.8989 rec=0.8978 f1=0.8978 BEST
2026-08-27 22:03:32,398 | EPOCH 15 train_loss=0.269752
2026-08-27 22:03:33,184 | EPOCH 15 VAL loss=0.294325 acc=0.8932 pre=0.8944 rec=0.8940 f1=0.8927
2026-08-27 22:03:38,049 | EPOCH 15 train_loss=0.269280
2026-08-27 22:03:38,777 | EPOCH 15 VAL loss=0.293700 acc=0.8933 pre=0.8946 rec=0.8942 f1=0.8928
2026-08-27 22:03:43,655 | EPOCH 16 train_loss=0.263364
2026-08-27 22:03:44,373 | EPOCH 16 VAL loss=0.304663 acc=0.8900 pre=0.8952 rec=0.8906 f1=0.8866
2026-08-27 22:03:47,905 | EPOCH 16 train_loss=0.262790
2026-08-27 22:03:48,648 | EPOCH 16 VAL loss=0.302127 acc=0.8903 pre=0.8958 rec=0.8910 f1=0.8871
2026-08-27 22:03:53,462 | EPOCH 17 train_loss=0.257924
2026-08-27 22:03:54,200 | EPOCH 17 VAL loss=0.286958 acc=0.8995 pre=0.9028 rec=0.8997 f1=0.8987 BEST
2026-08-27 22:03:58,108 | EPOCH 17 train_loss=0.257317
2026-08-27 22:03:59,379 | EPOCH 17 VAL loss=0.287073 acc=0.9002 pre=0.9033 rec=0.9003 f1=0.8994 BEST
2026-08-27 22:04:04,259 | EPOCH 18 train_loss=0.252842
2026-08-27 22:04:05,022 | EPOCH 18 VAL loss=0.280924 acc=0.8990 pre=0.9033 rec=0.8992 f1=0.9005 BEST
2026-08-27 22:04:08,931 | EPOCH 18 train_loss=0.252343
2026-08-27 22:04:09,741 | EPOCH 18 VAL loss=0.279387 acc=0.8990 pre=0.9032 rec=0.8992 f1=0.9005 BEST
2026-08-27 22:04:14,395 | EPOCH 19 train_loss=0.247325
2026-08-27 22:04:15,135 | EPOCH 19 VAL loss=0.272601 acc=0.9042 pre=0.9054 rec=0.9055 f1=0.9051 BEST
2026-08-27 22:04:19,050 | EPOCH 19 train_loss=0.246867
2026-08-27 22:04:19,836 | EPOCH 19 VAL loss=0.273407 acc=0.9038 pre=0.9052 rec=0.9052 f1=0.9047 BEST
2026-08-27 22:04:25,401 | EPOCH 20 train_loss=0.241346
2026-08-27 22:04:26,145 | EPOCH 20 VAL loss=0.263090 acc=0.9040 pre=0.9058 rec=0.9045 f1=0.9048
2026-08-27 22:04:30,084 | EPOCH 20 train_loss=0.240903
2026-08-27 22:04:30,826 | EPOCH 20 VAL loss=0.263660 acc=0.9050 pre=0.9066 rec=0.9054 f1=0.9057 BEST
2026-08-27 22:04:35,274 | EPOCH 21 train_loss=0.236461
2026-08-27 22:04:35,980 | EPOCH 21 VAL loss=0.262539 acc=0.9060 pre=0.9074 rec=0.9064 f1=0.9064 BEST
2026-08-27 22:04:40,288 | EPOCH 21 train_loss=0.235846
2026-08-27 22:04:41,015 | EPOCH 21 VAL loss=0.261996 acc=0.9055 pre=0.9069 rec=0.9059 f1=0.9059 BEST
2026-08-27 22:04:46,326 | EPOCH 22 train_loss=0.231873
2026-08-27 22:04:47,071 | EPOCH 22 VAL loss=0.259222 acc=0.9063 pre=0.9070 rec=0.9072 f1=0.9065 BEST
2026-08-27 22:04:51,311 | EPOCH 22 train_loss=0.231193
2026-08-27 22:04:52,088 | EPOCH 22 VAL loss=0.259502 acc=0.9047 pre=0.9054 rec=0.9055 f1=0.9048
2026-08-27 22:04:56,882 | EPOCH 23 train_loss=0.227095
2026-08-27 22:04:57,660 | EPOCH 23 VAL loss=0.274473 acc=0.9002 pre=0.9032 rec=0.9014 f1=0.9007
2026-08-27 22:05:01,406 | EPOCH 23 train_loss=0.226456
2026-08-27 22:05:02,183 | EPOCH 23 VAL loss=0.273506 acc=0.8998 pre=0.9029 rec=0.9011 f1=0.9004
2026-08-27 22:05:07,373 | EPOCH 24 train_loss=0.223834
2026-08-27 22:05:08,135 | EPOCH 24 VAL loss=0.253739 acc=0.9080 pre=0.9105 rec=0.9096 f1=0.9092 BEST
2026-08-27 22:05:12,170 | EPOCH 24 train_loss=0.223396
2026-08-27 22:05:12,891 | EPOCH 24 VAL loss=0.251173 acc=0.9082 pre=0.9104 rec=0.9096 f1=0.9094 BEST
2026-08-27 22:05:17,676 | EPOCH 25 train_loss=0.216951
2026-08-27 22:05:18,497 | EPOCH 25 VAL loss=0.257249 acc=0.9082 pre=0.9117 rec=0.9088 f1=0.9089
2026-08-27 22:05:23,258 | EPOCH 25 train_loss=0.216284
2026-08-27 22:05:24,022 | EPOCH 25 VAL loss=0.257873 acc=0.9065 pre=0.9103 rec=0.9072 f1=0.9073
2026-08-27 22:05:27,812 | EPOCH 26 train_loss=0.213308
2026-08-27 22:05:28,543 | EPOCH 26 VAL loss=0.263183 acc=0.9048 pre=0.9099 rec=0.9046 f1=0.9039
2026-08-27 22:05:33,765 | EPOCH 26 train_loss=0.212693
2026-08-27 22:05:34,547 | EPOCH 26 VAL loss=0.260151 acc=0.9055 pre=0.9097 rec=0.9053 f1=0.9045
2026-08-27 22:05:38,677 | EPOCH 27 train_loss=0.210949
2026-08-27 22:05:39,497 | EPOCH 27 VAL loss=0.246755 acc=0.9110 pre=0.9120 rec=0.9116 f1=0.9106 BEST
2026-08-27 22:05:43,882 | EPOCH 27 train_loss=0.210093
2026-08-27 22:05:44,627 | EPOCH 27 VAL loss=0.244743 acc=0.9125 pre=0.9135 rec=0.9131 f1=0.9120 BEST
2026-08-27 22:05:49,029 | EPOCH 28 train_loss=0.206842
2026-08-27 22:05:49,850 | EPOCH 28 VAL loss=0.243273 acc=0.9128 pre=0.9137 rec=0.9137 f1=0.9132 BEST
2026-08-27 22:05:55,712 | EPOCH 28 train_loss=0.205728
2026-08-27 22:05:56,473 | EPOCH 28 VAL loss=0.241844 acc=0.9120 pre=0.9125 rec=0.9129 f1=0.9123 BEST
2026-08-27 22:05:59,691 | EPOCH 29 train_loss=0.204786
2026-08-27 22:06:00,430 | EPOCH 29 VAL loss=0.243763 acc=0.9125 pre=0.9130 rec=0.9135 f1=0.9131
2026-08-27 22:06:06,179 | EPOCH 29 train_loss=0.203733
2026-08-27 22:06:06,917 | EPOCH 29 VAL loss=0.242483 acc=0.9123 pre=0.9128 rec=0.9134 f1=0.9129 BEST
2026-08-27 22:06:09,533 | EPOCH 30 train_loss=0.199989
2026-08-27 22:06:10,301 | EPOCH 30 VAL loss=0.235417 acc=0.9142 pre=0.9148 rec=0.9148 f1=0.9146 BEST
2026-08-27 22:06:17,602 | EPOCH 30 train_loss=0.199181
2026-08-27 22:06:18,927 | EPOCH 30 VAL loss=0.233951 acc=0.9140 pre=0.9148 rec=0.9147 f1=0.9147 BEST
2026-08-27 22:06:19,938 | EPOCH 31 train_loss=0.196534
2026-08-27 22:06:20,677 | EPOCH 31 VAL loss=0.241381 acc=0.9128 pre=0.9146 rec=0.9131 f1=0.9132
2026-08-27 22:06:28,486 | EPOCH 31 train_loss=0.195222
2026-08-27 22:06:29,245 | EPOCH 31 VAL loss=0.240688 acc=0.9120 pre=0.9138 rec=0.9120 f1=0.9123
2026-08-27 22:06:29,747 | EPOCH 32 train_loss=0.194874
2026-08-27 22:06:30,474 | EPOCH 32 VAL loss=0.235239 acc=0.9122 pre=0.9140 rec=0.9136 f1=0.9135
2026-08-27 22:06:38,499 | EPOCH 32 train_loss=0.193711
2026-08-27 22:06:39,415 | EPOCH 32 VAL loss=0.233858 acc=0.9138 pre=0.9159 rec=0.9152 f1=0.9152 BEST
2026-08-27 22:06:40,250 | EPOCH 33 train_loss=0.190760
2026-08-27 22:06:41,716 | EPOCH 33 VAL loss=0.246192 acc=0.9105 pre=0.9109 rec=0.9120 f1=0.9106
2026-08-27 22:06:49,674 | EPOCH 33 train_loss=0.189839
2026-08-27 22:06:50,421 | EPOCH 33 VAL loss=0.244937 acc=0.9112 pre=0.9115 rec=0.9127 f1=0.9113
2026-08-27 22:06:50,946 | EPOCH 34 train_loss=0.186469
2026-08-27 22:06:51,711 | EPOCH 34 VAL loss=0.239235 acc=0.9140 pre=0.9156 rec=0.9148 f1=0.9141
2026-08-27 22:06:59,788 | EPOCH 34 train_loss=0.185594
2026-08-27 22:07:00,533 | EPOCH 34 VAL loss=0.237153 acc=0.9145 pre=0.9159 rec=0.9152 f1=0.9147
2026-08-27 22:07:01,061 | EPOCH 35 train_loss=0.183533
2026-08-27 22:07:01,865 | EPOCH 35 VAL loss=0.235357 acc=0.9155 pre=0.9165 rec=0.9165 f1=0.9159 BEST
2026-08-27 22:07:10,770 | EPOCH 35 train_loss=0.182295
2026-08-27 22:07:11,487 | EPOCH 35 VAL loss=0.232384 acc=0.9178 pre=0.9186 rec=0.9187 f1=0.9182 BEST
2026-08-27 22:07:11,891 | EPOCH 36 train_loss=0.182956
2026-08-27 22:07:12,631 | EPOCH 36 VAL loss=0.236826 acc=0.9142 pre=0.9154 rec=0.9152 f1=0.9149
2026-08-27 22:07:21,458 | EPOCH 36 train_loss=0.181882
2026-08-27 22:07:22,194 | EPOCH 37 train_loss=0.177802
2026-08-27 22:07:22,218 | EPOCH 36 VAL loss=0.236797 acc=0.9145 pre=0.9160 rec=0.9155 f1=0.9154
2026-08-27 22:07:22,970 | EPOCH 37 VAL loss=0.236211 acc=0.9140 pre=0.9149 rec=0.9143 f1=0.9140
2026-08-27 22:07:32,384 | EPOCH 37 train_loss=0.176678
2026-08-27 22:07:32,505 | EPOCH 38 train_loss=0.175227
2026-08-27 22:07:33,131 | EPOCH 37 VAL loss=0.236528 acc=0.9123 pre=0.9131 rec=0.9127 f1=0.9122
2026-08-27 22:07:33,262 | EPOCH 38 VAL loss=0.237358 acc=0.9128 pre=0.9144 rec=0.9132 f1=0.9130
2026-08-27 22:07:42,152 | EPOCH 38 train_loss=0.174429
2026-08-27 22:07:42,310 | EPOCH 39 train_loss=0.172271
2026-08-27 22:07:42,871 | EPOCH 38 VAL loss=0.237986 acc=0.9127 pre=0.9148 rec=0.9130 f1=0.9130
2026-08-27 22:07:43,040 | EPOCH 39 VAL loss=0.232743 acc=0.9150 pre=0.9151 rec=0.9156 f1=0.9149
2026-08-27 22:07:52,808 | EPOCH 40 train_loss=0.168652
2026-08-27 22:07:52,927 | EPOCH 39 train_loss=0.171288
2026-08-27 22:07:53,528 | EPOCH 40 VAL loss=0.234283 acc=0.9147 pre=0.9163 rec=0.9162 f1=0.9156
2026-08-27 22:07:53,675 | EPOCH 39 VAL loss=0.232534 acc=0.9142 pre=0.9144 rec=0.9150 f1=0.9143
2026-08-27 22:08:02,729 | EPOCH 41 train_loss=0.165870
2026-08-27 22:08:02,938 | EPOCH 40 train_loss=0.167477
2026-08-27 22:08:03,492 | EPOCH 41 VAL loss=0.235126 acc=0.9133 pre=0.9137 rec=0.9144 f1=0.9136
2026-08-27 22:08:03,670 | EPOCH 40 VAL loss=0.231629 acc=0.9170 pre=0.9184 rec=0.9185 f1=0.9179
2026-08-27 22:08:12,934 | EPOCH 41 train_loss=0.165154
2026-08-27 22:08:13,630 | EPOCH 42 train_loss=0.163372
2026-08-27 22:08:13,766 | EPOCH 41 VAL loss=0.236640 acc=0.9135 pre=0.9140 rec=0.9147 f1=0.9139
2026-08-27 22:08:14,369 | EPOCH 42 VAL loss=0.229524 acc=0.9175 pre=0.9188 rec=0.9180 f1=0.9180 BEST
2026-08-27 22:08:22,880 | EPOCH 42 train_loss=0.162268
2026-08-27 22:08:23,668 | EPOCH 42 VAL loss=0.228986 acc=0.9155 pre=0.9169 rec=0.9159 f1=0.9159
2026-08-27 22:08:23,890 | EPOCH 43 train_loss=0.161269
2026-08-27 22:08:24,626 | EPOCH 43 VAL loss=0.224553 acc=0.9173 pre=0.9181 rec=0.9181 f1=0.9177
2026-08-27 22:08:32,625 | EPOCH 43 train_loss=0.160278
2026-08-27 22:08:33,409 | EPOCH 43 VAL loss=0.223171 acc=0.9162 pre=0.9171 rec=0.9168 f1=0.9166
2026-08-27 22:08:33,809 | EPOCH 44 train_loss=0.158428
2026-08-27 22:08:34,809 | EPOCH 44 VAL loss=0.236884 acc=0.9150 pre=0.9168 rec=0.9153 f1=0.9152
2026-08-27 22:08:42,582 | EPOCH 44 train_loss=0.157552
2026-08-27 22:08:43,342 | EPOCH 44 VAL loss=0.236723 acc=0.9152 pre=0.9172 rec=0.9155 f1=0.9156
2026-08-27 22:08:44,963 | EPOCH 45 train_loss=0.156047
2026-08-27 22:08:45,703 | EPOCH 45 VAL loss=0.236651 acc=0.9163 pre=0.9163 rec=0.9176 f1=0.9161
2026-08-27 22:08:52,477 | EPOCH 45 train_loss=0.154932
2026-08-27 22:08:53,228 | EPOCH 45 VAL loss=0.234708 acc=0.9125 pre=0.9121 rec=0.9138 f1=0.9120
2026-08-27 22:08:53,237 | DONE best_epoch=35 best_val_loss=0.232384 early_stop=True time=477.93s
2026-08-27 22:08:54,616 | EPOCH 46 train_loss=0.154584
2026-08-27 22:08:55,344 | EPOCH 46 VAL loss=0.229658 acc=0.9163 pre=0.9172 rec=0.9171 f1=0.9170
2026-08-27 22:09:04,952 | EPOCH 47 train_loss=0.151189
2026-08-27 22:09:05,719 | EPOCH 47 VAL loss=0.232666 acc=0.9143 pre=0.9155 rec=0.9148 f1=0.9147
2026-08-27 22:09:14,843 | EPOCH 48 train_loss=0.148442
2026-08-27 22:09:15,606 | EPOCH 48 VAL loss=0.222208 acc=0.9188 pre=0.9197 rec=0.9197 f1=0.9196 BEST
2026-08-27 22:09:25,803 | EPOCH 49 train_loss=0.145335
2026-08-27 22:09:26,545 | EPOCH 49 VAL loss=0.226257 acc=0.9180 pre=0.9182 rec=0.9191 f1=0.9183
2026-08-27 22:09:35,757 | EPOCH 50 train_loss=0.143065
2026-08-27 22:09:36,472 | EPOCH 50 VAL loss=0.229295 acc=0.9177 pre=0.9202 rec=0.9188 f1=0.9190
2026-08-27 22:09:46,718 | EPOCH 51 train_loss=0.140880
2026-08-27 22:09:47,465 | EPOCH 51 VAL loss=0.236647 acc=0.9148 pre=0.9159 rec=0.9164 f1=0.9155
2026-08-27 22:09:56,559 | EPOCH 52 train_loss=0.138062
2026-08-27 22:09:57,337 | EPOCH 52 VAL loss=0.237547 acc=0.9152 pre=0.9174 rec=0.9157 f1=0.9157
2026-08-27 22:10:07,979 | EPOCH 53 train_loss=0.136757
2026-08-27 22:10:08,717 | EPOCH 53 VAL loss=0.235984 acc=0.9180 pre=0.9194 rec=0.9186 f1=0.9178
2026-08-27 22:10:18,119 | EPOCH 54 train_loss=0.133150
2026-08-27 22:10:18,907 | EPOCH 54 VAL loss=0.234043 acc=0.9193 pre=0.9207 rec=0.9198 f1=0.9199 BEST
2026-08-27 22:10:29,143 | EPOCH 55 train_loss=0.132106
2026-08-27 22:10:30,222 | EPOCH 55 VAL loss=0.230434 acc=0.9187 pre=0.9209 rec=0.9194 f1=0.9198
2026-08-27 22:10:39,136 | EPOCH 56 train_loss=0.129117
2026-08-27 22:10:39,926 | EPOCH 56 VAL loss=0.235708 acc=0.9167 pre=0.9182 rec=0.9172 f1=0.9168
2026-08-27 22:10:49,063 | EPOCH 57 train_loss=0.126244
2026-08-27 22:10:49,840 | EPOCH 57 VAL loss=0.229912 acc=0.9215 pre=0.9224 rec=0.9227 f1=0.9222 BEST
2026-08-27 22:11:00,001 | EPOCH 58 train_loss=0.124650
2026-08-27 22:11:00,763 | EPOCH 58 VAL loss=0.235256 acc=0.9188 pre=0.9200 rec=0.9198 f1=0.9197
2026-08-27 22:11:10,025 | EPOCH 59 train_loss=0.122091
2026-08-27 22:11:10,835 | EPOCH 59 VAL loss=0.246215 acc=0.9148 pre=0.9177 rec=0.9159 f1=0.9160
2026-08-27 22:11:20,172 | EPOCH 60 train_loss=0.121364
2026-08-27 22:11:20,922 | EPOCH 60 VAL loss=0.231527 acc=0.9202 pre=0.9206 rec=0.9211 f1=0.9208
2026-08-27 22:11:30,114 | EPOCH 61 train_loss=0.118832
2026-08-27 22:11:30,920 | EPOCH 61 VAL loss=0.235960 acc=0.9177 pre=0.9183 rec=0.9183 f1=0.9176
2026-08-27 22:11:41,175 | EPOCH 62 train_loss=0.116156
2026-08-27 22:11:41,927 | EPOCH 62 VAL loss=0.232284 acc=0.9225 pre=0.9238 rec=0.9228 f1=0.9229 BEST
2026-08-27 22:11:51,371 | EPOCH 63 train_loss=0.113203
2026-08-27 22:11:52,104 | EPOCH 63 VAL loss=0.234267 acc=0.9200 pre=0.9210 rec=0.9207 f1=0.9205
2026-08-27 22:12:02,078 | EPOCH 64 train_loss=0.112312
2026-08-27 22:12:02,813 | EPOCH 64 VAL loss=0.239028 acc=0.9203 pre=0.9218 rec=0.9209 f1=0.9199
2026-08-27 22:12:11,766 | EPOCH 65 train_loss=0.109173
2026-08-27 22:12:12,498 | EPOCH 65 VAL loss=0.245136 acc=0.9180 pre=0.9200 rec=0.9186 f1=0.9175
2026-08-27 22:12:21,637 | EPOCH 66 train_loss=0.108161
2026-08-27 22:12:22,589 | EPOCH 66 VAL loss=0.238800 acc=0.9217 pre=0.9233 rec=0.9228 f1=0.9227
2026-08-27 22:12:31,982 | EPOCH 67 train_loss=0.107006
2026-08-27 22:12:32,679 | EPOCH 67 VAL loss=0.235625 acc=0.9200 pre=0.9208 rec=0.9204 f1=0.9203
2026-08-27 22:12:41,685 | EPOCH 68 train_loss=0.104287
2026-08-27 22:12:42,396 | EPOCH 68 VAL loss=0.252881 acc=0.9158 pre=0.9181 rec=0.9171 f1=0.9164
2026-08-27 22:12:52,403 | EPOCH 69 train_loss=0.102022
2026-08-27 22:12:53,118 | EPOCH 69 VAL loss=0.234017 acc=0.9227 pre=0.9239 rec=0.9242 f1=0.9237 BEST
2026-08-27 22:13:02,665 | EPOCH 70 train_loss=0.100108
2026-08-27 22:13:03,385 | EPOCH 70 VAL loss=0.247591 acc=0.9205 pre=0.9216 rec=0.9220 f1=0.9213
2026-08-27 22:13:13,445 | EPOCH 71 train_loss=0.098944
2026-08-27 22:13:14,179 | EPOCH 71 VAL loss=0.242808 acc=0.9197 pre=0.9207 rec=0.9203 f1=0.9192
2026-08-27 22:13:23,145 | EPOCH 72 train_loss=0.095836
2026-08-27 22:13:23,865 | EPOCH 72 VAL loss=0.238476 acc=0.9248 pre=0.9258 rec=0.9258 f1=0.9256 BEST
2026-08-27 22:13:34,440 | EPOCH 73 train_loss=0.094795
2026-08-27 22:13:35,200 | EPOCH 73 VAL loss=0.246327 acc=0.9208 pre=0.9221 rec=0.9212 f1=0.9209
2026-08-27 22:13:44,311 | EPOCH 74 train_loss=0.093693
2026-08-27 22:13:45,101 | EPOCH 74 VAL loss=0.242806 acc=0.9217 pre=0.9217 rec=0.9225 f1=0.9218
2026-08-27 22:13:54,541 | EPOCH 75 train_loss=0.091689
2026-08-27 22:13:55,261 | EPOCH 75 VAL loss=0.241075 acc=0.9238 pre=0.9250 rec=0.9253 f1=0.9247
2026-08-27 22:14:04,639 | EPOCH 76 train_loss=0.088377
2026-08-27 22:14:05,385 | EPOCH 76 VAL loss=0.250575 acc=0.9212 pre=0.9227 rec=0.9215 f1=0.9215
2026-08-27 22:14:14,461 | EPOCH 77 train_loss=0.088662
2026-08-27 22:14:15,199 | EPOCH 77 VAL loss=0.244862 acc=0.9217 pre=0.9226 rec=0.9229 f1=0.9226
2026-08-27 22:14:25,114 | EPOCH 78 train_loss=0.084202
2026-08-27 22:14:25,814 | EPOCH 78 VAL loss=0.247265 acc=0.9198 pre=0.9214 rec=0.9201 f1=0.9205
2026-08-27 22:14:34,927 | EPOCH 79 train_loss=0.082679
2026-08-27 22:14:35,668 | EPOCH 79 VAL loss=0.244134 acc=0.9235 pre=0.9245 rec=0.9243 f1=0.9243
2026-08-27 22:14:45,106 | EPOCH 80 train_loss=0.082644
2026-08-27 22:14:45,836 | EPOCH 80 VAL loss=0.246683 acc=0.9223 pre=0.9236 rec=0.9230 f1=0.9232
2026-08-27 22:14:55,067 | EPOCH 81 train_loss=0.081025
2026-08-27 22:14:55,800 | EPOCH 81 VAL loss=0.253277 acc=0.9217 pre=0.9226 rec=0.9226 f1=0.9224
2026-08-27 22:15:05,440 | EPOCH 82 train_loss=0.079895
2026-08-27 22:15:06,165 | EPOCH 82 VAL loss=0.246174 acc=0.9238 pre=0.9247 rec=0.9245 f1=0.9245
2026-08-27 22:15:06,174 | DONE best_epoch=72 best_val_loss=0.238476 early_stop=True time=852.67s
