2026-08-27 10:48:07,544 | START mlp_adam_lr0.002_s123 opt=adam lr=0.002 seed=123 device=cuda epochs=150 best_by=f1 stop_by=f1
2026-08-27 10:48:14,711 | EPOCH 1 train_loss=0.510214
2026-08-27 10:48:15,313 | EPOCH 1 VAL loss=0.386352 acc=0.8583 pre=0.8599 rec=0.8595 f1=0.8594 BEST
2026-08-27 10:48:22,725 | EPOCH 2 train_loss=0.369246
2026-08-27 10:48:23,356 | EPOCH 2 VAL loss=0.398263 acc=0.8538 pre=0.8682 rec=0.8546 f1=0.8536
2026-08-27 10:48:30,680 | EPOCH 3 train_loss=0.331907
2026-08-27 10:48:31,300 | EPOCH 3 VAL loss=0.343723 acc=0.8762 pre=0.8782 rec=0.8770 f1=0.8772 BEST
2026-08-27 10:48:38,854 | EPOCH 4 train_loss=0.312093
2026-08-27 10:48:39,427 | EPOCH 4 VAL loss=0.357037 acc=0.8728 pre=0.8747 rec=0.8744 f1=0.8726
2026-08-27 10:48:46,523 | EPOCH 5 train_loss=0.293188
2026-08-27 10:48:47,124 | EPOCH 5 VAL loss=0.332273 acc=0.8832 pre=0.8837 rec=0.8841 f1=0.8821 BEST
2026-08-27 10:48:54,940 | EPOCH 6 train_loss=0.278052
2026-08-27 10:48:55,551 | EPOCH 6 VAL loss=0.321731 acc=0.8808 pre=0.8830 rec=0.8827 f1=0.8817
2026-08-27 10:49:02,512 | EPOCH 7 train_loss=0.265658
2026-08-27 10:49:03,105 | EPOCH 7 VAL loss=0.341488 acc=0.8792 pre=0.8853 rec=0.8818 f1=0.8813
2026-08-27 10:49:10,071 | EPOCH 8 train_loss=0.256290
2026-08-27 10:49:10,662 | EPOCH 8 VAL loss=0.327433 acc=0.8837 pre=0.8884 rec=0.8853 f1=0.8859 BEST
2026-08-27 10:49:18,102 | EPOCH 9 train_loss=0.245621
2026-08-27 10:49:18,688 | EPOCH 9 VAL loss=0.319731 acc=0.8850 pre=0.8857 rec=0.8865 f1=0.8857
2026-08-27 10:49:25,620 | EPOCH 10 train_loss=0.242386
2026-08-27 10:49:26,217 | EPOCH 10 VAL loss=0.328143 acc=0.8867 pre=0.8862 rec=0.8880 f1=0.8857
2026-08-27 10:49:33,077 | EPOCH 11 train_loss=0.226555
2026-08-27 10:49:33,740 | EPOCH 11 VAL loss=0.322472 acc=0.8880 pre=0.8884 rec=0.8895 f1=0.8886 BEST
2026-08-27 10:49:41,125 | EPOCH 12 train_loss=0.220658
2026-08-27 10:49:41,739 | EPOCH 12 VAL loss=0.335757 acc=0.8895 pre=0.8914 rec=0.8898 f1=0.8893 BEST
2026-08-27 10:49:49,251 | EPOCH 13 train_loss=0.216526
2026-08-27 10:49:49,842 | EPOCH 13 VAL loss=0.346976 acc=0.8813 pre=0.8833 rec=0.8828 f1=0.8826
2026-08-27 10:49:56,718 | EPOCH 14 train_loss=0.207976
2026-08-27 10:49:57,300 | EPOCH 14 VAL loss=0.353467 acc=0.8880 pre=0.8880 rec=0.8889 f1=0.8868
2026-08-27 10:50:04,236 | EPOCH 15 train_loss=0.203379
2026-08-27 10:50:04,821 | EPOCH 15 VAL loss=0.342953 acc=0.8912 pre=0.8917 rec=0.8921 f1=0.8911 BEST
2026-08-27 10:50:12,299 | EPOCH 16 train_loss=0.198395
2026-08-27 10:50:12,868 | EPOCH 16 VAL loss=0.353975 acc=0.8865 pre=0.8873 rec=0.8875 f1=0.8850
2026-08-27 10:50:19,623 | EPOCH 17 train_loss=0.190455
2026-08-27 10:50:20,190 | EPOCH 17 VAL loss=0.348023 acc=0.8882 pre=0.8907 rec=0.8891 f1=0.8893
2026-08-27 10:50:26,954 | EPOCH 18 train_loss=0.188036
2026-08-27 10:50:27,521 | EPOCH 18 VAL loss=0.346809 acc=0.8918 pre=0.8927 rec=0.8931 f1=0.8924 BEST
2026-08-27 10:50:34,616 | EPOCH 19 train_loss=0.180810
2026-08-27 10:50:35,199 | EPOCH 19 VAL loss=0.362102 acc=0.8898 pre=0.8917 rec=0.8907 f1=0.8909
2026-08-27 10:50:41,950 | EPOCH 20 train_loss=0.179009
2026-08-27 10:50:42,556 | EPOCH 20 VAL loss=0.358707 acc=0.8893 pre=0.8896 rec=0.8904 f1=0.8889
2026-08-27 10:50:49,345 | EPOCH 21 train_loss=0.168868
2026-08-27 10:50:49,913 | EPOCH 21 VAL loss=0.377409 acc=0.8928 pre=0.8951 rec=0.8930 f1=0.8909
2026-08-27 10:50:56,691 | EPOCH 22 train_loss=0.167376
2026-08-27 10:50:57,265 | EPOCH 22 VAL loss=0.364146 acc=0.8847 pre=0.8865 rec=0.8852 f1=0.8842
2026-08-27 10:51:04,090 | EPOCH 23 train_loss=0.162865
2026-08-27 10:51:04,659 | EPOCH 23 VAL loss=0.365814 acc=0.8950 pre=0.8956 rec=0.8954 f1=0.8941 BEST
2026-08-27 10:51:11,640 | EPOCH 24 train_loss=0.161103
2026-08-27 10:51:12,197 | EPOCH 24 VAL loss=0.386846 acc=0.8895 pre=0.8909 rec=0.8904 f1=0.8905
2026-08-27 10:51:18,935 | EPOCH 25 train_loss=0.159241
2026-08-27 10:51:19,495 | EPOCH 25 VAL loss=0.375369 acc=0.8917 pre=0.8927 rec=0.8922 f1=0.8907
2026-08-27 10:51:26,222 | EPOCH 26 train_loss=0.150850
2026-08-27 10:51:26,793 | EPOCH 26 VAL loss=0.384895 acc=0.8942 pre=0.8944 rec=0.8952 f1=0.8946 BEST
2026-08-27 10:51:33,884 | EPOCH 27 train_loss=0.150985
2026-08-27 10:51:34,454 | EPOCH 27 VAL loss=0.415726 acc=0.8917 pre=0.8916 rec=0.8930 f1=0.8920
2026-08-27 10:51:41,196 | EPOCH 28 train_loss=0.149321
2026-08-27 10:51:42,145 | EPOCH 28 VAL loss=0.417107 acc=0.8890 pre=0.8915 rec=0.8902 f1=0.8906
2026-08-27 10:51:49,151 | EPOCH 29 train_loss=0.146792
2026-08-27 10:51:49,745 | EPOCH 29 VAL loss=0.401471 acc=0.8950 pre=0.8968 rec=0.8960 f1=0.8961 BEST
2026-08-27 10:51:56,954 | EPOCH 30 train_loss=0.141959
2026-08-27 10:51:57,523 | EPOCH 30 VAL loss=0.452148 acc=0.8838 pre=0.8848 rec=0.8862 f1=0.8841
2026-08-27 10:52:04,397 | EPOCH 31 train_loss=0.142520
2026-08-27 10:52:04,984 | EPOCH 31 VAL loss=0.452875 acc=0.8875 pre=0.8902 rec=0.8887 f1=0.8876
2026-08-27 10:52:11,781 | EPOCH 32 train_loss=0.138818
2026-08-27 10:52:12,332 | EPOCH 32 VAL loss=0.428854 acc=0.8917 pre=0.8936 rec=0.8934 f1=0.8929
2026-08-27 10:52:19,125 | EPOCH 33 train_loss=0.136770
2026-08-27 10:52:19,692 | EPOCH 33 VAL loss=0.433512 acc=0.8920 pre=0.8924 rec=0.8925 f1=0.8913
2026-08-27 10:52:26,489 | EPOCH 34 train_loss=0.131584
2026-08-27 10:52:27,057 | EPOCH 34 VAL loss=0.428934 acc=0.8908 pre=0.8934 rec=0.8918 f1=0.8919
2026-08-27 10:52:33,698 | EPOCH 35 train_loss=0.131198
2026-08-27 10:52:34,246 | EPOCH 35 VAL loss=0.453959 acc=0.8915 pre=0.8915 rec=0.8923 f1=0.8918
2026-08-27 10:52:40,896 | EPOCH 36 train_loss=0.127163
2026-08-27 10:52:41,467 | EPOCH 36 VAL loss=0.499639 acc=0.8885 pre=0.8886 rec=0.8895 f1=0.8881
2026-08-27 10:52:48,169 | EPOCH 37 train_loss=0.122346
2026-08-27 10:52:48,749 | EPOCH 37 VAL loss=0.475849 acc=0.8930 pre=0.8936 rec=0.8941 f1=0.8934
2026-08-27 10:52:55,482 | EPOCH 38 train_loss=0.129570
2026-08-27 10:52:56,049 | EPOCH 38 VAL loss=0.489580 acc=0.8893 pre=0.8897 rec=0.8900 f1=0.8893
2026-08-27 10:53:02,648 | EPOCH 39 train_loss=0.121702
2026-08-27 10:53:03,208 | EPOCH 39 VAL loss=0.477991 acc=0.8913 pre=0.8940 rec=0.8927 f1=0.8930
2026-08-27 10:53:03,217 | DONE best_epoch=29 best_val_loss=0.401471 early_stop=True time=295.01s
