2026-08-27 11:33:16,730 | START mlp_adamw_lr0.001_s42 opt=adamw lr=0.001 seed=42 device=cuda epochs=150 best_by=f1 stop_by=f1
2026-08-27 11:33:23,497 | EPOCH 1 train_loss=0.538383
2026-08-27 11:33:24,431 | EPOCH 1 VAL loss=0.423173 acc=0.8523 pre=0.8528 rec=0.8534 f1=0.8511 BEST
2026-08-27 11:33:31,538 | EPOCH 2 train_loss=0.375812
2026-08-27 11:33:32,111 | EPOCH 2 VAL loss=0.365279 acc=0.8653 pre=0.8675 rec=0.8649 f1=0.8640 BEST
2026-08-27 11:33:39,179 | EPOCH 3 train_loss=0.338949
2026-08-27 11:33:39,739 | EPOCH 3 VAL loss=0.367546 acc=0.8717 pre=0.8752 rec=0.8724 f1=0.8694 BEST
2026-08-27 11:33:46,740 | EPOCH 4 train_loss=0.312391
2026-08-27 11:33:47,313 | EPOCH 4 VAL loss=0.327311 acc=0.8792 pre=0.8821 rec=0.8804 f1=0.8809 BEST
2026-08-27 11:33:54,541 | EPOCH 5 train_loss=0.294832
2026-08-27 11:33:55,110 | EPOCH 5 VAL loss=0.325894 acc=0.8810 pre=0.8821 rec=0.8822 f1=0.8799
2026-08-27 11:34:01,751 | EPOCH 6 train_loss=0.278664
2026-08-27 11:34:02,305 | EPOCH 6 VAL loss=0.331831 acc=0.8827 pre=0.8837 rec=0.8836 f1=0.8816 BEST
2026-08-27 11:34:09,335 | EPOCH 7 train_loss=0.267440
2026-08-27 11:34:09,889 | EPOCH 7 VAL loss=0.345334 acc=0.8770 pre=0.8801 rec=0.8788 f1=0.8774
2026-08-27 11:34:16,574 | EPOCH 8 train_loss=0.253577
2026-08-27 11:34:17,132 | EPOCH 8 VAL loss=0.309553 acc=0.8920 pre=0.8925 rec=0.8928 f1=0.8911 BEST
2026-08-27 11:34:24,120 | EPOCH 9 train_loss=0.243218
2026-08-27 11:34:24,684 | EPOCH 9 VAL loss=0.309001 acc=0.8905 pre=0.8907 rec=0.8916 f1=0.8905
2026-08-27 11:34:31,337 | EPOCH 10 train_loss=0.236409
2026-08-27 11:34:31,911 | EPOCH 10 VAL loss=0.316806 acc=0.8875 pre=0.8882 rec=0.8879 f1=0.8871
2026-08-27 11:34:38,578 | EPOCH 11 train_loss=0.226049
2026-08-27 11:34:39,137 | EPOCH 11 VAL loss=0.314599 acc=0.8887 pre=0.8898 rec=0.8901 f1=0.8886
2026-08-27 11:34:45,796 | EPOCH 12 train_loss=0.219294
2026-08-27 11:34:46,354 | EPOCH 12 VAL loss=0.304409 acc=0.8940 pre=0.8941 rec=0.8949 f1=0.8937 BEST
2026-08-27 11:34:53,326 | EPOCH 13 train_loss=0.208590
2026-08-27 11:34:53,971 | EPOCH 13 VAL loss=0.319273 acc=0.8903 pre=0.8929 rec=0.8918 f1=0.8920
2026-08-27 11:35:00,798 | EPOCH 14 train_loss=0.201885
2026-08-27 11:35:01,401 | EPOCH 14 VAL loss=0.321201 acc=0.8912 pre=0.8928 rec=0.8919 f1=0.8897
2026-08-27 11:35:08,233 | EPOCH 15 train_loss=0.195471
2026-08-27 11:35:08,809 | EPOCH 15 VAL loss=0.321386 acc=0.8872 pre=0.8889 rec=0.8885 f1=0.8866
2026-08-27 11:35:15,780 | EPOCH 16 train_loss=0.190327
2026-08-27 11:35:16,408 | EPOCH 16 VAL loss=0.311838 acc=0.8985 pre=0.8995 rec=0.8995 f1=0.8993 BEST
2026-08-27 11:35:23,681 | EPOCH 17 train_loss=0.183088
2026-08-27 11:35:24,259 | EPOCH 17 VAL loss=0.310218 acc=0.8955 pre=0.8977 rec=0.8972 f1=0.8970
2026-08-27 11:35:31,149 | EPOCH 18 train_loss=0.175938
2026-08-27 11:35:31,734 | EPOCH 18 VAL loss=0.321744 acc=0.8948 pre=0.8950 rec=0.8959 f1=0.8936
2026-08-27 11:35:38,634 | EPOCH 19 train_loss=0.172295
2026-08-27 11:35:39,200 | EPOCH 19 VAL loss=0.333766 acc=0.8893 pre=0.8907 rec=0.8896 f1=0.8895
2026-08-27 11:35:46,024 | EPOCH 20 train_loss=0.167381
2026-08-27 11:35:46,598 | EPOCH 20 VAL loss=0.347640 acc=0.8948 pre=0.8976 rec=0.8950 f1=0.8942
2026-08-27 11:35:53,320 | EPOCH 21 train_loss=0.161800
2026-08-27 11:35:53,933 | EPOCH 21 VAL loss=0.331297 acc=0.8947 pre=0.8979 rec=0.8962 f1=0.8966
2026-08-27 11:36:00,790 | EPOCH 22 train_loss=0.155981
2026-08-27 11:36:01,382 | EPOCH 22 VAL loss=0.374152 acc=0.8873 pre=0.8881 rec=0.8885 f1=0.8869
2026-08-27 11:36:08,148 | EPOCH 23 train_loss=0.154865
2026-08-27 11:36:08,725 | EPOCH 23 VAL loss=0.343600 acc=0.8962 pre=0.8969 rec=0.8978 f1=0.8969
2026-08-27 11:36:15,494 | EPOCH 24 train_loss=0.145997
2026-08-27 11:36:16,066 | EPOCH 24 VAL loss=0.349368 acc=0.8965 pre=0.8974 rec=0.8972 f1=0.8972
2026-08-27 11:36:22,860 | EPOCH 25 train_loss=0.144755
2026-08-27 11:36:23,431 | EPOCH 25 VAL loss=0.343394 acc=0.8958 pre=0.8961 rec=0.8964 f1=0.8950
2026-08-27 11:36:30,255 | EPOCH 26 train_loss=0.141454
2026-08-27 11:36:30,863 | EPOCH 26 VAL loss=0.359030 acc=0.8888 pre=0.8899 rec=0.8904 f1=0.8898
2026-08-27 11:36:30,872 | DONE best_epoch=16 best_val_loss=0.311838 early_stop=True time=193.44s
