2026-08-27 11:21:24,176 | START mlp_adamw_lr0.002_s42 opt=adamw lr=0.002 seed=42 device=cuda epochs=150 best_by=f1 stop_by=f1
2026-08-27 11:21:30,739 | EPOCH 1 train_loss=0.515555
2026-08-27 11:21:31,294 | EPOCH 1 VAL loss=0.421529 acc=0.8488 pre=0.8496 rec=0.8499 f1=0.8483 BEST
2026-08-27 11:21:38,201 | EPOCH 2 train_loss=0.372256
2026-08-27 11:21:38,748 | EPOCH 2 VAL loss=0.359997 acc=0.8653 pre=0.8679 rec=0.8650 f1=0.8646 BEST
2026-08-27 11:21:45,610 | EPOCH 3 train_loss=0.337254
2026-08-27 11:21:46,165 | EPOCH 3 VAL loss=0.397025 acc=0.8583 pre=0.8653 rec=0.8598 f1=0.8569
2026-08-27 11:21:52,637 | EPOCH 4 train_loss=0.313805
2026-08-27 11:21:53,186 | EPOCH 4 VAL loss=0.332377 acc=0.8798 pre=0.8812 rec=0.8812 f1=0.8810 BEST
2026-08-27 11:22:00,170 | EPOCH 5 train_loss=0.294236
2026-08-27 11:22:00,719 | EPOCH 5 VAL loss=0.329436 acc=0.8780 pre=0.8786 rec=0.8796 f1=0.8784
2026-08-27 11:22:07,277 | EPOCH 6 train_loss=0.281909
2026-08-27 11:22:07,842 | EPOCH 6 VAL loss=0.333512 acc=0.8808 pre=0.8820 rec=0.8814 f1=0.8791
2026-08-27 11:22:14,388 | EPOCH 7 train_loss=0.269036
2026-08-27 11:22:14,927 | EPOCH 7 VAL loss=0.358000 acc=0.8740 pre=0.8792 rec=0.8759 f1=0.8751
2026-08-27 11:22:21,431 | EPOCH 8 train_loss=0.257038
2026-08-27 11:22:22,002 | EPOCH 8 VAL loss=0.316032 acc=0.8858 pre=0.8870 rec=0.8864 f1=0.8838 BEST
2026-08-27 11:22:28,857 | EPOCH 9 train_loss=0.248144
2026-08-27 11:22:29,403 | EPOCH 9 VAL loss=0.332318 acc=0.8802 pre=0.8808 rec=0.8814 f1=0.8796
2026-08-27 11:22:35,829 | EPOCH 10 train_loss=0.240622
2026-08-27 11:22:36,372 | EPOCH 10 VAL loss=0.340065 acc=0.8792 pre=0.8808 rec=0.8800 f1=0.8791
2026-08-27 11:22:42,854 | EPOCH 11 train_loss=0.230975
2026-08-27 11:22:43,411 | EPOCH 11 VAL loss=0.339582 acc=0.8817 pre=0.8833 rec=0.8825 f1=0.8805
2026-08-27 11:22:49,857 | EPOCH 12 train_loss=0.225436
2026-08-27 11:22:50,389 | EPOCH 12 VAL loss=0.344459 acc=0.8893 pre=0.8900 rec=0.8902 f1=0.8876 BEST
2026-08-27 11:22:57,187 | EPOCH 13 train_loss=0.217527
2026-08-27 11:22:57,739 | EPOCH 13 VAL loss=0.349412 acc=0.8818 pre=0.8889 rec=0.8835 f1=0.8843
2026-08-27 11:23:04,314 | EPOCH 14 train_loss=0.213916
2026-08-27 11:23:04,858 | EPOCH 14 VAL loss=0.329137 acc=0.8860 pre=0.8875 rec=0.8865 f1=0.8849
2026-08-27 11:23:11,416 | EPOCH 15 train_loss=0.208654
2026-08-27 11:23:11,975 | EPOCH 15 VAL loss=0.346481 acc=0.8843 pre=0.8854 rec=0.8860 f1=0.8843
2026-08-27 11:23:18,546 | EPOCH 16 train_loss=0.203329
2026-08-27 11:23:19,098 | EPOCH 16 VAL loss=0.322230 acc=0.8900 pre=0.8921 rec=0.8913 f1=0.8915 BEST
2026-08-27 11:23:25,971 | EPOCH 17 train_loss=0.198277
2026-08-27 11:23:26,505 | EPOCH 17 VAL loss=0.339831 acc=0.8850 pre=0.8885 rec=0.8871 f1=0.8868
2026-08-27 11:23:32,909 | EPOCH 18 train_loss=0.191717
2026-08-27 11:23:33,460 | EPOCH 18 VAL loss=0.333647 acc=0.8882 pre=0.8898 rec=0.8889 f1=0.8854
2026-08-27 11:23:39,942 | EPOCH 19 train_loss=0.188862
2026-08-27 11:23:40,483 | EPOCH 19 VAL loss=0.344019 acc=0.8905 pre=0.8917 rec=0.8915 f1=0.8912
2026-08-27 11:23:47,066 | EPOCH 20 train_loss=0.185963
2026-08-27 11:23:47,620 | EPOCH 20 VAL loss=0.351362 acc=0.8910 pre=0.8925 rec=0.8917 f1=0.8894
2026-08-27 11:23:54,107 | EPOCH 21 train_loss=0.179997
2026-08-27 11:23:54,651 | EPOCH 21 VAL loss=0.348802 acc=0.8823 pre=0.8890 rec=0.8841 f1=0.8850
2026-08-27 11:24:01,102 | EPOCH 22 train_loss=0.177683
2026-08-27 11:24:01,646 | EPOCH 22 VAL loss=0.348664 acc=0.8913 pre=0.8913 rec=0.8921 f1=0.8911
2026-08-27 11:24:08,222 | EPOCH 23 train_loss=0.177944
2026-08-27 11:24:08,766 | EPOCH 23 VAL loss=0.344537 acc=0.8857 pre=0.8862 rec=0.8869 f1=0.8858
2026-08-27 11:24:15,278 | EPOCH 24 train_loss=0.171976
2026-08-27 11:24:15,811 | EPOCH 24 VAL loss=0.372969 acc=0.8893 pre=0.8890 rec=0.8900 f1=0.8890
2026-08-27 11:24:22,116 | EPOCH 25 train_loss=0.169474
2026-08-27 11:24:22,653 | EPOCH 25 VAL loss=0.349651 acc=0.8948 pre=0.8949 rec=0.8961 f1=0.8949 BEST
2026-08-27 11:24:29,961 | EPOCH 26 train_loss=0.166835
2026-08-27 11:24:30,517 | EPOCH 26 VAL loss=0.374345 acc=0.8868 pre=0.8895 rec=0.8878 f1=0.8880
2026-08-27 11:24:37,055 | EPOCH 27 train_loss=0.164858
2026-08-27 11:24:37,605 | EPOCH 27 VAL loss=0.370668 acc=0.8900 pre=0.8894 rec=0.8908 f1=0.8896
2026-08-27 11:24:44,224 | EPOCH 28 train_loss=0.160663
2026-08-27 11:24:44,764 | EPOCH 28 VAL loss=0.392006 acc=0.8885 pre=0.8910 rec=0.8890 f1=0.8872
2026-08-27 11:24:51,297 | EPOCH 29 train_loss=0.156512
2026-08-27 11:24:51,847 | EPOCH 29 VAL loss=0.385760 acc=0.8838 pre=0.8874 rec=0.8847 f1=0.8835
2026-08-27 11:24:58,334 | EPOCH 30 train_loss=0.155413
2026-08-27 11:24:58,883 | EPOCH 30 VAL loss=0.389698 acc=0.8875 pre=0.8889 rec=0.8891 f1=0.8884
2026-08-27 11:25:05,383 | EPOCH 31 train_loss=0.154842
2026-08-27 11:25:05,932 | EPOCH 31 VAL loss=0.405989 acc=0.8847 pre=0.8875 rec=0.8858 f1=0.8851
2026-08-27 11:25:12,539 | EPOCH 32 train_loss=0.153921
2026-08-27 11:25:13,093 | EPOCH 32 VAL loss=0.380281 acc=0.8890 pre=0.8899 rec=0.8900 f1=0.8897
2026-08-27 11:25:19,610 | EPOCH 33 train_loss=0.146641
2026-08-27 11:25:20,155 | EPOCH 33 VAL loss=0.403112 acc=0.8920 pre=0.8948 rec=0.8927 f1=0.8922
2026-08-27 11:25:26,675 | EPOCH 34 train_loss=0.145737
2026-08-27 11:25:27,220 | EPOCH 34 VAL loss=0.387037 acc=0.8867 pre=0.8863 rec=0.8880 f1=0.8866
2026-08-27 11:25:33,805 | EPOCH 35 train_loss=0.144627
2026-08-27 11:25:34,365 | EPOCH 35 VAL loss=0.452012 acc=0.8868 pre=0.8880 rec=0.8877 f1=0.8869
2026-08-27 11:25:34,373 | DONE best_epoch=25 best_val_loss=0.349651 early_stop=True time=249.55s
