2026-08-27 11:59:10,813 | START mlp_adamax_lr0.002_s42 opt=adamax lr=0.002 seed=42 device=cuda epochs=150 best_by=f1 stop_by=f1
2026-08-27 11:59:17,647 | EPOCH 1 train_loss=0.564166
2026-08-27 11:59:18,209 | EPOCH 1 VAL loss=0.444629 acc=0.8472 pre=0.8492 rec=0.8482 f1=0.8463 BEST
2026-08-27 11:59:25,138 | EPOCH 2 train_loss=0.404598
2026-08-27 11:59:25,703 | EPOCH 2 VAL loss=0.394992 acc=0.8565 pre=0.8597 rec=0.8559 f1=0.8548 BEST
2026-08-27 11:59:32,696 | EPOCH 3 train_loss=0.361063
2026-08-27 11:59:33,326 | EPOCH 3 VAL loss=0.370812 acc=0.8680 pre=0.8692 rec=0.8690 f1=0.8669 BEST
2026-08-27 11:59:41,038 | EPOCH 4 train_loss=0.331858
2026-08-27 11:59:41,626 | EPOCH 4 VAL loss=0.337200 acc=0.8787 pre=0.8812 rec=0.8797 f1=0.8801 BEST
2026-08-27 11:59:48,918 | EPOCH 5 train_loss=0.310317
2026-08-27 11:59:49,474 | EPOCH 5 VAL loss=0.328814 acc=0.8797 pre=0.8800 rec=0.8813 f1=0.8796
2026-08-27 11:59:56,626 | EPOCH 6 train_loss=0.294048
2026-08-27 11:59:57,186 | EPOCH 6 VAL loss=0.333961 acc=0.8797 pre=0.8809 rec=0.8806 f1=0.8786
2026-08-27 12:00:04,173 | EPOCH 7 train_loss=0.281335
2026-08-27 12:00:04,803 | EPOCH 7 VAL loss=0.321437 acc=0.8832 pre=0.8862 rec=0.8843 f1=0.8841 BEST
2026-08-27 12:00:12,254 | EPOCH 8 train_loss=0.268199
2026-08-27 12:00:12,889 | EPOCH 8 VAL loss=0.306543 acc=0.8895 pre=0.8902 rec=0.8900 f1=0.8885 BEST
2026-08-27 12:00:20,164 | EPOCH 9 train_loss=0.257299
2026-08-27 12:00:20,792 | EPOCH 9 VAL loss=0.313533 acc=0.8845 pre=0.8848 rec=0.8854 f1=0.8834
2026-08-27 12:00:27,547 | EPOCH 10 train_loss=0.247747
2026-08-27 12:00:28,104 | EPOCH 10 VAL loss=0.306344 acc=0.8867 pre=0.8880 rec=0.8873 f1=0.8868
2026-08-27 12:00:35,114 | EPOCH 11 train_loss=0.238226
2026-08-27 12:00:35,733 | EPOCH 11 VAL loss=0.312170 acc=0.8865 pre=0.8880 rec=0.8874 f1=0.8863
2026-08-27 12:00:42,257 | EPOCH 12 train_loss=0.228928
2026-08-27 12:00:42,815 | EPOCH 12 VAL loss=0.290984 acc=0.8923 pre=0.8919 rec=0.8931 f1=0.8908 BEST
2026-08-27 12:00:50,099 | EPOCH 13 train_loss=0.218987
2026-08-27 12:00:50,718 | EPOCH 13 VAL loss=0.306852 acc=0.8855 pre=0.8900 rec=0.8868 f1=0.8874
2026-08-27 12:00:57,603 | EPOCH 14 train_loss=0.213606
2026-08-27 12:00:58,148 | EPOCH 14 VAL loss=0.297416 acc=0.8910 pre=0.8919 rec=0.8915 f1=0.8901
2026-08-27 12:01:04,618 | EPOCH 15 train_loss=0.206130
2026-08-27 12:01:05,168 | EPOCH 15 VAL loss=0.305554 acc=0.8875 pre=0.8895 rec=0.8890 f1=0.8876
2026-08-27 12:01:11,959 | EPOCH 16 train_loss=0.198640
2026-08-27 12:01:12,580 | EPOCH 16 VAL loss=0.292742 acc=0.8952 pre=0.8962 rec=0.8960 f1=0.8951 BEST
2026-08-27 12:01:19,789 | EPOCH 17 train_loss=0.191620
2026-08-27 12:01:20,344 | EPOCH 17 VAL loss=0.292725 acc=0.8913 pre=0.8942 rec=0.8932 f1=0.8927
2026-08-27 12:01:27,355 | EPOCH 18 train_loss=0.185249
2026-08-27 12:01:27,973 | EPOCH 18 VAL loss=0.300616 acc=0.8933 pre=0.8934 rec=0.8942 f1=0.8915
2026-08-27 12:01:34,587 | EPOCH 19 train_loss=0.179524
2026-08-27 12:01:35,144 | EPOCH 19 VAL loss=0.296541 acc=0.8985 pre=0.8992 rec=0.8989 f1=0.8989 BEST
2026-08-27 12:01:42,374 | EPOCH 20 train_loss=0.171639
2026-08-27 12:01:42,991 | EPOCH 20 VAL loss=0.300558 acc=0.8980 pre=0.8993 rec=0.8991 f1=0.8991 BEST
2026-08-27 12:01:49,950 | EPOCH 21 train_loss=0.165760
2026-08-27 12:01:50,508 | EPOCH 21 VAL loss=0.310555 acc=0.8945 pre=0.8988 rec=0.8966 f1=0.8961
2026-08-27 12:01:57,038 | EPOCH 22 train_loss=0.160258
2026-08-27 12:01:57,596 | EPOCH 22 VAL loss=0.318520 acc=0.8920 pre=0.8937 rec=0.8926 f1=0.8925
2026-08-27 12:02:04,372 | EPOCH 23 train_loss=0.155522
2026-08-27 12:02:04,916 | EPOCH 23 VAL loss=0.312198 acc=0.8957 pre=0.8963 rec=0.8973 f1=0.8964
2026-08-27 12:02:11,408 | EPOCH 24 train_loss=0.149593
2026-08-27 12:02:11,959 | EPOCH 24 VAL loss=0.314883 acc=0.8973 pre=0.8988 rec=0.8981 f1=0.8982
2026-08-27 12:02:18,431 | EPOCH 25 train_loss=0.143174
2026-08-27 12:02:18,973 | EPOCH 25 VAL loss=0.311333 acc=0.8998 pre=0.8999 rec=0.9009 f1=0.9002 BEST
2026-08-27 12:02:26,690 | EPOCH 26 train_loss=0.140580
2026-08-27 12:02:27,306 | EPOCH 26 VAL loss=0.310547 acc=0.8930 pre=0.8941 rec=0.8937 f1=0.8936
2026-08-27 12:02:34,509 | EPOCH 27 train_loss=0.134698
2026-08-27 12:02:35,128 | EPOCH 27 VAL loss=0.321319 acc=0.8973 pre=0.8982 rec=0.8978 f1=0.8966
2026-08-27 12:02:41,914 | EPOCH 28 train_loss=0.130065
2026-08-27 12:02:42,467 | EPOCH 28 VAL loss=0.350595 acc=0.8950 pre=0.8976 rec=0.8954 f1=0.8930
2026-08-27 12:02:49,199 | EPOCH 29 train_loss=0.125431
2026-08-27 12:02:49,757 | EPOCH 29 VAL loss=0.366912 acc=0.8887 pre=0.8933 rec=0.8890 f1=0.8875
2026-08-27 12:02:56,187 | EPOCH 30 train_loss=0.119578
2026-08-27 12:02:56,734 | EPOCH 30 VAL loss=0.350055 acc=0.8957 pre=0.8956 rec=0.8967 f1=0.8955
2026-08-27 12:03:03,167 | EPOCH 31 train_loss=0.118789
2026-08-27 12:03:03,761 | EPOCH 31 VAL loss=0.352780 acc=0.8922 pre=0.8929 rec=0.8928 f1=0.8913
2026-08-27 12:03:10,264 | EPOCH 32 train_loss=0.114264
2026-08-27 12:03:10,814 | EPOCH 32 VAL loss=0.347684 acc=0.8925 pre=0.8923 rec=0.8932 f1=0.8916
2026-08-27 12:03:17,312 | EPOCH 33 train_loss=0.109000
2026-08-27 12:03:17,876 | EPOCH 33 VAL loss=0.355680 acc=0.8897 pre=0.8916 rec=0.8897 f1=0.8897
2026-08-27 12:03:24,528 | EPOCH 34 train_loss=0.104021
2026-08-27 12:03:25,113 | EPOCH 34 VAL loss=0.341825 acc=0.8993 pre=0.8996 rec=0.8999 f1=0.8993
2026-08-27 12:03:31,519 | EPOCH 35 train_loss=0.100317
2026-08-27 12:03:32,065 | EPOCH 35 VAL loss=0.369169 acc=0.8963 pre=0.8988 rec=0.8965 f1=0.8973
2026-08-27 12:03:32,073 | DONE best_epoch=25 best_val_loss=0.311333 early_stop=True time=260.62s
