2026-08-27 08:04:41,449 | START mlp_adadelta_lr1.0_s42 opt=adadelta lr=1.0 seed=42 device=cuda epochs=150 best_by=f1 stop_by=f1
2026-08-27 08:04:49,257 | EPOCH 1 train_loss=0.574224
2026-08-27 08:04:49,890 | EPOCH 1 VAL loss=0.429829 acc=0.8437 pre=0.8467 rec=0.8466 f1=0.8433 BEST
2026-08-27 08:04:57,588 | EPOCH 2 train_loss=0.401012
2026-08-27 08:04:58,205 | EPOCH 2 VAL loss=0.440686 acc=0.8373 pre=0.8609 rec=0.8391 f1=0.8422
2026-08-27 08:05:06,416 | EPOCH 3 train_loss=0.357925
2026-08-27 08:05:07,040 | EPOCH 3 VAL loss=0.350100 acc=0.8717 pre=0.8715 rec=0.8732 f1=0.8706 BEST
2026-08-27 08:05:14,514 | EPOCH 4 train_loss=0.331908
2026-08-27 08:05:15,105 | EPOCH 4 VAL loss=0.376499 acc=0.8623 pre=0.8675 rec=0.8629 f1=0.8632
2026-08-27 08:05:21,967 | EPOCH 5 train_loss=0.313548
2026-08-27 08:05:22,561 | EPOCH 5 VAL loss=0.344235 acc=0.8758 pre=0.8788 rec=0.8762 f1=0.8740 BEST
2026-08-27 08:05:30,963 | EPOCH 6 train_loss=0.301413
2026-08-27 08:05:31,947 | EPOCH 6 VAL loss=0.351422 acc=0.8753 pre=0.8758 rec=0.8761 f1=0.8727
2026-08-27 08:05:39,249 | EPOCH 7 train_loss=0.290860
2026-08-27 08:05:39,854 | EPOCH 7 VAL loss=0.397720 acc=0.8667 pre=0.8714 rec=0.8693 f1=0.8671
2026-08-27 08:05:47,022 | EPOCH 8 train_loss=0.283575
2026-08-27 08:05:47,660 | EPOCH 8 VAL loss=0.347817 acc=0.8783 pre=0.8848 rec=0.8790 f1=0.8783 BEST
2026-08-27 08:05:56,033 | EPOCH 9 train_loss=0.274716
2026-08-27 08:05:56,628 | EPOCH 9 VAL loss=0.363102 acc=0.8678 pre=0.8764 rec=0.8689 f1=0.8650
2026-08-27 08:06:03,958 | EPOCH 10 train_loss=0.269277
2026-08-27 08:06:04,536 | EPOCH 10 VAL loss=0.357333 acc=0.8680 pre=0.8766 rec=0.8691 f1=0.8693
2026-08-27 08:06:11,502 | EPOCH 11 train_loss=0.262167
2026-08-27 08:06:12,225 | EPOCH 11 VAL loss=0.340817 acc=0.8795 pre=0.8818 rec=0.8821 f1=0.8802 BEST
2026-08-27 08:06:20,089 | EPOCH 12 train_loss=0.257871
2026-08-27 08:06:20,685 | EPOCH 12 VAL loss=0.363835 acc=0.8727 pre=0.8751 rec=0.8741 f1=0.8736
2026-08-27 08:06:27,798 | EPOCH 13 train_loss=0.254110
2026-08-27 08:06:28,400 | EPOCH 13 VAL loss=0.388955 acc=0.8852 pre=0.8867 rec=0.8865 f1=0.8844 BEST
2026-08-27 08:06:36,690 | EPOCH 14 train_loss=0.248032
2026-08-27 08:06:37,307 | EPOCH 14 VAL loss=0.374954 acc=0.8852 pre=0.8875 rec=0.8857 f1=0.8843
2026-08-27 08:06:44,556 | EPOCH 15 train_loss=0.243364
2026-08-27 08:06:45,149 | EPOCH 15 VAL loss=0.409753 acc=0.8725 pre=0.8741 rec=0.8743 f1=0.8701
2026-08-27 08:06:52,114 | EPOCH 16 train_loss=0.239434
2026-08-27 08:06:52,685 | EPOCH 16 VAL loss=0.377208 acc=0.8817 pre=0.8850 rec=0.8826 f1=0.8827
2026-08-27 08:06:53,872 | INTERRUPTED epoch=16 batch=135
2026-08-27 12:40:08,450 | START mlp_adadelta_lr1.0_s42 opt=adadelta lr=1.0 seed=42 device=cuda epochs=150 best_by=f1 stop_by=f1
2026-08-27 12:40:10,465 | START mlp_adadelta_lr1.0_s42 opt=adadelta lr=1.0 seed=42 device=cuda epochs=150 best_by=f1 stop_by=f1
2026-08-27 12:40:10,476 | RESUMED from epoch 0, batch 200
2026-08-27 12:40:19,723 | EPOCH 1 train_loss=0.574224
2026-08-27 12:40:20,783 | EPOCH 1 VAL loss=0.429829 acc=0.8437 pre=0.8467 rec=0.8466 f1=0.8433 BEST
2026-08-27 12:40:22,534 | EPOCH 1 train_loss=0.489218
2026-08-27 12:40:23,589 | EPOCH 1 VAL loss=0.429829 acc=0.8437 pre=0.8467 rec=0.8466 f1=0.8433 BEST
2026-08-27 12:40:33,973 | EPOCH 2 train_loss=0.401012
2026-08-27 12:40:35,381 | EPOCH 2 VAL loss=0.440686 acc=0.8373 pre=0.8609 rec=0.8391 f1=0.8422
2026-08-27 12:40:37,384 | EPOCH 2 train_loss=0.401012
2026-08-27 12:40:38,511 | EPOCH 2 VAL loss=0.440686 acc=0.8373 pre=0.8609 rec=0.8391 f1=0.8422
2026-08-27 12:40:48,212 | EPOCH 3 train_loss=0.357925
2026-08-27 12:40:49,306 | EPOCH 3 VAL loss=0.350100 acc=0.8717 pre=0.8715 rec=0.8732 f1=0.8706 BEST
2026-08-27 12:40:50,438 | EPOCH 3 train_loss=0.357925
2026-08-27 12:40:51,506 | EPOCH 3 VAL loss=0.350100 acc=0.8717 pre=0.8715 rec=0.8732 f1=0.8706 BEST
2026-08-27 12:41:03,131 | EPOCH 4 train_loss=0.331908
2026-08-27 12:41:04,234 | EPOCH 4 VAL loss=0.376499 acc=0.8623 pre=0.8675 rec=0.8629 f1=0.8632
2026-08-27 12:41:05,098 | EPOCH 4 train_loss=0.331908
2026-08-27 12:41:06,163 | EPOCH 4 VAL loss=0.376499 acc=0.8623 pre=0.8675 rec=0.8629 f1=0.8632
2026-08-27 12:41:16,349 | EPOCH 5 train_loss=0.313548
2026-08-27 12:41:17,438 | EPOCH 5 VAL loss=0.344235 acc=0.8758 pre=0.8788 rec=0.8762 f1=0.8740 BEST
2026-08-27 12:41:18,442 | EPOCH 5 train_loss=0.313548
2026-08-27 12:41:19,951 | EPOCH 5 VAL loss=0.344235 acc=0.8758 pre=0.8788 rec=0.8762 f1=0.8740 BEST
2026-08-27 12:41:30,752 | EPOCH 6 train_loss=0.301413
2026-08-27 12:41:31,828 | EPOCH 6 VAL loss=0.351422 acc=0.8753 pre=0.8758 rec=0.8761 f1=0.8727
2026-08-27 12:41:32,522 | EPOCH 6 train_loss=0.301413
2026-08-27 12:41:33,573 | EPOCH 6 VAL loss=0.351422 acc=0.8753 pre=0.8758 rec=0.8761 f1=0.8727
2026-08-27 12:41:44,708 | EPOCH 7 train_loss=0.290860
2026-08-27 12:41:45,838 | EPOCH 7 VAL loss=0.397720 acc=0.8667 pre=0.8714 rec=0.8693 f1=0.8671
2026-08-27 12:41:46,534 | EPOCH 7 train_loss=0.290860
2026-08-27 12:41:47,598 | EPOCH 7 VAL loss=0.397720 acc=0.8667 pre=0.8714 rec=0.8693 f1=0.8671
2026-08-27 12:41:57,849 | EPOCH 8 train_loss=0.283575
2026-08-27 12:41:58,940 | EPOCH 8 VAL loss=0.347817 acc=0.8783 pre=0.8848 rec=0.8790 f1=0.8783 BEST
2026-08-27 12:41:59,326 | EPOCH 8 train_loss=0.283575
2026-08-27 12:42:00,373 | EPOCH 8 VAL loss=0.347817 acc=0.8783 pre=0.8848 rec=0.8790 f1=0.8783 BEST
2026-08-27 12:42:11,976 | EPOCH 9 train_loss=0.274716
2026-08-27 12:42:13,111 | EPOCH 9 VAL loss=0.363102 acc=0.8678 pre=0.8764 rec=0.8689 f1=0.8650
2026-08-27 12:42:13,570 | EPOCH 9 train_loss=0.274716
2026-08-27 12:42:14,703 | EPOCH 9 VAL loss=0.363102 acc=0.8678 pre=0.8764 rec=0.8689 f1=0.8650
2026-08-27 12:42:23,045 | INTERRUPTED epoch=9 batch=697
2026-08-27 12:42:23,049 | INTERRUPTED epoch=9 batch=599
2026-08-27 15:31:40,061 | START mlp_adadelta_lr1.0_s42 opt=adadelta lr=1.0 seed=42 device=cuda epochs=150 best_by=f1 stop_by=f1
2026-08-27 15:32:00,461 | EPOCH 1 train_loss=0.574224
2026-08-27 15:32:02,258 | EPOCH 1 VAL loss=0.429829 acc=0.8437 pre=0.8467 rec=0.8466 f1=0.8433 BEST
2026-08-27 15:32:10,766 | START mlp_adadelta_lr1.0_s42 opt=adadelta lr=1.0 seed=42 device=cuda epochs=150 best_by=f1 stop_by=f1
2026-08-27 15:32:10,791 | RESUMED from epoch 1, batch 200
2026-08-27 15:32:23,437 | EPOCH 2 train_loss=0.401012
2026-08-27 15:32:25,368 | EPOCH 2 VAL loss=0.440686 acc=0.8373 pre=0.8609 rec=0.8391 f1=0.8422
2026-08-27 15:32:31,243 | EPOCH 2 train_loss=0.396903
2026-08-27 15:32:32,810 | EPOCH 2 VAL loss=0.440686 acc=0.8373 pre=0.8609 rec=0.8391 f1=0.8422
2026-08-27 15:32:43,865 | EPOCH 3 train_loss=0.357925
2026-08-27 15:32:45,495 | EPOCH 3 VAL loss=0.350100 acc=0.8717 pre=0.8715 rec=0.8732 f1=0.8706 BEST
2026-08-27 15:32:46,440 | START mlp_adadelta_lr1.0_s42 opt=adadelta lr=1.0 seed=42 device=cuda epochs=150 best_by=f1 stop_by=f1
2026-08-27 15:32:46,477 | RESUMED from epoch 3, batch 0
2026-08-27 15:32:53,571 | EPOCH 3 train_loss=0.357925
2026-08-27 15:32:55,503 | EPOCH 3 VAL loss=0.350100 acc=0.8717 pre=0.8715 rec=0.8732 f1=0.8706 BEST
2026-08-27 15:33:06,162 | EPOCH 4 train_loss=0.331908
2026-08-27 15:33:07,977 | EPOCH 4 VAL loss=0.376499 acc=0.8623 pre=0.8675 rec=0.8629 f1=0.8632
2026-08-27 15:33:09,028 | EPOCH 4 train_loss=0.331908
2026-08-27 15:33:10,868 | EPOCH 4 VAL loss=0.376499 acc=0.8623 pre=0.8675 rec=0.8629 f1=0.8632
2026-08-27 15:33:17,502 | EPOCH 4 train_loss=0.331908
2026-08-27 15:33:19,187 | EPOCH 4 VAL loss=0.376499 acc=0.8623 pre=0.8675 rec=0.8629 f1=0.8632
2026-08-27 15:33:27,994 | EPOCH 5 train_loss=0.313548
2026-08-27 15:33:30,132 | EPOCH 5 VAL loss=0.344235 acc=0.8758 pre=0.8788 rec=0.8762 f1=0.8740 BEST
2026-08-27 15:33:31,456 | EPOCH 5 train_loss=0.313548
2026-08-27 15:33:33,432 | EPOCH 5 VAL loss=0.344235 acc=0.8758 pre=0.8788 rec=0.8762 f1=0.8740 BEST
2026-08-27 15:33:41,090 | EPOCH 5 train_loss=0.313548
2026-08-27 15:33:42,847 | EPOCH 5 VAL loss=0.344235 acc=0.8758 pre=0.8788 rec=0.8762 f1=0.8740 BEST
2026-08-27 15:33:50,550 | EPOCH 6 train_loss=0.301413
2026-08-27 15:33:53,035 | EPOCH 6 train_loss=0.301413
2026-08-27 15:33:53,127 | EPOCH 6 VAL loss=0.351422 acc=0.8753 pre=0.8758 rec=0.8761 f1=0.8727
2026-08-27 15:33:55,222 | EPOCH 6 VAL loss=0.351422 acc=0.8753 pre=0.8758 rec=0.8761 f1=0.8727
2026-08-27 15:34:05,004 | EPOCH 6 train_loss=0.301413
2026-08-27 15:34:06,860 | EPOCH 6 VAL loss=0.351422 acc=0.8753 pre=0.8758 rec=0.8761 f1=0.8727
2026-08-27 15:34:13,156 | EPOCH 7 train_loss=0.290860
2026-08-27 15:34:14,315 | EPOCH 7 train_loss=0.290860
2026-08-27 15:34:14,846 | EPOCH 7 VAL loss=0.397720 acc=0.8667 pre=0.8714 rec=0.8693 f1=0.8671
2026-08-27 15:34:16,642 | EPOCH 7 VAL loss=0.397720 acc=0.8667 pre=0.8714 rec=0.8693 f1=0.8671
2026-08-27 15:34:26,741 | EPOCH 7 train_loss=0.290860
2026-08-27 15:34:28,319 | EPOCH 7 VAL loss=0.397720 acc=0.8667 pre=0.8714 rec=0.8693 f1=0.8671
2026-08-27 15:34:36,150 | EPOCH 8 train_loss=0.283575
2026-08-27 15:34:37,752 | EPOCH 8 train_loss=0.283575
2026-08-27 15:34:37,916 | EPOCH 8 VAL loss=0.347817 acc=0.8783 pre=0.8848 rec=0.8790 f1=0.8783 BEST
2026-08-27 15:34:39,698 | EPOCH 8 VAL loss=0.347817 acc=0.8783 pre=0.8848 rec=0.8790 f1=0.8783 BEST
2026-08-27 15:34:49,383 | EPOCH 8 train_loss=0.283575
2026-08-27 15:34:51,268 | EPOCH 8 VAL loss=0.347817 acc=0.8783 pre=0.8848 rec=0.8790 f1=0.8783 BEST
2026-08-27 15:34:58,892 | EPOCH 9 train_loss=0.274716
2026-08-27 15:35:00,604 | EPOCH 9 VAL loss=0.363102 acc=0.8678 pre=0.8764 rec=0.8689 f1=0.8650
2026-08-27 15:35:01,004 | EPOCH 9 train_loss=0.274716
2026-08-27 15:35:02,751 | EPOCH 9 VAL loss=0.363102 acc=0.8678 pre=0.8764 rec=0.8689 f1=0.8650
2026-08-27 15:35:11,997 | EPOCH 9 train_loss=0.274716
2026-08-27 15:35:13,710 | EPOCH 9 VAL loss=0.363102 acc=0.8678 pre=0.8764 rec=0.8689 f1=0.8650
2026-08-27 15:35:21,674 | EPOCH 10 train_loss=0.269277
2026-08-27 15:35:23,499 | EPOCH 10 VAL loss=0.357333 acc=0.8680 pre=0.8766 rec=0.8691 f1=0.8693
2026-08-27 15:35:24,965 | EPOCH 10 train_loss=0.269277
2026-08-27 15:35:26,649 | EPOCH 10 VAL loss=0.357333 acc=0.8680 pre=0.8766 rec=0.8691 f1=0.8693
2026-08-27 15:35:34,257 | EPOCH 10 train_loss=0.269277
2026-08-27 15:35:36,499 | EPOCH 10 VAL loss=0.357333 acc=0.8680 pre=0.8766 rec=0.8691 f1=0.8693
2026-08-27 15:35:43,879 | EPOCH 11 train_loss=0.262167
2026-08-27 15:35:45,725 | EPOCH 11 VAL loss=0.340817 acc=0.8795 pre=0.8818 rec=0.8821 f1=0.8802 BEST
2026-08-27 15:35:46,882 | EPOCH 11 train_loss=0.262167
2026-08-27 15:35:48,435 | EPOCH 11 VAL loss=0.340817 acc=0.8795 pre=0.8818 rec=0.8821 f1=0.8802 BEST
2026-08-27 15:35:56,891 | EPOCH 11 train_loss=0.262167
2026-08-27 15:35:58,975 | EPOCH 11 VAL loss=0.340817 acc=0.8795 pre=0.8818 rec=0.8821 f1=0.8802 BEST
2026-08-27 15:36:06,856 | EPOCH 12 train_loss=0.257871
2026-08-27 15:36:08,646 | EPOCH 12 VAL loss=0.363835 acc=0.8727 pre=0.8751 rec=0.8741 f1=0.8736
2026-08-27 15:36:09,953 | EPOCH 12 train_loss=0.257871
2026-08-27 15:36:11,655 | EPOCH 12 VAL loss=0.363835 acc=0.8727 pre=0.8751 rec=0.8741 f1=0.8736
2026-08-27 15:36:21,364 | EPOCH 12 train_loss=0.257871
2026-08-27 15:36:23,498 | EPOCH 12 VAL loss=0.363835 acc=0.8727 pre=0.8751 rec=0.8741 f1=0.8736
2026-08-27 15:36:28,939 | EPOCH 13 train_loss=0.254110
2026-08-27 15:36:30,499 | EPOCH 13 VAL loss=0.388955 acc=0.8852 pre=0.8867 rec=0.8865 f1=0.8844 BEST
2026-08-27 15:36:33,040 | EPOCH 13 train_loss=0.254110
2026-08-27 15:36:34,625 | EPOCH 13 VAL loss=0.388955 acc=0.8852 pre=0.8867 rec=0.8865 f1=0.8844 BEST
2026-08-27 15:36:43,268 | EPOCH 13 train_loss=0.254110
2026-08-27 15:36:44,842 | EPOCH 13 VAL loss=0.388955 acc=0.8852 pre=0.8867 rec=0.8865 f1=0.8844 BEST
2026-08-27 15:36:53,295 | EPOCH 14 train_loss=0.248032
2026-08-27 15:36:55,713 | EPOCH 14 train_loss=0.248032
2026-08-27 15:36:55,728 | EPOCH 14 VAL loss=0.374954 acc=0.8852 pre=0.8875 rec=0.8857 f1=0.8843
2026-08-27 15:36:57,716 | EPOCH 14 VAL loss=0.374954 acc=0.8852 pre=0.8875 rec=0.8857 f1=0.8843
2026-08-27 15:37:06,108 | EPOCH 14 train_loss=0.248032
2026-08-27 15:37:08,011 | EPOCH 14 VAL loss=0.374954 acc=0.8852 pre=0.8875 rec=0.8857 f1=0.8843
2026-08-27 15:37:15,589 | EPOCH 15 train_loss=0.243364
2026-08-27 15:37:17,610 | EPOCH 15 VAL loss=0.409753 acc=0.8725 pre=0.8741 rec=0.8743 f1=0.8701
2026-08-27 15:37:18,863 | EPOCH 15 train_loss=0.243364
2026-08-27 15:37:20,726 | EPOCH 15 VAL loss=0.409753 acc=0.8725 pre=0.8741 rec=0.8743 f1=0.8701
2026-08-27 15:37:29,080 | EPOCH 15 train_loss=0.243364
2026-08-27 15:37:30,784 | EPOCH 15 VAL loss=0.409753 acc=0.8725 pre=0.8741 rec=0.8743 f1=0.8701
2026-08-27 15:37:36,939 | EPOCH 16 train_loss=0.239434
2026-08-27 15:37:39,451 | EPOCH 16 VAL loss=0.377208 acc=0.8817 pre=0.8850 rec=0.8826 f1=0.8827
2026-08-27 15:37:41,381 | EPOCH 16 train_loss=0.239434
2026-08-27 15:37:43,138 | EPOCH 16 VAL loss=0.377208 acc=0.8817 pre=0.8850 rec=0.8826 f1=0.8827
2026-08-27 15:37:51,824 | EPOCH 16 train_loss=0.239434
2026-08-27 15:37:53,450 | EPOCH 16 VAL loss=0.377208 acc=0.8817 pre=0.8850 rec=0.8826 f1=0.8827
2026-08-27 15:37:58,333 | EPOCH 17 train_loss=0.235013
2026-08-27 15:38:00,183 | EPOCH 17 VAL loss=0.393273 acc=0.8770 pre=0.8822 rec=0.8798 f1=0.8787
2026-08-27 15:38:02,788 | EPOCH 17 train_loss=0.235013
2026-08-27 15:38:05,199 | EPOCH 17 VAL loss=0.393273 acc=0.8770 pre=0.8822 rec=0.8798 f1=0.8787
2026-08-27 15:38:13,634 | EPOCH 17 train_loss=0.235013
2026-08-27 15:38:15,369 | EPOCH 17 VAL loss=0.393273 acc=0.8770 pre=0.8822 rec=0.8798 f1=0.8787
2026-08-27 15:38:20,564 | EPOCH 18 train_loss=0.228605
2026-08-27 15:38:22,322 | EPOCH 18 VAL loss=0.392784 acc=0.8845 pre=0.8848 rec=0.8856 f1=0.8829
2026-08-27 15:38:24,109 | EPOCH 18 train_loss=0.228605
2026-08-27 15:38:26,206 | EPOCH 18 VAL loss=0.392784 acc=0.8845 pre=0.8848 rec=0.8856 f1=0.8829
2026-08-27 15:38:36,260 | EPOCH 18 train_loss=0.228605
2026-08-27 15:38:38,078 | EPOCH 18 VAL loss=0.392784 acc=0.8845 pre=0.8848 rec=0.8856 f1=0.8829
2026-08-27 15:38:42,276 | EPOCH 19 train_loss=0.227035
2026-08-27 15:38:43,724 | EPOCH 19 VAL loss=0.431566 acc=0.8840 pre=0.8908 rec=0.8838 f1=0.8844
2026-08-27 15:38:47,223 | EPOCH 19 train_loss=0.227035
2026-08-27 15:38:49,025 | EPOCH 19 VAL loss=0.431566 acc=0.8840 pre=0.8908 rec=0.8838 f1=0.8844
2026-08-27 15:38:57,713 | EPOCH 19 train_loss=0.227035
2026-08-27 15:38:59,981 | EPOCH 19 VAL loss=0.431566 acc=0.8840 pre=0.8908 rec=0.8838 f1=0.8844
2026-08-27 15:39:04,422 | EPOCH 20 train_loss=0.222651
2026-08-27 15:39:06,128 | EPOCH 20 VAL loss=0.442337 acc=0.8797 pre=0.8814 rec=0.8812 f1=0.8792
2026-08-27 15:39:08,989 | EPOCH 20 train_loss=0.222651
2026-08-27 15:39:10,861 | EPOCH 20 VAL loss=0.442337 acc=0.8797 pre=0.8814 rec=0.8812 f1=0.8792
2026-08-27 15:39:20,966 | EPOCH 20 train_loss=0.222651
2026-08-27 15:39:22,876 | EPOCH 20 VAL loss=0.442337 acc=0.8797 pre=0.8814 rec=0.8812 f1=0.8792
2026-08-27 15:39:26,416 | EPOCH 21 train_loss=0.218804
2026-08-27 15:39:27,688 | EPOCH 21 VAL loss=0.439860 acc=0.8717 pre=0.8822 rec=0.8735 f1=0.8736
2026-08-27 15:39:31,883 | EPOCH 21 train_loss=0.218804
2026-08-27 15:39:33,669 | EPOCH 21 VAL loss=0.439860 acc=0.8717 pre=0.8822 rec=0.8735 f1=0.8736
2026-08-27 15:39:41,820 | EPOCH 21 train_loss=0.218804
2026-08-27 15:39:44,254 | EPOCH 21 VAL loss=0.439860 acc=0.8717 pre=0.8822 rec=0.8735 f1=0.8736
2026-08-27 15:39:48,630 | EPOCH 22 train_loss=0.215520
2026-08-27 15:39:50,368 | EPOCH 22 VAL loss=0.479528 acc=0.8598 pre=0.8778 rec=0.8620 f1=0.8640
2026-08-27 15:39:55,236 | EPOCH 22 train_loss=0.215520
2026-08-27 15:39:56,971 | EPOCH 22 VAL loss=0.479528 acc=0.8598 pre=0.8778 rec=0.8620 f1=0.8640
2026-08-27 15:40:03,538 | EPOCH 22 train_loss=0.215520
2026-08-27 15:40:05,462 | EPOCH 22 VAL loss=0.479528 acc=0.8598 pre=0.8778 rec=0.8620 f1=0.8640
2026-08-27 15:40:10,531 | EPOCH 23 train_loss=0.213792
2026-08-27 15:40:12,239 | EPOCH 23 VAL loss=0.459168 acc=0.8847 pre=0.8888 rec=0.8842 f1=0.8827
2026-08-27 15:40:12,253 | DONE best_epoch=13 best_val_loss=0.388955 early_stop=True time=510.3s
