2026-08-27 08:40:02,586 | START mlp_adagrad_lr0.01_s123 opt=adagrad lr=0.01 seed=123 device=cuda epochs=150 best_by=f1 stop_by=f1
2026-08-27 08:40:08,855 | EPOCH 1 train_loss=0.540335
2026-08-27 08:40:09,380 | EPOCH 1 VAL loss=0.428000 acc=0.8532 pre=0.8533 rec=0.8536 f1=0.8500 BEST
2026-08-27 08:40:16,061 | EPOCH 2 train_loss=0.395395
2026-08-27 08:40:16,602 | EPOCH 2 VAL loss=0.382869 acc=0.8645 pre=0.8655 rec=0.8647 f1=0.8633 BEST
2026-08-27 08:40:23,144 | EPOCH 3 train_loss=0.358836
2026-08-27 08:40:23,713 | EPOCH 3 VAL loss=0.366946 acc=0.8698 pre=0.8702 rec=0.8711 f1=0.8692 BEST
2026-08-27 08:40:30,226 | EPOCH 4 train_loss=0.335847
2026-08-27 08:40:31,109 | EPOCH 4 VAL loss=0.358641 acc=0.8688 pre=0.8713 rec=0.8704 f1=0.8703 BEST
2026-08-27 08:40:37,687 | EPOCH 5 train_loss=0.319223
2026-08-27 08:40:38,225 | EPOCH 5 VAL loss=0.347298 acc=0.8747 pre=0.8750 rec=0.8762 f1=0.8746 BEST
2026-08-27 08:40:44,879 | EPOCH 6 train_loss=0.306446
2026-08-27 08:40:45,419 | EPOCH 6 VAL loss=0.332751 acc=0.8775 pre=0.8794 rec=0.8783 f1=0.8783 BEST
2026-08-27 08:40:51,935 | EPOCH 7 train_loss=0.295707
2026-08-27 08:40:52,475 | EPOCH 7 VAL loss=0.327487 acc=0.8792 pre=0.8803 rec=0.8803 f1=0.8801 BEST
2026-08-27 08:40:59,064 | EPOCH 8 train_loss=0.287080
2026-08-27 08:40:59,591 | EPOCH 8 VAL loss=0.326318 acc=0.8805 pre=0.8824 rec=0.8820 f1=0.8816 BEST
2026-08-27 08:41:06,389 | EPOCH 9 train_loss=0.278677
2026-08-27 08:41:06,924 | EPOCH 9 VAL loss=0.325710 acc=0.8785 pre=0.8788 rec=0.8794 f1=0.8776
2026-08-27 08:41:13,217 | EPOCH 10 train_loss=0.272191
2026-08-27 08:41:13,803 | EPOCH 10 VAL loss=0.316767 acc=0.8802 pre=0.8818 rec=0.8819 f1=0.8813
2026-08-27 08:41:20,087 | EPOCH 11 train_loss=0.265417
2026-08-27 08:41:20,631 | EPOCH 11 VAL loss=0.314682 acc=0.8843 pre=0.8853 rec=0.8855 f1=0.8842 BEST
2026-08-27 08:41:27,333 | EPOCH 12 train_loss=0.259767
2026-08-27 08:41:27,888 | EPOCH 12 VAL loss=0.305360 acc=0.8888 pre=0.8890 rec=0.8897 f1=0.8892 BEST
2026-08-27 08:41:34,576 | EPOCH 13 train_loss=0.254648
2026-08-27 08:41:35,109 | EPOCH 13 VAL loss=0.307063 acc=0.8867 pre=0.8867 rec=0.8875 f1=0.8864
2026-08-27 08:41:41,426 | EPOCH 14 train_loss=0.249844
2026-08-27 08:41:41,959 | EPOCH 14 VAL loss=0.308456 acc=0.8870 pre=0.8872 rec=0.8878 f1=0.8861
2026-08-27 08:41:48,445 | EPOCH 15 train_loss=0.244944
2026-08-27 08:41:48,993 | EPOCH 15 VAL loss=0.303688 acc=0.8865 pre=0.8878 rec=0.8880 f1=0.8876
2026-08-27 08:41:55,349 | EPOCH 16 train_loss=0.239967
2026-08-27 08:41:55,895 | EPOCH 16 VAL loss=0.299437 acc=0.8902 pre=0.8902 rec=0.8915 f1=0.8905 BEST
2026-08-27 08:42:02,641 | EPOCH 17 train_loss=0.236615
2026-08-27 08:42:03,192 | EPOCH 17 VAL loss=0.298030 acc=0.8898 pre=0.8902 rec=0.8905 f1=0.8899
2026-08-27 08:42:09,809 | EPOCH 18 train_loss=0.232060
2026-08-27 08:42:10,364 | EPOCH 18 VAL loss=0.295795 acc=0.8917 pre=0.8921 rec=0.8928 f1=0.8921 BEST
2026-08-27 08:42:17,012 | EPOCH 19 train_loss=0.228659
2026-08-27 08:42:17,561 | EPOCH 19 VAL loss=0.296932 acc=0.8893 pre=0.8900 rec=0.8904 f1=0.8899
2026-08-27 08:42:23,864 | EPOCH 20 train_loss=0.224872
2026-08-27 08:42:24,400 | EPOCH 20 VAL loss=0.303210 acc=0.8883 pre=0.8892 rec=0.8893 f1=0.8882
2026-08-27 08:42:30,811 | EPOCH 21 train_loss=0.221861
2026-08-27 08:42:31,356 | EPOCH 21 VAL loss=0.297863 acc=0.8928 pre=0.8952 rec=0.8930 f1=0.8923 BEST
2026-08-27 08:42:38,127 | EPOCH 22 train_loss=0.218521
2026-08-27 08:42:38,678 | EPOCH 22 VAL loss=0.294878 acc=0.8908 pre=0.8917 rec=0.8918 f1=0.8908
2026-08-27 08:42:45,107 | EPOCH 23 train_loss=0.215129
2026-08-27 08:42:45,663 | EPOCH 23 VAL loss=0.294319 acc=0.8945 pre=0.8958 rec=0.8949 f1=0.8934 BEST
2026-08-27 08:42:52,521 | EPOCH 24 train_loss=0.212210
2026-08-27 08:42:53,070 | EPOCH 24 VAL loss=0.288955 acc=0.8918 pre=0.8933 rec=0.8931 f1=0.8930
2026-08-27 08:42:59,414 | EPOCH 25 train_loss=0.209096
2026-08-27 08:42:59,958 | EPOCH 25 VAL loss=0.293172 acc=0.8938 pre=0.8942 rec=0.8946 f1=0.8931
2026-08-27 08:43:06,243 | EPOCH 26 train_loss=0.206005
2026-08-27 08:43:06,797 | EPOCH 26 VAL loss=0.285274 acc=0.8988 pre=0.8994 rec=0.8996 f1=0.8991 BEST
2026-08-27 08:43:13,387 | EPOCH 27 train_loss=0.203065
2026-08-27 08:43:13,962 | EPOCH 27 VAL loss=0.291350 acc=0.8943 pre=0.8944 rec=0.8955 f1=0.8945
2026-08-27 08:43:20,160 | EPOCH 28 train_loss=0.200322
2026-08-27 08:43:20,692 | EPOCH 28 VAL loss=0.295479 acc=0.8908 pre=0.8942 rec=0.8924 f1=0.8926
2026-08-27 08:43:26,916 | EPOCH 29 train_loss=0.197740
2026-08-27 08:43:27,454 | EPOCH 29 VAL loss=0.288955 acc=0.8980 pre=0.8981 rec=0.8990 f1=0.8981
2026-08-27 08:43:33,766 | EPOCH 30 train_loss=0.195175
2026-08-27 08:43:34,319 | EPOCH 30 VAL loss=0.293128 acc=0.8937 pre=0.8951 rec=0.8953 f1=0.8945
2026-08-27 08:43:40,766 | EPOCH 31 train_loss=0.192313
2026-08-27 08:43:41,301 | EPOCH 31 VAL loss=0.290065 acc=0.8977 pre=0.8974 rec=0.8987 f1=0.8973
2026-08-27 08:43:47,608 | EPOCH 32 train_loss=0.189706
2026-08-27 08:43:48,143 | EPOCH 32 VAL loss=0.289710 acc=0.8965 pre=0.8965 rec=0.8976 f1=0.8966
2026-08-27 08:43:54,413 | EPOCH 33 train_loss=0.187433
2026-08-27 08:43:54,956 | EPOCH 33 VAL loss=0.289039 acc=0.8997 pre=0.8996 rec=0.9006 f1=0.8997 BEST
2026-08-27 08:44:01,936 | EPOCH 34 train_loss=0.185052
2026-08-27 08:44:02,466 | EPOCH 34 VAL loss=0.293068 acc=0.8923 pre=0.8949 rec=0.8938 f1=0.8938
2026-08-27 08:44:08,751 | EPOCH 35 train_loss=0.183065
2026-08-27 08:44:09,284 | EPOCH 35 VAL loss=0.290552 acc=0.8993 pre=0.8995 rec=0.9000 f1=0.8989
2026-08-27 08:44:15,510 | EPOCH 36 train_loss=0.180399
2026-08-27 08:44:16,041 | EPOCH 36 VAL loss=0.291704 acc=0.8978 pre=0.8983 rec=0.8990 f1=0.8982
2026-08-27 08:44:22,161 | EPOCH 37 train_loss=0.178126
2026-08-27 08:44:22,690 | EPOCH 37 VAL loss=0.290647 acc=0.8982 pre=0.8980 rec=0.8989 f1=0.8979
2026-08-27 08:44:28,890 | EPOCH 38 train_loss=0.176111
2026-08-27 08:44:29,426 | EPOCH 38 VAL loss=0.291334 acc=0.8963 pre=0.8965 rec=0.8973 f1=0.8965
2026-08-27 08:44:35,655 | EPOCH 39 train_loss=0.174558
2026-08-27 08:44:36,177 | EPOCH 39 VAL loss=0.289401 acc=0.8983 pre=0.8994 rec=0.8995 f1=0.8993
2026-08-27 08:44:42,340 | EPOCH 40 train_loss=0.172409
2026-08-27 08:44:42,884 | EPOCH 40 VAL loss=0.289851 acc=0.8965 pre=0.8967 rec=0.8979 f1=0.8971
2026-08-27 08:44:49,127 | EPOCH 41 train_loss=0.170096
2026-08-27 08:44:49,662 | EPOCH 41 VAL loss=0.291953 acc=0.9002 pre=0.9001 rec=0.9012 f1=0.9002 BEST
2026-08-27 08:44:56,197 | EPOCH 42 train_loss=0.168142
2026-08-27 08:44:56,732 | EPOCH 42 VAL loss=0.296718 acc=0.8938 pre=0.8954 rec=0.8953 f1=0.8950
2026-08-27 08:45:02,965 | EPOCH 43 train_loss=0.166122
2026-08-27 08:45:03,508 | EPOCH 43 VAL loss=0.293061 acc=0.8983 pre=0.8985 rec=0.8995 f1=0.8986
2026-08-27 08:45:09,821 | EPOCH 44 train_loss=0.164252
2026-08-27 08:45:10,351 | EPOCH 44 VAL loss=0.289973 acc=0.9013 pre=0.9013 rec=0.9021 f1=0.9014 BEST
2026-08-27 08:45:16,928 | EPOCH 45 train_loss=0.162062
2026-08-27 08:45:17,464 | EPOCH 45 VAL loss=0.295573 acc=0.8990 pre=0.8994 rec=0.9000 f1=0.8993
2026-08-27 08:45:23,756 | EPOCH 46 train_loss=0.160575
2026-08-27 08:45:24,286 | EPOCH 46 VAL loss=0.295511 acc=0.8970 pre=0.8976 rec=0.8978 f1=0.8972
2026-08-27 08:45:30,495 | EPOCH 47 train_loss=0.158423
2026-08-27 08:45:31,030 | EPOCH 47 VAL loss=0.294015 acc=0.8988 pre=0.8994 rec=0.9000 f1=0.8995
2026-08-27 08:45:37,252 | EPOCH 48 train_loss=0.157015
2026-08-27 08:45:37,791 | EPOCH 48 VAL loss=0.293744 acc=0.8973 pre=0.8976 rec=0.8981 f1=0.8974
2026-08-27 08:45:44,040 | EPOCH 49 train_loss=0.155089
2026-08-27 08:45:44,564 | EPOCH 49 VAL loss=0.298669 acc=0.8962 pre=0.8965 rec=0.8974 f1=0.8966
2026-08-27 08:45:50,766 | EPOCH 50 train_loss=0.153416
2026-08-27 08:45:51,298 | EPOCH 50 VAL loss=0.295038 acc=0.9003 pre=0.9006 rec=0.9012 f1=0.9004
2026-08-27 08:45:57,491 | EPOCH 51 train_loss=0.151783
2026-08-27 08:45:58,028 | EPOCH 51 VAL loss=0.294664 acc=0.8988 pre=0.8986 rec=0.8998 f1=0.8987
2026-08-27 08:46:04,287 | EPOCH 52 train_loss=0.149878
2026-08-27 08:46:04,844 | EPOCH 52 VAL loss=0.296861 acc=0.9015 pre=0.9018 rec=0.9023 f1=0.9013
2026-08-27 08:46:11,020 | EPOCH 53 train_loss=0.148468
2026-08-27 08:46:11,546 | EPOCH 53 VAL loss=0.293584 acc=0.9010 pre=0.9007 rec=0.9020 f1=0.9011
2026-08-27 08:46:17,734 | EPOCH 54 train_loss=0.146700
2026-08-27 08:46:18,265 | EPOCH 54 VAL loss=0.304274 acc=0.8963 pre=0.8978 rec=0.8976 f1=0.8974
2026-08-27 08:46:18,271 | DONE best_epoch=44 best_val_loss=0.289973 early_stop=True time=375.07s
