2026-08-27 12:11:59,058 | START mlp_adamax_lr0.001_s42 opt=adamax lr=0.001 seed=42 device=cuda epochs=150 best_by=f1 stop_by=f1
2026-08-27 12:12:05,869 | EPOCH 1 train_loss=0.618778
2026-08-27 12:12:06,875 | EPOCH 1 VAL loss=0.471312 acc=0.8375 pre=0.8409 rec=0.8389 f1=0.8384 BEST
2026-08-27 12:12:14,024 | EPOCH 2 train_loss=0.430941
2026-08-27 12:12:14,600 | EPOCH 2 VAL loss=0.424295 acc=0.8505 pre=0.8528 rec=0.8498 f1=0.8474 BEST
2026-08-27 12:12:21,846 | EPOCH 3 train_loss=0.389270
2026-08-27 12:12:22,436 | EPOCH 3 VAL loss=0.394819 acc=0.8602 pre=0.8611 rec=0.8613 f1=0.8584 BEST
2026-08-27 12:12:29,575 | EPOCH 4 train_loss=0.358535
2026-08-27 12:12:30,165 | EPOCH 4 VAL loss=0.362084 acc=0.8697 pre=0.8731 rec=0.8707 f1=0.8714 BEST
2026-08-27 12:12:37,207 | EPOCH 5 train_loss=0.336549
2026-08-27 12:12:37,790 | EPOCH 5 VAL loss=0.343700 acc=0.8757 pre=0.8752 rec=0.8770 f1=0.8753 BEST
2026-08-27 12:12:45,033 | EPOCH 6 train_loss=0.319075
2026-08-27 12:12:45,623 | EPOCH 6 VAL loss=0.340837 acc=0.8768 pre=0.8782 rec=0.8776 f1=0.8752
2026-08-27 12:12:52,392 | EPOCH 7 train_loss=0.305153
2026-08-27 12:12:52,967 | EPOCH 7 VAL loss=0.337500 acc=0.8782 pre=0.8822 rec=0.8792 f1=0.8792 BEST
2026-08-27 12:12:59,996 | EPOCH 8 train_loss=0.293285
2026-08-27 12:13:00,590 | EPOCH 8 VAL loss=0.318176 acc=0.8863 pre=0.8879 rec=0.8867 f1=0.8852 BEST
2026-08-27 12:13:07,726 | EPOCH 9 train_loss=0.281770
2026-08-27 12:13:08,312 | EPOCH 9 VAL loss=0.324171 acc=0.8837 pre=0.8834 rec=0.8849 f1=0.8827
2026-08-27 12:13:15,141 | EPOCH 10 train_loss=0.272234
2026-08-27 12:13:15,735 | EPOCH 10 VAL loss=0.322636 acc=0.8818 pre=0.8824 rec=0.8825 f1=0.8814
2026-08-27 12:13:22,483 | EPOCH 11 train_loss=0.263528
2026-08-27 12:13:23,054 | EPOCH 11 VAL loss=0.313551 acc=0.8887 pre=0.8895 rec=0.8891 f1=0.8876 BEST
2026-08-27 12:13:30,123 | EPOCH 12 train_loss=0.255133
2026-08-27 12:13:30,725 | EPOCH 12 VAL loss=0.310501 acc=0.8875 pre=0.8868 rec=0.8887 f1=0.8863
2026-08-27 12:13:37,571 | EPOCH 13 train_loss=0.246503
2026-08-27 12:13:38,171 | EPOCH 13 VAL loss=0.310139 acc=0.8852 pre=0.8880 rec=0.8862 f1=0.8861
2026-08-27 12:13:44,965 | EPOCH 14 train_loss=0.240578
2026-08-27 12:13:45,564 | EPOCH 14 VAL loss=0.305094 acc=0.8910 pre=0.8919 rec=0.8917 f1=0.8900 BEST
2026-08-27 12:13:52,902 | EPOCH 15 train_loss=0.233391
2026-08-27 12:13:53,504 | EPOCH 15 VAL loss=0.309464 acc=0.8853 pre=0.8883 rec=0.8868 f1=0.8858
2026-08-27 12:14:00,320 | EPOCH 16 train_loss=0.227141
2026-08-27 12:14:00,913 | EPOCH 16 VAL loss=0.297859 acc=0.8905 pre=0.8917 rec=0.8913 f1=0.8906 BEST
2026-08-27 12:14:08,107 | EPOCH 17 train_loss=0.219848
2026-08-27 12:14:08,694 | EPOCH 17 VAL loss=0.295070 acc=0.8935 pre=0.8940 rec=0.8950 f1=0.8940 BEST
2026-08-27 12:14:15,857 | EPOCH 18 train_loss=0.215158
2026-08-27 12:14:16,441 | EPOCH 18 VAL loss=0.300986 acc=0.8925 pre=0.8930 rec=0.8935 f1=0.8905
2026-08-27 12:14:23,143 | EPOCH 19 train_loss=0.208064
2026-08-27 12:14:23,769 | EPOCH 19 VAL loss=0.293672 acc=0.8940 pre=0.8961 rec=0.8954 f1=0.8954 BEST
2026-08-27 12:14:30,853 | EPOCH 20 train_loss=0.201951
2026-08-27 12:14:31,430 | EPOCH 20 VAL loss=0.297197 acc=0.8958 pre=0.8959 rec=0.8967 f1=0.8956 BEST
2026-08-27 12:14:38,530 | EPOCH 21 train_loss=0.196856
2026-08-27 12:14:39,159 | EPOCH 21 VAL loss=0.308323 acc=0.8857 pre=0.8925 rec=0.8880 f1=0.8879
2026-08-27 12:14:45,980 | EPOCH 22 train_loss=0.191517
2026-08-27 12:14:46,564 | EPOCH 22 VAL loss=0.296161 acc=0.8952 pre=0.8954 rec=0.8959 f1=0.8951
2026-08-27 12:14:53,197 | EPOCH 23 train_loss=0.187201
2026-08-27 12:14:53,832 | EPOCH 23 VAL loss=0.297151 acc=0.8933 pre=0.8945 rec=0.8949 f1=0.8943
2026-08-27 12:15:00,586 | EPOCH 24 train_loss=0.181619
2026-08-27 12:15:01,174 | EPOCH 24 VAL loss=0.304514 acc=0.8935 pre=0.8953 rec=0.8946 f1=0.8945
2026-08-27 12:15:07,981 | EPOCH 25 train_loss=0.176946
2026-08-27 12:15:08,563 | EPOCH 25 VAL loss=0.290583 acc=0.9000 pre=0.8999 rec=0.9009 f1=0.9002 BEST
2026-08-27 12:15:16,160 | EPOCH 26 train_loss=0.172410
2026-08-27 12:15:16,751 | EPOCH 26 VAL loss=0.293112 acc=0.8948 pre=0.8957 rec=0.8960 f1=0.8956
2026-08-27 12:15:23,651 | EPOCH 27 train_loss=0.167800
2026-08-27 12:15:24,247 | EPOCH 27 VAL loss=0.294573 acc=0.8957 pre=0.8956 rec=0.8965 f1=0.8954
2026-08-27 12:15:31,028 | EPOCH 28 train_loss=0.161813
2026-08-27 12:15:31,611 | EPOCH 28 VAL loss=0.309987 acc=0.8952 pre=0.8965 rec=0.8960 f1=0.8944
2026-08-27 12:15:38,439 | EPOCH 29 train_loss=0.158872
2026-08-27 12:15:39,030 | EPOCH 29 VAL loss=0.317854 acc=0.8930 pre=0.8962 rec=0.8934 f1=0.8918
2026-08-27 12:15:45,926 | EPOCH 30 train_loss=0.153235
2026-08-27 12:15:46,520 | EPOCH 30 VAL loss=0.305613 acc=0.8965 pre=0.8964 rec=0.8977 f1=0.8965
2026-08-27 12:15:53,338 | EPOCH 31 train_loss=0.152121
2026-08-27 12:15:53,965 | EPOCH 31 VAL loss=0.325723 acc=0.8903 pre=0.8912 rec=0.8911 f1=0.8888
2026-08-27 12:16:00,809 | EPOCH 32 train_loss=0.145106
2026-08-27 12:16:01,395 | EPOCH 32 VAL loss=0.316790 acc=0.8925 pre=0.8936 rec=0.8936 f1=0.8935
2026-08-27 12:16:08,390 | EPOCH 33 train_loss=0.141073
2026-08-27 12:16:08,978 | EPOCH 33 VAL loss=0.330260 acc=0.8898 pre=0.8931 rec=0.8900 f1=0.8903
2026-08-27 12:16:15,711 | EPOCH 34 train_loss=0.138338
2026-08-27 12:16:16,303 | EPOCH 34 VAL loss=0.334584 acc=0.8942 pre=0.8952 rec=0.8951 f1=0.8929
2026-08-27 12:16:23,035 | EPOCH 35 train_loss=0.133843
2026-08-27 12:16:23,659 | EPOCH 35 VAL loss=0.329053 acc=0.8940 pre=0.8969 rec=0.8945 f1=0.8954
2026-08-27 12:16:23,667 | DONE best_epoch=25 best_val_loss=0.290583 early_stop=True time=263.89s
