2026-08-27 06:40:00,314 | START mlp_sgd_lr0.05_s2026 opt=sgd lr=0.05 seed=2026 device=cuda epochs=150 best_by=f1 stop_by=f1
2026-08-27 06:40:06,878 | EPOCH 1 train_loss=0.815728
2026-08-27 06:40:07,425 | EPOCH 1 VAL loss=0.550960 acc=0.8117 pre=0.8098 rec=0.8133 f1=0.8057 BEST
2026-08-27 06:40:14,273 | EPOCH 2 train_loss=0.494516
2026-08-27 06:40:14,834 | EPOCH 2 VAL loss=0.494107 acc=0.8297 pre=0.8359 rec=0.8318 f1=0.8266 BEST
2026-08-27 06:40:21,556 | EPOCH 3 train_loss=0.432892
2026-08-27 06:40:22,149 | EPOCH 3 VAL loss=0.456617 acc=0.8292 pre=0.8483 rec=0.8336 f1=0.8325 BEST
2026-08-27 06:40:29,059 | EPOCH 4 train_loss=0.400037
2026-08-27 06:40:30,005 | EPOCH 4 VAL loss=0.405712 acc=0.8557 pre=0.8562 rec=0.8561 f1=0.8534 BEST
2026-08-27 06:40:37,015 | EPOCH 5 train_loss=0.374271
2026-08-27 06:40:37,568 | EPOCH 5 VAL loss=0.399292 acc=0.8580 pre=0.8586 rec=0.8592 f1=0.8568 BEST
2026-08-27 06:40:44,341 | EPOCH 6 train_loss=0.355748
2026-08-27 06:40:44,911 | EPOCH 6 VAL loss=0.361554 acc=0.8688 pre=0.8682 rec=0.8696 f1=0.8677 BEST
2026-08-27 06:40:51,804 | EPOCH 7 train_loss=0.339987
2026-08-27 06:40:52,389 | EPOCH 7 VAL loss=0.372226 acc=0.8618 pre=0.8718 rec=0.8638 f1=0.8643
2026-08-27 06:40:57,677 | INTERRUPTED epoch=7 batch=665
2026-08-27 12:36:08,822 | START mlp_sgd_lr0.05_s2026 opt=sgd lr=0.05 seed=2026 device=cuda epochs=150 best_by=f1 stop_by=f1
2026-08-27 12:36:10,826 | START mlp_sgd_lr0.05_s2026 opt=sgd lr=0.05 seed=2026 device=cuda epochs=150 best_by=f1 stop_by=f1
2026-08-27 12:36:10,834 | RESUMED from epoch 0, batch 200
2026-08-27 12:36:19,195 | EPOCH 1 train_loss=0.815728
2026-08-27 12:36:20,265 | EPOCH 1 VAL loss=0.550960 acc=0.8117 pre=0.8098 rec=0.8133 f1=0.8057 BEST
2026-08-27 12:36:22,006 | EPOCH 1 train_loss=0.646542
2026-08-27 12:36:23,079 | EPOCH 1 VAL loss=0.550960 acc=0.8117 pre=0.8098 rec=0.8133 f1=0.8057 BEST
2026-08-27 12:36:33,148 | EPOCH 2 train_loss=0.494516
2026-08-27 12:36:34,267 | EPOCH 2 VAL loss=0.494107 acc=0.8297 pre=0.8359 rec=0.8318 f1=0.8266 BEST
2026-08-27 12:36:35,573 | EPOCH 2 train_loss=0.494516
2026-08-27 12:36:36,620 | EPOCH 2 VAL loss=0.494107 acc=0.8297 pre=0.8359 rec=0.8318 f1=0.8266 BEST
2026-08-27 12:36:46,811 | EPOCH 3 train_loss=0.432892
2026-08-27 12:36:47,903 | EPOCH 3 VAL loss=0.456617 acc=0.8292 pre=0.8483 rec=0.8336 f1=0.8325 BEST
2026-08-27 12:36:48,848 | EPOCH 3 train_loss=0.432892
2026-08-27 12:36:49,928 | EPOCH 3 VAL loss=0.456617 acc=0.8292 pre=0.8483 rec=0.8336 f1=0.8325 BEST
2026-08-27 12:37:00,512 | EPOCH 4 train_loss=0.400037
2026-08-27 12:37:01,611 | EPOCH 4 VAL loss=0.405712 acc=0.8557 pre=0.8562 rec=0.8561 f1=0.8534 BEST
2026-08-27 12:37:02,557 | EPOCH 4 train_loss=0.400037
2026-08-27 12:37:03,735 | EPOCH 4 VAL loss=0.405712 acc=0.8557 pre=0.8562 rec=0.8561 f1=0.8534 BEST
2026-08-27 12:37:14,728 | EPOCH 5 train_loss=0.374271
2026-08-27 12:37:15,819 | EPOCH 5 VAL loss=0.399292 acc=0.8580 pre=0.8586 rec=0.8592 f1=0.8568 BEST
2026-08-27 12:37:16,246 | EPOCH 5 train_loss=0.374271
2026-08-27 12:37:17,309 | EPOCH 5 VAL loss=0.399292 acc=0.8580 pre=0.8586 rec=0.8592 f1=0.8568 BEST
2026-08-27 12:37:28,439 | EPOCH 6 train_loss=0.355748
2026-08-27 12:37:29,510 | EPOCH 6 VAL loss=0.361554 acc=0.8688 pre=0.8682 rec=0.8696 f1=0.8677 BEST
2026-08-27 12:37:29,805 | EPOCH 6 train_loss=0.355748
2026-08-27 12:37:30,866 | EPOCH 6 VAL loss=0.361554 acc=0.8688 pre=0.8682 rec=0.8696 f1=0.8677 BEST
2026-08-27 12:37:42,657 | EPOCH 7 train_loss=0.339987
2026-08-27 12:37:43,332 | EPOCH 7 train_loss=0.339987
2026-08-27 12:37:43,735 | EPOCH 7 VAL loss=0.372226 acc=0.8618 pre=0.8718 rec=0.8638 f1=0.8643
2026-08-27 12:37:44,421 | EPOCH 7 VAL loss=0.372226 acc=0.8618 pre=0.8718 rec=0.8638 f1=0.8643
2026-08-27 12:37:55,624 | EPOCH 8 train_loss=0.328674
2026-08-27 12:37:55,908 | EPOCH 8 train_loss=0.328674
2026-08-27 12:37:56,779 | EPOCH 8 VAL loss=0.343969 acc=0.8722 pre=0.8734 rec=0.8739 f1=0.8732 BEST
2026-08-27 12:37:56,953 | EPOCH 8 VAL loss=0.343969 acc=0.8722 pre=0.8734 rec=0.8739 f1=0.8732 BEST
2026-08-27 12:38:09,453 | EPOCH 9 train_loss=0.317717
2026-08-27 12:38:09,489 | EPOCH 9 train_loss=0.317717
2026-08-27 12:38:10,540 | EPOCH 9 VAL loss=0.360270 acc=0.8687 pre=0.8740 rec=0.8702 f1=0.8699
2026-08-27 12:38:10,648 | EPOCH 9 VAL loss=0.360270 acc=0.8687 pre=0.8740 rec=0.8702 f1=0.8699
2026-08-27 12:38:22,890 | EPOCH 10 train_loss=0.307189
2026-08-27 12:38:23,358 | EPOCH 10 train_loss=0.307189
2026-08-27 12:38:23,944 | EPOCH 10 VAL loss=0.348817 acc=0.8755 pre=0.8785 rec=0.8762 f1=0.8745 BEST
2026-08-27 12:38:24,536 | EPOCH 10 VAL loss=0.348817 acc=0.8755 pre=0.8785 rec=0.8762 f1=0.8745 BEST
2026-08-27 12:38:36,166 | EPOCH 11 train_loss=0.298387
2026-08-27 12:38:36,753 | EPOCH 11 train_loss=0.298387
2026-08-27 12:38:37,429 | EPOCH 11 VAL loss=0.342687 acc=0.8713 pre=0.8774 rec=0.8729 f1=0.8720
2026-08-27 12:38:37,985 | EPOCH 11 VAL loss=0.342687 acc=0.8713 pre=0.8774 rec=0.8729 f1=0.8720
2026-08-27 12:38:49,105 | EPOCH 12 train_loss=0.288825
2026-08-27 12:38:49,880 | EPOCH 12 train_loss=0.288825
2026-08-27 12:38:50,158 | EPOCH 12 VAL loss=0.327564 acc=0.8830 pre=0.8854 rec=0.8833 f1=0.8814 BEST
2026-08-27 12:38:51,010 | EPOCH 12 VAL loss=0.327564 acc=0.8830 pre=0.8854 rec=0.8833 f1=0.8814 BEST
2026-08-27 12:39:02,559 | EPOCH 13 train_loss=0.283069
2026-08-27 12:39:03,777 | EPOCH 13 train_loss=0.283069
2026-08-27 12:39:04,178 | EPOCH 13 VAL loss=0.320221 acc=0.8852 pre=0.8860 rec=0.8856 f1=0.8852 BEST
2026-08-27 12:39:04,942 | EPOCH 13 VAL loss=0.320221 acc=0.8852 pre=0.8860 rec=0.8856 f1=0.8852 BEST
2026-08-27 12:39:16,352 | EPOCH 14 train_loss=0.275513
2026-08-27 12:39:17,136 | EPOCH 14 train_loss=0.275513
2026-08-27 12:39:17,396 | EPOCH 14 VAL loss=0.325864 acc=0.8815 pre=0.8826 rec=0.8822 f1=0.8817
2026-08-27 12:39:18,687 | EPOCH 14 VAL loss=0.325864 acc=0.8815 pre=0.8826 rec=0.8822 f1=0.8817
2026-08-27 12:39:29,183 | EPOCH 15 train_loss=0.268409
2026-08-27 12:39:30,189 | EPOCH 15 VAL loss=0.319563 acc=0.8812 pre=0.8864 rec=0.8829 f1=0.8831
2026-08-27 12:39:30,515 | EPOCH 15 train_loss=0.268409
2026-08-27 12:39:31,707 | EPOCH 15 VAL loss=0.319563 acc=0.8812 pre=0.8864 rec=0.8829 f1=0.8831
2026-08-27 12:39:39,710 | INTERRUPTED epoch=15 batch=697
2026-08-27 12:39:39,711 | INTERRUPTED epoch=15 batch=579
2026-08-27 13:12:42,378 | START mlp_sgd_lr0.05_s2026 opt=sgd lr=0.05 seed=2026 device=cuda epochs=150 best_by=f1 stop_by=f1
2026-08-27 13:12:59,910 | START mlp_sgd_lr0.05_s2026 opt=sgd lr=0.05 seed=2026 device=cuda epochs=150 best_by=f1 stop_by=f1
2026-08-27 14:43:09,497 | START mlp_sgd_lr0.05_s2026 opt=sgd lr=0.05 seed=2026 device=cuda epochs=150 best_by=f1 stop_by=f1
2026-08-27 14:43:22,785 | START mlp_sgd_lr0.05_s2026 opt=sgd lr=0.05 seed=2026 device=cuda epochs=150 best_by=f1 stop_by=f1
2026-08-27 14:43:22,801 | RESUMED from epoch 0, batch 400
2026-08-27 14:43:28,222 | EPOCH 1 train_loss=0.815728
2026-08-27 14:43:29,989 | EPOCH 1 VAL loss=0.550960 acc=0.8117 pre=0.8098 rec=0.8133 f1=0.8057 BEST
2026-08-27 14:43:35,759 | START mlp_sgd_lr0.05_s2026 opt=sgd lr=0.05 seed=2026 device=cuda epochs=150 best_by=f1 stop_by=f1
2026-08-27 14:43:35,782 | RESUMED from epoch 1, batch 200
2026-08-27 14:43:40,029 | EPOCH 1 train_loss=0.596002
2026-08-27 14:43:41,707 | EPOCH 1 VAL loss=0.550960 acc=0.8117 pre=0.8098 rec=0.8133 f1=0.8057 BEST
2026-08-27 14:43:49,947 | EPOCH 2 train_loss=0.494516
2026-08-27 14:43:51,726 | EPOCH 2 VAL loss=0.494107 acc=0.8297 pre=0.8359 rec=0.8318 f1=0.8266 BEST
2026-08-27 14:43:53,666 | EPOCH 2 train_loss=0.483482
2026-08-27 14:43:55,425 | EPOCH 2 VAL loss=0.494107 acc=0.8297 pre=0.8359 rec=0.8318 f1=0.8266 BEST
2026-08-27 14:44:02,492 | EPOCH 2 train_loss=0.494516
2026-08-27 14:44:04,203 | EPOCH 2 VAL loss=0.494107 acc=0.8297 pre=0.8359 rec=0.8318 f1=0.8266 BEST
2026-08-27 14:44:12,960 | EPOCH 3 train_loss=0.432892
2026-08-27 14:44:14,828 | EPOCH 3 VAL loss=0.456617 acc=0.8292 pre=0.8483 rec=0.8336 f1=0.8325 BEST
2026-08-27 14:44:17,371 | EPOCH 3 train_loss=0.432892
2026-08-27 14:44:19,352 | EPOCH 3 VAL loss=0.456617 acc=0.8292 pre=0.8483 rec=0.8336 f1=0.8325 BEST
2026-08-27 14:44:24,241 | EPOCH 3 train_loss=0.432892
2026-08-27 14:44:26,040 | EPOCH 3 VAL loss=0.456617 acc=0.8292 pre=0.8483 rec=0.8336 f1=0.8325 BEST
2026-08-27 14:44:34,761 | EPOCH 4 train_loss=0.400037
2026-08-27 14:44:36,416 | EPOCH 4 VAL loss=0.405712 acc=0.8557 pre=0.8562 rec=0.8561 f1=0.8534 BEST
2026-08-27 14:44:40,532 | EPOCH 4 train_loss=0.400037
2026-08-27 14:44:42,642 | EPOCH 4 VAL loss=0.405712 acc=0.8557 pre=0.8562 rec=0.8561 f1=0.8534 BEST
2026-08-27 14:44:46,525 | EPOCH 4 train_loss=0.400037
2026-08-27 14:44:48,149 | EPOCH 4 VAL loss=0.405712 acc=0.8557 pre=0.8562 rec=0.8561 f1=0.8534 BEST
2026-08-27 14:44:56,430 | EPOCH 5 train_loss=0.374271
2026-08-27 14:44:58,094 | EPOCH 5 VAL loss=0.399292 acc=0.8580 pre=0.8586 rec=0.8592 f1=0.8568 BEST
2026-08-27 14:45:03,448 | EPOCH 5 train_loss=0.374271
2026-08-27 14:45:04,946 | EPOCH 5 VAL loss=0.399292 acc=0.8580 pre=0.8586 rec=0.8592 f1=0.8568 BEST
2026-08-27 14:45:09,120 | EPOCH 5 train_loss=0.374271
2026-08-27 14:45:10,953 | EPOCH 5 VAL loss=0.399292 acc=0.8580 pre=0.8586 rec=0.8592 f1=0.8568 BEST
2026-08-27 14:45:19,260 | EPOCH 6 train_loss=0.355748
2026-08-27 14:45:21,045 | EPOCH 6 VAL loss=0.361554 acc=0.8688 pre=0.8682 rec=0.8696 f1=0.8677 BEST
2026-08-27 14:45:27,105 | EPOCH 6 train_loss=0.355748
2026-08-27 14:45:29,016 | EPOCH 6 VAL loss=0.361554 acc=0.8688 pre=0.8682 rec=0.8696 f1=0.8677 BEST
2026-08-27 14:45:30,977 | EPOCH 6 train_loss=0.355748
2026-08-27 14:45:33,360 | EPOCH 6 VAL loss=0.361554 acc=0.8688 pre=0.8682 rec=0.8696 f1=0.8677 BEST
2026-08-27 14:45:41,496 | EPOCH 7 train_loss=0.339987
2026-08-27 14:45:43,300 | EPOCH 7 VAL loss=0.372226 acc=0.8618 pre=0.8718 rec=0.8638 f1=0.8643
2026-08-27 14:45:49,025 | EPOCH 7 train_loss=0.339987
2026-08-27 14:45:50,620 | EPOCH 7 VAL loss=0.372226 acc=0.8618 pre=0.8718 rec=0.8638 f1=0.8643
2026-08-27 14:45:54,179 | EPOCH 7 train_loss=0.339987
2026-08-27 14:45:56,256 | EPOCH 7 VAL loss=0.372226 acc=0.8618 pre=0.8718 rec=0.8638 f1=0.8643
2026-08-27 14:46:02,810 | EPOCH 8 train_loss=0.328674
2026-08-27 14:46:04,604 | EPOCH 8 VAL loss=0.343969 acc=0.8722 pre=0.8734 rec=0.8739 f1=0.8732 BEST
2026-08-27 14:46:10,321 | EPOCH 8 train_loss=0.328674
2026-08-27 14:46:11,951 | EPOCH 8 VAL loss=0.343969 acc=0.8722 pre=0.8734 rec=0.8739 f1=0.8732 BEST
2026-08-27 14:46:15,020 | EPOCH 8 train_loss=0.328674
2026-08-27 14:46:16,770 | EPOCH 8 VAL loss=0.343969 acc=0.8722 pre=0.8734 rec=0.8739 f1=0.8732 BEST
2026-08-27 14:46:25,105 | EPOCH 9 train_loss=0.317717
2026-08-27 14:46:26,663 | EPOCH 9 VAL loss=0.360270 acc=0.8687 pre=0.8740 rec=0.8702 f1=0.8699
2026-08-27 14:46:33,701 | EPOCH 9 train_loss=0.317717
2026-08-27 14:46:35,275 | EPOCH 9 VAL loss=0.360270 acc=0.8687 pre=0.8740 rec=0.8702 f1=0.8699
2026-08-27 14:46:38,426 | EPOCH 9 train_loss=0.317717
2026-08-27 14:46:40,287 | EPOCH 9 VAL loss=0.360270 acc=0.8687 pre=0.8740 rec=0.8702 f1=0.8699
2026-08-27 14:46:46,629 | EPOCH 10 train_loss=0.307189
2026-08-27 14:46:48,371 | EPOCH 10 VAL loss=0.348817 acc=0.8755 pre=0.8785 rec=0.8762 f1=0.8745 BEST
2026-08-27 14:46:55,321 | EPOCH 10 train_loss=0.307189
2026-08-27 14:46:56,957 | EPOCH 10 VAL loss=0.348817 acc=0.8755 pre=0.8785 rec=0.8762 f1=0.8745 BEST
2026-08-27 14:46:59,811 | EPOCH 10 train_loss=0.307189
2026-08-27 14:47:01,539 | EPOCH 10 VAL loss=0.348817 acc=0.8755 pre=0.8785 rec=0.8762 f1=0.8745 BEST
2026-08-27 14:47:09,988 | EPOCH 11 train_loss=0.298387
2026-08-27 14:47:11,579 | EPOCH 11 VAL loss=0.342687 acc=0.8713 pre=0.8774 rec=0.8729 f1=0.8720
2026-08-27 14:47:17,682 | EPOCH 11 train_loss=0.298387
2026-08-27 14:47:19,378 | EPOCH 11 VAL loss=0.342687 acc=0.8713 pre=0.8774 rec=0.8729 f1=0.8720
2026-08-27 14:47:21,114 | EPOCH 11 train_loss=0.298387
2026-08-27 14:47:22,692 | EPOCH 11 VAL loss=0.342687 acc=0.8713 pre=0.8774 rec=0.8729 f1=0.8720
2026-08-27 14:47:30,664 | EPOCH 12 train_loss=0.288825
2026-08-27 14:47:32,919 | EPOCH 12 VAL loss=0.327564 acc=0.8830 pre=0.8854 rec=0.8833 f1=0.8814 BEST
2026-08-27 14:47:38,605 | EPOCH 12 train_loss=0.288825
2026-08-27 14:47:40,469 | EPOCH 12 VAL loss=0.327564 acc=0.8830 pre=0.8854 rec=0.8833 f1=0.8814 BEST
2026-08-27 14:47:43,252 | EPOCH 12 train_loss=0.288825
2026-08-27 14:47:44,880 | EPOCH 12 VAL loss=0.327564 acc=0.8830 pre=0.8854 rec=0.8833 f1=0.8814 BEST
2026-08-27 14:47:54,064 | EPOCH 13 train_loss=0.283069
2026-08-27 14:47:57,139 | EPOCH 13 VAL loss=0.320221 acc=0.8852 pre=0.8860 rec=0.8856 f1=0.8852 BEST
2026-08-27 14:48:01,919 | EPOCH 13 train_loss=0.283069
2026-08-27 14:48:03,734 | EPOCH 13 VAL loss=0.320221 acc=0.8852 pre=0.8860 rec=0.8856 f1=0.8852 BEST
2026-08-27 14:48:06,176 | EPOCH 13 train_loss=0.283069
2026-08-27 14:48:09,333 | EPOCH 13 VAL loss=0.320221 acc=0.8852 pre=0.8860 rec=0.8856 f1=0.8852 BEST
2026-08-27 14:48:18,163 | EPOCH 14 train_loss=0.275513
2026-08-27 14:48:20,232 | EPOCH 14 VAL loss=0.325864 acc=0.8815 pre=0.8826 rec=0.8822 f1=0.8817
2026-08-27 14:48:25,694 | EPOCH 14 train_loss=0.275513
2026-08-27 14:48:27,496 | EPOCH 14 VAL loss=0.325864 acc=0.8815 pre=0.8826 rec=0.8822 f1=0.8817
2026-08-27 14:48:30,941 | EPOCH 14 train_loss=0.275513
2026-08-27 14:48:32,790 | EPOCH 14 VAL loss=0.325864 acc=0.8815 pre=0.8826 rec=0.8822 f1=0.8817
2026-08-27 14:48:39,478 | EPOCH 15 train_loss=0.268409
2026-08-27 14:48:41,762 | EPOCH 15 VAL loss=0.319563 acc=0.8812 pre=0.8864 rec=0.8829 f1=0.8831
2026-08-27 14:48:49,102 | EPOCH 15 train_loss=0.268409
2026-08-27 14:48:51,068 | EPOCH 15 VAL loss=0.319563 acc=0.8812 pre=0.8864 rec=0.8829 f1=0.8831
2026-08-27 14:48:53,247 | EPOCH 15 train_loss=0.268409
2026-08-27 14:48:54,744 | EPOCH 15 VAL loss=0.319563 acc=0.8812 pre=0.8864 rec=0.8829 f1=0.8831
2026-08-27 14:49:00,872 | EPOCH 16 train_loss=0.262310
2026-08-27 14:49:02,654 | EPOCH 16 VAL loss=0.330463 acc=0.8778 pre=0.8814 rec=0.8793 f1=0.8771
2026-08-27 14:49:10,437 | EPOCH 16 train_loss=0.262310
2026-08-27 14:49:11,939 | EPOCH 16 VAL loss=0.330463 acc=0.8778 pre=0.8814 rec=0.8793 f1=0.8771
2026-08-27 14:49:14,977 | EPOCH 16 train_loss=0.262310
2026-08-27 14:49:16,836 | EPOCH 16 VAL loss=0.330463 acc=0.8778 pre=0.8814 rec=0.8793 f1=0.8771
2026-08-27 14:49:23,192 | EPOCH 17 train_loss=0.255715
2026-08-27 14:49:25,180 | EPOCH 17 VAL loss=0.346639 acc=0.8787 pre=0.8850 rec=0.8790 f1=0.8732
2026-08-27 14:49:31,721 | EPOCH 17 train_loss=0.255715
2026-08-27 14:49:33,605 | EPOCH 17 VAL loss=0.346639 acc=0.8787 pre=0.8850 rec=0.8790 f1=0.8732
2026-08-27 14:49:37,197 | EPOCH 17 train_loss=0.255715
2026-08-27 14:49:39,176 | EPOCH 17 VAL loss=0.346639 acc=0.8787 pre=0.8850 rec=0.8790 f1=0.8732
2026-08-27 14:49:43,767 | EPOCH 18 train_loss=0.249218
2026-08-27 14:49:45,518 | EPOCH 18 VAL loss=0.302313 acc=0.8892 pre=0.8910 rec=0.8889 f1=0.8894 BEST
2026-08-27 14:49:53,293 | EPOCH 18 train_loss=0.249218
2026-08-27 14:49:55,153 | EPOCH 18 VAL loss=0.302313 acc=0.8892 pre=0.8910 rec=0.8889 f1=0.8894 BEST
2026-08-27 14:49:58,707 | EPOCH 18 train_loss=0.249218
2026-08-27 14:50:00,397 | EPOCH 18 VAL loss=0.302313 acc=0.8892 pre=0.8910 rec=0.8889 f1=0.8894 BEST
2026-08-27 14:50:07,629 | EPOCH 19 train_loss=0.244226
2026-08-27 14:50:09,797 | EPOCH 19 VAL loss=0.325742 acc=0.8863 pre=0.8903 rec=0.8864 f1=0.8847
2026-08-27 14:50:16,104 | EPOCH 19 train_loss=0.244226
2026-08-27 14:50:18,276 | EPOCH 19 VAL loss=0.325742 acc=0.8863 pre=0.8903 rec=0.8864 f1=0.8847
2026-08-27 14:50:21,165 | EPOCH 19 train_loss=0.244226
2026-08-27 14:50:22,923 | EPOCH 19 VAL loss=0.325742 acc=0.8863 pre=0.8903 rec=0.8864 f1=0.8847
2026-08-27 14:50:29,476 | EPOCH 20 train_loss=0.238103
2026-08-27 14:50:31,108 | EPOCH 20 VAL loss=0.312115 acc=0.8860 pre=0.8849 rec=0.8871 f1=0.8846
2026-08-27 14:50:37,582 | EPOCH 20 train_loss=0.238103
2026-08-27 14:50:40,034 | EPOCH 20 VAL loss=0.312115 acc=0.8860 pre=0.8849 rec=0.8871 f1=0.8846
2026-08-27 14:50:42,862 | EPOCH 20 train_loss=0.238103
2026-08-27 14:50:44,822 | EPOCH 20 VAL loss=0.312115 acc=0.8860 pre=0.8849 rec=0.8871 f1=0.8846
2026-08-27 14:50:50,149 | EPOCH 21 train_loss=0.234629
2026-08-27 14:50:51,771 | EPOCH 21 VAL loss=0.309731 acc=0.8892 pre=0.8906 rec=0.8900 f1=0.8881
2026-08-27 14:50:59,547 | EPOCH 21 train_loss=0.234629
2026-08-27 14:51:01,189 | EPOCH 21 VAL loss=0.309731 acc=0.8892 pre=0.8906 rec=0.8900 f1=0.8881
2026-08-27 14:51:05,040 | EPOCH 21 train_loss=0.234629
2026-08-27 14:51:06,888 | EPOCH 21 VAL loss=0.309731 acc=0.8892 pre=0.8906 rec=0.8900 f1=0.8881
2026-08-27 14:51:11,520 | EPOCH 22 train_loss=0.227540
2026-08-27 14:51:13,340 | EPOCH 22 VAL loss=0.316575 acc=0.8857 pre=0.8922 rec=0.8867 f1=0.8877
2026-08-27 14:51:21,635 | EPOCH 22 train_loss=0.227540
2026-08-27 14:51:23,239 | EPOCH 22 VAL loss=0.316575 acc=0.8857 pre=0.8922 rec=0.8867 f1=0.8877
2026-08-27 14:51:26,498 | EPOCH 22 train_loss=0.227540
2026-08-27 14:51:28,541 | EPOCH 22 VAL loss=0.316575 acc=0.8857 pre=0.8922 rec=0.8867 f1=0.8877
2026-08-27 14:51:32,938 | EPOCH 23 train_loss=0.223736
2026-08-27 14:51:34,531 | EPOCH 23 VAL loss=0.308517 acc=0.8895 pre=0.8898 rec=0.8906 f1=0.8887
2026-08-27 14:51:44,140 | EPOCH 23 train_loss=0.223736
2026-08-27 14:51:46,094 | EPOCH 23 VAL loss=0.308517 acc=0.8895 pre=0.8898 rec=0.8906 f1=0.8887
2026-08-27 14:51:46,393 | EPOCH 23 train_loss=0.223736
2026-08-27 14:51:48,158 | EPOCH 23 VAL loss=0.308517 acc=0.8895 pre=0.8898 rec=0.8906 f1=0.8887
2026-08-27 14:51:53,832 | EPOCH 24 train_loss=0.218416
2026-08-27 14:51:55,683 | EPOCH 24 VAL loss=0.301633 acc=0.8923 pre=0.8929 rec=0.8932 f1=0.8920 BEST
2026-08-27 14:52:07,042 | EPOCH 24 train_loss=0.218416
2026-08-27 14:52:07,075 | EPOCH 24 train_loss=0.218416
2026-08-27 14:52:08,590 | EPOCH 24 VAL loss=0.301633 acc=0.8923 pre=0.8929 rec=0.8932 f1=0.8920 BEST
2026-08-27 14:52:08,776 | EPOCH 24 VAL loss=0.301633 acc=0.8923 pre=0.8929 rec=0.8932 f1=0.8920 BEST
2026-08-27 14:52:16,256 | EPOCH 25 train_loss=0.214967
2026-08-27 14:52:18,089 | EPOCH 25 VAL loss=0.332852 acc=0.8795 pre=0.8871 rec=0.8804 f1=0.8781
2026-08-27 14:52:30,092 | EPOCH 25 train_loss=0.214967
2026-08-27 14:52:30,465 | EPOCH 25 train_loss=0.214967
2026-08-27 14:52:31,916 | EPOCH 25 VAL loss=0.332852 acc=0.8795 pre=0.8871 rec=0.8804 f1=0.8781
2026-08-27 14:52:32,060 | EPOCH 25 VAL loss=0.332852 acc=0.8795 pre=0.8871 rec=0.8804 f1=0.8781
2026-08-27 14:52:38,191 | EPOCH 26 train_loss=0.210740
2026-08-27 14:52:40,886 | EPOCH 26 VAL loss=0.295394 acc=0.8953 pre=0.8965 rec=0.8959 f1=0.8956 BEST
2026-08-27 14:52:50,133 | EPOCH 26 train_loss=0.210740
2026-08-27 14:52:52,102 | EPOCH 26 VAL loss=0.295394 acc=0.8953 pre=0.8965 rec=0.8959 f1=0.8956 BEST
2026-08-27 14:52:52,246 | EPOCH 26 train_loss=0.210740
2026-08-27 14:52:53,832 | EPOCH 26 VAL loss=0.295394 acc=0.8953 pre=0.8965 rec=0.8959 f1=0.8956 BEST
2026-08-27 14:53:01,357 | EPOCH 27 train_loss=0.204562
2026-08-27 14:53:03,743 | EPOCH 27 VAL loss=0.382013 acc=0.8587 pre=0.8886 rec=0.8618 f1=0.8653
2026-08-27 14:53:12,076 | EPOCH 27 train_loss=0.204562
2026-08-27 14:53:13,905 | EPOCH 27 VAL loss=0.382013 acc=0.8587 pre=0.8886 rec=0.8618 f1=0.8653
2026-08-27 14:53:15,276 | EPOCH 27 train_loss=0.204562
2026-08-27 14:53:17,009 | EPOCH 27 VAL loss=0.382013 acc=0.8587 pre=0.8886 rec=0.8618 f1=0.8653
2026-08-27 14:53:22,757 | EPOCH 28 train_loss=0.202450
2026-08-27 14:53:24,488 | EPOCH 28 VAL loss=0.313229 acc=0.8910 pre=0.8929 rec=0.8910 f1=0.8908
2026-08-27 14:53:32,246 | EPOCH 28 train_loss=0.202450
2026-08-27 14:53:33,897 | EPOCH 28 VAL loss=0.313229 acc=0.8910 pre=0.8929 rec=0.8910 f1=0.8908
2026-08-27 14:53:37,730 | EPOCH 28 train_loss=0.202450
2026-08-27 14:53:39,599 | EPOCH 28 VAL loss=0.313229 acc=0.8910 pre=0.8929 rec=0.8910 f1=0.8908
2026-08-27 14:53:44,175 | EPOCH 29 train_loss=0.196269
2026-08-27 14:53:46,091 | EPOCH 29 VAL loss=0.323116 acc=0.8848 pre=0.8878 rec=0.8865 f1=0.8851
2026-08-27 14:53:52,461 | EPOCH 29 train_loss=0.196269
2026-08-27 14:53:54,204 | EPOCH 29 VAL loss=0.323116 acc=0.8848 pre=0.8878 rec=0.8865 f1=0.8851
2026-08-27 14:54:00,208 | EPOCH 29 train_loss=0.196269
2026-08-27 14:54:02,139 | EPOCH 29 VAL loss=0.323116 acc=0.8848 pre=0.8878 rec=0.8865 f1=0.8851
2026-08-27 14:54:05,375 | EPOCH 30 train_loss=0.192332
2026-08-27 14:54:07,293 | EPOCH 30 VAL loss=0.303722 acc=0.8917 pre=0.8927 rec=0.8927 f1=0.8923
2026-08-27 14:54:14,278 | EPOCH 30 train_loss=0.192332
2026-08-27 14:54:16,755 | EPOCH 30 VAL loss=0.303722 acc=0.8917 pre=0.8927 rec=0.8927 f1=0.8923
2026-08-27 14:54:22,682 | EPOCH 30 train_loss=0.192332
2026-08-27 14:54:24,531 | EPOCH 30 VAL loss=0.303722 acc=0.8917 pre=0.8927 rec=0.8927 f1=0.8923
2026-08-27 14:54:27,287 | EPOCH 31 train_loss=0.189082
2026-08-27 14:54:29,005 | EPOCH 31 VAL loss=0.308159 acc=0.8892 pre=0.8920 rec=0.8902 f1=0.8902
2026-08-27 14:54:35,078 | EPOCH 31 train_loss=0.189082
2026-08-27 14:54:36,701 | EPOCH 31 VAL loss=0.308159 acc=0.8892 pre=0.8920 rec=0.8902 f1=0.8902
2026-08-27 14:54:43,874 | EPOCH 31 train_loss=0.189082
2026-08-27 14:54:45,741 | EPOCH 31 VAL loss=0.308159 acc=0.8892 pre=0.8920 rec=0.8902 f1=0.8902
2026-08-27 14:54:48,991 | EPOCH 32 train_loss=0.185246
2026-08-27 14:54:50,777 | EPOCH 32 VAL loss=0.333842 acc=0.8843 pre=0.8914 rec=0.8869 f1=0.8863
2026-08-27 14:54:55,980 | EPOCH 32 train_loss=0.185246
2026-08-27 14:54:58,100 | EPOCH 32 VAL loss=0.333842 acc=0.8843 pre=0.8914 rec=0.8869 f1=0.8863
2026-08-27 14:55:05,500 | EPOCH 32 train_loss=0.185246
2026-08-27 14:55:07,143 | EPOCH 32 VAL loss=0.333842 acc=0.8843 pre=0.8914 rec=0.8869 f1=0.8863
2026-08-27 14:55:10,709 | EPOCH 33 train_loss=0.179709
2026-08-27 14:55:12,502 | EPOCH 33 VAL loss=0.299987 acc=0.8975 pre=0.8978 rec=0.8986 f1=0.8978 BEST
2026-08-27 14:55:18,192 | EPOCH 33 train_loss=0.179709
2026-08-27 14:55:19,872 | EPOCH 33 VAL loss=0.299987 acc=0.8975 pre=0.8978 rec=0.8986 f1=0.8978 BEST
2026-08-27 14:55:25,790 | EPOCH 33 train_loss=0.179709
2026-08-27 14:55:27,769 | EPOCH 33 VAL loss=0.299987 acc=0.8975 pre=0.8978 rec=0.8986 f1=0.8978 BEST
2026-08-27 14:55:32,442 | EPOCH 34 train_loss=0.177817
2026-08-27 14:55:34,124 | EPOCH 34 VAL loss=0.326971 acc=0.8867 pre=0.8931 rec=0.8884 f1=0.8884
2026-08-27 14:55:41,644 | EPOCH 34 train_loss=0.177817
2026-08-27 14:55:43,263 | EPOCH 34 VAL loss=0.326971 acc=0.8867 pre=0.8931 rec=0.8884 f1=0.8884
2026-08-27 14:55:49,149 | EPOCH 34 train_loss=0.177817
2026-08-27 14:55:51,042 | EPOCH 34 VAL loss=0.326971 acc=0.8867 pre=0.8931 rec=0.8884 f1=0.8884
2026-08-27 14:55:53,181 | EPOCH 35 train_loss=0.173663
2026-08-27 14:55:54,917 | EPOCH 35 VAL loss=0.304829 acc=0.8965 pre=0.8995 rec=0.8976 f1=0.8980 BEST
2026-08-27 14:56:03,315 | EPOCH 35 train_loss=0.173663
2026-08-27 14:56:05,007 | EPOCH 35 VAL loss=0.304829 acc=0.8965 pre=0.8995 rec=0.8976 f1=0.8980 BEST
2026-08-27 14:56:09,263 | EPOCH 35 train_loss=0.173663
2026-08-27 14:56:10,971 | EPOCH 35 VAL loss=0.304829 acc=0.8965 pre=0.8995 rec=0.8976 f1=0.8980 BEST
2026-08-27 14:56:15,148 | EPOCH 36 train_loss=0.169824
2026-08-27 14:56:16,967 | EPOCH 36 VAL loss=0.303081 acc=0.8958 pre=0.8971 rec=0.8965 f1=0.8958
2026-08-27 14:56:25,776 | EPOCH 36 train_loss=0.169824
2026-08-27 14:56:27,458 | EPOCH 36 VAL loss=0.303081 acc=0.8958 pre=0.8971 rec=0.8965 f1=0.8958
2026-08-27 14:56:33,065 | EPOCH 36 train_loss=0.169824
2026-08-27 14:56:34,818 | EPOCH 36 VAL loss=0.303081 acc=0.8958 pre=0.8971 rec=0.8965 f1=0.8958
2026-08-27 14:56:35,701 | EPOCH 37 train_loss=0.167365
2026-08-27 14:56:37,575 | EPOCH 37 VAL loss=0.313518 acc=0.8938 pre=0.8969 rec=0.8944 f1=0.8949
2026-08-27 14:56:47,897 | EPOCH 37 train_loss=0.167365
2026-08-27 14:56:49,634 | EPOCH 37 VAL loss=0.313518 acc=0.8938 pre=0.8969 rec=0.8944 f1=0.8949
2026-08-27 14:56:55,229 | EPOCH 37 train_loss=0.167365
2026-08-27 14:56:56,238 | EPOCH 38 train_loss=0.164690
2026-08-27 14:56:57,002 | EPOCH 37 VAL loss=0.313518 acc=0.8938 pre=0.8969 rec=0.8944 f1=0.8949
2026-08-27 14:56:57,948 | EPOCH 38 VAL loss=0.312424 acc=0.8925 pre=0.8941 rec=0.8936 f1=0.8928
2026-08-27 14:57:09,343 | EPOCH 38 train_loss=0.164690
2026-08-27 14:57:11,101 | EPOCH 38 VAL loss=0.312424 acc=0.8925 pre=0.8941 rec=0.8936 f1=0.8928
2026-08-27 14:57:18,257 | EPOCH 38 train_loss=0.164690
2026-08-27 14:57:18,513 | EPOCH 39 train_loss=0.160982
2026-08-27 14:57:19,997 | EPOCH 38 VAL loss=0.312424 acc=0.8925 pre=0.8941 rec=0.8936 f1=0.8928
2026-08-27 14:57:20,276 | EPOCH 39 VAL loss=0.328780 acc=0.8908 pre=0.8939 rec=0.8922 f1=0.8914
