2026-08-27 19:40:46,243 | START cnn_adam_lr0.001_s2026 opt=adam lr=0.001 seed=2026 device=cuda epochs=150 best_by=f1 stop_by=f1
2026-08-27 19:40:57,399 | EPOCH 1 train_loss=0.534306
2026-08-27 19:40:58,267 | EPOCH 1 VAL loss=0.374711 acc=0.8643 pre=0.8665 rec=0.8661 f1=0.8651 BEST
2026-08-27 19:41:10,688 | EPOCH 2 train_loss=0.336224
2026-08-27 19:41:11,543 | EPOCH 2 VAL loss=0.310439 acc=0.8872 pre=0.8867 rec=0.8885 f1=0.8863 BEST
2026-08-27 19:41:21,901 | START cnn_adam_lr0.001_s2026 opt=adam lr=0.001 seed=2026 device=cuda epochs=150 best_by=f1 stop_by=f1
2026-08-27 19:41:21,919 | RESUMED from epoch 2, batch 600
2026-08-27 19:41:22,697 | EPOCH 3 train_loss=0.291105
2026-08-27 19:41:23,811 | EPOCH 3 VAL loss=0.285305 acc=0.8947 pre=0.8965 rec=0.8964 f1=0.8958 BEST
2026-08-27 19:41:31,445 | EPOCH 3 train_loss=0.279306
2026-08-27 19:41:32,354 | EPOCH 3 VAL loss=0.285683 acc=0.8943 pre=0.8965 rec=0.8961 f1=0.8956 BEST
2026-08-27 19:41:37,211 | EPOCH 4 train_loss=0.260161
2026-08-27 19:41:38,361 | EPOCH 4 VAL loss=0.274254 acc=0.8987 pre=0.9012 rec=0.8981 f1=0.8986 BEST
2026-08-27 19:41:44,986 | EPOCH 4 train_loss=0.259903
2026-08-27 19:41:46,108 | EPOCH 4 VAL loss=0.272676 acc=0.8983 pre=0.9009 rec=0.8980 f1=0.8988 BEST
2026-08-27 19:41:50,950 | EPOCH 5 train_loss=0.235665
2026-08-27 19:41:51,709 | EPOCH 5 VAL loss=0.241415 acc=0.9112 pre=0.9112 rec=0.9120 f1=0.9112 BEST
2026-08-27 19:41:59,093 | EPOCH 5 train_loss=0.235894
2026-08-27 19:42:00,037 | EPOCH 5 VAL loss=0.242199 acc=0.9110 pre=0.9113 rec=0.9118 f1=0.9110 BEST
2026-08-27 19:42:03,108 | EPOCH 6 train_loss=0.217230
2026-08-27 19:42:04,192 | EPOCH 6 VAL loss=0.270623 acc=0.9002 pre=0.9150 rec=0.9026 f1=0.9043
2026-08-27 19:42:12,378 | EPOCH 6 train_loss=0.217388
2026-08-27 19:42:13,580 | EPOCH 6 VAL loss=0.277266 acc=0.8993 pre=0.9148 rec=0.9019 f1=0.9036
2026-08-27 19:42:16,608 | EPOCH 7 train_loss=0.202106
2026-08-27 19:42:17,470 | EPOCH 7 VAL loss=0.228863 acc=0.9160 pre=0.9165 rec=0.9169 f1=0.9160 BEST
2026-08-27 19:42:26,066 | EPOCH 7 train_loss=0.202096
2026-08-27 19:42:27,203 | EPOCH 7 VAL loss=0.225941 acc=0.9160 pre=0.9165 rec=0.9168 f1=0.9158 BEST
2026-08-27 19:42:28,969 | EPOCH 8 train_loss=0.184206
2026-08-27 19:42:29,867 | EPOCH 8 VAL loss=0.226849 acc=0.9175 pre=0.9187 rec=0.9181 f1=0.9165 BEST
