2026-08-27 11:14:48,089 | START mlp_adam_lr0.0005_s123 opt=adam lr=0.0005 seed=123 device=cuda epochs=150 best_by=f1 stop_by=f1
2026-08-27 11:14:54,506 | EPOCH 1 train_loss=0.583802
2026-08-27 11:14:55,045 | EPOCH 1 VAL loss=0.443125 acc=0.8422 pre=0.8462 rec=0.8420 f1=0.8376 BEST
2026-08-27 11:15:01,926 | EPOCH 2 train_loss=0.398881
2026-08-27 11:15:02,470 | EPOCH 2 VAL loss=0.426864 acc=0.8423 pre=0.8522 rec=0.8428 f1=0.8374
2026-08-27 11:15:09,114 | EPOCH 3 train_loss=0.355144
2026-08-27 11:15:09,655 | EPOCH 3 VAL loss=0.359079 acc=0.8702 pre=0.8732 rec=0.8707 f1=0.8701 BEST
2026-08-27 11:15:16,444 | EPOCH 4 train_loss=0.329084
2026-08-27 11:15:16,997 | EPOCH 4 VAL loss=0.346877 acc=0.8743 pre=0.8744 rec=0.8754 f1=0.8737 BEST
2026-08-27 11:15:23,741 | EPOCH 5 train_loss=0.307297
2026-08-27 11:15:24,284 | EPOCH 5 VAL loss=0.342175 acc=0.8762 pre=0.8774 rec=0.8772 f1=0.8741 BEST
2026-08-27 11:15:31,170 | EPOCH 6 train_loss=0.290815
2026-08-27 11:15:31,708 | EPOCH 6 VAL loss=0.326181 acc=0.8775 pre=0.8824 rec=0.8792 f1=0.8801 BEST
2026-08-27 11:15:38,526 | EPOCH 7 train_loss=0.276273
2026-08-27 11:15:39,080 | EPOCH 7 VAL loss=0.355797 acc=0.8690 pre=0.8806 rec=0.8719 f1=0.8715
2026-08-27 11:15:45,554 | EPOCH 8 train_loss=0.263721
2026-08-27 11:15:46,102 | EPOCH 8 VAL loss=0.317681 acc=0.8860 pre=0.8909 rec=0.8875 f1=0.8879 BEST
2026-08-27 11:15:53,011 | EPOCH 9 train_loss=0.252296
2026-08-27 11:15:53,603 | EPOCH 9 VAL loss=0.313751 acc=0.8870 pre=0.8893 rec=0.8888 f1=0.8881 BEST
2026-08-27 11:16:00,989 | EPOCH 10 train_loss=0.242106
2026-08-27 11:16:01,555 | EPOCH 10 VAL loss=0.314630 acc=0.8870 pre=0.8877 rec=0.8886 f1=0.8875
2026-08-27 11:16:08,145 | EPOCH 11 train_loss=0.230685
2026-08-27 11:16:08,721 | EPOCH 11 VAL loss=0.301586 acc=0.8887 pre=0.8911 rec=0.8904 f1=0.8897 BEST
2026-08-27 11:16:15,838 | EPOCH 12 train_loss=0.221117
2026-08-27 11:16:16,410 | EPOCH 12 VAL loss=0.306782 acc=0.8908 pre=0.8930 rec=0.8914 f1=0.8907 BEST
2026-08-27 11:16:23,246 | EPOCH 13 train_loss=0.213614
2026-08-27 11:16:23,837 | EPOCH 13 VAL loss=0.315246 acc=0.8882 pre=0.8897 rec=0.8898 f1=0.8892
2026-08-27 11:16:30,320 | EPOCH 14 train_loss=0.204786
2026-08-27 11:16:30,869 | EPOCH 14 VAL loss=0.327258 acc=0.8885 pre=0.8895 rec=0.8898 f1=0.8878
2026-08-27 11:16:37,397 | EPOCH 15 train_loss=0.198540
2026-08-27 11:16:37,941 | EPOCH 15 VAL loss=0.294082 acc=0.8975 pre=0.8971 rec=0.8985 f1=0.8973 BEST
2026-08-27 11:16:44,877 | EPOCH 16 train_loss=0.190899
2026-08-27 11:16:45,438 | EPOCH 16 VAL loss=0.297379 acc=0.8923 pre=0.8924 rec=0.8932 f1=0.8922
2026-08-27 11:16:51,865 | EPOCH 17 train_loss=0.184000
2026-08-27 11:16:52,412 | EPOCH 17 VAL loss=0.309947 acc=0.8917 pre=0.8933 rec=0.8922 f1=0.8917
2026-08-27 11:16:59,002 | EPOCH 18 train_loss=0.175532
2026-08-27 11:16:59,550 | EPOCH 18 VAL loss=0.306772 acc=0.8930 pre=0.8948 rec=0.8939 f1=0.8933
2026-08-27 11:17:06,101 | EPOCH 19 train_loss=0.169016
2026-08-27 11:17:06,646 | EPOCH 19 VAL loss=0.321446 acc=0.8942 pre=0.8966 rec=0.8955 f1=0.8955
2026-08-27 11:17:13,108 | EPOCH 20 train_loss=0.164791
2026-08-27 11:17:13,698 | EPOCH 20 VAL loss=0.319992 acc=0.8890 pre=0.8906 rec=0.8903 f1=0.8894
2026-08-27 11:17:20,167 | EPOCH 21 train_loss=0.157449
2026-08-27 11:17:20,715 | EPOCH 21 VAL loss=0.347620 acc=0.8903 pre=0.8925 rec=0.8905 f1=0.8901
2026-08-27 11:17:27,204 | EPOCH 22 train_loss=0.153037
2026-08-27 11:17:27,750 | EPOCH 22 VAL loss=0.343840 acc=0.8843 pre=0.8888 rec=0.8840 f1=0.8824
2026-08-27 11:17:34,289 | EPOCH 23 train_loss=0.146530
2026-08-27 11:17:34,839 | EPOCH 23 VAL loss=0.336125 acc=0.8922 pre=0.8927 rec=0.8926 f1=0.8911
2026-08-27 11:17:41,291 | EPOCH 24 train_loss=0.140816
2026-08-27 11:17:41,848 | EPOCH 24 VAL loss=0.335870 acc=0.8955 pre=0.8975 rec=0.8967 f1=0.8968
2026-08-27 11:17:48,338 | EPOCH 25 train_loss=0.139349
2026-08-27 11:17:48,889 | EPOCH 25 VAL loss=0.339710 acc=0.8908 pre=0.8918 rec=0.8912 f1=0.8904
2026-08-27 11:17:48,899 | DONE best_epoch=15 best_val_loss=0.294082 early_stop=True time=180.17s
