2026-08-27 10:20:28,163 | START mlp_rmsprop_lr0.001_s42 opt=rmsprop lr=0.001 seed=42 device=cuda epochs=150 best_by=f1 stop_by=f1
2026-08-27 10:20:34,643 | EPOCH 1 train_loss=0.525129
2026-08-27 10:20:35,215 | EPOCH 1 VAL loss=0.421486 acc=0.8515 pre=0.8532 rec=0.8542 f1=0.8509 BEST
2026-08-27 10:20:41,861 | EPOCH 2 train_loss=0.375787
2026-08-27 10:20:42,429 | EPOCH 2 VAL loss=0.367784 acc=0.8623 pre=0.8701 rec=0.8629 f1=0.8646 BEST
2026-08-27 10:20:49,135 | EPOCH 3 train_loss=0.334179
2026-08-27 10:20:49,681 | EPOCH 3 VAL loss=0.346734 acc=0.8737 pre=0.8751 rec=0.8757 f1=0.8738 BEST
2026-08-27 10:20:56,420 | EPOCH 4 train_loss=0.309726
2026-08-27 10:20:56,971 | EPOCH 4 VAL loss=0.357194 acc=0.8677 pre=0.8723 rec=0.8677 f1=0.8685
2026-08-27 10:21:03,419 | EPOCH 5 train_loss=0.289911
2026-08-27 10:21:04,036 | EPOCH 5 VAL loss=0.312089 acc=0.8797 pre=0.8827 rec=0.8802 f1=0.8797 BEST
2026-08-27 10:21:10,882 | EPOCH 6 train_loss=0.274983
2026-08-27 10:21:11,432 | EPOCH 6 VAL loss=0.366650 acc=0.8723 pre=0.8751 rec=0.8740 f1=0.8703
2026-08-27 10:21:17,885 | EPOCH 7 train_loss=0.260820
2026-08-27 10:21:18,438 | EPOCH 7 VAL loss=0.342345 acc=0.8743 pre=0.8769 rec=0.8764 f1=0.8748
2026-08-27 10:21:24,825 | EPOCH 8 train_loss=0.250881
2026-08-27 10:21:25,375 | EPOCH 8 VAL loss=0.348682 acc=0.8740 pre=0.8799 rec=0.8750 f1=0.8753
2026-08-27 10:21:31,768 | EPOCH 9 train_loss=0.239825
2026-08-27 10:21:32,313 | EPOCH 9 VAL loss=0.330058 acc=0.8812 pre=0.8868 rec=0.8823 f1=0.8809 BEST
2026-08-27 10:21:39,000 | EPOCH 10 train_loss=0.229116
2026-08-27 10:21:39,553 | EPOCH 10 VAL loss=0.388575 acc=0.8607 pre=0.8719 rec=0.8620 f1=0.8618
2026-08-27 10:21:45,957 | EPOCH 11 train_loss=0.219511
2026-08-27 10:21:46,564 | EPOCH 11 VAL loss=0.338489 acc=0.8855 pre=0.8870 rec=0.8877 f1=0.8858 BEST
2026-08-27 10:21:53,327 | EPOCH 12 train_loss=0.211836
2026-08-27 10:21:53,903 | EPOCH 12 VAL loss=0.322394 acc=0.8900 pre=0.8935 rec=0.8904 f1=0.8907 BEST
2026-08-27 10:22:00,702 | EPOCH 13 train_loss=0.203932
2026-08-27 10:22:01,253 | EPOCH 13 VAL loss=0.328131 acc=0.8905 pre=0.8915 rec=0.8913 f1=0.8908 BEST
2026-08-27 10:22:08,167 | EPOCH 14 train_loss=0.196757
2026-08-27 10:22:09,122 | EPOCH 14 VAL loss=0.360127 acc=0.8893 pre=0.8928 rec=0.8899 f1=0.8891
2026-08-27 10:22:15,471 | EPOCH 15 train_loss=0.189715
2026-08-27 10:22:16,030 | EPOCH 15 VAL loss=0.366900 acc=0.8842 pre=0.8864 rec=0.8853 f1=0.8832
2026-08-27 10:22:22,370 | EPOCH 16 train_loss=0.183509
2026-08-27 10:22:22,934 | EPOCH 16 VAL loss=0.347802 acc=0.8873 pre=0.8891 rec=0.8881 f1=0.8868
2026-08-27 10:22:29,320 | EPOCH 17 train_loss=0.175986
2026-08-27 10:22:29,866 | EPOCH 17 VAL loss=0.355695 acc=0.8933 pre=0.8952 rec=0.8949 f1=0.8944 BEST
2026-08-27 10:22:36,636 | EPOCH 18 train_loss=0.170622
2026-08-27 10:22:37,178 | EPOCH 18 VAL loss=0.335414 acc=0.8922 pre=0.8931 rec=0.8929 f1=0.8913
2026-08-27 10:22:43,657 | EPOCH 19 train_loss=0.165962
2026-08-27 10:22:44,200 | EPOCH 19 VAL loss=0.356025 acc=0.8980 pre=0.9006 rec=0.8984 f1=0.8990 BEST
2026-08-27 10:22:50,888 | EPOCH 20 train_loss=0.160043
2026-08-27 10:22:51,437 | EPOCH 20 VAL loss=0.396726 acc=0.8888 pre=0.8898 rec=0.8896 f1=0.8873
2026-08-27 10:22:57,864 | EPOCH 21 train_loss=0.155674
2026-08-27 10:22:58,408 | EPOCH 21 VAL loss=0.410730 acc=0.8773 pre=0.8842 rec=0.8795 f1=0.8787
2026-08-27 10:23:04,742 | EPOCH 22 train_loss=0.151250
2026-08-27 10:23:05,282 | EPOCH 22 VAL loss=0.395840 acc=0.8910 pre=0.8927 rec=0.8919 f1=0.8914
2026-08-27 10:23:11,607 | EPOCH 23 train_loss=0.146988
2026-08-27 10:23:12,138 | EPOCH 23 VAL loss=0.388544 acc=0.8917 pre=0.8919 rec=0.8928 f1=0.8916
2026-08-27 10:23:18,641 | EPOCH 24 train_loss=0.142261
2026-08-27 10:23:19,180 | EPOCH 24 VAL loss=0.395575 acc=0.8968 pre=0.8977 rec=0.8978 f1=0.8967
2026-08-27 10:23:25,472 | EPOCH 25 train_loss=0.137866
2026-08-27 10:23:26,017 | EPOCH 25 VAL loss=0.416086 acc=0.8875 pre=0.8903 rec=0.8874 f1=0.8859
2026-08-27 10:23:32,260 | EPOCH 26 train_loss=0.135698
2026-08-27 10:23:32,790 | EPOCH 26 VAL loss=0.424987 acc=0.8880 pre=0.8894 rec=0.8889 f1=0.8865
2026-08-27 10:23:39,384 | EPOCH 27 train_loss=0.130803
2026-08-27 10:23:39,925 | EPOCH 27 VAL loss=0.418448 acc=0.8917 pre=0.8928 rec=0.8935 f1=0.8921
2026-08-27 10:23:46,305 | EPOCH 28 train_loss=0.126977
2026-08-27 10:23:46,851 | EPOCH 28 VAL loss=0.483710 acc=0.8875 pre=0.8882 rec=0.8887 f1=0.8859
2026-08-27 10:23:53,159 | EPOCH 29 train_loss=0.125209
2026-08-27 10:23:53,741 | EPOCH 29 VAL loss=0.469990 acc=0.8878 pre=0.8904 rec=0.8882 f1=0.8883
2026-08-27 10:23:53,748 | DONE best_epoch=19 best_val_loss=0.356025 early_stop=True time=204.92s
