2026-08-27 11:02:55,922 | START mlp_adam_lr0.001_s123 opt=adam lr=0.001 seed=123 device=cuda epochs=150 best_by=f1 stop_by=f1
2026-08-27 11:03:02,864 | EPOCH 1 train_loss=0.536273
2026-08-27 11:03:03,472 | EPOCH 1 VAL loss=0.409219 acc=0.8522 pre=0.8548 rec=0.8525 f1=0.8507 BEST
2026-08-27 11:03:10,717 | EPOCH 2 train_loss=0.374301
2026-08-27 11:03:11,306 | EPOCH 2 VAL loss=0.396915 acc=0.8523 pre=0.8627 rec=0.8528 f1=0.8506
2026-08-27 11:03:18,092 | EPOCH 3 train_loss=0.332732
2026-08-27 11:03:18,662 | EPOCH 3 VAL loss=0.340601 acc=0.8733 pre=0.8774 rec=0.8743 f1=0.8749 BEST
2026-08-27 11:03:25,728 | EPOCH 4 train_loss=0.309970
2026-08-27 11:03:26,305 | EPOCH 4 VAL loss=0.341095 acc=0.8752 pre=0.8754 rec=0.8762 f1=0.8743
2026-08-27 11:03:32,869 | EPOCH 5 train_loss=0.291943
2026-08-27 11:03:33,433 | EPOCH 5 VAL loss=0.347561 acc=0.8752 pre=0.8759 rec=0.8763 f1=0.8732
2026-08-27 11:03:40,143 | EPOCH 6 train_loss=0.276699
2026-08-27 11:03:40,707 | EPOCH 6 VAL loss=0.320497 acc=0.8843 pre=0.8868 rec=0.8858 f1=0.8860 BEST
2026-08-27 11:03:47,606 | EPOCH 7 train_loss=0.261659
2026-08-27 11:03:48,187 | EPOCH 7 VAL loss=0.345534 acc=0.8752 pre=0.8844 rec=0.8778 f1=0.8777
2026-08-27 11:03:54,821 | EPOCH 8 train_loss=0.251031
2026-08-27 11:03:55,377 | EPOCH 8 VAL loss=0.333945 acc=0.8785 pre=0.8831 rec=0.8806 f1=0.8800
2026-08-27 11:04:02,224 | EPOCH 9 train_loss=0.239146
2026-08-27 11:04:02,809 | EPOCH 9 VAL loss=0.324866 acc=0.8852 pre=0.8870 rec=0.8871 f1=0.8860 BEST
2026-08-27 11:04:09,775 | EPOCH 10 train_loss=0.229916
2026-08-27 11:04:10,331 | EPOCH 10 VAL loss=0.326414 acc=0.8863 pre=0.8879 rec=0.8879 f1=0.8873 BEST
2026-08-27 11:04:17,163 | EPOCH 11 train_loss=0.217562
2026-08-27 11:04:17,728 | EPOCH 11 VAL loss=0.327310 acc=0.8817 pre=0.8871 rec=0.8835 f1=0.8826
2026-08-27 11:04:24,686 | EPOCH 12 train_loss=0.210014
2026-08-27 11:04:25,236 | EPOCH 12 VAL loss=0.334560 acc=0.8877 pre=0.8898 rec=0.8884 f1=0.8884 BEST
2026-08-27 11:04:32,028 | EPOCH 13 train_loss=0.205810
2026-08-27 11:04:32,585 | EPOCH 13 VAL loss=0.332958 acc=0.8882 pre=0.8900 rec=0.8899 f1=0.8894 BEST
2026-08-27 11:04:39,479 | EPOCH 14 train_loss=0.195341
2026-08-27 11:04:40,025 | EPOCH 14 VAL loss=0.334465 acc=0.8867 pre=0.8864 rec=0.8879 f1=0.8864
2026-08-27 11:04:46,661 | EPOCH 15 train_loss=0.188761
2026-08-27 11:04:47,598 | EPOCH 15 VAL loss=0.318419 acc=0.8938 pre=0.8941 rec=0.8948 f1=0.8939 BEST
2026-08-27 11:04:54,543 | EPOCH 16 train_loss=0.185249
2026-08-27 11:04:55,110 | EPOCH 16 VAL loss=0.320518 acc=0.8885 pre=0.8897 rec=0.8888 f1=0.8871
2026-08-27 11:05:01,628 | EPOCH 17 train_loss=0.176097
2026-08-27 11:05:02,192 | EPOCH 17 VAL loss=0.326949 acc=0.8895 pre=0.8907 rec=0.8901 f1=0.8898
2026-08-27 11:05:09,024 | EPOCH 18 train_loss=0.169376
2026-08-27 11:05:09,588 | EPOCH 18 VAL loss=0.341544 acc=0.8915 pre=0.8925 rec=0.8930 f1=0.8922
2026-08-27 11:05:16,248 | EPOCH 19 train_loss=0.162680
2026-08-27 11:05:16,809 | EPOCH 19 VAL loss=0.344163 acc=0.8912 pre=0.8947 rec=0.8929 f1=0.8929
2026-08-27 11:05:23,391 | EPOCH 20 train_loss=0.160418
2026-08-27 11:05:23,990 | EPOCH 20 VAL loss=0.347076 acc=0.8873 pre=0.8888 rec=0.8881 f1=0.8870
2026-08-27 11:05:30,751 | EPOCH 21 train_loss=0.153757
2026-08-27 11:05:31,315 | EPOCH 21 VAL loss=0.376492 acc=0.8912 pre=0.8926 rec=0.8916 f1=0.8903
2026-08-27 11:05:37,986 | EPOCH 22 train_loss=0.147295
2026-08-27 11:05:38,554 | EPOCH 22 VAL loss=0.367704 acc=0.8865 pre=0.8889 rec=0.8865 f1=0.8849
2026-08-27 11:05:45,232 | EPOCH 23 train_loss=0.143725
2026-08-27 11:05:45,790 | EPOCH 23 VAL loss=0.366327 acc=0.8870 pre=0.8886 rec=0.8873 f1=0.8850
2026-08-27 11:05:52,481 | EPOCH 24 train_loss=0.138396
2026-08-27 11:05:53,043 | EPOCH 24 VAL loss=0.368602 acc=0.8957 pre=0.8987 rec=0.8970 f1=0.8973 BEST
2026-08-27 11:05:59,935 | EPOCH 25 train_loss=0.135571
2026-08-27 11:06:00,518 | EPOCH 25 VAL loss=0.378900 acc=0.8940 pre=0.8934 rec=0.8949 f1=0.8935
2026-08-27 11:06:07,203 | EPOCH 26 train_loss=0.130512
2026-08-27 11:06:07,776 | EPOCH 26 VAL loss=0.373686 acc=0.8948 pre=0.8957 rec=0.8956 f1=0.8943
2026-08-27 11:06:14,709 | EPOCH 27 train_loss=0.126530
2026-08-27 11:06:15,282 | EPOCH 27 VAL loss=0.413836 acc=0.8903 pre=0.8895 rec=0.8920 f1=0.8903
2026-08-27 11:06:21,911 | EPOCH 28 train_loss=0.120568
2026-08-27 11:06:22,474 | EPOCH 28 VAL loss=0.412330 acc=0.8973 pre=0.8985 rec=0.8987 f1=0.8984 BEST
2026-08-27 11:06:29,590 | EPOCH 29 train_loss=0.121953
2026-08-27 11:06:30,197 | EPOCH 29 VAL loss=0.472469 acc=0.8823 pre=0.8850 rec=0.8839 f1=0.8837
2026-08-27 11:06:36,965 | EPOCH 30 train_loss=0.117223
2026-08-27 11:06:37,529 | EPOCH 30 VAL loss=0.412135 acc=0.8857 pre=0.8900 rec=0.8875 f1=0.8875
2026-08-27 11:06:44,106 | EPOCH 31 train_loss=0.111941
2026-08-27 11:06:44,661 | EPOCH 31 VAL loss=0.428371 acc=0.8972 pre=0.8975 rec=0.8983 f1=0.8973
2026-08-27 11:06:51,197 | EPOCH 32 train_loss=0.112236
2026-08-27 11:06:51,765 | EPOCH 32 VAL loss=0.422659 acc=0.8923 pre=0.8950 rec=0.8941 f1=0.8940
2026-08-27 11:06:58,301 | EPOCH 33 train_loss=0.104764
2026-08-27 11:06:58,847 | EPOCH 33 VAL loss=0.424433 acc=0.8973 pre=0.8979 rec=0.8981 f1=0.8978
2026-08-27 11:07:05,343 | EPOCH 34 train_loss=0.106362
2026-08-27 11:07:05,889 | EPOCH 34 VAL loss=0.442775 acc=0.8910 pre=0.8935 rec=0.8921 f1=0.8921
2026-08-27 11:07:12,438 | EPOCH 35 train_loss=0.099908
2026-08-27 11:07:13,008 | EPOCH 35 VAL loss=0.459568 acc=0.8913 pre=0.8911 rec=0.8920 f1=0.8909
2026-08-27 11:07:19,638 | EPOCH 36 train_loss=0.100170
2026-08-27 11:07:20,189 | EPOCH 36 VAL loss=0.448280 acc=0.8908 pre=0.8913 rec=0.8920 f1=0.8909
2026-08-27 11:07:26,806 | EPOCH 37 train_loss=0.093758
2026-08-27 11:07:27,359 | EPOCH 37 VAL loss=0.492427 acc=0.8918 pre=0.8914 rec=0.8926 f1=0.8912
2026-08-27 11:07:33,907 | EPOCH 38 train_loss=0.095895
2026-08-27 11:07:34,480 | EPOCH 38 VAL loss=0.527410 acc=0.8867 pre=0.8875 rec=0.8866 f1=0.8863
2026-08-27 11:07:34,489 | DONE best_epoch=28 best_val_loss=0.41233 early_stop=True time=277.9s
