2026-08-27 12:07:13,802 | START mlp_adamax_lr0.002_s2026 opt=adamax lr=0.002 seed=2026 device=cuda epochs=150 best_by=f1 stop_by=f1
2026-08-27 12:07:20,826 | EPOCH 1 train_loss=0.566085
2026-08-27 12:07:21,438 | EPOCH 1 VAL loss=0.453586 acc=0.8375 pre=0.8410 rec=0.8398 f1=0.8379 BEST
2026-08-27 12:07:28,828 | EPOCH 2 train_loss=0.406670
2026-08-27 12:07:29,437 | EPOCH 2 VAL loss=0.377570 acc=0.8618 pre=0.8622 rec=0.8632 f1=0.8620 BEST
2026-08-27 12:07:36,814 | EPOCH 3 train_loss=0.362033
2026-08-27 12:07:37,867 | EPOCH 3 VAL loss=0.369298 acc=0.8622 pre=0.8676 rec=0.8640 f1=0.8640 BEST
2026-08-27 12:07:45,403 | EPOCH 4 train_loss=0.331755
2026-08-27 12:07:46,034 | EPOCH 4 VAL loss=0.342466 acc=0.8727 pre=0.8747 rec=0.8732 f1=0.8735 BEST
2026-08-27 12:07:53,605 | EPOCH 5 train_loss=0.311294
2026-08-27 12:07:54,226 | EPOCH 5 VAL loss=0.332228 acc=0.8797 pre=0.8793 rec=0.8811 f1=0.8793 BEST
2026-08-27 12:08:01,648 | EPOCH 6 train_loss=0.293367
2026-08-27 12:08:02,246 | EPOCH 6 VAL loss=0.337784 acc=0.8723 pre=0.8848 rec=0.8744 f1=0.8763
2026-08-27 12:08:09,343 | EPOCH 7 train_loss=0.281732
2026-08-27 12:08:09,959 | EPOCH 7 VAL loss=0.305552 acc=0.8878 pre=0.8874 rec=0.8891 f1=0.8878 BEST
2026-08-27 12:08:17,242 | EPOCH 8 train_loss=0.267974
2026-08-27 12:08:17,843 | EPOCH 8 VAL loss=0.315755 acc=0.8847 pre=0.8847 rec=0.8859 f1=0.8827
2026-08-27 12:08:24,836 | EPOCH 9 train_loss=0.256392
2026-08-27 12:08:25,443 | EPOCH 9 VAL loss=0.313988 acc=0.8885 pre=0.8910 rec=0.8897 f1=0.8893 BEST
2026-08-27 12:08:32,767 | EPOCH 10 train_loss=0.248191
2026-08-27 12:08:33,365 | EPOCH 10 VAL loss=0.318777 acc=0.8860 pre=0.8868 rec=0.8870 f1=0.8836
2026-08-27 12:08:40,263 | EPOCH 11 train_loss=0.238627
2026-08-27 12:08:40,857 | EPOCH 11 VAL loss=0.309688 acc=0.8907 pre=0.8925 rec=0.8920 f1=0.8919 BEST
2026-08-27 12:08:48,262 | EPOCH 12 train_loss=0.230555
2026-08-27 12:08:48,857 | EPOCH 12 VAL loss=0.296033 acc=0.8908 pre=0.8921 rec=0.8918 f1=0.8911
2026-08-27 12:08:55,759 | EPOCH 13 train_loss=0.221775
2026-08-27 12:08:56,350 | EPOCH 13 VAL loss=0.292793 acc=0.8940 pre=0.8942 rec=0.8950 f1=0.8941 BEST
2026-08-27 12:09:03,539 | EPOCH 14 train_loss=0.213420
2026-08-27 12:09:04,160 | EPOCH 14 VAL loss=0.297380 acc=0.8937 pre=0.8947 rec=0.8940 f1=0.8938
2026-08-27 12:09:11,023 | EPOCH 15 train_loss=0.206442
2026-08-27 12:09:11,618 | EPOCH 15 VAL loss=0.304811 acc=0.8918 pre=0.8932 rec=0.8931 f1=0.8922
2026-08-27 12:09:18,539 | EPOCH 16 train_loss=0.197459
2026-08-27 12:09:19,127 | EPOCH 16 VAL loss=0.334612 acc=0.8827 pre=0.8903 rec=0.8829 f1=0.8795
2026-08-27 12:09:25,954 | EPOCH 17 train_loss=0.192711
2026-08-27 12:09:26,544 | EPOCH 17 VAL loss=0.313946 acc=0.8873 pre=0.8915 rec=0.8876 f1=0.8867
2026-08-27 12:09:33,325 | EPOCH 18 train_loss=0.187324
2026-08-27 12:09:33,948 | EPOCH 18 VAL loss=0.299598 acc=0.8950 pre=0.8971 rec=0.8951 f1=0.8953 BEST
2026-08-27 12:09:41,182 | EPOCH 19 train_loss=0.181056
2026-08-27 12:09:41,779 | EPOCH 19 VAL loss=0.300508 acc=0.8980 pre=0.8985 rec=0.8993 f1=0.8987 BEST
2026-08-27 12:09:49,087 | EPOCH 20 train_loss=0.173724
2026-08-27 12:09:49,684 | EPOCH 20 VAL loss=0.296208 acc=0.8947 pre=0.8970 rec=0.8954 f1=0.8957
2026-08-27 12:09:56,616 | EPOCH 21 train_loss=0.168430
2026-08-27 12:09:57,204 | EPOCH 21 VAL loss=0.331847 acc=0.8842 pre=0.8882 rec=0.8854 f1=0.8852
2026-08-27 12:10:04,127 | EPOCH 22 train_loss=0.161945
2026-08-27 12:10:04,716 | EPOCH 22 VAL loss=0.306509 acc=0.8945 pre=0.8964 rec=0.8955 f1=0.8951
2026-08-27 12:10:11,537 | EPOCH 23 train_loss=0.158064
2026-08-27 12:10:12,116 | EPOCH 23 VAL loss=0.328581 acc=0.8923 pre=0.8933 rec=0.8940 f1=0.8926
2026-08-27 12:10:18,963 | EPOCH 24 train_loss=0.151884
2026-08-27 12:10:19,553 | EPOCH 24 VAL loss=0.315508 acc=0.8937 pre=0.8944 rec=0.8944 f1=0.8929
2026-08-27 12:10:26,395 | EPOCH 25 train_loss=0.144865
2026-08-27 12:10:26,991 | EPOCH 25 VAL loss=0.320160 acc=0.8917 pre=0.8950 rec=0.8922 f1=0.8915
2026-08-27 12:10:33,772 | EPOCH 26 train_loss=0.141591
2026-08-27 12:10:34,356 | EPOCH 26 VAL loss=0.330273 acc=0.8952 pre=0.8985 rec=0.8953 f1=0.8932
2026-08-27 12:10:41,195 | EPOCH 27 train_loss=0.138754
2026-08-27 12:10:41,778 | EPOCH 27 VAL loss=0.308817 acc=0.8988 pre=0.8991 rec=0.9002 f1=0.8995 BEST
2026-08-27 12:10:48,947 | EPOCH 28 train_loss=0.131195
2026-08-27 12:10:49,529 | EPOCH 28 VAL loss=0.345240 acc=0.8928 pre=0.8953 rec=0.8947 f1=0.8943
2026-08-27 12:10:56,336 | EPOCH 29 train_loss=0.129851
2026-08-27 12:10:56,926 | EPOCH 29 VAL loss=0.342721 acc=0.8973 pre=0.8983 rec=0.8985 f1=0.8980
2026-08-27 12:11:03,804 | EPOCH 30 train_loss=0.123029
2026-08-27 12:11:04,395 | EPOCH 30 VAL loss=0.329709 acc=0.8975 pre=0.8980 rec=0.8983 f1=0.8980
2026-08-27 12:11:11,220 | EPOCH 31 train_loss=0.120538
2026-08-27 12:11:11,816 | EPOCH 31 VAL loss=0.345666 acc=0.8930 pre=0.8950 rec=0.8942 f1=0.8943
2026-08-27 12:11:18,653 | EPOCH 32 train_loss=0.115637
2026-08-27 12:11:19,232 | EPOCH 32 VAL loss=0.347044 acc=0.8958 pre=0.8961 rec=0.8974 f1=0.8965
2026-08-27 12:11:26,126 | EPOCH 33 train_loss=0.112372
2026-08-27 12:11:26,723 | EPOCH 33 VAL loss=0.365191 acc=0.8923 pre=0.8938 rec=0.8941 f1=0.8934
2026-08-27 12:11:33,447 | EPOCH 34 train_loss=0.108584
2026-08-27 12:11:34,070 | EPOCH 34 VAL loss=0.363106 acc=0.8975 pre=0.8977 rec=0.8985 f1=0.8973
2026-08-27 12:11:40,799 | EPOCH 35 train_loss=0.105767
2026-08-27 12:11:41,380 | EPOCH 35 VAL loss=0.367131 acc=0.8942 pre=0.8974 rec=0.8953 f1=0.8950
2026-08-27 12:11:48,316 | EPOCH 36 train_loss=0.101060
2026-08-27 12:11:48,892 | EPOCH 36 VAL loss=0.371672 acc=0.8923 pre=0.8940 rec=0.8936 f1=0.8935
2026-08-27 12:11:55,652 | EPOCH 37 train_loss=0.098023
2026-08-27 12:11:56,235 | EPOCH 37 VAL loss=0.369203 acc=0.8957 pre=0.8974 rec=0.8971 f1=0.8967
2026-08-27 12:11:56,244 | DONE best_epoch=27 best_val_loss=0.308817 early_stop=True time=281.76s
