2026-08-27 06:34:06,065 | START cnn_sgd_lr0.05_s123 opt=sgd lr=0.05 seed=123 device=cuda epochs=150 best_by=f1 stop_by=f1
2026-08-27 06:34:15,211 | EPOCH 1 train_loss=0.800030
2026-08-27 06:34:15,815 | EPOCH 1 VAL loss=0.521716 acc=0.8043 pre=0.8003 rec=0.8042 f1=0.7895 BEST
2026-08-27 06:34:23,395 | EPOCH 2 train_loss=0.467167
2026-08-27 06:34:24,047 | EPOCH 2 VAL loss=0.437918 acc=0.8430 pre=0.8475 rec=0.8420 f1=0.8379 BEST
2026-08-27 06:34:31,718 | EPOCH 3 train_loss=0.388949
2026-08-27 06:34:32,328 | EPOCH 3 VAL loss=0.397547 acc=0.8588 pre=0.8609 rec=0.8595 f1=0.8573 BEST
2026-08-27 06:34:40,026 | EPOCH 4 train_loss=0.347247
2026-08-27 06:34:40,623 | EPOCH 4 VAL loss=0.376537 acc=0.8638 pre=0.8765 rec=0.8661 f1=0.8665 BEST
2026-08-27 06:34:48,304 | EPOCH 5 train_loss=0.317918
2026-08-27 06:34:48,940 | EPOCH 5 VAL loss=0.336284 acc=0.8737 pre=0.8786 rec=0.8763 f1=0.8743 BEST
2026-08-27 06:34:56,540 | EPOCH 6 train_loss=0.296295
2026-08-27 06:34:57,158 | EPOCH 6 VAL loss=0.306400 acc=0.8862 pre=0.8903 rec=0.8863 f1=0.8868 BEST
2026-08-27 06:35:04,739 | EPOCH 7 train_loss=0.280337
2026-08-27 06:35:05,334 | EPOCH 7 VAL loss=0.300418 acc=0.8867 pre=0.8908 rec=0.8880 f1=0.8887 BEST
2026-08-27 06:35:12,824 | EPOCH 8 train_loss=0.266497
2026-08-27 06:35:13,463 | EPOCH 8 VAL loss=0.282330 acc=0.9000 pre=0.9019 rec=0.9016 f1=0.9013 BEST
2026-08-27 06:35:21,158 | EPOCH 9 train_loss=0.255333
2026-08-27 06:35:21,745 | EPOCH 9 VAL loss=0.293917 acc=0.8933 pre=0.8943 rec=0.8944 f1=0.8928
2026-08-27 06:35:29,040 | EPOCH 10 train_loss=0.244856
2026-08-27 06:35:29,648 | EPOCH 10 VAL loss=0.306640 acc=0.8850 pre=0.8979 rec=0.8886 f1=0.8880
2026-08-27 06:35:36,903 | EPOCH 11 train_loss=0.235370
2026-08-27 06:35:37,498 | EPOCH 11 VAL loss=0.267924 acc=0.9015 pre=0.9034 rec=0.9027 f1=0.9022 BEST
2026-08-27 06:35:45,267 | EPOCH 12 train_loss=0.226150
2026-08-27 06:35:45,907 | EPOCH 12 VAL loss=0.258876 acc=0.9045 pre=0.9062 rec=0.9054 f1=0.9053 BEST
2026-08-27 06:35:53,516 | EPOCH 13 train_loss=0.219603
2026-08-27 06:35:54,245 | EPOCH 13 VAL loss=0.271957 acc=0.9013 pre=0.9033 rec=0.9011 f1=0.9000
2026-08-27 06:36:01,528 | EPOCH 14 train_loss=0.211377
2026-08-27 06:36:02,148 | EPOCH 14 VAL loss=0.255921 acc=0.9088 pre=0.9090 rec=0.9099 f1=0.9083 BEST
2026-08-27 06:36:09,693 | EPOCH 15 train_loss=0.203413
2026-08-27 06:36:10,674 | EPOCH 15 VAL loss=0.261412 acc=0.9027 pre=0.9057 rec=0.9043 f1=0.9041
2026-08-27 06:36:17,819 | EPOCH 16 train_loss=0.196324
2026-08-27 06:36:18,435 | EPOCH 16 VAL loss=0.249780 acc=0.9087 pre=0.9095 rec=0.9097 f1=0.9093 BEST
2026-08-27 06:36:26,284 | EPOCH 17 train_loss=0.190225
2026-08-27 06:36:26,872 | EPOCH 17 VAL loss=0.248062 acc=0.9093 pre=0.9100 rec=0.9098 f1=0.9096 BEST
2026-08-27 06:36:34,371 | EPOCH 18 train_loss=0.183298
2026-08-27 06:36:34,990 | EPOCH 18 VAL loss=0.251880 acc=0.9113 pre=0.9119 rec=0.9122 f1=0.9117 BEST
2026-08-27 06:36:42,487 | EPOCH 19 train_loss=0.178155
2026-08-27 06:36:43,064 | EPOCH 19 VAL loss=0.249113 acc=0.9095 pre=0.9123 rec=0.9105 f1=0.9109
2026-08-27 06:36:50,180 | EPOCH 20 train_loss=0.170936
2026-08-27 06:36:50,788 | EPOCH 20 VAL loss=0.252438 acc=0.9085 pre=0.9087 rec=0.9089 f1=0.9078
2026-08-27 06:36:57,797 | EPOCH 21 train_loss=0.165052
2026-08-27 06:36:58,407 | EPOCH 21 VAL loss=0.270845 acc=0.9057 pre=0.9091 rec=0.9061 f1=0.9048
2026-08-27 06:37:05,496 | EPOCH 22 train_loss=0.160140
2026-08-27 06:37:06,120 | EPOCH 22 VAL loss=0.257805 acc=0.9080 pre=0.9107 rec=0.9094 f1=0.9092
2026-08-27 06:37:13,176 | EPOCH 23 train_loss=0.153768
2026-08-27 06:37:13,839 | EPOCH 23 VAL loss=0.256531 acc=0.9092 pre=0.9110 rec=0.9096 f1=0.9088
2026-08-27 06:37:20,932 | EPOCH 24 train_loss=0.148224
2026-08-27 06:37:21,581 | EPOCH 24 VAL loss=0.246177 acc=0.9162 pre=0.9169 rec=0.9171 f1=0.9168 BEST
2026-08-27 06:37:28,981 | EPOCH 25 train_loss=0.144165
2026-08-27 06:37:29,598 | EPOCH 25 VAL loss=0.269854 acc=0.9098 pre=0.9105 rec=0.9104 f1=0.9088
2026-08-27 06:37:36,639 | EPOCH 26 train_loss=0.136575
2026-08-27 06:37:37,239 | EPOCH 26 VAL loss=0.263379 acc=0.9103 pre=0.9138 rec=0.9117 f1=0.9119
2026-08-27 06:37:44,309 | EPOCH 27 train_loss=0.132248
2026-08-27 06:37:44,936 | EPOCH 27 VAL loss=0.278260 acc=0.9083 pre=0.9089 rec=0.9098 f1=0.9083
2026-08-27 06:37:52,019 | EPOCH 28 train_loss=0.126154
2026-08-27 06:37:52,640 | EPOCH 28 VAL loss=0.306538 acc=0.8947 pre=0.9031 rec=0.8964 f1=0.8968
2026-08-27 06:37:59,972 | EPOCH 29 train_loss=0.121961
2026-08-27 06:38:00,601 | EPOCH 29 VAL loss=0.267721 acc=0.9135 pre=0.9138 rec=0.9145 f1=0.9135
2026-08-27 06:38:07,765 | EPOCH 30 train_loss=0.117747
2026-08-27 06:38:08,396 | EPOCH 30 VAL loss=0.277084 acc=0.9113 pre=0.9126 rec=0.9130 f1=0.9120
2026-08-27 06:38:15,659 | EPOCH 31 train_loss=0.111490
2026-08-27 06:38:16,302 | EPOCH 31 VAL loss=0.284384 acc=0.9112 pre=0.9146 rec=0.9129 f1=0.9128
2026-08-27 06:38:23,641 | EPOCH 32 train_loss=0.106497
2026-08-27 06:38:24,223 | EPOCH 32 VAL loss=0.285101 acc=0.9075 pre=0.9109 rec=0.9088 f1=0.9089
2026-08-27 06:38:31,454 | EPOCH 33 train_loss=0.100846
2026-08-27 06:38:32,049 | EPOCH 33 VAL loss=0.304363 acc=0.9098 pre=0.9127 rec=0.9105 f1=0.9103
2026-08-27 06:38:39,288 | EPOCH 34 train_loss=0.099222
2026-08-27 06:38:39,921 | EPOCH 34 VAL loss=0.299040 acc=0.9115 pre=0.9132 rec=0.9125 f1=0.9125
2026-08-27 06:38:39,925 | DONE best_epoch=24 best_val_loss=0.246177 early_stop=True time=273.14s
