2026-08-27 07:05:07,078 | START cnn_sgd_lr0.001_s42 opt=sgd lr=0.001 seed=42 device=cuda epochs=150 best_by=f1 stop_by=f1
2026-08-27 07:05:14,387 | EPOCH 1 train_loss=2.286727
2026-08-27 07:05:15,002 | EPOCH 1 VAL loss=2.267713 acc=0.3705 pre=0.2903 rec=0.3638 f1=0.2584 BEST
2026-08-27 07:05:22,861 | EPOCH 2 train_loss=2.231031
2026-08-27 07:05:23,478 | EPOCH 2 VAL loss=2.169217 acc=0.4130 pre=0.3890 rec=0.4061 f1=0.3294 BEST
2026-08-27 07:05:31,148 | EPOCH 3 train_loss=1.964501
2026-08-27 07:05:31,782 | EPOCH 3 VAL loss=1.627326 acc=0.5858 pre=0.5366 rec=0.5855 f1=0.5268 BEST
2026-08-27 07:05:39,355 | EPOCH 4 train_loss=1.257274
2026-08-27 07:05:39,986 | EPOCH 4 VAL loss=1.033240 acc=0.6300 pre=0.6344 rec=0.6314 f1=0.5845 BEST
2026-08-27 07:05:47,683 | EPOCH 5 train_loss=0.921915
2026-08-27 07:05:48,277 | EPOCH 5 VAL loss=0.868934 acc=0.6850 pre=0.6773 rec=0.6853 f1=0.6663 BEST
2026-08-27 07:05:55,884 | EPOCH 6 train_loss=0.810296
2026-08-27 07:05:56,464 | EPOCH 6 VAL loss=0.790537 acc=0.7083 pre=0.7046 rec=0.7096 f1=0.6929 BEST
2026-08-27 07:06:04,429 | EPOCH 7 train_loss=0.749549
2026-08-27 07:06:05,061 | EPOCH 7 VAL loss=0.742552 acc=0.7323 pre=0.7231 rec=0.7335 f1=0.7180 BEST
2026-08-27 07:06:12,462 | EPOCH 8 train_loss=0.709037
2026-08-27 07:06:13,062 | EPOCH 8 VAL loss=0.705179 acc=0.7427 pre=0.7389 rec=0.7433 f1=0.7362 BEST
2026-08-27 07:06:20,909 | EPOCH 9 train_loss=0.678320
2026-08-27 07:06:21,619 | EPOCH 9 VAL loss=0.683780 acc=0.7523 pre=0.7479 rec=0.7538 f1=0.7443 BEST
2026-08-27 07:06:29,338 | EPOCH 10 train_loss=0.655499
2026-08-27 07:06:29,968 | EPOCH 10 VAL loss=0.660732 acc=0.7633 pre=0.7647 rec=0.7642 f1=0.7612 BEST
2026-08-27 07:06:37,459 | EPOCH 11 train_loss=0.635974
2026-08-27 07:06:38,080 | EPOCH 11 VAL loss=0.642185 acc=0.7710 pre=0.7647 rec=0.7718 f1=0.7624 BEST
2026-08-27 07:06:46,123 | EPOCH 12 train_loss=0.621368
2026-08-27 07:06:46,735 | EPOCH 12 VAL loss=0.627781 acc=0.7750 pre=0.7679 rec=0.7761 f1=0.7661 BEST
2026-08-27 07:06:54,238 | EPOCH 13 train_loss=0.607870
2026-08-27 07:06:54,864 | EPOCH 13 VAL loss=0.611146 acc=0.7778 pre=0.7699 rec=0.7786 f1=0.7704 BEST
2026-08-27 07:07:02,443 | EPOCH 14 train_loss=0.596882
2026-08-27 07:07:03,071 | EPOCH 14 VAL loss=0.604293 acc=0.7807 pre=0.7741 rec=0.7817 f1=0.7736 BEST
2026-08-27 07:07:10,746 | INTERRUPTED epoch=14 batch=802
2026-08-27 12:39:39,769 | START cnn_sgd_lr0.001_s42 opt=sgd lr=0.001 seed=42 device=cuda epochs=150 best_by=f1 stop_by=f1
2026-08-27 12:39:41,782 | START cnn_sgd_lr0.001_s42 opt=sgd lr=0.001 seed=42 device=cuda epochs=150 best_by=f1 stop_by=f1
2026-08-27 12:39:56,932 | EPOCH 1 train_loss=2.286727
2026-08-27 12:39:57,341 | EPOCH 1 train_loss=2.286727
2026-08-27 12:39:58,758 | EPOCH 1 VAL loss=2.267713 acc=0.3705 pre=0.2903 rec=0.3638 f1=0.2584 BEST
2026-08-27 12:39:58,980 | EPOCH 1 VAL loss=2.267713 acc=0.3705 pre=0.2903 rec=0.3638 f1=0.2584 BEST
2026-08-27 12:40:08,391 | INTERRUPTED epoch=1 batch=616
2026-08-27 12:40:08,394 | INTERRUPTED epoch=1 batch=590
2026-08-27 14:57:31,998 | START cnn_sgd_lr0.001_s42 opt=sgd lr=0.001 seed=42 device=cuda epochs=150 best_by=f1 stop_by=f1
2026-08-27 14:57:53,043 | EPOCH 1 train_loss=2.286727
2026-08-27 14:57:55,000 | EPOCH 1 VAL loss=2.267713 acc=0.3705 pre=0.2903 rec=0.3638 f1=0.2584 BEST
2026-08-27 14:58:16,144 | EPOCH 2 train_loss=2.231031
2026-08-27 14:58:18,622 | EPOCH 2 VAL loss=2.169216 acc=0.4130 pre=0.3889 rec=0.4061 f1=0.3294 BEST
2026-08-27 14:58:41,374 | EPOCH 3 train_loss=1.964497
2026-08-27 14:58:43,301 | EPOCH 3 VAL loss=1.627321 acc=0.5857 pre=0.5364 rec=0.5853 f1=0.5266 BEST
2026-08-27 14:59:06,057 | EPOCH 4 train_loss=1.257270
2026-08-27 14:59:07,653 | EPOCH 4 VAL loss=1.033231 acc=0.6298 pre=0.6337 rec=0.6312 f1=0.5844 BEST
2026-08-27 14:59:31,274 | EPOCH 5 train_loss=0.921890
2026-08-27 14:59:32,891 | EPOCH 5 VAL loss=0.868911 acc=0.6848 pre=0.6769 rec=0.6851 f1=0.6660 BEST
2026-08-27 14:59:55,055 | EPOCH 6 train_loss=0.810281
2026-08-27 14:59:57,016 | EPOCH 6 VAL loss=0.790531 acc=0.7087 pre=0.7050 rec=0.7100 f1=0.6934 BEST
2026-08-27 15:00:20,711 | EPOCH 7 train_loss=0.749543
2026-08-27 15:00:22,631 | EPOCH 7 VAL loss=0.742539 acc=0.7322 pre=0.7231 rec=0.7334 f1=0.7179 BEST
2026-08-27 15:00:44,452 | EPOCH 8 train_loss=0.709028
2026-08-27 15:00:46,249 | EPOCH 8 VAL loss=0.705182 acc=0.7427 pre=0.7389 rec=0.7433 f1=0.7362 BEST
2026-08-27 15:01:10,223 | EPOCH 9 train_loss=0.678316
2026-08-27 15:01:12,025 | EPOCH 9 VAL loss=0.683832 acc=0.7523 pre=0.7479 rec=0.7538 f1=0.7443 BEST
2026-08-27 15:01:35,351 | EPOCH 10 train_loss=0.655495
2026-08-27 15:01:37,110 | EPOCH 10 VAL loss=0.660717 acc=0.7635 pre=0.7649 rec=0.7644 f1=0.7614 BEST
2026-08-27 15:02:00,237 | START cnn_sgd_lr0.001_s42 opt=sgd lr=0.001 seed=42 device=cuda epochs=150 best_by=f1 stop_by=f1
2026-08-27 15:02:00,258 | RESUMED from epoch 10, batch 800
2026-08-27 15:02:00,685 | EPOCH 11 train_loss=0.635969
2026-08-27 15:02:02,471 | EPOCH 11 VAL loss=0.642183 acc=0.7710 pre=0.7647 rec=0.7718 f1=0.7624 BEST
2026-08-27 15:02:15,418 | EPOCH 11 train_loss=0.625491
2026-08-27 15:02:17,529 | EPOCH 11 VAL loss=0.642183 acc=0.7710 pre=0.7647 rec=0.7718 f1=0.7624 BEST
2026-08-27 15:02:27,150 | EPOCH 12 train_loss=0.621367
2026-08-27 15:02:29,212 | EPOCH 12 VAL loss=0.627970 acc=0.7747 pre=0.7676 rec=0.7758 f1=0.7657 BEST
2026-08-27 15:02:40,024 | EPOCH 12 train_loss=0.621367
2026-08-27 15:02:41,784 | EPOCH 12 VAL loss=0.627972 acc=0.7747 pre=0.7676 rec=0.7758 f1=0.7657 BEST
2026-08-27 15:02:53,146 | EPOCH 13 train_loss=0.607867
2026-08-27 15:02:54,913 | EPOCH 13 VAL loss=0.611153 acc=0.7783 pre=0.7705 rec=0.7791 f1=0.7709 BEST
2026-08-27 15:03:06,000 | EPOCH 13 train_loss=0.607879
2026-08-27 15:03:07,783 | EPOCH 13 VAL loss=0.611133 acc=0.7783 pre=0.7706 rec=0.7791 f1=0.7710 BEST
2026-08-27 15:03:18,975 | EPOCH 14 train_loss=0.596880
2026-08-27 15:03:20,905 | EPOCH 14 VAL loss=0.604300 acc=0.7805 pre=0.7740 rec=0.7816 f1=0.7734 BEST
2026-08-27 15:03:32,019 | EPOCH 14 train_loss=0.596884
2026-08-27 15:03:33,929 | EPOCH 14 VAL loss=0.604311 acc=0.7803 pre=0.7738 rec=0.7814 f1=0.7733 BEST
2026-08-27 15:03:44,410 | EPOCH 15 train_loss=0.586126
2026-08-27 15:03:46,435 | EPOCH 15 VAL loss=0.601189 acc=0.7823 pre=0.7780 rec=0.7831 f1=0.7708
2026-08-27 15:03:56,660 | EPOCH 15 train_loss=0.586134
2026-08-27 15:03:58,682 | EPOCH 15 VAL loss=0.601068 acc=0.7827 pre=0.7782 rec=0.7835 f1=0.7712
2026-08-27 15:04:07,568 | EPOCH 16 train_loss=0.577263
2026-08-27 15:04:09,595 | EPOCH 16 VAL loss=0.582249 acc=0.7908 pre=0.7859 rec=0.7923 f1=0.7870 BEST
2026-08-27 15:04:20,185 | EPOCH 16 train_loss=0.577278
2026-08-27 15:04:22,450 | EPOCH 16 VAL loss=0.582212 acc=0.7908 pre=0.7859 rec=0.7922 f1=0.7870 BEST
2026-08-27 15:04:33,327 | EPOCH 17 train_loss=0.568213
2026-08-27 15:04:35,036 | EPOCH 17 VAL loss=0.576779 acc=0.7947 pre=0.7905 rec=0.7957 f1=0.7907 BEST
2026-08-27 15:04:46,533 | EPOCH 17 train_loss=0.568226
2026-08-27 15:04:48,419 | EPOCH 17 VAL loss=0.576864 acc=0.7947 pre=0.7906 rec=0.7957 f1=0.7907 BEST
2026-08-27 15:04:57,477 | EPOCH 18 train_loss=0.559170
2026-08-27 15:04:59,349 | EPOCH 18 VAL loss=0.570543 acc=0.7907 pre=0.7882 rec=0.7916 f1=0.7858
2026-08-27 15:05:11,012 | EPOCH 18 train_loss=0.559158
2026-08-27 15:05:12,719 | EPOCH 18 VAL loss=0.570391 acc=0.7902 pre=0.7878 rec=0.7911 f1=0.7853
2026-08-27 15:05:20,809 | EPOCH 19 train_loss=0.552112
2026-08-27 15:05:22,585 | EPOCH 19 VAL loss=0.561862 acc=0.8000 pre=0.7982 rec=0.8002 f1=0.7903
2026-08-27 15:05:32,859 | EPOCH 19 train_loss=0.552099
2026-08-27 15:05:34,797 | EPOCH 19 VAL loss=0.561804 acc=0.8002 pre=0.7986 rec=0.8004 f1=0.7906
2026-08-27 15:05:42,927 | EPOCH 20 train_loss=0.543390
2026-08-27 15:05:44,794 | EPOCH 20 VAL loss=0.550652 acc=0.8025 pre=0.7974 rec=0.8031 f1=0.7949 BEST
2026-08-27 15:05:56,985 | EPOCH 20 train_loss=0.543375
2026-08-27 15:05:59,533 | EPOCH 20 VAL loss=0.550700 acc=0.8025 pre=0.7974 rec=0.8031 f1=0.7949 BEST
2026-08-27 15:06:06,169 | EPOCH 21 train_loss=0.535656
2026-08-27 15:06:07,938 | EPOCH 21 VAL loss=0.548094 acc=0.8033 pre=0.8051 rec=0.8049 f1=0.8028 BEST
2026-08-27 15:06:23,517 | EPOCH 21 train_loss=0.535682
2026-08-27 15:06:25,389 | EPOCH 21 VAL loss=0.548039 acc=0.8032 pre=0.8050 rec=0.8048 f1=0.8026 BEST
2026-08-27 15:06:31,840 | EPOCH 22 train_loss=0.528517
2026-08-27 15:06:34,052 | EPOCH 22 VAL loss=0.537989 acc=0.8053 pre=0.8063 rec=0.8065 f1=0.8040 BEST
2026-08-27 15:06:48,781 | EPOCH 22 train_loss=0.528543
2026-08-27 15:06:50,868 | EPOCH 22 VAL loss=0.537948 acc=0.8055 pre=0.8064 rec=0.8066 f1=0.8041 BEST
2026-08-27 15:06:57,659 | EPOCH 23 train_loss=0.521996
2026-08-27 15:06:59,635 | EPOCH 23 VAL loss=0.532587 acc=0.8098 pre=0.8056 rec=0.8105 f1=0.8004
2026-08-27 15:07:15,100 | EPOCH 23 train_loss=0.522012
2026-08-27 15:07:17,231 | EPOCH 23 VAL loss=0.532508 acc=0.8098 pre=0.8056 rec=0.8105 f1=0.8004
2026-08-27 15:07:22,177 | EPOCH 24 train_loss=0.514856
2026-08-27 15:07:24,069 | EPOCH 24 VAL loss=0.533685 acc=0.8068 pre=0.8050 rec=0.8073 f1=0.7975
2026-08-27 15:07:39,765 | EPOCH 24 train_loss=0.514855
2026-08-27 15:07:41,596 | EPOCH 24 VAL loss=0.533528 acc=0.8067 pre=0.8047 rec=0.8071 f1=0.7975
2026-08-27 15:07:46,574 | EPOCH 25 train_loss=0.508087
2026-08-27 15:07:48,334 | EPOCH 25 VAL loss=0.521212 acc=0.8147 pre=0.8122 rec=0.8143 f1=0.8078 BEST
2026-08-27 15:08:03,531 | EPOCH 25 train_loss=0.508079
2026-08-27 15:08:05,256 | EPOCH 25 VAL loss=0.521271 acc=0.8140 pre=0.8114 rec=0.8136 f1=0.8069 BEST
2026-08-27 15:08:12,934 | EPOCH 26 train_loss=0.502083
2026-08-27 15:08:14,807 | EPOCH 26 VAL loss=0.509862 acc=0.8192 pre=0.8164 rec=0.8192 f1=0.8124 BEST
2026-08-27 15:08:28,097 | EPOCH 26 train_loss=0.502096
2026-08-27 15:08:30,098 | EPOCH 26 VAL loss=0.509915 acc=0.8183 pre=0.8155 rec=0.8184 f1=0.8115 BEST
