2026-08-27 17:41:48,037 | START cnn_adagrad_lr0.001_s123 opt=adagrad lr=0.001 seed=123 device=cuda epochs=150 best_by=f1 stop_by=f1
2026-08-27 17:42:01,014 | EPOCH 1 train_loss=0.802595
2026-08-27 17:42:02,180 | EPOCH 1 VAL loss=0.660522 acc=0.7630 pre=0.7532 rec=0.7637 f1=0.7519 BEST
2026-08-27 17:42:15,769 | EPOCH 2 train_loss=0.608852
2026-08-27 17:42:17,004 | EPOCH 2 VAL loss=0.592963 acc=0.7847 pre=0.7771 rec=0.7852 f1=0.7776 BEST
2026-08-27 17:42:28,675 | EPOCH 3 train_loss=0.562178
2026-08-27 17:42:29,751 | EPOCH 3 VAL loss=0.563795 acc=0.7922 pre=0.7938 rec=0.7936 f1=0.7900 BEST
2026-08-27 17:42:43,566 | EPOCH 4 train_loss=0.533756
2026-08-27 17:42:44,637 | EPOCH 4 VAL loss=0.533677 acc=0.8052 pre=0.8020 rec=0.8060 f1=0.8029 BEST
2026-08-27 17:42:57,004 | EPOCH 5 train_loss=0.513287
2026-08-27 17:42:58,160 | EPOCH 5 VAL loss=0.518924 acc=0.8135 pre=0.8096 rec=0.8144 f1=0.8087 BEST
2026-08-27 17:43:11,273 | EPOCH 6 train_loss=0.497402
2026-08-27 17:43:12,063 | EPOCH 6 VAL loss=0.505679 acc=0.8193 pre=0.8211 rec=0.8205 f1=0.8196 BEST
2026-08-27 17:43:23,146 | EPOCH 7 train_loss=0.484794
2026-08-27 17:43:24,157 | EPOCH 7 VAL loss=0.490571 acc=0.8273 pre=0.8251 rec=0.8283 f1=0.8258 BEST
2026-08-27 17:43:37,997 | EPOCH 8 train_loss=0.474824
2026-08-27 17:43:39,151 | EPOCH 8 VAL loss=0.483391 acc=0.8312 pre=0.8293 rec=0.8321 f1=0.8296 BEST
2026-08-27 17:43:52,699 | EPOCH 9 train_loss=0.465559
2026-08-27 17:43:53,614 | EPOCH 9 VAL loss=0.475821 acc=0.8333 pre=0.8298 rec=0.8340 f1=0.8288
2026-08-27 17:44:06,023 | EPOCH 10 train_loss=0.458565
2026-08-27 17:44:07,194 | EPOCH 10 VAL loss=0.470340 acc=0.8360 pre=0.8337 rec=0.8372 f1=0.8341 BEST
2026-08-27 17:44:20,409 | EPOCH 11 train_loss=0.451445
2026-08-27 17:44:21,214 | EPOCH 11 VAL loss=0.463628 acc=0.8382 pre=0.8364 rec=0.8390 f1=0.8360 BEST
2026-08-27 17:44:32,896 | EPOCH 12 train_loss=0.445675
2026-08-27 17:44:33,874 | EPOCH 12 VAL loss=0.457128 acc=0.8418 pre=0.8393 rec=0.8426 f1=0.8401 BEST
2026-08-27 17:44:47,654 | EPOCH 13 train_loss=0.440323
2026-08-27 17:44:48,730 | EPOCH 13 VAL loss=0.453940 acc=0.8418 pre=0.8391 rec=0.8426 f1=0.8388
2026-08-27 17:45:00,532 | EPOCH 14 train_loss=0.435649
2026-08-27 17:45:01,513 | EPOCH 14 VAL loss=0.448948 acc=0.8447 pre=0.8424 rec=0.8458 f1=0.8426 BEST
2026-08-27 17:45:14,562 | EPOCH 15 train_loss=0.431014
2026-08-27 17:45:15,327 | EPOCH 15 VAL loss=0.445012 acc=0.8472 pre=0.8462 rec=0.8483 f1=0.8468 BEST
2026-08-27 17:45:27,902 | EPOCH 16 train_loss=0.427079
2026-08-27 17:45:29,079 | EPOCH 16 VAL loss=0.442473 acc=0.8467 pre=0.8450 rec=0.8481 f1=0.8452
2026-08-27 17:45:42,194 | EPOCH 17 train_loss=0.423619
2026-08-27 17:45:43,895 | EPOCH 17 VAL loss=0.438254 acc=0.8488 pre=0.8465 rec=0.8497 f1=0.8464
2026-08-27 17:45:55,367 | EPOCH 18 train_loss=0.420210
2026-08-27 17:45:56,132 | EPOCH 18 VAL loss=0.436519 acc=0.8513 pre=0.8502 rec=0.8527 f1=0.8506 BEST
2026-08-27 17:46:09,252 | EPOCH 19 train_loss=0.416890
2026-08-27 17:46:10,393 | EPOCH 19 VAL loss=0.431388 acc=0.8493 pre=0.8476 rec=0.8502 f1=0.8479
2026-08-27 17:46:23,724 | EPOCH 20 train_loss=0.413981
2026-08-27 17:46:24,888 | EPOCH 20 VAL loss=0.430156 acc=0.8525 pre=0.8506 rec=0.8537 f1=0.8507 BEST
2026-08-27 17:46:37,815 | EPOCH 21 train_loss=0.411262
2026-08-27 17:46:39,006 | EPOCH 21 VAL loss=0.426037 acc=0.8542 pre=0.8524 rec=0.8549 f1=0.8522 BEST
2026-08-27 17:46:51,476 | EPOCH 22 train_loss=0.408740
2026-08-27 17:46:52,564 | EPOCH 22 VAL loss=0.424253 acc=0.8543 pre=0.8526 rec=0.8554 f1=0.8525 BEST
2026-08-27 17:47:05,561 | EPOCH 23 train_loss=0.406207
2026-08-27 17:47:06,727 | EPOCH 23 VAL loss=0.421409 acc=0.8550 pre=0.8532 rec=0.8557 f1=0.8526 BEST
2026-08-27 17:47:19,379 | EPOCH 24 train_loss=0.404011
2026-08-27 17:47:20,467 | EPOCH 24 VAL loss=0.419801 acc=0.8562 pre=0.8552 rec=0.8574 f1=0.8558 BEST
2026-08-27 17:47:33,957 | EPOCH 25 train_loss=0.401862
2026-08-27 17:47:35,081 | EPOCH 25 VAL loss=0.417482 acc=0.8553 pre=0.8535 rec=0.8562 f1=0.8532
2026-08-27 17:47:46,884 | EPOCH 26 train_loss=0.399811
2026-08-27 17:47:47,637 | EPOCH 26 VAL loss=0.415071 acc=0.8565 pre=0.8550 rec=0.8574 f1=0.8551
2026-08-27 17:48:00,112 | EPOCH 27 train_loss=0.397700
2026-08-27 17:48:00,855 | EPOCH 27 VAL loss=0.414621 acc=0.8570 pre=0.8561 rec=0.8583 f1=0.8566 BEST
2026-08-27 17:48:06,013 | START cnn_adagrad_lr0.001_s123 opt=adagrad lr=0.001 seed=123 device=cuda epochs=150 best_by=f1 stop_by=f1
2026-08-27 17:48:06,025 | RESUMED from epoch 27, batch 400
2026-08-27 17:48:11,129 | EPOCH 28 train_loss=0.395966
2026-08-27 17:48:12,294 | EPOCH 28 VAL loss=0.412995 acc=0.8573 pre=0.8575 rec=0.8586 f1=0.8577 BEST
2026-08-27 17:48:17,048 | EPOCH 28 train_loss=0.398270
2026-08-27 17:48:18,198 | EPOCH 28 VAL loss=0.412995 acc=0.8573 pre=0.8575 rec=0.8586 f1=0.8577 BEST
2026-08-27 17:48:24,174 | EPOCH 29 train_loss=0.394285
2026-08-27 17:48:25,187 | EPOCH 29 VAL loss=0.412681 acc=0.8568 pre=0.8575 rec=0.8581 f1=0.8571
2026-08-27 17:48:29,853 | EPOCH 29 train_loss=0.394285
2026-08-27 17:48:30,802 | EPOCH 29 VAL loss=0.412681 acc=0.8568 pre=0.8575 rec=0.8581 f1=0.8571
2026-08-27 17:48:35,911 | EPOCH 30 train_loss=0.392485
2026-08-27 17:48:37,028 | EPOCH 30 VAL loss=0.411915 acc=0.8580 pre=0.8579 rec=0.8596 f1=0.8579 BEST
2026-08-27 17:48:43,507 | EPOCH 30 train_loss=0.392485
2026-08-27 17:48:44,214 | EPOCH 30 VAL loss=0.411915 acc=0.8580 pre=0.8579 rec=0.8596 f1=0.8579 BEST
2026-08-27 17:48:45,246 | START cnn_adagrad_lr0.001_s123 opt=adagrad lr=0.001 seed=123 device=cuda epochs=150 best_by=f1 stop_by=f1
2026-08-27 17:48:45,261 | RESUMED from epoch 30, batch 0
2026-08-27 17:48:49,128 | EPOCH 31 train_loss=0.390853
2026-08-27 17:48:50,245 | EPOCH 31 VAL loss=0.407562 acc=0.8605 pre=0.8591 rec=0.8614 f1=0.8593 BEST
2026-08-27 17:48:56,307 | EPOCH 31 train_loss=0.390853
2026-08-27 17:48:56,588 | EPOCH 31 train_loss=0.390853
2026-08-27 17:48:57,076 | EPOCH 31 VAL loss=0.407555 acc=0.8603 pre=0.8590 rec=0.8612 f1=0.8592 BEST
2026-08-27 17:48:57,695 | EPOCH 31 VAL loss=0.407555 acc=0.8603 pre=0.8590 rec=0.8612 f1=0.8592 BEST
2026-08-27 17:49:03,262 | EPOCH 32 train_loss=0.389151
2026-08-27 17:49:04,466 | EPOCH 32 VAL loss=0.408076 acc=0.8593 pre=0.8586 rec=0.8607 f1=0.8591
2026-08-27 17:49:09,695 | EPOCH 32 train_loss=0.389152
2026-08-27 17:49:09,891 | EPOCH 32 train_loss=0.389152
2026-08-27 17:49:10,826 | EPOCH 32 VAL loss=0.408072 acc=0.8593 pre=0.8586 rec=0.8607 f1=0.8591
2026-08-27 17:49:10,966 | EPOCH 32 VAL loss=0.408072 acc=0.8593 pre=0.8586 rec=0.8607 f1=0.8591
2026-08-27 17:49:16,190 | EPOCH 33 train_loss=0.387733
2026-08-27 17:49:16,968 | EPOCH 33 VAL loss=0.404085 acc=0.8620 pre=0.8608 rec=0.8630 f1=0.8611 BEST
2026-08-27 17:49:22,653 | EPOCH 33 train_loss=0.387734
2026-08-27 17:49:22,707 | EPOCH 33 train_loss=0.387734
2026-08-27 17:49:23,428 | EPOCH 33 VAL loss=0.404085 acc=0.8618 pre=0.8607 rec=0.8628 f1=0.8610 BEST
2026-08-27 17:49:23,633 | EPOCH 33 VAL loss=0.404085 acc=0.8618 pre=0.8607 rec=0.8628 f1=0.8610 BEST
2026-08-27 17:49:29,579 | EPOCH 34 train_loss=0.386072
2026-08-27 17:49:30,337 | EPOCH 34 VAL loss=0.407084 acc=0.8602 pre=0.8616 rec=0.8616 f1=0.8609
2026-08-27 17:49:36,712 | EPOCH 34 train_loss=0.386072
2026-08-27 17:49:36,996 | EPOCH 34 train_loss=0.386072
2026-08-27 17:49:37,723 | EPOCH 34 VAL loss=0.407076 acc=0.8602 pre=0.8616 rec=0.8616 f1=0.8609
2026-08-27 17:49:37,759 | EPOCH 34 VAL loss=0.407076 acc=0.8602 pre=0.8616 rec=0.8616 f1=0.8609
2026-08-27 17:49:41,114 | EPOCH 35 train_loss=0.385004
2026-08-27 17:49:42,248 | EPOCH 35 VAL loss=0.402524 acc=0.8610 pre=0.8598 rec=0.8617 f1=0.8599
2026-08-27 17:49:48,688 | EPOCH 35 train_loss=0.385006
2026-08-27 17:49:49,746 | EPOCH 35 train_loss=0.385006
2026-08-27 17:49:49,925 | EPOCH 35 VAL loss=0.402517 acc=0.8610 pre=0.8598 rec=0.8617 f1=0.8599
2026-08-27 17:49:50,940 | EPOCH 35 VAL loss=0.402516 acc=0.8610 pre=0.8598 rec=0.8617 f1=0.8599
2026-08-27 17:49:54,610 | EPOCH 36 train_loss=0.383368
2026-08-27 17:49:55,706 | EPOCH 36 VAL loss=0.402579 acc=0.8608 pre=0.8596 rec=0.8620 f1=0.8600
2026-08-27 17:50:01,725 | EPOCH 36 train_loss=0.383368
2026-08-27 17:50:02,504 | EPOCH 36 VAL loss=0.402584 acc=0.8608 pre=0.8596 rec=0.8620 f1=0.8600
2026-08-27 17:50:02,881 | EPOCH 36 train_loss=0.383363
2026-08-27 17:50:04,031 | EPOCH 36 VAL loss=0.402601 acc=0.8610 pre=0.8597 rec=0.8622 f1=0.8601
2026-08-27 17:50:07,479 | EPOCH 37 train_loss=0.382238
2026-08-27 17:50:08,629 | EPOCH 37 VAL loss=0.400906 acc=0.8613 pre=0.8602 rec=0.8626 f1=0.8604
2026-08-27 17:50:15,391 | EPOCH 37 train_loss=0.382236
2026-08-27 17:50:15,761 | EPOCH 37 train_loss=0.382237
2026-08-27 17:50:16,266 | EPOCH 37 VAL loss=0.400874 acc=0.8617 pre=0.8605 rec=0.8629 f1=0.8608
2026-08-27 17:50:16,898 | EPOCH 37 VAL loss=0.400913 acc=0.8615 pre=0.8603 rec=0.8628 f1=0.8606
2026-08-27 17:50:20,919 | EPOCH 38 train_loss=0.381030
2026-08-27 17:50:21,686 | EPOCH 38 VAL loss=0.398651 acc=0.8625 pre=0.8619 rec=0.8638 f1=0.8625 BEST
2026-08-27 17:50:28,071 | EPOCH 38 train_loss=0.381037
2026-08-27 17:50:28,278 | EPOCH 38 train_loss=0.381029
2026-08-27 17:50:29,035 | EPOCH 38 VAL loss=0.398650 acc=0.8625 pre=0.8619 rec=0.8638 f1=0.8625 BEST
2026-08-27 17:50:29,167 | EPOCH 38 VAL loss=0.398627 acc=0.8625 pre=0.8619 rec=0.8638 f1=0.8625 BEST
2026-08-27 17:50:33,590 | EPOCH 39 train_loss=0.379867
2026-08-27 17:50:34,669 | EPOCH 39 VAL loss=0.398747 acc=0.8623 pre=0.8611 rec=0.8633 f1=0.8613
2026-08-27 17:50:41,421 | EPOCH 39 train_loss=0.379873
2026-08-27 17:50:42,377 | EPOCH 39 train_loss=0.379867
2026-08-27 17:50:42,543 | EPOCH 39 VAL loss=0.398770 acc=0.8623 pre=0.8612 rec=0.8633 f1=0.8613
2026-08-27 17:50:43,251 | EPOCH 39 VAL loss=0.398740 acc=0.8623 pre=0.8611 rec=0.8633 f1=0.8613
2026-08-27 17:50:47,559 | EPOCH 40 train_loss=0.378557
2026-08-27 17:50:48,666 | EPOCH 40 VAL loss=0.396916 acc=0.8635 pre=0.8622 rec=0.8645 f1=0.8623
2026-08-27 17:50:53,577 | EPOCH 40 train_loss=0.378566
2026-08-27 17:50:54,536 | EPOCH 40 VAL loss=0.396940 acc=0.8635 pre=0.8622 rec=0.8645 f1=0.8623
2026-08-27 17:50:54,620 | EPOCH 40 train_loss=0.378555
2026-08-27 17:50:55,560 | EPOCH 40 VAL loss=0.396915 acc=0.8635 pre=0.8622 rec=0.8645 f1=0.8623
2026-08-27 17:51:00,356 | EPOCH 41 train_loss=0.377294
2026-08-27 17:51:01,628 | EPOCH 41 VAL loss=0.395101 acc=0.8625 pre=0.8614 rec=0.8637 f1=0.8621
2026-08-27 17:51:06,987 | EPOCH 41 train_loss=0.377299
2026-08-27 17:51:08,003 | EPOCH 41 train_loss=0.377293
2026-08-27 17:51:08,131 | EPOCH 41 VAL loss=0.395108 acc=0.8628 pre=0.8618 rec=0.8640 f1=0.8625
2026-08-27 17:51:08,854 | EPOCH 41 VAL loss=0.395096 acc=0.8627 pre=0.8616 rec=0.8639 f1=0.8623
2026-08-27 17:51:13,088 | EPOCH 42 train_loss=0.376210
2026-08-27 17:51:14,210 | EPOCH 42 VAL loss=0.396721 acc=0.8623 pre=0.8622 rec=0.8637 f1=0.8625
2026-08-27 17:51:19,398 | EPOCH 42 train_loss=0.376217
2026-08-27 17:51:19,963 | EPOCH 42 train_loss=0.376210
2026-08-27 17:51:20,473 | EPOCH 42 VAL loss=0.396737 acc=0.8625 pre=0.8623 rec=0.8639 f1=0.8626 BEST
2026-08-27 17:51:20,700 | EPOCH 42 VAL loss=0.396717 acc=0.8623 pre=0.8622 rec=0.8637 f1=0.8625
2026-08-27 17:51:27,108 | EPOCH 43 train_loss=0.375021
2026-08-27 17:51:28,258 | EPOCH 43 VAL loss=0.394362 acc=0.8635 pre=0.8625 rec=0.8647 f1=0.8628 BEST
2026-08-27 17:51:32,761 | EPOCH 43 train_loss=0.375026
2026-08-27 17:51:33,210 | EPOCH 43 train_loss=0.375021
2026-08-27 17:51:33,671 | EPOCH 43 VAL loss=0.394403 acc=0.8635 pre=0.8626 rec=0.8648 f1=0.8628 BEST
2026-08-27 17:51:33,941 | EPOCH 43 VAL loss=0.394359 acc=0.8635 pre=0.8625 rec=0.8647 f1=0.8628 BEST
2026-08-27 17:51:41,688 | EPOCH 44 train_loss=0.374028
2026-08-27 17:51:42,825 | EPOCH 44 VAL loss=0.392596 acc=0.8642 pre=0.8633 rec=0.8653 f1=0.8639 BEST
2026-08-27 17:51:44,491 | EPOCH 44 train_loss=0.374032
2026-08-27 17:51:45,366 | EPOCH 44 VAL loss=0.392605 acc=0.8642 pre=0.8633 rec=0.8653 f1=0.8639 BEST
2026-08-27 17:51:46,766 | EPOCH 44 train_loss=0.374026
2026-08-27 17:51:47,943 | EPOCH 44 VAL loss=0.392599 acc=0.8642 pre=0.8633 rec=0.8653 f1=0.8639 BEST
2026-08-27 17:51:55,572 | EPOCH 45 train_loss=0.372702
2026-08-27 17:51:56,592 | EPOCH 45 VAL loss=0.391947 acc=0.8632 pre=0.8620 rec=0.8644 f1=0.8625
2026-08-27 17:51:58,768 | EPOCH 45 train_loss=0.372705
2026-08-27 17:51:59,795 | EPOCH 45 VAL loss=0.391940 acc=0.8633 pre=0.8622 rec=0.8646 f1=0.8627
2026-08-27 17:52:00,958 | EPOCH 45 train_loss=0.372701
2026-08-27 17:52:02,109 | EPOCH 45 VAL loss=0.391953 acc=0.8630 pre=0.8619 rec=0.8643 f1=0.8624
2026-08-27 17:52:08,085 | EPOCH 46 train_loss=0.371941
2026-08-27 17:52:08,995 | EPOCH 46 VAL loss=0.392013 acc=0.8635 pre=0.8627 rec=0.8645 f1=0.8628
2026-08-27 17:52:11,112 | EPOCH 46 train_loss=0.371940
2026-08-27 17:52:12,127 | EPOCH 46 VAL loss=0.392018 acc=0.8638 pre=0.8630 rec=0.8649 f1=0.8631
2026-08-27 17:52:15,138 | EPOCH 46 train_loss=0.371938
2026-08-27 17:52:16,255 | EPOCH 46 VAL loss=0.392018 acc=0.8635 pre=0.8627 rec=0.8645 f1=0.8628
2026-08-27 17:52:22,125 | EPOCH 47 train_loss=0.370866
2026-08-27 17:52:23,103 | EPOCH 47 train_loss=0.370866
2026-08-27 17:52:23,267 | EPOCH 47 VAL loss=0.392672 acc=0.8625 pre=0.8622 rec=0.8639 f1=0.8626
2026-08-27 17:52:24,166 | EPOCH 47 VAL loss=0.392654 acc=0.8627 pre=0.8623 rec=0.8641 f1=0.8628
2026-08-27 17:52:28,901 | EPOCH 47 train_loss=0.370864
2026-08-27 17:52:30,039 | EPOCH 47 VAL loss=0.392687 acc=0.8625 pre=0.8622 rec=0.8639 f1=0.8626
2026-08-27 17:52:34,556 | EPOCH 48 train_loss=0.369807
2026-08-27 17:52:35,529 | EPOCH 48 train_loss=0.369799
2026-08-27 17:52:35,703 | EPOCH 48 VAL loss=0.389191 acc=0.8655 pre=0.8645 rec=0.8664 f1=0.8648 BEST
2026-08-27 17:52:36,773 | EPOCH 48 VAL loss=0.389207 acc=0.8657 pre=0.8647 rec=0.8666 f1=0.8650 BEST
2026-08-27 17:52:42,163 | EPOCH 48 train_loss=0.369806
2026-08-27 17:52:43,314 | EPOCH 48 VAL loss=0.389200 acc=0.8657 pre=0.8647 rec=0.8666 f1=0.8650 BEST
2026-08-27 17:52:48,435 | EPOCH 49 train_loss=0.368929
2026-08-27 17:52:49,098 | EPOCH 49 train_loss=0.368935
2026-08-27 17:52:49,287 | EPOCH 49 VAL loss=0.388067 acc=0.8663 pre=0.8653 rec=0.8674 f1=0.8657 BEST
2026-08-27 17:52:50,292 | EPOCH 49 VAL loss=0.388056 acc=0.8658 pre=0.8648 rec=0.8669 f1=0.8652 BEST
2026-08-27 17:52:56,600 | EPOCH 49 train_loss=0.368934
2026-08-27 17:52:57,734 | EPOCH 49 VAL loss=0.388067 acc=0.8662 pre=0.8652 rec=0.8672 f1=0.8656 BEST
2026-08-27 17:53:00,780 | EPOCH 50 train_loss=0.368030
2026-08-27 17:53:02,171 | EPOCH 50 VAL loss=0.387757 acc=0.8648 pre=0.8639 rec=0.8658 f1=0.8642
2026-08-27 17:53:02,504 | EPOCH 50 train_loss=0.368043
2026-08-27 17:53:03,530 | EPOCH 50 VAL loss=0.387753 acc=0.8653 pre=0.8644 rec=0.8663 f1=0.8647
2026-08-27 17:53:10,926 | EPOCH 50 train_loss=0.368042
2026-08-27 17:53:11,726 | EPOCH 50 VAL loss=0.387763 acc=0.8652 pre=0.8643 rec=0.8662 f1=0.8646
2026-08-27 17:53:14,462 | EPOCH 51 train_loss=0.367040
2026-08-27 17:53:14,466 | EPOCH 51 train_loss=0.367055
2026-08-27 17:53:15,256 | EPOCH 51 VAL loss=0.386387 acc=0.8663 pre=0.8652 rec=0.8673 f1=0.8655 BEST
2026-08-27 17:53:15,535 | EPOCH 51 VAL loss=0.386375 acc=0.8662 pre=0.8650 rec=0.8671 f1=0.8654
2026-08-27 17:53:22,998 | EPOCH 51 train_loss=0.367052
2026-08-27 17:53:24,226 | EPOCH 51 VAL loss=0.386381 acc=0.8663 pre=0.8652 rec=0.8673 f1=0.8655
2026-08-27 17:53:27,770 | EPOCH 52 train_loss=0.366131
2026-08-27 17:53:28,650 | EPOCH 52 VAL loss=0.385689 acc=0.8652 pre=0.8644 rec=0.8661 f1=0.8647
2026-08-27 17:53:28,866 | EPOCH 52 train_loss=0.366144
2026-08-27 17:53:29,865 | EPOCH 52 VAL loss=0.385687 acc=0.8655 pre=0.8648 rec=0.8665 f1=0.8650
2026-08-27 17:53:36,387 | EPOCH 52 train_loss=0.366143
2026-08-27 17:53:37,184 | EPOCH 52 VAL loss=0.385695 acc=0.8655 pre=0.8647 rec=0.8665 f1=0.8650
2026-08-27 17:53:40,484 | EPOCH 53 train_loss=0.365362
2026-08-27 17:53:41,237 | EPOCH 53 VAL loss=0.384895 acc=0.8653 pre=0.8647 rec=0.8665 f1=0.8652
2026-08-27 17:53:41,477 | EPOCH 53 train_loss=0.365381
2026-08-27 17:53:42,235 | EPOCH 53 VAL loss=0.384897 acc=0.8655 pre=0.8649 rec=0.8666 f1=0.8653
2026-08-27 17:53:50,112 | EPOCH 53 train_loss=0.365381
2026-08-27 17:53:51,347 | EPOCH 53 VAL loss=0.384896 acc=0.8653 pre=0.8647 rec=0.8665 f1=0.8652
2026-08-27 17:53:53,334 | EPOCH 54 train_loss=0.364326
2026-08-27 17:53:54,091 | EPOCH 54 VAL loss=0.385856 acc=0.8630 pre=0.8632 rec=0.8646 f1=0.8636
2026-08-27 17:53:54,679 | EPOCH 54 train_loss=0.364342
2026-08-27 17:53:55,692 | EPOCH 54 VAL loss=0.385853 acc=0.8632 pre=0.8634 rec=0.8648 f1=0.8637
2026-08-27 17:54:02,910 | EPOCH 54 train_loss=0.364341
2026-08-27 17:54:03,868 | EPOCH 54 VAL loss=0.385848 acc=0.8630 pre=0.8632 rec=0.8646 f1=0.8636
2026-08-27 17:54:06,262 | EPOCH 55 train_loss=0.363682
2026-08-27 17:54:06,757 | EPOCH 55 train_loss=0.363704
2026-08-27 17:54:07,129 | EPOCH 55 VAL loss=0.385797 acc=0.8655 pre=0.8645 rec=0.8669 f1=0.8648
2026-08-27 17:54:07,774 | EPOCH 55 VAL loss=0.385829 acc=0.8650 pre=0.8640 rec=0.8664 f1=0.8643
2026-08-27 17:54:15,914 | EPOCH 55 train_loss=0.363708
2026-08-27 17:54:16,696 | EPOCH 55 VAL loss=0.385830 acc=0.8653 pre=0.8643 rec=0.8667 f1=0.8646
2026-08-27 17:54:19,892 | EPOCH 56 train_loss=0.362918
2026-08-27 17:54:20,431 | EPOCH 56 train_loss=0.362944
2026-08-27 17:54:21,055 | EPOCH 56 VAL loss=0.382544 acc=0.8683 pre=0.8672 rec=0.8694 f1=0.8676 BEST
2026-08-27 17:54:21,694 | EPOCH 56 VAL loss=0.382573 acc=0.8682 pre=0.8670 rec=0.8692 f1=0.8674 BEST
2026-08-27 17:54:27,483 | EPOCH 56 train_loss=0.362945
2026-08-27 17:54:28,325 | EPOCH 56 VAL loss=0.382574 acc=0.8682 pre=0.8670 rec=0.8692 f1=0.8674 BEST
2026-08-27 17:54:32,889 | EPOCH 57 train_loss=0.361965
2026-08-27 17:54:34,041 | EPOCH 57 VAL loss=0.382304 acc=0.8670 pre=0.8661 rec=0.8681 f1=0.8667
2026-08-27 17:54:34,651 | EPOCH 57 train_loss=0.361995
2026-08-27 17:54:35,567 | EPOCH 57 VAL loss=0.382322 acc=0.8668 pre=0.8660 rec=0.8680 f1=0.8665
2026-08-27 17:54:40,725 | EPOCH 57 train_loss=0.361995
2026-08-27 17:54:41,886 | EPOCH 57 VAL loss=0.382314 acc=0.8668 pre=0.8660 rec=0.8680 f1=0.8665
2026-08-27 17:54:46,427 | EPOCH 58 train_loss=0.361294
2026-08-27 17:54:47,501 | EPOCH 58 VAL loss=0.381636 acc=0.8673 pre=0.8666 rec=0.8685 f1=0.8670
2026-08-27 17:54:48,453 | EPOCH 58 train_loss=0.361326
2026-08-27 17:54:49,304 | EPOCH 58 VAL loss=0.381643 acc=0.8677 pre=0.8669 rec=0.8688 f1=0.8673
2026-08-27 17:54:52,164 | EPOCH 58 train_loss=0.361325
2026-08-27 17:54:52,932 | EPOCH 58 VAL loss=0.381645 acc=0.8675 pre=0.8668 rec=0.8687 f1=0.8672
2026-08-27 17:55:00,358 | EPOCH 59 train_loss=0.360329
2026-08-27 17:55:01,599 | EPOCH 59 VAL loss=0.380456 acc=0.8685 pre=0.8680 rec=0.8694 f1=0.8684 BEST
2026-08-27 17:55:02,286 | EPOCH 59 train_loss=0.360370
2026-08-27 17:55:03,610 | EPOCH 59 VAL loss=0.380477 acc=0.8685 pre=0.8680 rec=0.8694 f1=0.8683 BEST
2026-08-27 17:55:04,075 | EPOCH 59 train_loss=0.360369
2026-08-27 17:55:04,805 | EPOCH 59 VAL loss=0.380481 acc=0.8685 pre=0.8680 rec=0.8694 f1=0.8683 BEST
2026-08-27 17:55:14,022 | EPOCH 60 train_loss=0.359618
2026-08-27 17:55:15,085 | EPOCH 60 train_loss=0.359658
2026-08-27 17:55:15,143 | EPOCH 60 VAL loss=0.380621 acc=0.8682 pre=0.8673 rec=0.8694 f1=0.8678
2026-08-27 17:55:15,871 | EPOCH 60 VAL loss=0.380623 acc=0.8680 pre=0.8671 rec=0.8693 f1=0.8677
2026-08-27 17:55:17,695 | EPOCH 60 train_loss=0.359657
2026-08-27 17:55:18,461 | EPOCH 60 VAL loss=0.380636 acc=0.8682 pre=0.8673 rec=0.8694 f1=0.8678
2026-08-27 17:55:27,969 | EPOCH 61 train_loss=0.358939
2026-08-27 17:55:28,216 | EPOCH 61 train_loss=0.358984
2026-08-27 17:55:28,711 | EPOCH 61 VAL loss=0.379356 acc=0.8667 pre=0.8665 rec=0.8675 f1=0.8667
2026-08-27 17:55:29,392 | EPOCH 61 VAL loss=0.379374 acc=0.8667 pre=0.8665 rec=0.8675 f1=0.8667
2026-08-27 17:55:31,410 | EPOCH 61 train_loss=0.358982
2026-08-27 17:55:32,175 | EPOCH 61 VAL loss=0.379378 acc=0.8667 pre=0.8665 rec=0.8675 f1=0.8667
2026-08-27 17:55:40,883 | EPOCH 62 train_loss=0.358213
2026-08-27 17:55:41,197 | EPOCH 62 train_loss=0.358263
2026-08-27 17:55:41,938 | EPOCH 62 VAL loss=0.378085 acc=0.8698 pre=0.8688 rec=0.8708 f1=0.8691 BEST
2026-08-27 17:55:42,021 | EPOCH 62 VAL loss=0.378049 acc=0.8698 pre=0.8688 rec=0.8708 f1=0.8691 BEST
2026-08-27 17:55:42,894 | EPOCH 62 train_loss=0.358259
2026-08-27 17:55:43,744 | EPOCH 62 VAL loss=0.378075 acc=0.8700 pre=0.8690 rec=0.8710 f1=0.8693 BEST
2026-08-27 17:55:54,349 | EPOCH 63 train_loss=0.357521
2026-08-27 17:55:55,442 | EPOCH 63 VAL loss=0.377450 acc=0.8682 pre=0.8674 rec=0.8693 f1=0.8680
2026-08-27 17:55:55,530 | EPOCH 63 train_loss=0.357470
2026-08-27 17:55:56,004 | EPOCH 63 train_loss=0.357519
2026-08-27 17:55:56,265 | EPOCH 63 VAL loss=0.377459 acc=0.8678 pre=0.8671 rec=0.8689 f1=0.8677
2026-08-27 17:55:56,839 | EPOCH 63 VAL loss=0.377454 acc=0.8682 pre=0.8674 rec=0.8693 f1=0.8680
2026-08-27 17:56:06,615 | EPOCH 64 train_loss=0.356801
2026-08-27 17:56:07,442 | EPOCH 64 VAL loss=0.376884 acc=0.8677 pre=0.8675 rec=0.8688 f1=0.8680
2026-08-27 17:56:08,396 | EPOCH 64 train_loss=0.356799
2026-08-27 17:56:08,700 | EPOCH 64 train_loss=0.356748
2026-08-27 17:56:09,373 | EPOCH 64 VAL loss=0.376879 acc=0.8675 pre=0.8674 rec=0.8687 f1=0.8679
2026-08-27 17:56:09,734 | EPOCH 64 VAL loss=0.376853 acc=0.8675 pre=0.8674 rec=0.8687 f1=0.8679
2026-08-27 17:56:19,860 | EPOCH 65 train_loss=0.356003
2026-08-27 17:56:20,824 | EPOCH 65 VAL loss=0.377973 acc=0.8673 pre=0.8675 rec=0.8688 f1=0.8677
2026-08-27 17:56:21,572 | EPOCH 65 train_loss=0.355946
2026-08-27 17:56:21,909 | EPOCH 65 train_loss=0.355999
2026-08-27 17:56:22,512 | EPOCH 65 VAL loss=0.377952 acc=0.8678 pre=0.8679 rec=0.8693 f1=0.8682
2026-08-27 17:56:22,712 | EPOCH 65 VAL loss=0.377973 acc=0.8673 pre=0.8675 rec=0.8688 f1=0.8677
2026-08-27 17:56:33,239 | EPOCH 66 train_loss=0.355471
2026-08-27 17:56:33,568 | EPOCH 66 train_loss=0.355411
2026-08-27 17:56:33,898 | EPOCH 66 train_loss=0.355466
2026-08-27 17:56:34,362 | EPOCH 66 VAL loss=0.376397 acc=0.8678 pre=0.8676 rec=0.8690 f1=0.8679
2026-08-27 17:56:34,607 | EPOCH 66 VAL loss=0.376395 acc=0.8678 pre=0.8676 rec=0.8690 f1=0.8679
2026-08-27 17:56:34,685 | EPOCH 66 VAL loss=0.376373 acc=0.8677 pre=0.8674 rec=0.8689 f1=0.8678
2026-08-27 17:56:46,834 | EPOCH 67 train_loss=0.354695
2026-08-27 17:56:46,878 | EPOCH 67 train_loss=0.354628
2026-08-27 17:56:46,941 | EPOCH 67 train_loss=0.354692
2026-08-27 17:56:47,642 | EPOCH 67 VAL loss=0.376049 acc=0.8672 pre=0.8672 rec=0.8683 f1=0.8673
2026-08-27 17:56:47,969 | EPOCH 67 VAL loss=0.376045 acc=0.8672 pre=0.8672 rec=0.8683 f1=0.8673
2026-08-27 17:56:48,039 | EPOCH 67 VAL loss=0.375986 acc=0.8675 pre=0.8675 rec=0.8686 f1=0.8676
2026-08-27 17:56:58,789 | EPOCH 68 train_loss=0.354029
2026-08-27 17:56:58,960 | EPOCH 68 train_loss=0.353967
2026-08-27 17:57:00,126 | EPOCH 68 VAL loss=0.375495 acc=0.8698 pre=0.8688 rec=0.8707 f1=0.8691
2026-08-27 17:57:00,272 | EPOCH 68 VAL loss=0.375498 acc=0.8692 pre=0.8682 rec=0.8701 f1=0.8684
2026-08-27 17:57:00,575 | EPOCH 68 train_loss=0.354033
2026-08-27 17:57:01,909 | EPOCH 68 VAL loss=0.375499 acc=0.8698 pre=0.8688 rec=0.8707 f1=0.8691
2026-08-27 17:57:12,497 | EPOCH 69 train_loss=0.353659
2026-08-27 17:57:13,082 | EPOCH 69 train_loss=0.353661
2026-08-27 17:57:13,257 | EPOCH 69 train_loss=0.353590
2026-08-27 17:57:13,512 | EPOCH 69 VAL loss=0.374128 acc=0.8703 pre=0.8694 rec=0.8713 f1=0.8697 BEST
2026-08-27 17:57:13,829 | EPOCH 69 VAL loss=0.374135 acc=0.8703 pre=0.8694 rec=0.8713 f1=0.8697 BEST
2026-08-27 17:57:14,521 | EPOCH 69 VAL loss=0.374067 acc=0.8703 pre=0.8694 rec=0.8713 f1=0.8697 BEST
2026-08-27 17:57:26,341 | EPOCH 70 train_loss=0.352725
2026-08-27 17:57:26,402 | EPOCH 70 train_loss=0.352796
2026-08-27 17:57:27,398 | EPOCH 70 VAL loss=0.376538 acc=0.8688 pre=0.8681 rec=0.8696 f1=0.8676
2026-08-27 17:57:27,422 | EPOCH 70 VAL loss=0.376441 acc=0.8687 pre=0.8680 rec=0.8695 f1=0.8675
2026-08-27 17:57:27,490 | EPOCH 70 train_loss=0.352800
2026-08-27 17:57:28,644 | EPOCH 70 VAL loss=0.376528 acc=0.8688 pre=0.8681 rec=0.8696 f1=0.8676
2026-08-27 17:57:38,460 | EPOCH 71 train_loss=0.352111
2026-08-27 17:57:38,544 | EPOCH 71 train_loss=0.352037
2026-08-27 17:57:39,375 | EPOCH 71 VAL loss=0.373220 acc=0.8690 pre=0.8687 rec=0.8700 f1=0.8691
2026-08-27 17:57:39,599 | EPOCH 71 VAL loss=0.373139 acc=0.8690 pre=0.8687 rec=0.8700 f1=0.8691
2026-08-27 17:57:40,582 | EPOCH 71 train_loss=0.352110
2026-08-27 17:57:41,687 | EPOCH 71 VAL loss=0.373222 acc=0.8688 pre=0.8686 rec=0.8698 f1=0.8689
2026-08-27 17:57:51,562 | EPOCH 72 train_loss=0.351586
2026-08-27 17:57:51,784 | EPOCH 72 train_loss=0.351503
2026-08-27 17:57:52,391 | EPOCH 72 VAL loss=0.373383 acc=0.8702 pre=0.8693 rec=0.8714 f1=0.8697
2026-08-27 17:57:52,774 | EPOCH 72 VAL loss=0.374563 acc=0.8685 pre=0.8677 rec=0.8698 f1=0.8681
2026-08-27 17:57:53,579 | EPOCH 72 train_loss=0.351582
2026-08-27 17:57:54,715 | EPOCH 72 VAL loss=0.374625 acc=0.8683 pre=0.8675 rec=0.8697 f1=0.8679
2026-08-27 17:58:03,982 | EPOCH 73 train_loss=0.351122
2026-08-27 17:58:04,342 | EPOCH 73 train_loss=0.351132
2026-08-27 17:58:05,027 | EPOCH 73 VAL loss=0.371904 acc=0.8702 pre=0.8696 rec=0.8713 f1=0.8701 BEST
2026-08-27 17:58:05,088 | EPOCH 73 VAL loss=0.371849 acc=0.8705 pre=0.8698 rec=0.8717 f1=0.8703 BEST
2026-08-27 17:58:05,945 | EPOCH 73 train_loss=0.351219
2026-08-27 17:58:07,077 | EPOCH 73 VAL loss=0.371926 acc=0.8703 pre=0.8697 rec=0.8715 f1=0.8702 BEST
2026-08-27 17:58:16,563 | EPOCH 74 train_loss=0.350386
2026-08-27 17:58:17,361 | EPOCH 74 VAL loss=0.371545 acc=0.8708 pre=0.8698 rec=0.8718 f1=0.8701
2026-08-27 17:58:18,165 | EPOCH 74 train_loss=0.350450
2026-08-27 17:58:19,251 | EPOCH 74 VAL loss=0.371639 acc=0.8710 pre=0.8700 rec=0.8720 f1=0.8703 BEST
2026-08-27 17:58:20,337 | EPOCH 74 train_loss=0.350473
2026-08-27 17:58:21,474 | EPOCH 74 VAL loss=0.371600 acc=0.8708 pre=0.8698 rec=0.8717 f1=0.8701
2026-08-27 17:58:29,050 | EPOCH 75 train_loss=0.349705
2026-08-27 17:58:30,209 | EPOCH 75 VAL loss=0.370966 acc=0.8712 pre=0.8701 rec=0.8722 f1=0.8704 BEST
2026-08-27 17:58:30,505 | EPOCH 75 train_loss=0.349796
2026-08-27 17:58:31,259 | EPOCH 75 VAL loss=0.371127 acc=0.8708 pre=0.8698 rec=0.8719 f1=0.8701
2026-08-27 17:58:33,001 | EPOCH 75 train_loss=0.349797
2026-08-27 17:58:33,783 | EPOCH 75 VAL loss=0.371104 acc=0.8710 pre=0.8700 rec=0.8720 f1=0.8703 BEST
2026-08-27 17:58:43,599 | EPOCH 76 train_loss=0.348991
2026-08-27 17:58:44,179 | EPOCH 76 train_loss=0.349101
2026-08-27 17:58:44,575 | EPOCH 76 VAL loss=0.370496 acc=0.8700 pre=0.8693 rec=0.8711 f1=0.8698
2026-08-27 17:58:45,232 | EPOCH 76 VAL loss=0.370634 acc=0.8703 pre=0.8696 rec=0.8714 f1=0.8701
2026-08-27 17:58:46,150 | EPOCH 76 train_loss=0.349083
2026-08-27 17:58:46,913 | EPOCH 76 VAL loss=0.370603 acc=0.8705 pre=0.8698 rec=0.8716 f1=0.8703 BEST
2026-08-27 17:58:54,835 | EPOCH 77 train_loss=0.348418
2026-08-27 17:58:55,697 | EPOCH 77 VAL loss=0.370765 acc=0.8687 pre=0.8693 rec=0.8699 f1=0.8694
2026-08-27 17:58:57,669 | EPOCH 77 train_loss=0.348546
2026-08-27 17:58:58,508 | EPOCH 77 VAL loss=0.370894 acc=0.8683 pre=0.8689 rec=0.8696 f1=0.8691
2026-08-27 17:58:59,556 | EPOCH 77 train_loss=0.348516
2026-08-27 17:59:00,789 | EPOCH 77 VAL loss=0.370864 acc=0.8683 pre=0.8689 rec=0.8695 f1=0.8691
2026-08-27 17:59:07,197 | EPOCH 78 train_loss=0.347920
2026-08-27 17:59:08,127 | EPOCH 78 VAL loss=0.369718 acc=0.8715 pre=0.8709 rec=0.8723 f1=0.8706 BEST
2026-08-27 17:59:11,202 | EPOCH 78 train_loss=0.348059
2026-08-27 17:59:12,327 | EPOCH 78 VAL loss=0.369834 acc=0.8718 pre=0.8712 rec=0.8726 f1=0.8709 BEST
2026-08-27 17:59:12,455 | EPOCH 78 train_loss=0.348020
2026-08-27 17:59:13,676 | EPOCH 78 VAL loss=0.369793 acc=0.8722 pre=0.8715 rec=0.8730 f1=0.8713 BEST
2026-08-27 17:59:20,032 | EPOCH 79 train_loss=0.347397
2026-08-27 17:59:21,152 | EPOCH 79 VAL loss=0.369153 acc=0.8727 pre=0.8721 rec=0.8736 f1=0.8723 BEST
2026-08-27 17:59:25,263 | EPOCH 79 train_loss=0.347498
2026-08-27 17:59:26,280 | EPOCH 79 train_loss=0.347545
2026-08-27 17:59:26,455 | EPOCH 79 VAL loss=0.369220 acc=0.8733 pre=0.8728 rec=0.8742 f1=0.8729 BEST
2026-08-27 17:59:27,347 | EPOCH 79 VAL loss=0.369261 acc=0.8728 pre=0.8722 rec=0.8737 f1=0.8724 BEST
2026-08-27 17:59:33,686 | EPOCH 80 train_loss=0.346742
2026-08-27 17:59:34,793 | EPOCH 80 VAL loss=0.368251 acc=0.8728 pre=0.8726 rec=0.8738 f1=0.8729 BEST
2026-08-27 17:59:37,828 | EPOCH 80 train_loss=0.346850
2026-08-27 17:59:38,951 | EPOCH 80 VAL loss=0.368348 acc=0.8727 pre=0.8725 rec=0.8736 f1=0.8728
2026-08-27 17:59:40,096 | EPOCH 80 train_loss=0.346901
2026-08-27 17:59:41,104 | EPOCH 80 VAL loss=0.368408 acc=0.8727 pre=0.8725 rec=0.8737 f1=0.8728 BEST
2026-08-27 17:59:45,264 | EPOCH 81 train_loss=0.346229
2026-08-27 17:59:46,864 | EPOCH 81 VAL loss=0.368031 acc=0.8700 pre=0.8695 rec=0.8709 f1=0.8698
2026-08-27 17:59:51,662 | EPOCH 81 train_loss=0.346340
2026-08-27 17:59:52,550 | EPOCH 81 VAL loss=0.368105 acc=0.8702 pre=0.8697 rec=0.8711 f1=0.8700
2026-08-27 17:59:53,575 | EPOCH 81 train_loss=0.346403
2026-08-27 17:59:54,674 | EPOCH 81 VAL loss=0.368151 acc=0.8702 pre=0.8696 rec=0.8711 f1=0.8700
2026-08-27 17:59:58,786 | EPOCH 82 train_loss=0.345583
2026-08-27 17:59:59,942 | EPOCH 82 VAL loss=0.368024 acc=0.8723 pre=0.8718 rec=0.8736 f1=0.8722
2026-08-27 18:00:03,056 | EPOCH 82 train_loss=0.345694
2026-08-27 18:00:04,190 | EPOCH 82 VAL loss=0.368176 acc=0.8723 pre=0.8718 rec=0.8736 f1=0.8722
2026-08-27 18:00:07,545 | EPOCH 82 train_loss=0.345759
2026-08-27 18:00:08,424 | EPOCH 82 VAL loss=0.368184 acc=0.8720 pre=0.8715 rec=0.8732 f1=0.8719
2026-08-27 18:00:11,532 | EPOCH 83 train_loss=0.345147
2026-08-27 18:00:12,711 | EPOCH 83 VAL loss=0.367747 acc=0.8712 pre=0.8701 rec=0.8721 f1=0.8698
2026-08-27 18:00:15,477 | EPOCH 83 train_loss=0.345266
2026-08-27 18:00:16,241 | EPOCH 83 VAL loss=0.367832 acc=0.8703 pre=0.8693 rec=0.8712 f1=0.8689
2026-08-27 18:00:21,212 | EPOCH 83 train_loss=0.345336
2026-08-27 18:00:22,348 | EPOCH 83 VAL loss=0.367911 acc=0.8703 pre=0.8692 rec=0.8713 f1=0.8689
2026-08-27 18:00:24,298 | EPOCH 84 train_loss=0.344664
2026-08-27 18:00:25,389 | EPOCH 84 VAL loss=0.367509 acc=0.8723 pre=0.8718 rec=0.8737 f1=0.8722
2026-08-27 18:00:27,976 | EPOCH 84 train_loss=0.344784
2026-08-27 18:00:29,117 | EPOCH 84 VAL loss=0.367633 acc=0.8717 pre=0.8712 rec=0.8730 f1=0.8715
2026-08-27 18:00:34,447 | EPOCH 84 train_loss=0.344868
2026-08-27 18:00:35,192 | EPOCH 84 VAL loss=0.367598 acc=0.8718 pre=0.8713 rec=0.8732 f1=0.8716
2026-08-27 18:00:36,701 | EPOCH 85 train_loss=0.344160
2026-08-27 18:00:38,031 | EPOCH 85 VAL loss=0.367274 acc=0.8713 pre=0.8706 rec=0.8727 f1=0.8710
2026-08-27 18:00:41,021 | EPOCH 85 train_loss=0.344282
2026-08-27 18:00:42,137 | EPOCH 85 VAL loss=0.367428 acc=0.8712 pre=0.8704 rec=0.8725 f1=0.8709
2026-08-27 18:00:47,526 | EPOCH 85 train_loss=0.344367
2026-08-27 18:00:48,317 | EPOCH 85 VAL loss=0.367470 acc=0.8712 pre=0.8704 rec=0.8725 f1=0.8709
2026-08-27 18:00:49,519 | EPOCH 86 train_loss=0.343638
2026-08-27 18:00:50,260 | EPOCH 86 VAL loss=0.365983 acc=0.8722 pre=0.8720 rec=0.8731 f1=0.8719
2026-08-27 18:00:53,869 | EPOCH 86 train_loss=0.343763
2026-08-27 18:00:54,988 | EPOCH 86 VAL loss=0.366081 acc=0.8727 pre=0.8725 rec=0.8735 f1=0.8723
2026-08-27 18:00:59,619 | EPOCH 86 train_loss=0.343852
2026-08-27 18:01:00,793 | EPOCH 86 VAL loss=0.366173 acc=0.8722 pre=0.8720 rec=0.8730 f1=0.8718
2026-08-27 18:01:01,510 | EPOCH 87 train_loss=0.342914
2026-08-27 18:01:02,878 | EPOCH 87 VAL loss=0.365684 acc=0.8720 pre=0.8715 rec=0.8729 f1=0.8715
2026-08-27 18:01:07,400 | EPOCH 87 train_loss=0.343042
2026-08-27 18:01:08,533 | EPOCH 87 VAL loss=0.365743 acc=0.8713 pre=0.8710 rec=0.8721 f1=0.8709
2026-08-27 18:01:12,851 | EPOCH 87 train_loss=0.343138
2026-08-27 18:01:13,643 | EPOCH 87 VAL loss=0.365846 acc=0.8713 pre=0.8709 rec=0.8722 f1=0.8709
2026-08-27 18:01:13,853 | EPOCH 88 train_loss=0.342350
2026-08-27 18:01:14,610 | EPOCH 88 VAL loss=0.365394 acc=0.8720 pre=0.8718 rec=0.8733 f1=0.8722
2026-08-27 18:01:20,405 | EPOCH 88 train_loss=0.342480
2026-08-27 18:01:21,539 | EPOCH 88 VAL loss=0.365451 acc=0.8718 pre=0.8716 rec=0.8731 f1=0.8721
2026-08-27 18:01:25,517 | EPOCH 89 train_loss=0.342079
2026-08-27 18:01:26,671 | EPOCH 88 train_loss=0.342579
2026-08-27 18:01:26,744 | EPOCH 89 VAL loss=0.363413 acc=0.8728 pre=0.8720 rec=0.8739 f1=0.8724
2026-08-27 18:01:27,761 | EPOCH 88 VAL loss=0.365522 acc=0.8715 pre=0.8713 rec=0.8728 f1=0.8717
2026-08-27 18:01:34,501 | EPOCH 89 train_loss=0.342207
2026-08-27 18:01:35,473 | EPOCH 89 VAL loss=0.363517 acc=0.8727 pre=0.8718 rec=0.8737 f1=0.8723
2026-08-27 18:01:35,483 | DONE best_epoch=79 best_val_loss=0.36922 early_stop=True time=1186.36s
2026-08-27 18:01:37,105 | EPOCH 90 train_loss=0.341448
2026-08-27 18:01:37,948 | EPOCH 90 VAL loss=0.362977 acc=0.8738 pre=0.8731 rec=0.8749 f1=0.8736 BEST
2026-08-27 18:01:39,317 | EPOCH 89 train_loss=0.342310
2026-08-27 18:01:40,133 | EPOCH 89 VAL loss=0.363621 acc=0.8730 pre=0.8722 rec=0.8740 f1=0.8726
2026-08-27 18:01:50,553 | EPOCH 91 train_loss=0.341152
2026-08-27 18:01:51,418 | EPOCH 90 train_loss=0.341683
2026-08-27 18:01:51,493 | EPOCH 91 VAL loss=0.363872 acc=0.8738 pre=0.8733 rec=0.8749 f1=0.8735
2026-08-27 18:01:52,496 | EPOCH 90 VAL loss=0.363190 acc=0.8737 pre=0.8729 rec=0.8747 f1=0.8734 BEST
2026-08-27 18:02:03,022 | EPOCH 92 train_loss=0.340742
2026-08-27 18:02:04,004 | EPOCH 92 VAL loss=0.362244 acc=0.8735 pre=0.8726 rec=0.8744 f1=0.8729
2026-08-27 18:02:05,035 | EPOCH 91 train_loss=0.341396
2026-08-27 18:02:05,810 | EPOCH 91 VAL loss=0.364095 acc=0.8743 pre=0.8738 rec=0.8753 f1=0.8741 BEST
2026-08-27 18:02:16,166 | EPOCH 93 train_loss=0.339890
2026-08-27 18:02:17,209 | EPOCH 93 VAL loss=0.363427 acc=0.8717 pre=0.8718 rec=0.8727 f1=0.8718
2026-08-27 18:02:18,835 | EPOCH 92 train_loss=0.340994
2026-08-27 18:02:19,949 | EPOCH 92 VAL loss=0.362476 acc=0.8735 pre=0.8726 rec=0.8744 f1=0.8730
2026-08-27 18:02:28,722 | EPOCH 94 train_loss=0.339675
2026-08-27 18:02:29,869 | EPOCH 94 VAL loss=0.361851 acc=0.8728 pre=0.8726 rec=0.8739 f1=0.8731
2026-08-27 18:02:31,742 | EPOCH 93 train_loss=0.340155
2026-08-27 18:02:32,805 | EPOCH 93 VAL loss=0.363672 acc=0.8715 pre=0.8716 rec=0.8726 f1=0.8717
2026-08-27 18:02:41,359 | EPOCH 95 train_loss=0.339247
2026-08-27 18:02:42,106 | EPOCH 95 VAL loss=0.361628 acc=0.8737 pre=0.8734 rec=0.8749 f1=0.8738 BEST
2026-08-27 18:02:45,131 | EPOCH 94 train_loss=0.339938
2026-08-27 18:02:45,905 | EPOCH 94 VAL loss=0.362116 acc=0.8727 pre=0.8725 rec=0.8737 f1=0.8729
2026-08-27 18:02:53,807 | EPOCH 96 train_loss=0.338879
2026-08-27 18:02:54,931 | EPOCH 96 VAL loss=0.361978 acc=0.8737 pre=0.8730 rec=0.8748 f1=0.8733
2026-08-27 18:02:56,679 | EPOCH 95 train_loss=0.339522
2026-08-27 18:02:57,825 | EPOCH 95 VAL loss=0.361836 acc=0.8735 pre=0.8732 rec=0.8748 f1=0.8737
2026-08-27 18:03:06,761 | EPOCH 97 train_loss=0.338282
2026-08-27 18:03:07,547 | EPOCH 97 VAL loss=0.360576 acc=0.8753 pre=0.8743 rec=0.8764 f1=0.8746 BEST
2026-08-27 18:03:10,931 | EPOCH 96 train_loss=0.339157
2026-08-27 18:03:11,714 | EPOCH 96 VAL loss=0.362168 acc=0.8737 pre=0.8730 rec=0.8748 f1=0.8733
2026-08-27 18:03:20,609 | EPOCH 98 train_loss=0.337874
2026-08-27 18:03:21,653 | EPOCH 98 VAL loss=0.360997 acc=0.8738 pre=0.8740 rec=0.8750 f1=0.8742
2026-08-27 18:03:22,452 | EPOCH 97 train_loss=0.338566
2026-08-27 18:03:23,643 | EPOCH 97 VAL loss=0.360811 acc=0.8750 pre=0.8739 rec=0.8761 f1=0.8743 BEST
2026-08-27 18:03:33,391 | EPOCH 99 train_loss=0.337348
2026-08-27 18:03:34,109 | EPOCH 99 VAL loss=0.360014 acc=0.8742 pre=0.8733 rec=0.8752 f1=0.8737
2026-08-27 18:03:36,863 | EPOCH 98 train_loss=0.338167
2026-08-27 18:03:37,769 | EPOCH 98 VAL loss=0.361263 acc=0.8733 pre=0.8735 rec=0.8746 f1=0.8737
2026-08-27 18:03:45,337 | EPOCH 100 train_loss=0.336862
2026-08-27 18:03:46,486 | EPOCH 100 VAL loss=0.361386 acc=0.8738 pre=0.8737 rec=0.8751 f1=0.8740
2026-08-27 18:03:50,963 | EPOCH 99 train_loss=0.337646
2026-08-27 18:03:52,072 | EPOCH 99 VAL loss=0.360246 acc=0.8738 pre=0.8730 rec=0.8749 f1=0.8734
2026-08-27 18:03:58,373 | EPOCH 101 train_loss=0.336508
2026-08-27 18:03:59,111 | EPOCH 101 VAL loss=0.359023 acc=0.8740 pre=0.8737 rec=0.8751 f1=0.8740
2026-08-27 18:04:03,180 | EPOCH 100 train_loss=0.337169
2026-08-27 18:04:04,141 | EPOCH 100 VAL loss=0.361680 acc=0.8735 pre=0.8734 rec=0.8748 f1=0.8737
2026-08-27 18:04:10,760 | EPOCH 102 train_loss=0.336034
2026-08-27 18:04:11,949 | EPOCH 102 VAL loss=0.359975 acc=0.8752 pre=0.8745 rec=0.8763 f1=0.8747 BEST
2026-08-27 18:04:16,148 | EPOCH 101 train_loss=0.336825
2026-08-27 18:04:17,288 | EPOCH 101 VAL loss=0.359327 acc=0.8737 pre=0.8734 rec=0.8747 f1=0.8736
2026-08-27 18:04:23,829 | EPOCH 103 train_loss=0.335642
2026-08-27 18:04:24,812 | EPOCH 103 VAL loss=0.358080 acc=0.8748 pre=0.8739 rec=0.8756 f1=0.8738
2026-08-27 18:04:28,478 | EPOCH 102 train_loss=0.336354
2026-08-27 18:04:29,485 | EPOCH 102 VAL loss=0.360231 acc=0.8750 pre=0.8744 rec=0.8761 f1=0.8745 BEST
2026-08-27 18:04:36,816 | EPOCH 104 train_loss=0.335182
2026-08-27 18:04:37,796 | EPOCH 104 VAL loss=0.357505 acc=0.8740 pre=0.8734 rec=0.8750 f1=0.8738
2026-08-27 18:04:42,558 | EPOCH 103 train_loss=0.335968
2026-08-27 18:04:43,584 | EPOCH 103 VAL loss=0.358366 acc=0.8748 pre=0.8739 rec=0.8756 f1=0.8737
2026-08-27 18:04:49,738 | EPOCH 105 train_loss=0.334760
2026-08-27 18:04:50,800 | EPOCH 105 VAL loss=0.358879 acc=0.8753 pre=0.8750 rec=0.8766 f1=0.8755 BEST
2026-08-27 18:04:55,738 | EPOCH 104 train_loss=0.335515
2026-08-27 18:04:56,447 | EPOCH 104 VAL loss=0.357834 acc=0.8742 pre=0.8735 rec=0.8751 f1=0.8739
2026-08-27 18:05:03,725 | EPOCH 106 train_loss=0.334369
2026-08-27 18:05:04,811 | EPOCH 106 VAL loss=0.356181 acc=0.8748 pre=0.8740 rec=0.8758 f1=0.8745
2026-08-27 18:05:07,705 | EPOCH 105 train_loss=0.335098
2026-08-27 18:05:08,821 | EPOCH 105 VAL loss=0.359131 acc=0.8753 pre=0.8750 rec=0.8766 f1=0.8755 BEST
2026-08-27 18:05:17,589 | EPOCH 107 train_loss=0.333603
2026-08-27 18:05:18,339 | EPOCH 107 VAL loss=0.357049 acc=0.8758 pre=0.8749 rec=0.8769 f1=0.8754
2026-08-27 18:05:20,836 | EPOCH 106 train_loss=0.334710
2026-08-27 18:05:21,977 | EPOCH 106 VAL loss=0.356491 acc=0.8747 pre=0.8738 rec=0.8757 f1=0.8744
2026-08-27 18:05:30,906 | EPOCH 108 train_loss=0.333540
2026-08-27 18:05:32,030 | EPOCH 108 VAL loss=0.355924 acc=0.8763 pre=0.8754 rec=0.8773 f1=0.8757 BEST
2026-08-27 18:05:33,425 | EPOCH 107 train_loss=0.333951
2026-08-27 18:05:34,450 | EPOCH 107 VAL loss=0.357401 acc=0.8757 pre=0.8748 rec=0.8767 f1=0.8752
2026-08-27 18:05:44,204 | EPOCH 109 train_loss=0.332996
2026-08-27 18:05:45,249 | EPOCH 108 train_loss=0.333899
2026-08-27 18:05:45,310 | EPOCH 109 VAL loss=0.356442 acc=0.8757 pre=0.8752 rec=0.8765 f1=0.8751
2026-08-27 18:05:46,440 | EPOCH 108 VAL loss=0.356253 acc=0.8762 pre=0.8752 rec=0.8771 f1=0.8755 BEST
2026-08-27 18:05:56,761 | EPOCH 110 train_loss=0.332846
2026-08-27 18:05:57,670 | EPOCH 110 VAL loss=0.355443 acc=0.8753 pre=0.8746 rec=0.8763 f1=0.8751
2026-08-27 18:05:59,145 | EPOCH 109 train_loss=0.333359
2026-08-27 18:06:00,126 | EPOCH 109 VAL loss=0.356765 acc=0.8755 pre=0.8751 rec=0.8764 f1=0.8750
2026-08-27 18:06:08,565 | EPOCH 111 train_loss=0.332353
2026-08-27 18:06:09,842 | EPOCH 111 VAL loss=0.355154 acc=0.8755 pre=0.8753 rec=0.8767 f1=0.8758 BEST
2026-08-27 18:06:11,554 | EPOCH 110 train_loss=0.333210
2026-08-27 18:06:12,729 | EPOCH 110 VAL loss=0.355771 acc=0.8753 pre=0.8745 rec=0.8763 f1=0.8750
2026-08-27 18:06:21,097 | EPOCH 112 train_loss=0.331763
2026-08-27 18:06:21,829 | EPOCH 112 VAL loss=0.354831 acc=0.8752 pre=0.8747 rec=0.8762 f1=0.8751
2026-08-27 18:06:25,275 | EPOCH 111 train_loss=0.332727
2026-08-27 18:06:26,057 | EPOCH 111 VAL loss=0.355456 acc=0.8760 pre=0.8758 rec=0.8772 f1=0.8763 BEST
2026-08-27 18:06:33,296 | EPOCH 113 train_loss=0.331524
2026-08-27 18:06:34,525 | EPOCH 113 VAL loss=0.355129 acc=0.8757 pre=0.8753 rec=0.8769 f1=0.8757
2026-08-27 18:06:37,863 | EPOCH 112 train_loss=0.332142
2026-08-27 18:06:38,842 | EPOCH 112 VAL loss=0.355202 acc=0.8747 pre=0.8742 rec=0.8758 f1=0.8746
2026-08-27 18:06:45,677 | EPOCH 114 train_loss=0.331145
2026-08-27 18:06:46,782 | EPOCH 114 VAL loss=0.355357 acc=0.8748 pre=0.8747 rec=0.8760 f1=0.8750
2026-08-27 18:06:50,475 | EPOCH 113 train_loss=0.331909
2026-08-27 18:06:51,599 | EPOCH 113 VAL loss=0.355424 acc=0.8750 pre=0.8747 rec=0.8762 f1=0.8750
2026-08-27 18:06:58,380 | EPOCH 115 train_loss=0.330662
2026-08-27 18:06:59,663 | EPOCH 115 VAL loss=0.353935 acc=0.8767 pre=0.8768 rec=0.8779 f1=0.8772 BEST
2026-08-27 18:07:04,221 | EPOCH 114 train_loss=0.331530
2026-08-27 18:07:05,036 | EPOCH 114 VAL loss=0.355665 acc=0.8748 pre=0.8748 rec=0.8761 f1=0.8751
2026-08-27 18:07:10,847 | EPOCH 116 train_loss=0.330293
2026-08-27 18:07:11,895 | EPOCH 116 VAL loss=0.354573 acc=0.8755 pre=0.8751 rec=0.8768 f1=0.8756
2026-08-27 18:07:16,860 | EPOCH 115 train_loss=0.331052
2026-08-27 18:07:17,890 | EPOCH 115 VAL loss=0.354289 acc=0.8760 pre=0.8762 rec=0.8772 f1=0.8765 BEST
2026-08-27 18:07:23,747 | EPOCH 117 train_loss=0.329866
2026-08-27 18:07:24,925 | EPOCH 117 VAL loss=0.353961 acc=0.8747 pre=0.8745 rec=0.8758 f1=0.8749
2026-08-27 18:07:31,009 | EPOCH 116 train_loss=0.330691
2026-08-27 18:07:32,171 | EPOCH 116 VAL loss=0.354913 acc=0.8752 pre=0.8748 rec=0.8765 f1=0.8753
2026-08-27 18:07:35,752 | EPOCH 118 train_loss=0.329644
2026-08-27 18:07:36,548 | EPOCH 118 VAL loss=0.352695 acc=0.8767 pre=0.8759 rec=0.8778 f1=0.8764
2026-08-27 18:07:44,018 | EPOCH 117 train_loss=0.330269
2026-08-27 18:07:45,106 | EPOCH 117 VAL loss=0.354317 acc=0.8742 pre=0.8740 rec=0.8754 f1=0.8743
2026-08-27 18:07:49,043 | EPOCH 119 train_loss=0.329325
2026-08-27 18:07:50,137 | EPOCH 119 VAL loss=0.352779 acc=0.8775 pre=0.8767 rec=0.8786 f1=0.8771
2026-08-27 18:07:57,549 | EPOCH 118 train_loss=0.330051
2026-08-27 18:07:58,685 | EPOCH 118 VAL loss=0.353055 acc=0.8767 pre=0.8759 rec=0.8777 f1=0.8764
2026-08-27 18:08:01,051 | EPOCH 120 train_loss=0.328873
2026-08-27 18:08:02,165 | EPOCH 120 VAL loss=0.352091 acc=0.8778 pre=0.8780 rec=0.8788 f1=0.8783 BEST
2026-08-27 18:08:11,160 | EPOCH 119 train_loss=0.329740
2026-08-27 18:08:12,456 | EPOCH 119 VAL loss=0.353115 acc=0.8772 pre=0.8764 rec=0.8783 f1=0.8767 BEST
2026-08-27 18:08:14,101 | EPOCH 121 train_loss=0.328462
2026-08-27 18:08:15,166 | EPOCH 121 VAL loss=0.352702 acc=0.8778 pre=0.8773 rec=0.8785 f1=0.8769
2026-08-27 18:08:25,338 | EPOCH 120 train_loss=0.329291
2026-08-27 18:08:25,674 | EPOCH 122 train_loss=0.328318
2026-08-27 18:08:26,491 | EPOCH 120 VAL loss=0.352482 acc=0.8778 pre=0.8779 rec=0.8788 f1=0.8782 BEST
2026-08-27 18:08:26,869 | EPOCH 122 VAL loss=0.351998 acc=0.8758 pre=0.8753 rec=0.8770 f1=0.8758
2026-08-27 18:08:38,906 | EPOCH 123 train_loss=0.327833
2026-08-27 18:08:39,388 | EPOCH 121 train_loss=0.328880
2026-08-27 18:08:39,857 | EPOCH 123 VAL loss=0.350906 acc=0.8763 pre=0.8759 rec=0.8772 f1=0.8763
2026-08-27 18:08:40,594 | EPOCH 121 VAL loss=0.353099 acc=0.8778 pre=0.8773 rec=0.8785 f1=0.8769
2026-08-27 18:08:51,139 | EPOCH 124 train_loss=0.327469
2026-08-27 18:08:51,356 | EPOCH 122 train_loss=0.328746
2026-08-27 18:08:52,043 | EPOCH 124 VAL loss=0.350781 acc=0.8775 pre=0.8766 rec=0.8785 f1=0.8770
2026-08-27 18:08:52,170 | EPOCH 122 VAL loss=0.352339 acc=0.8762 pre=0.8756 rec=0.8773 f1=0.8761
2026-08-27 18:09:04,758 | EPOCH 125 train_loss=0.326998
2026-08-27 18:09:05,044 | EPOCH 123 train_loss=0.328260
2026-08-27 18:09:05,858 | EPOCH 123 VAL loss=0.351334 acc=0.8765 pre=0.8761 rec=0.8774 f1=0.8765
2026-08-27 18:09:05,918 | EPOCH 125 VAL loss=0.350502 acc=0.8765 pre=0.8762 rec=0.8777 f1=0.8767
2026-08-27 18:09:17,355 | EPOCH 124 train_loss=0.327898
2026-08-27 18:09:17,576 | EPOCH 126 train_loss=0.326568
2026-08-27 18:09:18,082 | EPOCH 124 VAL loss=0.351227 acc=0.8777 pre=0.8769 rec=0.8787 f1=0.8772
2026-08-27 18:09:18,603 | EPOCH 126 VAL loss=0.351451 acc=0.8782 pre=0.8775 rec=0.8793 f1=0.8781
2026-08-27 18:09:30,011 | EPOCH 127 train_loss=0.326514
2026-08-27 18:09:30,669 | EPOCH 125 train_loss=0.327433
2026-08-27 18:09:30,828 | EPOCH 127 VAL loss=0.351220 acc=0.8770 pre=0.8760 rec=0.8781 f1=0.8763
2026-08-27 18:09:31,491 | EPOCH 125 VAL loss=0.350933 acc=0.8767 pre=0.8763 rec=0.8779 f1=0.8768
2026-08-27 18:09:42,607 | EPOCH 128 train_loss=0.326046
2026-08-27 18:09:43,259 | EPOCH 126 train_loss=0.327014
2026-08-27 18:09:43,315 | EPOCH 128 VAL loss=0.349332 acc=0.8773 pre=0.8768 rec=0.8784 f1=0.8773
2026-08-27 18:09:44,394 | EPOCH 126 VAL loss=0.351807 acc=0.8782 pre=0.8775 rec=0.8793 f1=0.8781
2026-08-27 18:09:56,002 | EPOCH 127 train_loss=0.326960
2026-08-27 18:09:56,141 | EPOCH 129 train_loss=0.325700
2026-08-27 18:09:57,093 | EPOCH 127 VAL loss=0.351690 acc=0.8765 pre=0.8754 rec=0.8775 f1=0.8757
2026-08-27 18:09:57,135 | EPOCH 129 VAL loss=0.349057 acc=0.8763 pre=0.8756 rec=0.8774 f1=0.8761
2026-08-27 18:10:08,072 | EPOCH 128 train_loss=0.326497
2026-08-27 18:10:08,767 | EPOCH 130 train_loss=0.325412
2026-08-27 18:10:09,235 | EPOCH 128 VAL loss=0.349758 acc=0.8770 pre=0.8764 rec=0.8781 f1=0.8770
2026-08-27 18:10:09,983 | EPOCH 130 VAL loss=0.349105 acc=0.8765 pre=0.8765 rec=0.8778 f1=0.8769
2026-08-27 18:10:09,994 | DONE best_epoch=120 best_val_loss=0.352091 early_stop=True time=1700.14s
