2026-08-27 12:52:31,551 | START cnn_adadelta_lr0.1_s2026 opt=adadelta lr=0.1 seed=2026 device=cuda epochs=150 best_by=f1 stop_by=f1
2026-08-27 12:52:35,555 | START cnn_adadelta_lr0.1_s2026 opt=adadelta lr=0.1 seed=2026 device=cuda epochs=150 best_by=f1 stop_by=f1
2026-08-27 12:52:35,567 | RESUMED from epoch 0, batch 400
2026-08-27 12:52:41,808 | EPOCH 1 train_loss=0.787898
2026-08-27 12:52:42,926 | EPOCH 1 VAL loss=0.568891 acc=0.7978 pre=0.7945 rec=0.7993 f1=0.7883 BEST
2026-08-27 12:52:46,750 | EPOCH 1 train_loss=0.608763
2026-08-27 12:52:47,876 | EPOCH 1 VAL loss=0.567951 acc=0.7975 pre=0.7941 rec=0.7990 f1=0.7882 BEST
2026-08-27 12:52:56,987 | EPOCH 2 train_loss=0.507837
2026-08-27 12:52:58,026 | EPOCH 2 VAL loss=0.478669 acc=0.8277 pre=0.8340 rec=0.8295 f1=0.8220 BEST
2026-08-27 12:53:01,454 | EPOCH 2 train_loss=0.507727
2026-08-27 12:53:02,529 | EPOCH 2 VAL loss=0.479662 acc=0.8277 pre=0.8341 rec=0.8295 f1=0.8223 BEST
2026-08-27 12:53:11,766 | EPOCH 3 train_loss=0.428529
2026-08-27 12:53:12,931 | EPOCH 3 VAL loss=0.445588 acc=0.8355 pre=0.8510 rec=0.8392 f1=0.8379 BEST
2026-08-27 12:53:16,358 | EPOCH 3 train_loss=0.428809
2026-08-27 12:53:17,436 | EPOCH 3 VAL loss=0.445424 acc=0.8383 pre=0.8525 rec=0.8419 f1=0.8406 BEST
2026-08-27 12:53:26,748 | EPOCH 4 train_loss=0.383960
2026-08-27 12:53:27,870 | EPOCH 4 VAL loss=0.382433 acc=0.8663 pre=0.8667 rec=0.8671 f1=0.8630 BEST
2026-08-27 12:53:30,808 | EPOCH 4 train_loss=0.383976
2026-08-27 12:53:31,897 | EPOCH 4 VAL loss=0.380097 acc=0.8660 pre=0.8661 rec=0.8667 f1=0.8628 BEST
2026-08-27 12:53:41,339 | EPOCH 5 train_loss=0.353288
2026-08-27 12:53:42,486 | EPOCH 5 VAL loss=0.355403 acc=0.8750 pre=0.8738 rec=0.8760 f1=0.8730 BEST
2026-08-27 12:53:45,352 | EPOCH 5 train_loss=0.353187
2026-08-27 12:53:46,479 | EPOCH 5 VAL loss=0.355641 acc=0.8743 pre=0.8732 rec=0.8753 f1=0.8724 BEST
2026-08-27 12:53:56,147 | EPOCH 6 train_loss=0.330542
2026-08-27 12:53:57,311 | EPOCH 6 VAL loss=0.328889 acc=0.8803 pre=0.8799 rec=0.8808 f1=0.8793 BEST
2026-08-27 12:54:00,519 | EPOCH 6 train_loss=0.330418
2026-08-27 12:54:01,656 | EPOCH 6 VAL loss=0.328735 acc=0.8798 pre=0.8794 rec=0.8802 f1=0.8788 BEST
2026-08-27 12:54:10,941 | EPOCH 7 train_loss=0.311831
2026-08-27 12:54:12,107 | EPOCH 7 VAL loss=0.329702 acc=0.8797 pre=0.8846 rec=0.8811 f1=0.8813 BEST
2026-08-27 12:54:15,275 | EPOCH 7 train_loss=0.311743
2026-08-27 12:54:16,408 | EPOCH 7 VAL loss=0.327338 acc=0.8810 pre=0.8852 rec=0.8824 f1=0.8826 BEST
2026-08-27 12:54:25,724 | EPOCH 8 train_loss=0.298267
2026-08-27 12:54:26,854 | EPOCH 8 VAL loss=0.316430 acc=0.8807 pre=0.8886 rec=0.8827 f1=0.8833 BEST
2026-08-27 12:54:29,747 | EPOCH 8 train_loss=0.298197
2026-08-27 12:54:30,889 | EPOCH 8 VAL loss=0.317116 acc=0.8813 pre=0.8892 rec=0.8832 f1=0.8840 BEST
2026-08-27 12:54:40,799 | EPOCH 9 train_loss=0.285142
2026-08-27 12:54:41,930 | EPOCH 9 VAL loss=0.300479 acc=0.8942 pre=0.8941 rec=0.8946 f1=0.8940 BEST
2026-08-27 12:54:44,429 | EPOCH 9 train_loss=0.285259
2026-08-27 12:54:45,538 | EPOCH 9 VAL loss=0.301514 acc=0.8945 pre=0.8942 rec=0.8949 f1=0.8942 BEST
2026-08-27 12:54:56,012 | EPOCH 10 train_loss=0.274151
2026-08-27 12:54:57,108 | EPOCH 10 VAL loss=0.309277 acc=0.8862 pre=0.8900 rec=0.8871 f1=0.8851
2026-08-27 12:54:59,406 | EPOCH 10 train_loss=0.274291
2026-08-27 12:55:00,511 | EPOCH 10 VAL loss=0.306591 acc=0.8873 pre=0.8903 rec=0.8882 f1=0.8862
2026-08-27 12:55:10,385 | EPOCH 11 train_loss=0.264312
2026-08-27 12:55:11,509 | EPOCH 11 VAL loss=0.288856 acc=0.8942 pre=0.8971 rec=0.8958 f1=0.8951 BEST
2026-08-27 12:55:13,691 | EPOCH 11 train_loss=0.264414
2026-08-27 12:55:15,403 | EPOCH 11 VAL loss=0.289219 acc=0.8943 pre=0.8978 rec=0.8959 f1=0.8953 BEST
2026-08-27 12:55:25,239 | EPOCH 12 train_loss=0.255139
2026-08-27 12:55:26,378 | EPOCH 12 VAL loss=0.290421 acc=0.8950 pre=0.8979 rec=0.8957 f1=0.8935
2026-08-27 12:55:28,806 | EPOCH 12 train_loss=0.255176
2026-08-27 12:55:29,905 | EPOCH 12 VAL loss=0.288350 acc=0.8973 pre=0.9000 rec=0.8979 f1=0.8960 BEST
2026-08-27 12:55:40,064 | EPOCH 13 train_loss=0.248982
2026-08-27 12:55:41,190 | EPOCH 13 VAL loss=0.278221 acc=0.8978 pre=0.9004 rec=0.8981 f1=0.8981 BEST
2026-08-27 12:55:43,511 | EPOCH 13 train_loss=0.248681
2026-08-27 12:55:44,657 | EPOCH 13 VAL loss=0.279794 acc=0.8947 pre=0.8974 rec=0.8949 f1=0.8951
2026-08-27 12:55:55,526 | EPOCH 14 train_loss=0.240769
2026-08-27 12:55:56,638 | EPOCH 14 VAL loss=0.267697 acc=0.9017 pre=0.9031 rec=0.9021 f1=0.9017 BEST
2026-08-27 12:55:57,591 | EPOCH 14 train_loss=0.240673
2026-08-27 12:55:58,710 | EPOCH 14 VAL loss=0.268463 acc=0.9010 pre=0.9026 rec=0.9016 f1=0.9011 BEST
2026-08-27 12:56:10,581 | EPOCH 15 train_loss=0.233784
2026-08-27 12:56:11,716 | EPOCH 15 VAL loss=0.258888 acc=0.9045 pre=0.9063 rec=0.9055 f1=0.9056 BEST
2026-08-27 12:56:12,253 | EPOCH 15 train_loss=0.233707
2026-08-27 12:56:13,472 | EPOCH 15 VAL loss=0.257059 acc=0.9063 pre=0.9083 rec=0.9073 f1=0.9075 BEST
2026-08-27 12:56:25,452 | EPOCH 16 train_loss=0.227598
2026-08-27 12:56:26,587 | EPOCH 16 VAL loss=0.269042 acc=0.9032 pre=0.9063 rec=0.9046 f1=0.9035
2026-08-27 12:56:27,029 | EPOCH 16 train_loss=0.227753
2026-08-27 12:56:28,151 | EPOCH 16 VAL loss=0.265397 acc=0.9052 pre=0.9077 rec=0.9065 f1=0.9054
2026-08-27 12:56:39,545 | EPOCH 17 train_loss=0.221235
2026-08-27 12:56:40,716 | EPOCH 17 VAL loss=0.296668 acc=0.8985 pre=0.9070 rec=0.8983 f1=0.8948
2026-08-27 12:56:40,908 | EPOCH 17 train_loss=0.221174
2026-08-27 12:56:42,024 | EPOCH 17 VAL loss=0.294676 acc=0.8990 pre=0.9075 rec=0.8989 f1=0.8949
2026-08-27 12:56:53,739 | EPOCH 18 train_loss=0.215987
2026-08-27 12:56:54,907 | EPOCH 18 VAL loss=0.256395 acc=0.9068 pre=0.9095 rec=0.9066 f1=0.9068 BEST
2026-08-27 12:56:54,989 | EPOCH 18 train_loss=0.215797
2026-08-27 12:56:56,211 | EPOCH 18 VAL loss=0.256060 acc=0.9060 pre=0.9084 rec=0.9059 f1=0.9060
2026-08-27 12:57:08,580 | EPOCH 19 train_loss=0.210519
2026-08-27 12:57:09,285 | EPOCH 19 train_loss=0.210229
2026-08-27 12:57:09,683 | EPOCH 19 VAL loss=0.261386 acc=0.9093 pre=0.9122 rec=0.9096 f1=0.9085 BEST
2026-08-27 12:57:10,426 | EPOCH 19 VAL loss=0.264010 acc=0.9068 pre=0.9094 rec=0.9072 f1=0.9060
2026-08-27 12:57:23,239 | EPOCH 20 train_loss=0.205618
2026-08-27 12:57:23,396 | EPOCH 20 train_loss=0.205365
2026-08-27 12:57:24,376 | EPOCH 20 VAL loss=0.260961 acc=0.9032 pre=0.9031 rec=0.9040 f1=0.9015
2026-08-27 12:57:24,549 | EPOCH 20 VAL loss=0.259000 acc=0.9060 pre=0.9056 rec=0.9069 f1=0.9049
2026-08-27 12:57:43,333 | EPOCH 21 train_loss=0.200400
2026-08-27 12:57:44,458 | EPOCH 21 train_loss=0.200444
2026-08-27 12:57:44,874 | EPOCH 21 VAL loss=0.246476 acc=0.9128 pre=0.9144 rec=0.9130 f1=0.9124 BEST
2026-08-27 12:57:46,681 | EPOCH 21 VAL loss=0.245277 acc=0.9105 pre=0.9119 rec=0.9108 f1=0.9101 BEST
2026-08-27 12:58:05,871 | EPOCH 22 train_loss=0.194779
2026-08-27 12:58:07,369 | EPOCH 22 VAL loss=0.257158 acc=0.9022 pre=0.9080 rec=0.9035 f1=0.9040
2026-08-27 12:58:09,148 | EPOCH 22 train_loss=0.195004
2026-08-27 12:58:10,741 | EPOCH 22 VAL loss=0.252975 acc=0.9052 pre=0.9094 rec=0.9064 f1=0.9067
2026-08-27 12:58:27,146 | EPOCH 23 train_loss=0.190605
2026-08-27 12:58:28,643 | EPOCH 23 VAL loss=0.265849 acc=0.9045 pre=0.9057 rec=0.9055 f1=0.9038
2026-08-27 12:58:30,005 | EPOCH 23 train_loss=0.190861
2026-08-27 12:58:31,880 | EPOCH 23 VAL loss=0.263601 acc=0.9032 pre=0.9047 rec=0.9042 f1=0.9025
2026-08-27 12:58:49,351 | EPOCH 24 train_loss=0.187321
2026-08-27 12:58:50,974 | EPOCH 24 VAL loss=0.234658 acc=0.9158 pre=0.9164 rec=0.9165 f1=0.9162 BEST
2026-08-27 12:58:52,067 | EPOCH 24 train_loss=0.187207
2026-08-27 12:58:53,855 | EPOCH 24 VAL loss=0.232327 acc=0.9138 pre=0.9145 rec=0.9145 f1=0.9142 BEST
2026-08-27 12:59:11,542 | EPOCH 25 train_loss=0.182259
2026-08-27 12:59:13,242 | EPOCH 25 VAL loss=0.259161 acc=0.9095 pre=0.9151 rec=0.9099 f1=0.9090
2026-08-27 12:59:15,375 | EPOCH 25 train_loss=0.182519
2026-08-27 12:59:17,079 | EPOCH 25 VAL loss=0.255262 acc=0.9098 pre=0.9145 rec=0.9102 f1=0.9092
2026-08-27 12:59:33,495 | EPOCH 26 train_loss=0.178148
2026-08-27 12:59:35,116 | EPOCH 26 VAL loss=0.233161 acc=0.9177 pre=0.9182 rec=0.9183 f1=0.9178 BEST
2026-08-27 12:59:37,555 | EPOCH 26 train_loss=0.177969
2026-08-27 12:59:39,146 | EPOCH 26 VAL loss=0.233176 acc=0.9162 pre=0.9166 rec=0.9167 f1=0.9160 BEST
2026-08-27 12:59:56,286 | EPOCH 27 train_loss=0.173178
2026-08-27 12:59:57,910 | EPOCH 27 VAL loss=0.258311 acc=0.9085 pre=0.9141 rec=0.9092 f1=0.9104
2026-08-27 12:59:59,923 | EPOCH 27 train_loss=0.173071
2026-08-27 13:00:01,638 | EPOCH 27 VAL loss=0.254651 acc=0.9088 pre=0.9137 rec=0.9094 f1=0.9103
2026-08-27 13:00:17,339 | EPOCH 28 train_loss=0.170096
2026-08-27 13:00:19,021 | EPOCH 28 VAL loss=0.239903 acc=0.9133 pre=0.9142 rec=0.9139 f1=0.9137
2026-08-27 13:00:21,894 | EPOCH 28 train_loss=0.170096
2026-08-27 13:00:23,524 | EPOCH 28 VAL loss=0.237020 acc=0.9147 pre=0.9155 rec=0.9152 f1=0.9150
2026-08-27 13:00:39,282 | EPOCH 29 train_loss=0.166675
2026-08-27 13:00:40,806 | EPOCH 29 VAL loss=0.238947 acc=0.9187 pre=0.9193 rec=0.9194 f1=0.9186 BEST
2026-08-27 13:00:43,253 | EPOCH 29 train_loss=0.166459
2026-08-27 13:00:45,073 | EPOCH 29 VAL loss=0.237219 acc=0.9167 pre=0.9174 rec=0.9176 f1=0.9168 BEST
2026-08-27 13:01:02,729 | EPOCH 30 train_loss=0.163108
2026-08-27 13:01:04,514 | EPOCH 30 VAL loss=0.246314 acc=0.9138 pre=0.9145 rec=0.9143 f1=0.9134
2026-08-27 13:01:06,215 | EPOCH 30 train_loss=0.163033
2026-08-27 13:01:07,936 | EPOCH 30 VAL loss=0.242646 acc=0.9147 pre=0.9156 rec=0.9151 f1=0.9144
2026-08-27 13:01:24,288 | EPOCH 31 train_loss=0.159502
2026-08-27 13:01:25,970 | EPOCH 31 VAL loss=0.251229 acc=0.9080 pre=0.9121 rec=0.9088 f1=0.9093
2026-08-27 13:01:28,252 | EPOCH 31 train_loss=0.158987
2026-08-27 13:01:30,270 | EPOCH 31 VAL loss=0.250642 acc=0.9072 pre=0.9117 rec=0.9080 f1=0.9086
2026-08-27 13:01:46,910 | EPOCH 32 train_loss=0.155720
2026-08-27 13:01:48,414 | EPOCH 32 VAL loss=0.244304 acc=0.9130 pre=0.9158 rec=0.9147 f1=0.9145
2026-08-27 13:01:51,218 | EPOCH 32 train_loss=0.155607
2026-08-27 13:01:52,993 | EPOCH 32 VAL loss=0.241641 acc=0.9137 pre=0.9172 rec=0.9154 f1=0.9153
2026-08-27 13:02:08,008 | EPOCH 33 train_loss=0.151285
2026-08-27 13:02:09,703 | EPOCH 33 VAL loss=0.244868 acc=0.9128 pre=0.9136 rec=0.9139 f1=0.9135
2026-08-27 13:02:13,515 | EPOCH 33 train_loss=0.151171
2026-08-27 13:02:15,133 | EPOCH 33 VAL loss=0.239524 acc=0.9165 pre=0.9169 rec=0.9174 f1=0.9170 BEST
2026-08-27 13:02:32,116 | EPOCH 34 train_loss=0.148885
2026-08-27 13:02:33,937 | EPOCH 34 VAL loss=0.265234 acc=0.9040 pre=0.9119 rec=0.9059 f1=0.9058
2026-08-27 13:02:38,223 | EPOCH 34 train_loss=0.148869
2026-08-27 13:02:39,992 | EPOCH 34 VAL loss=0.261591 acc=0.9060 pre=0.9129 rec=0.9081 f1=0.9077
2026-08-27 13:02:53,987 | EPOCH 35 train_loss=0.145078
2026-08-27 13:02:56,190 | EPOCH 35 VAL loss=0.231272 acc=0.9178 pre=0.9192 rec=0.9188 f1=0.9189 BEST
2026-08-27 13:03:04,232 | EPOCH 35 train_loss=0.144911
2026-08-27 13:03:06,703 | EPOCH 35 VAL loss=0.229004 acc=0.9182 pre=0.9192 rec=0.9190 f1=0.9191 BEST
2026-08-27 13:03:25,182 | EPOCH 36 train_loss=0.141951
2026-08-27 13:03:27,612 | EPOCH 36 VAL loss=0.239775 acc=0.9172 pre=0.9195 rec=0.9187 f1=0.9185
2026-08-27 13:03:35,550 | EPOCH 36 train_loss=0.141770
2026-08-27 13:03:37,886 | EPOCH 36 VAL loss=0.237513 acc=0.9162 pre=0.9181 rec=0.9177 f1=0.9174
2026-08-27 13:03:54,251 | EPOCH 37 train_loss=0.138938
2026-08-27 13:03:56,498 | EPOCH 37 VAL loss=0.237118 acc=0.9183 pre=0.9200 rec=0.9183 f1=0.9188
2026-08-27 13:04:04,876 | EPOCH 37 train_loss=0.138560
2026-08-27 13:04:07,207 | EPOCH 37 VAL loss=0.236242 acc=0.9162 pre=0.9181 rec=0.9161 f1=0.9167
2026-08-27 13:04:22,855 | EPOCH 38 train_loss=0.136488
2026-08-27 13:04:25,243 | EPOCH 38 VAL loss=0.242525 acc=0.9167 pre=0.9176 rec=0.9174 f1=0.9170
2026-08-27 13:04:34,513 | EPOCH 38 train_loss=0.136001
2026-08-27 13:04:36,862 | EPOCH 38 VAL loss=0.245284 acc=0.9137 pre=0.9153 rec=0.9143 f1=0.9138
2026-08-27 13:04:52,013 | EPOCH 39 train_loss=0.132809
2026-08-27 13:04:54,137 | EPOCH 39 VAL loss=0.249832 acc=0.9135 pre=0.9136 rec=0.9142 f1=0.9125
2026-08-27 13:05:03,353 | EPOCH 39 train_loss=0.132086
2026-08-27 13:05:05,824 | EPOCH 39 VAL loss=0.249575 acc=0.9173 pre=0.9175 rec=0.9181 f1=0.9168
2026-08-27 13:05:20,230 | EPOCH 40 train_loss=0.129355
2026-08-27 13:05:22,476 | EPOCH 40 VAL loss=0.258589 acc=0.9060 pre=0.9093 rec=0.9071 f1=0.9069
2026-08-27 13:05:32,031 | EPOCH 40 train_loss=0.129174
2026-08-27 13:05:34,389 | EPOCH 40 VAL loss=0.258268 acc=0.9093 pre=0.9121 rec=0.9104 f1=0.9099
2026-08-27 13:05:48,801 | EPOCH 41 train_loss=0.126803
2026-08-27 13:05:51,043 | EPOCH 41 VAL loss=0.249042 acc=0.9162 pre=0.9174 rec=0.9167 f1=0.9165
2026-08-27 13:06:01,369 | EPOCH 41 train_loss=0.126412
2026-08-27 13:06:03,708 | EPOCH 41 VAL loss=0.243753 acc=0.9175 pre=0.9184 rec=0.9181 f1=0.9178
2026-08-27 13:06:17,622 | EPOCH 42 train_loss=0.123853
2026-08-27 13:06:19,932 | EPOCH 42 VAL loss=0.248348 acc=0.9182 pre=0.9186 rec=0.9194 f1=0.9182
2026-08-27 13:06:30,991 | EPOCH 42 train_loss=0.123399
2026-08-27 13:06:33,389 | EPOCH 42 VAL loss=0.255576 acc=0.9148 pre=0.9159 rec=0.9160 f1=0.9144
2026-08-27 13:06:46,855 | EPOCH 43 train_loss=0.121718
2026-08-27 13:06:49,219 | EPOCH 43 VAL loss=0.237854 acc=0.9213 pre=0.9214 rec=0.9227 f1=0.9218 BEST
2026-08-27 13:07:01,124 | EPOCH 43 train_loss=0.121322
2026-08-27 13:07:03,493 | EPOCH 43 VAL loss=0.238675 acc=0.9208 pre=0.9224 rec=0.9225 f1=0.9219 BEST
2026-08-27 13:07:16,306 | EPOCH 44 train_loss=0.118728
2026-08-27 13:07:18,724 | EPOCH 44 VAL loss=0.245121 acc=0.9197 pre=0.9212 rec=0.9204 f1=0.9205
2026-08-27 13:07:32,364 | EPOCH 44 train_loss=0.118407
2026-08-27 13:07:34,796 | EPOCH 44 VAL loss=0.237329 acc=0.9212 pre=0.9222 rec=0.9217 f1=0.9216
2026-08-27 13:07:45,748 | EPOCH 45 train_loss=0.115441
2026-08-27 13:07:48,091 | EPOCH 45 VAL loss=0.238740 acc=0.9225 pre=0.9229 rec=0.9235 f1=0.9230 BEST
2026-08-27 13:08:02,157 | EPOCH 45 train_loss=0.115178
2026-08-27 13:08:04,654 | EPOCH 45 VAL loss=0.234884 acc=0.9225 pre=0.9229 rec=0.9232 f1=0.9229 BEST
2026-08-27 13:08:16,143 | EPOCH 46 train_loss=0.113805
2026-08-27 13:08:18,426 | EPOCH 46 VAL loss=0.250162 acc=0.9203 pre=0.9211 rec=0.9210 f1=0.9207
2026-08-27 13:08:32,752 | EPOCH 46 train_loss=0.112670
2026-08-27 13:08:36,414 | EPOCH 46 VAL loss=0.246982 acc=0.9152 pre=0.9162 rec=0.9161 f1=0.9158
2026-08-27 13:08:45,964 | EPOCH 47 train_loss=0.110311
2026-08-27 13:08:48,288 | EPOCH 47 VAL loss=0.264781 acc=0.9125 pre=0.9167 rec=0.9141 f1=0.9142
2026-08-27 13:09:03,585 | EPOCH 47 train_loss=0.109669
2026-08-27 13:09:06,207 | EPOCH 47 VAL loss=0.260420 acc=0.9135 pre=0.9173 rec=0.9151 f1=0.9151
2026-08-27 13:09:14,737 | EPOCH 48 train_loss=0.108176
2026-08-27 13:09:17,029 | EPOCH 48 VAL loss=0.242279 acc=0.9205 pre=0.9214 rec=0.9211 f1=0.9212
2026-08-27 13:09:32,788 | EPOCH 48 train_loss=0.107444
2026-08-27 13:09:35,231 | EPOCH 48 VAL loss=0.238241 acc=0.9212 pre=0.9218 rec=0.9218 f1=0.9217
2026-08-27 13:09:43,782 | EPOCH 49 train_loss=0.104859
2026-08-27 13:09:46,116 | EPOCH 49 VAL loss=0.257380 acc=0.9212 pre=0.9219 rec=0.9221 f1=0.9213
2026-08-27 13:10:02,047 | EPOCH 49 train_loss=0.104241
2026-08-27 13:10:04,463 | EPOCH 49 VAL loss=0.265587 acc=0.9185 pre=0.9198 rec=0.9194 f1=0.9186
2026-08-27 13:10:13,225 | EPOCH 50 train_loss=0.102890
2026-08-27 13:10:16,625 | EPOCH 50 VAL loss=0.250213 acc=0.9192 pre=0.9205 rec=0.9195 f1=0.9196
2026-08-27 13:10:31,661 | EPOCH 50 train_loss=0.101626
2026-08-27 13:10:33,960 | EPOCH 50 VAL loss=0.247958 acc=0.9183 pre=0.9196 rec=0.9189 f1=0.9190
2026-08-27 13:10:43,630 | EPOCH 51 train_loss=0.100609
2026-08-27 13:10:46,093 | EPOCH 51 VAL loss=0.262494 acc=0.9160 pre=0.9183 rec=0.9167 f1=0.9169
