2026-08-27 19:10:10,270 | START cnn_rmsprop_lr0.0005_s2026 opt=rmsprop lr=0.0005 seed=2026 device=cuda epochs=150 best_by=f1 stop_by=f1
2026-08-27 19:10:18,292 | START cnn_rmsprop_lr0.0005_s2026 opt=rmsprop lr=0.0005 seed=2026 device=cuda epochs=150 best_by=f1 stop_by=f1
2026-08-27 19:10:18,307 | RESUMED from epoch 0, batch 600
2026-08-27 19:10:20,908 | EPOCH 1 train_loss=0.527234
2026-08-27 19:10:21,634 | EPOCH 1 VAL loss=0.404477 acc=0.8607 pre=0.8598 rec=0.8619 f1=0.8573 BEST
2026-08-27 19:10:28,818 | EPOCH 1 train_loss=0.419538
2026-08-27 19:10:29,908 | EPOCH 1 VAL loss=0.406449 acc=0.8595 pre=0.8587 rec=0.8608 f1=0.8561 BEST
2026-08-27 19:10:32,562 | EPOCH 2 train_loss=0.367128
2026-08-27 19:10:33,705 | EPOCH 2 VAL loss=0.354329 acc=0.8730 pre=0.8749 rec=0.8745 f1=0.8709 BEST
2026-08-27 19:10:41,977 | EPOCH 2 train_loss=0.367222
2026-08-27 19:10:42,733 | EPOCH 2 VAL loss=0.353754 acc=0.8735 pre=0.8750 rec=0.8751 f1=0.8717 BEST
2026-08-27 19:10:46,209 | EPOCH 3 train_loss=0.321540
2026-08-27 19:10:46,945 | EPOCH 3 VAL loss=0.342935 acc=0.8740 pre=0.8890 rec=0.8777 f1=0.8774 BEST
2026-08-27 19:10:54,945 | EPOCH 3 train_loss=0.321979
2026-08-27 19:10:55,782 | EPOCH 3 VAL loss=0.345771 acc=0.8703 pre=0.8868 rec=0.8743 f1=0.8738 BEST
2026-08-27 19:10:59,915 | EPOCH 4 train_loss=0.291883
2026-08-27 19:11:00,690 | EPOCH 4 VAL loss=0.299255 acc=0.8908 pre=0.8935 rec=0.8913 f1=0.8906 BEST
2026-08-27 19:11:07,266 | EPOCH 4 train_loss=0.292571
2026-08-27 19:11:08,405 | EPOCH 4 VAL loss=0.298947 acc=0.8928 pre=0.8953 rec=0.8933 f1=0.8928 BEST
2026-08-27 19:11:12,084 | EPOCH 5 train_loss=0.268312
2026-08-27 19:11:13,399 | EPOCH 5 VAL loss=0.275028 acc=0.9000 pre=0.8996 rec=0.9013 f1=0.9001 BEST
2026-08-27 19:11:20,891 | EPOCH 5 train_loss=0.268773
2026-08-27 19:11:22,009 | EPOCH 5 VAL loss=0.274838 acc=0.9015 pre=0.9010 rec=0.9027 f1=0.9015 BEST
2026-08-27 19:11:25,288 | EPOCH 6 train_loss=0.250449
2026-08-27 19:11:26,279 | EPOCH 6 VAL loss=0.259984 acc=0.9050 pre=0.9052 rec=0.9057 f1=0.9047 BEST
2026-08-27 19:11:34,851 | EPOCH 6 train_loss=0.250897
2026-08-27 19:11:36,030 | EPOCH 6 VAL loss=0.260409 acc=0.9065 pre=0.9066 rec=0.9072 f1=0.9062 BEST
2026-08-27 19:11:37,847 | EPOCH 7 train_loss=0.234117
2026-08-27 19:11:38,595 | EPOCH 7 VAL loss=0.264798 acc=0.9010 pre=0.9084 rec=0.9032 f1=0.9033
2026-08-27 19:11:48,292 | EPOCH 7 train_loss=0.234400
2026-08-27 19:11:49,428 | EPOCH 7 VAL loss=0.268527 acc=0.8997 pre=0.9078 rec=0.9020 f1=0.9021
2026-08-27 19:11:49,702 | EPOCH 8 train_loss=0.221710
2026-08-27 19:11:50,799 | EPOCH 8 VAL loss=0.244057 acc=0.9115 pre=0.9136 rec=0.9128 f1=0.9127 BEST
2026-08-27 19:12:01,868 | EPOCH 8 train_loss=0.222032
2026-08-27 19:12:02,994 | EPOCH 8 VAL loss=0.244174 acc=0.9092 pre=0.9118 rec=0.9106 f1=0.9106 BEST
2026-08-27 19:12:03,441 | EPOCH 9 train_loss=0.208325
2026-08-27 19:12:04,172 | EPOCH 9 VAL loss=0.237689 acc=0.9123 pre=0.9148 rec=0.9130 f1=0.9134 BEST
2026-08-27 19:12:14,718 | EPOCH 9 train_loss=0.208990
2026-08-27 19:12:15,641 | EPOCH 9 VAL loss=0.239325 acc=0.9112 pre=0.9138 rec=0.9119 f1=0.9123 BEST
2026-08-27 19:12:15,984 | EPOCH 10 train_loss=0.197991
2026-08-27 19:12:17,082 | EPOCH 10 VAL loss=0.242304 acc=0.9088 pre=0.9124 rec=0.9093 f1=0.9087
2026-08-27 19:12:27,213 | EPOCH 10 train_loss=0.198354
2026-08-27 19:12:28,357 | EPOCH 10 VAL loss=0.251322 acc=0.9068 pre=0.9113 rec=0.9075 f1=0.9068
2026-08-27 19:12:28,902 | EPOCH 11 train_loss=0.187406
2026-08-27 19:12:29,839 | EPOCH 11 VAL loss=0.236374 acc=0.9142 pre=0.9170 rec=0.9155 f1=0.9150 BEST
2026-08-27 19:12:39,869 | EPOCH 11 train_loss=0.188485
2026-08-27 19:12:40,806 | EPOCH 11 VAL loss=0.236823 acc=0.9142 pre=0.9169 rec=0.9155 f1=0.9150 BEST
2026-08-27 19:12:42,726 | EPOCH 12 train_loss=0.178015
2026-08-27 19:12:43,583 | EPOCH 12 VAL loss=0.237026 acc=0.9103 pre=0.9151 rec=0.9105 f1=0.9092
2026-08-27 19:12:53,203 | EPOCH 12 train_loss=0.178363
2026-08-27 19:12:54,325 | EPOCH 12 VAL loss=0.235149 acc=0.9125 pre=0.9163 rec=0.9126 f1=0.9117
2026-08-27 19:12:54,557 | EPOCH 13 train_loss=0.170333
2026-08-27 19:12:55,368 | EPOCH 13 VAL loss=0.245003 acc=0.9122 pre=0.9157 rec=0.9125 f1=0.9128
2026-08-27 19:13:05,819 | EPOCH 13 train_loss=0.170925
2026-08-27 19:13:06,909 | EPOCH 14 train_loss=0.160202
2026-08-27 19:13:06,974 | EPOCH 13 VAL loss=0.251273 acc=0.9108 pre=0.9151 rec=0.9112 f1=0.9117
2026-08-27 19:13:08,084 | EPOCH 14 VAL loss=0.236155 acc=0.9157 pre=0.9183 rec=0.9161 f1=0.9151 BEST
2026-08-27 19:13:19,125 | EPOCH 14 train_loss=0.160646
2026-08-27 19:13:20,001 | EPOCH 15 train_loss=0.151999
2026-08-27 19:13:20,281 | EPOCH 14 VAL loss=0.246584 acc=0.9125 pre=0.9155 rec=0.9128 f1=0.9120
2026-08-27 19:13:20,855 | EPOCH 15 VAL loss=0.220086 acc=0.9188 pre=0.9202 rec=0.9203 f1=0.9199 BEST
2026-08-27 19:13:32,689 | EPOCH 16 train_loss=0.145952
2026-08-27 19:13:32,775 | EPOCH 15 train_loss=0.152793
2026-08-27 19:13:33,566 | EPOCH 16 VAL loss=0.227519 acc=0.9162 pre=0.9180 rec=0.9172 f1=0.9161
2026-08-27 19:13:33,711 | EPOCH 15 VAL loss=0.227653 acc=0.9182 pre=0.9197 rec=0.9195 f1=0.9193 BEST
2026-08-27 19:13:43,980 | EPOCH 17 train_loss=0.137636
2026-08-27 19:13:44,789 | EPOCH 17 VAL loss=0.243210 acc=0.9137 pre=0.9183 rec=0.9138 f1=0.9113
2026-08-27 19:13:45,794 | EPOCH 16 train_loss=0.146131
2026-08-27 19:13:46,305 | START cnn_rmsprop_lr0.0005_s2026 opt=rmsprop lr=0.0005 seed=2026 device=cuda epochs=150 best_by=f1 stop_by=f1
2026-08-27 19:13:46,317 | RESUMED from epoch 15, batch 800
2026-08-27 19:13:46,988 | EPOCH 16 VAL loss=0.229937 acc=0.9153 pre=0.9174 rec=0.9163 f1=0.9155
2026-08-27 19:13:55,166 | EPOCH 16 train_loss=0.167839
2026-08-27 19:13:55,893 | EPOCH 18 train_loss=0.130289
2026-08-27 19:13:56,449 | EPOCH 16 VAL loss=0.229937 acc=0.9153 pre=0.9174 rec=0.9163 f1=0.9155
2026-08-27 19:13:56,765 | EPOCH 18 VAL loss=0.229797 acc=0.9188 pre=0.9207 rec=0.9192 f1=0.9193
2026-08-27 19:13:59,786 | EPOCH 17 train_loss=0.137912
2026-08-27 19:14:00,913 | EPOCH 17 VAL loss=0.237269 acc=0.9140 pre=0.9176 rec=0.9141 f1=0.9121
2026-08-27 19:14:07,325 | EPOCH 17 train_loss=0.138039
2026-08-27 19:14:08,084 | EPOCH 17 VAL loss=0.237181 acc=0.9158 pre=0.9192 rec=0.9160 f1=0.9139
2026-08-27 19:14:08,562 | EPOCH 19 train_loss=0.123615
2026-08-27 19:14:09,655 | EPOCH 19 VAL loss=0.230099 acc=0.9218 pre=0.9240 rec=0.9222 f1=0.9215 BEST
2026-08-27 19:14:11,787 | EPOCH 18 train_loss=0.130736
2026-08-27 19:14:12,558 | EPOCH 18 VAL loss=0.235793 acc=0.9165 pre=0.9189 rec=0.9167 f1=0.9166
2026-08-27 19:14:20,547 | EPOCH 18 train_loss=0.130832
2026-08-27 19:14:21,724 | EPOCH 18 VAL loss=0.232830 acc=0.9172 pre=0.9194 rec=0.9174 f1=0.9174
2026-08-27 19:14:22,113 | EPOCH 20 train_loss=0.116555
2026-08-27 19:14:23,518 | EPOCH 20 VAL loss=0.247414 acc=0.9160 pre=0.9171 rec=0.9165 f1=0.9152
2026-08-27 19:14:25,231 | EPOCH 19 train_loss=0.124257
2026-08-27 19:14:26,362 | EPOCH 19 VAL loss=0.234995 acc=0.9200 pre=0.9225 rec=0.9203 f1=0.9197 BEST
2026-08-27 19:14:33,898 | EPOCH 19 train_loss=0.124389
2026-08-27 19:14:34,271 | EPOCH 21 train_loss=0.109895
2026-08-27 19:14:35,011 | EPOCH 19 VAL loss=0.236607 acc=0.9182 pre=0.9212 rec=0.9184 f1=0.9177
2026-08-27 19:14:35,383 | EPOCH 21 VAL loss=0.232914 acc=0.9208 pre=0.9213 rec=0.9215 f1=0.9207
2026-08-27 19:14:37,416 | EPOCH 20 train_loss=0.117270
2026-08-27 19:14:38,555 | EPOCH 20 VAL loss=0.251170 acc=0.9172 pre=0.9182 rec=0.9180 f1=0.9165
2026-08-27 19:14:46,949 | EPOCH 20 train_loss=0.117258
2026-08-27 19:14:47,863 | EPOCH 22 train_loss=0.103586
2026-08-27 19:14:48,082 | EPOCH 20 VAL loss=0.248092 acc=0.9177 pre=0.9187 rec=0.9184 f1=0.9171
2026-08-27 19:14:48,679 | EPOCH 22 VAL loss=0.262339 acc=0.9157 pre=0.9185 rec=0.9172 f1=0.9166
2026-08-27 19:14:49,975 | EPOCH 21 train_loss=0.111224
2026-08-27 19:14:51,007 | EPOCH 21 VAL loss=0.234999 acc=0.9198 pre=0.9205 rec=0.9206 f1=0.9200 BEST
2026-08-27 19:14:58,446 | EPOCH 21 train_loss=0.111240
2026-08-27 19:14:59,232 | EPOCH 21 VAL loss=0.237164 acc=0.9210 pre=0.9215 rec=0.9218 f1=0.9211 BEST
2026-08-27 19:15:00,729 | EPOCH 23 train_loss=0.097033
2026-08-27 19:15:01,498 | EPOCH 23 VAL loss=0.284417 acc=0.9090 pre=0.9113 rec=0.9100 f1=0.9089
2026-08-27 19:15:03,946 | EPOCH 22 train_loss=0.104318
2026-08-27 19:15:05,192 | EPOCH 22 VAL loss=0.260601 acc=0.9153 pre=0.9176 rec=0.9167 f1=0.9162
2026-08-27 19:15:12,132 | EPOCH 22 train_loss=0.104390
2026-08-27 19:15:13,248 | EPOCH 22 VAL loss=0.251131 acc=0.9188 pre=0.9198 rec=0.9199 f1=0.9194
2026-08-27 19:15:14,212 | EPOCH 24 train_loss=0.092061
2026-08-27 19:15:15,271 | EPOCH 24 VAL loss=0.252333 acc=0.9225 pre=0.9232 rec=0.9235 f1=0.9232 BEST
2026-08-27 19:15:15,654 | EPOCH 23 train_loss=0.098327
2026-08-27 19:15:16,472 | EPOCH 23 VAL loss=0.287413 acc=0.9080 pre=0.9105 rec=0.9090 f1=0.9080
2026-08-27 19:15:25,212 | EPOCH 23 train_loss=0.098453
2026-08-27 19:15:26,045 | EPOCH 23 VAL loss=0.289907 acc=0.9082 pre=0.9110 rec=0.9091 f1=0.9080
2026-08-27 19:15:26,299 | EPOCH 25 train_loss=0.087023
2026-08-27 19:15:27,487 | EPOCH 25 VAL loss=0.269162 acc=0.9180 pre=0.9198 rec=0.9186 f1=0.9182
2026-08-27 19:15:29,498 | EPOCH 24 train_loss=0.093298
2026-08-27 19:15:30,613 | EPOCH 24 VAL loss=0.252057 acc=0.9205 pre=0.9210 rec=0.9217 f1=0.9212 BEST
2026-08-27 19:15:37,308 | EPOCH 24 train_loss=0.093603
2026-08-27 19:15:38,270 | EPOCH 24 VAL loss=0.252663 acc=0.9203 pre=0.9208 rec=0.9216 f1=0.9211
2026-08-27 19:15:39,078 | EPOCH 26 train_loss=0.080871
2026-08-27 19:15:39,982 | EPOCH 26 VAL loss=0.264075 acc=0.9210 pre=0.9220 rec=0.9221 f1=0.9220
2026-08-27 19:15:42,903 | EPOCH 25 train_loss=0.088220
2026-08-27 19:15:43,658 | EPOCH 25 VAL loss=0.271511 acc=0.9182 pre=0.9205 rec=0.9187 f1=0.9186
2026-08-27 19:15:49,508 | EPOCH 25 train_loss=0.088471
2026-08-27 19:15:50,689 | EPOCH 25 VAL loss=0.271893 acc=0.9178 pre=0.9199 rec=0.9184 f1=0.9181
2026-08-27 19:15:52,299 | EPOCH 27 train_loss=0.075707
2026-08-27 19:15:53,420 | EPOCH 27 VAL loss=0.276087 acc=0.9200 pre=0.9210 rec=0.9210 f1=0.9209
2026-08-27 19:15:56,140 | EPOCH 26 train_loss=0.082985
2026-08-27 19:15:57,245 | EPOCH 26 VAL loss=0.259789 acc=0.9203 pre=0.9210 rec=0.9212 f1=0.9210
2026-08-27 19:16:01,565 | EPOCH 26 train_loss=0.082993
2026-08-27 19:16:02,578 | EPOCH 26 VAL loss=0.262595 acc=0.9192 pre=0.9201 rec=0.9200 f1=0.9200
2026-08-27 19:16:04,235 | EPOCH 28 train_loss=0.070920
2026-08-27 19:16:05,085 | EPOCH 28 VAL loss=0.288502 acc=0.9187 pre=0.9205 rec=0.9194 f1=0.9198
2026-08-27 19:16:08,732 | EPOCH 27 train_loss=0.077331
2026-08-27 19:16:09,871 | EPOCH 27 VAL loss=0.281931 acc=0.9205 pre=0.9219 rec=0.9214 f1=0.9215 BEST
2026-08-27 19:16:14,244 | EPOCH 27 train_loss=0.077437
2026-08-27 19:16:15,444 | EPOCH 27 VAL loss=0.277910 acc=0.9200 pre=0.9213 rec=0.9210 f1=0.9211
2026-08-27 19:16:16,981 | EPOCH 29 train_loss=0.066398
2026-08-27 19:16:17,733 | EPOCH 29 VAL loss=0.299126 acc=0.9147 pre=0.9159 rec=0.9154 f1=0.9148
2026-08-27 19:16:22,345 | EPOCH 28 train_loss=0.073325
2026-08-27 19:16:23,309 | EPOCH 28 VAL loss=0.288941 acc=0.9177 pre=0.9195 rec=0.9185 f1=0.9188
2026-08-27 19:16:27,199 | EPOCH 28 train_loss=0.073395
2026-08-27 19:16:27,989 | EPOCH 28 VAL loss=0.286678 acc=0.9157 pre=0.9176 rec=0.9163 f1=0.9168
2026-08-27 19:16:29,454 | EPOCH 30 train_loss=0.062126
2026-08-27 19:16:30,439 | EPOCH 30 VAL loss=0.306504 acc=0.9135 pre=0.9156 rec=0.9140 f1=0.9141
2026-08-27 19:16:35,478 | EPOCH 29 train_loss=0.067878
2026-08-27 19:16:36,681 | EPOCH 29 VAL loss=0.322671 acc=0.9107 pre=0.9131 rec=0.9114 f1=0.9105
2026-08-27 19:16:39,916 | EPOCH 29 train_loss=0.067949
2026-08-27 19:16:41,040 | EPOCH 29 VAL loss=0.322855 acc=0.9102 pre=0.9127 rec=0.9110 f1=0.9104
2026-08-27 19:16:42,138 | EPOCH 31 train_loss=0.057395
2026-08-27 19:16:43,256 | EPOCH 31 VAL loss=0.331832 acc=0.9123 pre=0.9145 rec=0.9134 f1=0.9135
2026-08-27 19:16:49,453 | EPOCH 30 train_loss=0.063112
2026-08-27 19:16:50,445 | EPOCH 30 train_loss=0.063502
2026-08-27 19:16:50,563 | EPOCH 30 VAL loss=0.296472 acc=0.9182 pre=0.9190 rec=0.9187 f1=0.9184
2026-08-27 19:16:51,241 | EPOCH 30 VAL loss=0.301028 acc=0.9143 pre=0.9159 rec=0.9147 f1=0.9146
2026-08-27 19:16:55,226 | EPOCH 32 train_loss=0.054433
2026-08-27 19:16:56,378 | EPOCH 32 VAL loss=0.338217 acc=0.9127 pre=0.9165 rec=0.9144 f1=0.9146
2026-08-27 19:17:02,847 | EPOCH 31 train_loss=0.058645
2026-08-27 19:17:02,900 | EPOCH 31 train_loss=0.058608
2026-08-27 19:17:03,651 | EPOCH 31 VAL loss=0.311177 acc=0.9177 pre=0.9191 rec=0.9188 f1=0.9187
2026-08-27 19:17:03,658 | DONE best_epoch=21 best_val_loss=0.237164 early_stop=True time=411.08s
2026-08-27 19:17:03,897 | EPOCH 31 VAL loss=0.317055 acc=0.9157 pre=0.9174 rec=0.9166 f1=0.9166
2026-08-27 19:17:07,896 | EPOCH 33 train_loss=0.050699
2026-08-27 19:17:08,689 | EPOCH 33 VAL loss=0.339425 acc=0.9132 pre=0.9153 rec=0.9145 f1=0.9146
2026-08-27 19:17:15,072 | EPOCH 32 train_loss=0.055934
2026-08-27 19:17:15,812 | EPOCH 32 VAL loss=0.335151 acc=0.9102 pre=0.9132 rec=0.9120 f1=0.9118
2026-08-27 19:17:19,843 | EPOCH 34 train_loss=0.047269
2026-08-27 19:17:20,939 | EPOCH 34 VAL loss=0.347079 acc=0.9133 pre=0.9185 rec=0.9149 f1=0.9155
2026-08-27 19:17:20,951 | DONE best_epoch=24 best_val_loss=0.252333 early_stop=True time=429.48s
2026-08-27 19:17:27,169 | EPOCH 33 train_loss=0.051373
2026-08-27 19:17:27,926 | EPOCH 33 VAL loss=0.335233 acc=0.9113 pre=0.9134 rec=0.9127 f1=0.9128
2026-08-27 19:17:38,377 | EPOCH 34 train_loss=0.048701
2026-08-27 19:17:39,324 | EPOCH 34 VAL loss=0.398452 acc=0.9042 pre=0.9175 rec=0.9068 f1=0.9076
2026-08-27 19:17:51,126 | EPOCH 35 train_loss=0.044262
2026-08-27 19:17:52,098 | EPOCH 35 VAL loss=0.355216 acc=0.9118 pre=0.9135 rec=0.9123 f1=0.9128
2026-08-27 19:18:03,030 | EPOCH 36 train_loss=0.041576
2026-08-27 19:18:04,159 | EPOCH 36 VAL loss=0.360835 acc=0.9110 pre=0.9126 rec=0.9122 f1=0.9122
2026-08-27 19:18:16,955 | EPOCH 37 train_loss=0.039100
2026-08-27 19:18:18,096 | EPOCH 37 VAL loss=0.375715 acc=0.9137 pre=0.9148 rec=0.9143 f1=0.9145
2026-08-27 19:18:18,106 | DONE best_epoch=27 best_val_loss=0.281931 early_stop=True time=486.2s
