2026-08-27 06:40:58,957 | START cnn_sgd_lr0.01_s42 opt=sgd lr=0.01 seed=42 device=cuda epochs=150 best_by=f1 stop_by=f1
2026-08-27 06:41:06,620 | EPOCH 1 train_loss=1.264142
2026-08-27 06:41:07,266 | EPOCH 1 VAL loss=0.808270 acc=0.6775 pre=0.7196 rec=0.6775 f1=0.6431 BEST
2026-08-27 06:41:15,081 | EPOCH 2 train_loss=0.653651
2026-08-27 06:41:15,770 | EPOCH 2 VAL loss=0.654699 acc=0.7432 pre=0.7949 rec=0.7422 f1=0.7486 BEST
2026-08-27 06:41:23,672 | EPOCH 3 train_loss=0.572188
2026-08-27 06:41:24,270 | EPOCH 3 VAL loss=0.577866 acc=0.7940 pre=0.7964 rec=0.7964 f1=0.7869 BEST
2026-08-27 06:41:32,142 | EPOCH 4 train_loss=0.519463
2026-08-27 06:41:32,809 | EPOCH 4 VAL loss=0.521130 acc=0.8082 pre=0.8162 rec=0.8088 f1=0.8048 BEST
2026-08-27 06:41:40,440 | EPOCH 5 train_loss=0.480120
2026-08-27 06:41:41,040 | EPOCH 5 VAL loss=0.475948 acc=0.8257 pre=0.8295 rec=0.8255 f1=0.8191 BEST
2026-08-27 06:41:48,697 | EPOCH 6 train_loss=0.450812
2026-08-27 06:41:49,295 | EPOCH 6 VAL loss=0.450343 acc=0.8398 pre=0.8403 rec=0.8408 f1=0.8329 BEST
2026-08-27 06:41:56,832 | EPOCH 7 train_loss=0.427901
2026-08-27 06:41:57,423 | EPOCH 7 VAL loss=0.427212 acc=0.8487 pre=0.8502 rec=0.8505 f1=0.8476 BEST
2026-08-27 06:42:05,098 | EPOCH 8 train_loss=0.409159
2026-08-27 06:42:05,825 | EPOCH 8 VAL loss=0.417148 acc=0.8445 pre=0.8513 rec=0.8456 f1=0.8432
2026-08-27 06:42:13,190 | EPOCH 9 train_loss=0.392477
2026-08-27 06:42:13,853 | EPOCH 9 VAL loss=0.416758 acc=0.8468 pre=0.8533 rec=0.8480 f1=0.8416
2026-08-27 06:42:20,943 | EPOCH 10 train_loss=0.380277
2026-08-27 06:42:21,572 | EPOCH 10 VAL loss=0.415757 acc=0.8457 pre=0.8539 rec=0.8471 f1=0.8465
2026-08-27 06:42:28,665 | EPOCH 11 train_loss=0.366994
2026-08-27 06:42:29,267 | EPOCH 11 VAL loss=0.383184 acc=0.8628 pre=0.8643 rec=0.8644 f1=0.8610 BEST
2026-08-27 06:42:37,351 | EPOCH 12 train_loss=0.357446
2026-08-27 06:42:37,946 | EPOCH 12 VAL loss=0.357996 acc=0.8727 pre=0.8736 rec=0.8734 f1=0.8712 BEST
2026-08-27 06:42:45,559 | EPOCH 13 train_loss=0.347870
2026-08-27 06:42:46,182 | EPOCH 13 VAL loss=0.354784 acc=0.8722 pre=0.8722 rec=0.8731 f1=0.8692
2026-08-27 06:42:53,412 | EPOCH 14 train_loss=0.340404
2026-08-27 06:42:54,081 | EPOCH 14 VAL loss=0.347249 acc=0.8782 pre=0.8791 rec=0.8788 f1=0.8760 BEST
2026-08-27 06:43:01,419 | EPOCH 15 train_loss=0.331870
2026-08-27 06:43:02,006 | EPOCH 15 VAL loss=0.388485 acc=0.8630 pre=0.8677 rec=0.8647 f1=0.8584
2026-08-27 06:43:09,356 | EPOCH 16 train_loss=0.325200
2026-08-27 06:43:09,943 | EPOCH 16 VAL loss=0.337861 acc=0.8773 pre=0.8798 rec=0.8786 f1=0.8780 BEST
2026-08-27 06:43:18,094 | EPOCH 17 train_loss=0.318328
2026-08-27 06:43:18,726 | EPOCH 17 VAL loss=0.327838 acc=0.8845 pre=0.8852 rec=0.8858 f1=0.8851 BEST
2026-08-27 06:43:26,314 | EPOCH 18 train_loss=0.311951
2026-08-27 06:43:26,914 | EPOCH 18 VAL loss=0.328974 acc=0.8840 pre=0.8857 rec=0.8850 f1=0.8829
2026-08-27 06:43:34,042 | EPOCH 19 train_loss=0.306105
2026-08-27 06:43:34,731 | EPOCH 19 VAL loss=0.321346 acc=0.8857 pre=0.8878 rec=0.8862 f1=0.8859 BEST
2026-08-27 06:43:42,498 | EPOCH 20 train_loss=0.299359
2026-08-27 06:43:43,118 | EPOCH 20 VAL loss=0.323704 acc=0.8865 pre=0.8867 rec=0.8877 f1=0.8852
2026-08-27 06:43:50,410 | EPOCH 21 train_loss=0.295355
2026-08-27 06:43:51,010 | EPOCH 21 VAL loss=0.312302 acc=0.8880 pre=0.8891 rec=0.8890 f1=0.8879 BEST
2026-08-27 06:43:58,786 | EPOCH 22 train_loss=0.289566
2026-08-27 06:43:59,404 | EPOCH 22 VAL loss=0.319357 acc=0.8852 pre=0.8918 rec=0.8865 f1=0.8874
2026-08-27 06:44:06,560 | EPOCH 23 train_loss=0.284477
2026-08-27 06:44:07,183 | EPOCH 23 VAL loss=0.306631 acc=0.8887 pre=0.8895 rec=0.8894 f1=0.8867
2026-08-27 06:44:14,445 | EPOCH 24 train_loss=0.279785
2026-08-27 06:44:15,075 | EPOCH 24 VAL loss=0.317994 acc=0.8862 pre=0.8888 rec=0.8870 f1=0.8856
2026-08-27 06:44:22,596 | EPOCH 25 train_loss=0.276004
2026-08-27 06:44:23,203 | EPOCH 25 VAL loss=0.315951 acc=0.8868 pre=0.8906 rec=0.8864 f1=0.8858
2026-08-27 06:44:30,407 | EPOCH 26 train_loss=0.271499
2026-08-27 06:44:31,019 | EPOCH 26 VAL loss=0.316064 acc=0.8823 pre=0.8854 rec=0.8820 f1=0.8783
2026-08-27 06:44:38,389 | EPOCH 27 train_loss=0.267554
2026-08-27 06:44:39,044 | EPOCH 27 VAL loss=0.326004 acc=0.8777 pre=0.8870 rec=0.8813 f1=0.8792
2026-08-27 06:44:46,228 | EPOCH 28 train_loss=0.263334
2026-08-27 06:44:46,842 | EPOCH 28 VAL loss=0.294932 acc=0.8960 pre=0.8976 rec=0.8968 f1=0.8943 BEST
2026-08-27 06:44:54,291 | EPOCH 29 train_loss=0.258784
2026-08-27 06:44:54,901 | EPOCH 29 VAL loss=0.295045 acc=0.8912 pre=0.8949 rec=0.8912 f1=0.8900
2026-08-27 06:45:02,303 | EPOCH 30 train_loss=0.255798
2026-08-27 06:45:02,890 | EPOCH 30 VAL loss=0.281566 acc=0.8985 pre=0.9001 rec=0.8997 f1=0.8991 BEST
2026-08-27 06:45:10,433 | EPOCH 31 train_loss=0.251031
2026-08-27 06:45:11,027 | EPOCH 31 VAL loss=0.292884 acc=0.8942 pre=0.8966 rec=0.8944 f1=0.8920
2026-08-27 06:45:18,253 | EPOCH 32 train_loss=0.248164
2026-08-27 06:45:18,855 | EPOCH 32 VAL loss=0.285371 acc=0.8935 pre=0.8975 rec=0.8959 f1=0.8948
2026-08-27 06:45:26,443 | EPOCH 33 train_loss=0.245156
2026-08-27 06:45:27,062 | EPOCH 33 VAL loss=0.322701 acc=0.8827 pre=0.8944 rec=0.8824 f1=0.8812
2026-08-27 06:45:34,162 | EPOCH 34 train_loss=0.241120
2026-08-27 06:45:34,742 | EPOCH 34 VAL loss=0.285398 acc=0.8942 pre=0.8988 rec=0.8964 f1=0.8959
2026-08-27 06:45:42,123 | EPOCH 35 train_loss=0.238275
2026-08-27 06:45:42,752 | EPOCH 35 VAL loss=0.300149 acc=0.8923 pre=0.9016 rec=0.8933 f1=0.8943
2026-08-27 06:45:49,870 | EPOCH 36 train_loss=0.234861
2026-08-27 06:45:50,472 | EPOCH 36 VAL loss=0.277778 acc=0.9020 pre=0.9035 rec=0.9026 f1=0.9009 BEST
2026-08-27 06:45:57,982 | EPOCH 37 train_loss=0.232419
2026-08-27 06:45:58,578 | EPOCH 37 VAL loss=0.297059 acc=0.8910 pre=0.8998 rec=0.8911 f1=0.8887
2026-08-27 06:46:06,080 | EPOCH 38 train_loss=0.228853
2026-08-27 06:46:06,705 | EPOCH 38 VAL loss=0.299088 acc=0.8888 pre=0.8936 rec=0.8895 f1=0.8875
2026-08-27 06:46:13,893 | EPOCH 39 train_loss=0.226903
2026-08-27 06:46:14,481 | EPOCH 39 VAL loss=0.278001 acc=0.8985 pre=0.9055 rec=0.9002 f1=0.9010 BEST
2026-08-27 06:46:21,924 | EPOCH 40 train_loss=0.223232
2026-08-27 06:46:22,898 | EPOCH 40 VAL loss=0.268423 acc=0.9020 pre=0.9040 rec=0.9025 f1=0.9023 BEST
2026-08-27 06:46:30,600 | EPOCH 41 train_loss=0.220412
2026-08-27 06:46:31,195 | EPOCH 41 VAL loss=0.263334 acc=0.9055 pre=0.9073 rec=0.9066 f1=0.9065 BEST
2026-08-27 06:46:38,791 | EPOCH 42 train_loss=0.217127
2026-08-27 06:46:39,429 | EPOCH 42 VAL loss=0.272613 acc=0.9000 pre=0.9020 rec=0.9007 f1=0.8982
2026-08-27 06:46:46,839 | EPOCH 43 train_loss=0.216166
2026-08-27 06:46:47,429 | EPOCH 43 VAL loss=0.262880 acc=0.9038 pre=0.9048 rec=0.9043 f1=0.9039
2026-08-27 06:46:54,569 | EPOCH 44 train_loss=0.213908
2026-08-27 06:46:55,147 | EPOCH 44 VAL loss=0.266895 acc=0.9027 pre=0.9032 rec=0.9039 f1=0.9028
2026-08-27 06:47:02,321 | EPOCH 45 train_loss=0.210830
2026-08-27 06:47:02,949 | EPOCH 45 VAL loss=0.264297 acc=0.9048 pre=0.9055 rec=0.9058 f1=0.9039
2026-08-27 06:47:10,881 | EPOCH 46 train_loss=0.207341
2026-08-27 06:47:11,515 | EPOCH 46 VAL loss=0.272669 acc=0.9003 pre=0.9030 rec=0.9011 f1=0.9008
2026-08-27 06:47:18,701 | EPOCH 47 train_loss=0.203798
2026-08-27 06:47:19,312 | EPOCH 47 VAL loss=0.267692 acc=0.9020 pre=0.9072 rec=0.9035 f1=0.9039
2026-08-27 06:47:26,767 | EPOCH 48 train_loss=0.202299
2026-08-27 06:47:27,367 | EPOCH 48 VAL loss=0.280444 acc=0.9005 pre=0.9059 rec=0.9007 f1=0.8992
2026-08-27 06:47:34,526 | EPOCH 49 train_loss=0.200182
2026-08-27 06:47:35,117 | EPOCH 49 VAL loss=0.247426 acc=0.9102 pre=0.9108 rec=0.9112 f1=0.9109 BEST
2026-08-27 06:47:42,873 | EPOCH 50 train_loss=0.197746
2026-08-27 06:47:43,531 | EPOCH 50 VAL loss=0.272710 acc=0.8993 pre=0.9046 rec=0.9009 f1=0.9015
2026-08-27 06:47:51,147 | EPOCH 51 train_loss=0.195568
2026-08-27 06:47:51,747 | EPOCH 51 VAL loss=0.263941 acc=0.9043 pre=0.9057 rec=0.9053 f1=0.9043
2026-08-27 06:47:58,906 | EPOCH 52 train_loss=0.193012
2026-08-27 06:47:59,516 | EPOCH 52 VAL loss=0.268093 acc=0.9050 pre=0.9072 rec=0.9062 f1=0.9059
2026-08-27 06:48:06,594 | EPOCH 53 train_loss=0.191593
2026-08-27 06:48:07,231 | EPOCH 53 VAL loss=0.262431 acc=0.9037 pre=0.9046 rec=0.9042 f1=0.9031
2026-08-27 06:48:14,597 | EPOCH 54 train_loss=0.188684
2026-08-27 06:48:15,200 | EPOCH 54 VAL loss=0.270622 acc=0.8998 pre=0.9032 rec=0.8998 f1=0.8986
2026-08-27 06:48:22,314 | EPOCH 55 train_loss=0.186572
2026-08-27 06:48:22,922 | EPOCH 55 VAL loss=0.257599 acc=0.9072 pre=0.9134 rec=0.9088 f1=0.9094
2026-08-27 06:48:30,538 | EPOCH 56 train_loss=0.182778
2026-08-27 06:48:31,144 | EPOCH 56 VAL loss=0.286683 acc=0.9017 pre=0.9052 rec=0.9021 f1=0.8989
2026-08-27 06:48:38,474 | EPOCH 57 train_loss=0.182397
2026-08-27 06:48:39,074 | EPOCH 57 VAL loss=0.252937 acc=0.9075 pre=0.9097 rec=0.9077 f1=0.9075
2026-08-27 06:48:46,566 | EPOCH 58 train_loss=0.180296
2026-08-27 06:48:47,187 | EPOCH 58 VAL loss=0.261304 acc=0.9088 pre=0.9115 rec=0.9092 f1=0.9092
2026-08-27 06:48:54,701 | EPOCH 59 train_loss=0.176393
2026-08-27 06:48:55,306 | EPOCH 59 VAL loss=0.270287 acc=0.9062 pre=0.9071 rec=0.9079 f1=0.9061
2026-08-27 06:48:55,309 | DONE best_epoch=49 best_val_loss=0.247426 early_stop=True time=475.66s
