2026-08-27 12:03:35,160 | START mlp_adamax_lr0.002_s123 opt=adamax lr=0.002 seed=123 device=cuda epochs=150 best_by=f1 stop_by=f1
2026-08-27 12:03:41,706 | EPOCH 1 train_loss=0.562760
2026-08-27 12:03:42,261 | EPOCH 1 VAL loss=0.448160 acc=0.8428 pre=0.8484 rec=0.8425 f1=0.8377 BEST
2026-08-27 12:03:49,067 | EPOCH 2 train_loss=0.401358
2026-08-27 12:03:49,623 | EPOCH 2 VAL loss=0.416879 acc=0.8490 pre=0.8583 rec=0.8494 f1=0.8457 BEST
2026-08-27 12:03:56,493 | EPOCH 3 train_loss=0.355299
2026-08-27 12:03:57,063 | EPOCH 3 VAL loss=0.358789 acc=0.8692 pre=0.8719 rec=0.8702 f1=0.8697 BEST
2026-08-27 12:04:04,467 | EPOCH 4 train_loss=0.330079
2026-08-27 12:04:05,030 | EPOCH 4 VAL loss=0.345670 acc=0.8742 pre=0.8745 rec=0.8753 f1=0.8731 BEST
2026-08-27 12:04:11,976 | EPOCH 5 train_loss=0.308663
2026-08-27 12:04:12,537 | EPOCH 5 VAL loss=0.336003 acc=0.8813 pre=0.8821 rec=0.8823 f1=0.8800 BEST
2026-08-27 12:04:19,417 | EPOCH 6 train_loss=0.293644
2026-08-27 12:04:20,012 | EPOCH 6 VAL loss=0.323979 acc=0.8818 pre=0.8840 rec=0.8834 f1=0.8834 BEST
2026-08-27 12:04:27,034 | EPOCH 7 train_loss=0.279068
2026-08-27 12:04:27,625 | EPOCH 7 VAL loss=0.337884 acc=0.8735 pre=0.8787 rec=0.8758 f1=0.8753
2026-08-27 12:04:34,289 | EPOCH 8 train_loss=0.266860
2026-08-27 12:04:34,847 | EPOCH 8 VAL loss=0.318267 acc=0.8848 pre=0.8896 rec=0.8860 f1=0.8859 BEST
2026-08-27 12:04:41,667 | EPOCH 9 train_loss=0.254873
2026-08-27 12:04:42,250 | EPOCH 9 VAL loss=0.327552 acc=0.8820 pre=0.8856 rec=0.8841 f1=0.8833
2026-08-27 12:04:48,797 | EPOCH 10 train_loss=0.246405
2026-08-27 12:04:49,350 | EPOCH 10 VAL loss=0.313279 acc=0.8872 pre=0.8881 rec=0.8888 f1=0.8879 BEST
2026-08-27 12:04:56,232 | EPOCH 11 train_loss=0.234875
2026-08-27 12:04:56,777 | EPOCH 11 VAL loss=0.310293 acc=0.8872 pre=0.8904 rec=0.8890 f1=0.8882 BEST
2026-08-27 12:05:03,620 | EPOCH 12 train_loss=0.226041
2026-08-27 12:05:04,164 | EPOCH 12 VAL loss=0.309574 acc=0.8902 pre=0.8925 rec=0.8905 f1=0.8899 BEST
2026-08-27 12:05:10,908 | EPOCH 13 train_loss=0.218192
2026-08-27 12:05:11,451 | EPOCH 13 VAL loss=0.318545 acc=0.8873 pre=0.8897 rec=0.8891 f1=0.8888
2026-08-27 12:05:17,894 | EPOCH 14 train_loss=0.211347
2026-08-27 12:05:18,445 | EPOCH 14 VAL loss=0.315605 acc=0.8933 pre=0.8938 rec=0.8947 f1=0.8936 BEST
2026-08-27 12:05:25,251 | EPOCH 15 train_loss=0.204554
2026-08-27 12:05:25,818 | EPOCH 15 VAL loss=0.313659 acc=0.8930 pre=0.8922 rec=0.8935 f1=0.8916
2026-08-27 12:05:32,280 | EPOCH 16 train_loss=0.195809
2026-08-27 12:05:32,824 | EPOCH 16 VAL loss=0.306690 acc=0.8935 pre=0.8942 rec=0.8944 f1=0.8927
2026-08-27 12:05:39,349 | EPOCH 17 train_loss=0.190373
2026-08-27 12:05:39,919 | EPOCH 17 VAL loss=0.312489 acc=0.8907 pre=0.8925 rec=0.8912 f1=0.8897
2026-08-27 12:05:46,429 | EPOCH 18 train_loss=0.183345
2026-08-27 12:05:46,988 | EPOCH 18 VAL loss=0.309859 acc=0.8927 pre=0.8939 rec=0.8941 f1=0.8934
2026-08-27 12:05:53,479 | EPOCH 19 train_loss=0.174777
2026-08-27 12:05:54,077 | EPOCH 19 VAL loss=0.312165 acc=0.8987 pre=0.9009 rec=0.8999 f1=0.8998 BEST
2026-08-27 12:06:01,618 | EPOCH 20 train_loss=0.172466
2026-08-27 12:06:02,219 | EPOCH 20 VAL loss=0.325953 acc=0.8850 pre=0.8860 rec=0.8863 f1=0.8847
2026-08-27 12:06:09,213 | EPOCH 21 train_loss=0.164927
2026-08-27 12:06:09,814 | EPOCH 21 VAL loss=0.349236 acc=0.8900 pre=0.8923 rec=0.8906 f1=0.8907
2026-08-27 12:06:16,759 | EPOCH 22 train_loss=0.158966
2026-08-27 12:06:17,348 | EPOCH 22 VAL loss=0.335552 acc=0.8855 pre=0.8882 rec=0.8859 f1=0.8844
2026-08-27 12:06:24,250 | EPOCH 23 train_loss=0.154726
2026-08-27 12:06:24,842 | EPOCH 23 VAL loss=0.327678 acc=0.8943 pre=0.8958 rec=0.8946 f1=0.8935
2026-08-27 12:06:31,763 | EPOCH 24 train_loss=0.149371
2026-08-27 12:06:32,383 | EPOCH 24 VAL loss=0.332938 acc=0.8917 pre=0.8941 rec=0.8933 f1=0.8929
2026-08-27 12:06:39,405 | EPOCH 25 train_loss=0.146022
2026-08-27 12:06:40,000 | EPOCH 25 VAL loss=0.335068 acc=0.8928 pre=0.8940 rec=0.8931 f1=0.8917
2026-08-27 12:06:47,085 | EPOCH 26 train_loss=0.139179
2026-08-27 12:06:47,691 | EPOCH 26 VAL loss=0.326944 acc=0.8950 pre=0.8958 rec=0.8956 f1=0.8948
2026-08-27 12:06:54,639 | EPOCH 27 train_loss=0.135552
2026-08-27 12:06:55,244 | EPOCH 27 VAL loss=0.349906 acc=0.8938 pre=0.8943 rec=0.8952 f1=0.8945
2026-08-27 12:07:02,238 | EPOCH 28 train_loss=0.130899
2026-08-27 12:07:02,865 | EPOCH 28 VAL loss=0.361978 acc=0.8873 pre=0.8911 rec=0.8893 f1=0.8894
2026-08-27 12:07:09,913 | EPOCH 29 train_loss=0.126567
2026-08-27 12:07:10,523 | EPOCH 29 VAL loss=0.359772 acc=0.8923 pre=0.8955 rec=0.8936 f1=0.8938
2026-08-27 12:07:10,533 | DONE best_epoch=19 best_val_loss=0.312165 early_stop=True time=214.67s
