2026-08-27 20:36:35,922 | START cnn_adamw_lr0.0005_s42 opt=adamw lr=0.0005 seed=42 device=cuda epochs=150 best_by=f1 stop_by=f1
2026-08-27 20:36:48,814 | EPOCH 1 train_loss=0.612821
2026-08-27 20:36:50,719 | EPOCH 1 VAL loss=0.428813 acc=0.8495 pre=0.8497 rec=0.8502 f1=0.8458 BEST
2026-08-27 20:36:58,118 | START cnn_adamw_lr0.0005_s42 opt=adamw lr=0.0005 seed=42 device=cuda epochs=150 best_by=f1 stop_by=f1
2026-08-27 20:36:58,131 | RESUMED from epoch 1, batch 400
2026-08-27 20:37:00,314 | START cnn_adamw_lr0.0005_s42 opt=adamw lr=0.0005 seed=42 device=cuda epochs=150 best_by=f1 stop_by=f1
2026-08-27 20:37:00,326 | RESUMED from epoch 1, batch 600
2026-08-27 20:37:02,830 | EPOCH 2 train_loss=0.380891
2026-08-27 20:37:03,720 | EPOCH 2 VAL loss=0.363575 acc=0.8705 pre=0.8718 rec=0.8705 f1=0.8684 BEST
2026-08-27 20:37:08,421 | EPOCH 2 train_loss=0.360432
2026-08-27 20:37:09,410 | EPOCH 2 VAL loss=0.364377 acc=0.8702 pre=0.8715 rec=0.8702 f1=0.8681 BEST
2026-08-27 20:37:10,606 | EPOCH 2 train_loss=0.354992
2026-08-27 20:37:11,460 | EPOCH 2 VAL loss=0.363929 acc=0.8703 pre=0.8715 rec=0.8703 f1=0.8681 BEST
2026-08-27 20:37:16,752 | EPOCH 3 train_loss=0.332736
2026-08-27 20:37:17,941 | EPOCH 3 VAL loss=0.340015 acc=0.8762 pre=0.8779 rec=0.8777 f1=0.8751 BEST
2026-08-27 20:37:22,122 | EPOCH 3 train_loss=0.332745
2026-08-27 20:37:23,279 | EPOCH 3 VAL loss=0.342106 acc=0.8748 pre=0.8768 rec=0.8765 f1=0.8737 BEST
2026-08-27 20:37:24,736 | EPOCH 3 train_loss=0.332710
2026-08-27 20:37:25,910 | EPOCH 3 VAL loss=0.341647 acc=0.8757 pre=0.8776 rec=0.8772 f1=0.8745 BEST
2026-08-27 20:37:30,960 | EPOCH 4 train_loss=0.300608
2026-08-27 20:37:31,905 | EPOCH 4 VAL loss=0.299172 acc=0.8925 pre=0.8958 rec=0.8940 f1=0.8940 BEST
2026-08-27 20:37:34,924 | EPOCH 4 train_loss=0.300291
2026-08-27 20:37:36,192 | EPOCH 4 VAL loss=0.297958 acc=0.8918 pre=0.8951 rec=0.8934 f1=0.8934 BEST
2026-08-27 20:37:40,535 | EPOCH 4 train_loss=0.300386
2026-08-27 20:37:41,744 | EPOCH 4 VAL loss=0.298727 acc=0.8923 pre=0.8960 rec=0.8939 f1=0.8941 BEST
2026-08-27 20:37:44,761 | EPOCH 5 train_loss=0.278572
2026-08-27 20:37:45,756 | EPOCH 5 VAL loss=0.278068 acc=0.8983 pre=0.8986 rec=0.8990 f1=0.8981 BEST
2026-08-27 20:37:49,889 | EPOCH 5 train_loss=0.278369
2026-08-27 20:37:50,695 | EPOCH 5 VAL loss=0.277840 acc=0.8998 pre=0.9002 rec=0.9005 f1=0.8994 BEST
2026-08-27 20:37:55,689 | EPOCH 5 train_loss=0.277852
2026-08-27 20:37:56,896 | EPOCH 5 VAL loss=0.277642 acc=0.8983 pre=0.8987 rec=0.8990 f1=0.8980 BEST
2026-08-27 20:37:59,715 | EPOCH 6 train_loss=0.263051
2026-08-27 20:38:01,256 | EPOCH 6 VAL loss=0.275919 acc=0.8978 pre=0.8991 rec=0.8983 f1=0.8973
2026-08-27 20:38:03,215 | EPOCH 6 train_loss=0.262933
2026-08-27 20:38:04,204 | EPOCH 6 VAL loss=0.275214 acc=0.8987 pre=0.8998 rec=0.8991 f1=0.8979
2026-08-27 20:38:10,734 | EPOCH 6 train_loss=0.262862
2026-08-27 20:38:11,922 | EPOCH 6 VAL loss=0.275445 acc=0.8972 pre=0.8983 rec=0.8976 f1=0.8965
2026-08-27 20:38:14,655 | EPOCH 7 train_loss=0.246441
2026-08-27 20:38:14,843 | EPOCH 7 train_loss=0.246456
2026-08-27 20:38:15,584 | EPOCH 7 VAL loss=0.275028 acc=0.9002 pre=0.9062 rec=0.9012 f1=0.9017 BEST
2026-08-27 20:38:15,840 | EPOCH 7 VAL loss=0.274209 acc=0.8992 pre=0.9051 rec=0.9004 f1=0.9008 BEST
2026-08-27 20:38:25,791 | EPOCH 7 train_loss=0.246524
2026-08-27 20:38:26,767 | EPOCH 7 VAL loss=0.274112 acc=0.8988 pre=0.9048 rec=0.9000 f1=0.9004 BEST
2026-08-27 20:38:28,081 | EPOCH 8 train_loss=0.234380
2026-08-27 20:38:29,125 | EPOCH 8 train_loss=0.234221
2026-08-27 20:38:29,158 | EPOCH 8 VAL loss=0.260852 acc=0.9065 pre=0.9103 rec=0.9066 f1=0.9049 BEST
2026-08-27 20:38:30,095 | EPOCH 8 VAL loss=0.261744 acc=0.9070 pre=0.9110 rec=0.9071 f1=0.9055 BEST
2026-08-27 20:38:39,070 | EPOCH 8 train_loss=0.234189
2026-08-27 20:38:40,142 | EPOCH 8 VAL loss=0.259301 acc=0.9063 pre=0.9102 rec=0.9064 f1=0.9048 BEST
2026-08-27 20:38:42,252 | EPOCH 9 train_loss=0.222785
2026-08-27 20:38:42,930 | EPOCH 9 train_loss=0.222661
2026-08-27 20:38:43,075 | EPOCH 9 VAL loss=0.253628 acc=0.9075 pre=0.9080 rec=0.9083 f1=0.9066 BEST
2026-08-27 20:38:44,136 | EPOCH 9 VAL loss=0.254788 acc=0.9075 pre=0.9079 rec=0.9084 f1=0.9066 BEST
2026-08-27 20:38:52,701 | EPOCH 9 train_loss=0.222528
2026-08-27 20:38:53,882 | EPOCH 9 VAL loss=0.253976 acc=0.9065 pre=0.9068 rec=0.9073 f1=0.9055 BEST
2026-08-27 20:38:55,978 | EPOCH 10 train_loss=0.211925
2026-08-27 20:38:57,118 | EPOCH 10 VAL loss=0.250732 acc=0.9102 pre=0.9111 rec=0.9105 f1=0.9095 BEST
2026-08-27 20:38:57,434 | EPOCH 10 train_loss=0.212220
2026-08-27 20:38:58,246 | EPOCH 10 VAL loss=0.249009 acc=0.9100 pre=0.9109 rec=0.9102 f1=0.9093 BEST
2026-08-27 20:39:07,165 | EPOCH 10 train_loss=0.211853
2026-08-27 20:39:08,028 | EPOCH 10 VAL loss=0.252204 acc=0.9092 pre=0.9105 rec=0.9093 f1=0.9081 BEST
2026-08-27 20:39:10,476 | EPOCH 11 train_loss=0.201560
2026-08-27 20:39:11,418 | EPOCH 11 train_loss=0.201874
2026-08-27 20:39:11,988 | EPOCH 11 VAL loss=0.242701 acc=0.9108 pre=0.9115 rec=0.9120 f1=0.9112 BEST
2026-08-27 20:39:12,634 | EPOCH 11 VAL loss=0.245555 acc=0.9087 pre=0.9094 rec=0.9098 f1=0.9089
2026-08-27 20:39:21,087 | EPOCH 11 train_loss=0.201362
2026-08-27 20:39:22,253 | EPOCH 11 VAL loss=0.245116 acc=0.9077 pre=0.9090 rec=0.9089 f1=0.9082 BEST
2026-08-27 20:39:23,512 | EPOCH 12 train_loss=0.193016
2026-08-27 20:39:24,272 | EPOCH 12 VAL loss=0.234436 acc=0.9138 pre=0.9134 rec=0.9148 f1=0.9138 BEST
2026-08-27 20:39:25,502 | EPOCH 12 train_loss=0.193334
2026-08-27 20:39:26,670 | EPOCH 12 VAL loss=0.234675 acc=0.9158 pre=0.9156 rec=0.9167 f1=0.9157 BEST
2026-08-27 20:39:35,935 | EPOCH 12 train_loss=0.192845
2026-08-27 20:39:36,234 | EPOCH 13 train_loss=0.184620
2026-08-27 20:39:36,828 | EPOCH 12 VAL loss=0.235271 acc=0.9143 pre=0.9140 rec=0.9152 f1=0.9142 BEST
2026-08-27 20:39:37,320 | EPOCH 13 VAL loss=0.230175 acc=0.9140 pre=0.9151 rec=0.9151 f1=0.9148 BEST
2026-08-27 20:39:40,771 | EPOCH 13 train_loss=0.184694
2026-08-27 20:39:41,930 | EPOCH 13 VAL loss=0.231540 acc=0.9120 pre=0.9135 rec=0.9132 f1=0.9130
2026-08-27 20:39:48,108 | EPOCH 13 train_loss=0.184173
2026-08-27 20:39:49,258 | EPOCH 13 VAL loss=0.230688 acc=0.9127 pre=0.9136 rec=0.9138 f1=0.9134
2026-08-27 20:39:50,619 | EPOCH 14 train_loss=0.176003
2026-08-27 20:39:51,428 | EPOCH 14 VAL loss=0.232448 acc=0.9152 pre=0.9169 rec=0.9154 f1=0.9145
2026-08-27 20:39:53,459 | EPOCH 14 train_loss=0.175823
2026-08-27 20:39:54,603 | EPOCH 14 VAL loss=0.233565 acc=0.9157 pre=0.9176 rec=0.9158 f1=0.9151
2026-08-27 20:40:02,366 | EPOCH 14 train_loss=0.175757
2026-08-27 20:40:02,887 | EPOCH 15 train_loss=0.167907
2026-08-27 20:40:03,473 | EPOCH 14 VAL loss=0.233085 acc=0.9158 pre=0.9175 rec=0.9161 f1=0.9151 BEST
2026-08-27 20:40:03,685 | EPOCH 15 VAL loss=0.230865 acc=0.9155 pre=0.9157 rec=0.9167 f1=0.9158 BEST
2026-08-27 20:40:07,755 | EPOCH 15 train_loss=0.168467
2026-08-27 20:40:08,539 | EPOCH 15 VAL loss=0.228252 acc=0.9172 pre=0.9172 rec=0.9182 f1=0.9173 BEST
2026-08-27 20:40:15,877 | EPOCH 16 train_loss=0.160858
2026-08-27 20:40:16,064 | EPOCH 15 train_loss=0.167994
2026-08-27 20:40:16,821 | EPOCH 15 VAL loss=0.228596 acc=0.9168 pre=0.9168 rec=0.9180 f1=0.9169 BEST
2026-08-27 20:40:17,014 | EPOCH 16 VAL loss=0.227163 acc=0.9147 pre=0.9152 rec=0.9155 f1=0.9152
2026-08-27 20:40:21,006 | EPOCH 16 train_loss=0.160404
2026-08-27 20:40:22,201 | EPOCH 16 VAL loss=0.224379 acc=0.9175 pre=0.9175 rec=0.9182 f1=0.9177 BEST
2026-08-27 20:40:29,498 | EPOCH 16 train_loss=0.160557
2026-08-27 20:40:29,772 | EPOCH 17 train_loss=0.154485
2026-08-27 20:40:30,560 | EPOCH 17 VAL loss=0.231357 acc=0.9140 pre=0.9146 rec=0.9149 f1=0.9146
2026-08-27 20:40:30,566 | EPOCH 16 VAL loss=0.225675 acc=0.9155 pre=0.9155 rec=0.9161 f1=0.9155
2026-08-27 20:40:34,676 | EPOCH 17 train_loss=0.154470
2026-08-27 20:40:35,726 | EPOCH 17 VAL loss=0.227245 acc=0.9152 pre=0.9155 rec=0.9159 f1=0.9155
2026-08-27 20:40:42,308 | EPOCH 18 train_loss=0.147384
2026-08-27 20:40:42,719 | EPOCH 17 train_loss=0.153911
2026-08-27 20:40:43,539 | EPOCH 18 VAL loss=0.231059 acc=0.9172 pre=0.9184 rec=0.9179 f1=0.9155
2026-08-27 20:40:43,899 | EPOCH 17 VAL loss=0.229160 acc=0.9140 pre=0.9145 rec=0.9150 f1=0.9147
2026-08-27 20:40:47,837 | EPOCH 18 train_loss=0.147572
2026-08-27 20:40:48,582 | EPOCH 18 VAL loss=0.228452 acc=0.9178 pre=0.9191 rec=0.9185 f1=0.9165
2026-08-27 20:40:56,452 | EPOCH 19 train_loss=0.140583
2026-08-27 20:40:56,842 | EPOCH 18 train_loss=0.147163
2026-08-27 20:40:57,616 | EPOCH 19 VAL loss=0.224392 acc=0.9183 pre=0.9195 rec=0.9185 f1=0.9186 BEST
2026-08-27 20:40:58,093 | EPOCH 18 VAL loss=0.231720 acc=0.9165 pre=0.9180 rec=0.9171 f1=0.9150
2026-08-27 20:40:58,895 | EPOCH 19 train_loss=0.140412
2026-08-27 20:40:59,908 | EPOCH 19 VAL loss=0.226142 acc=0.9178 pre=0.9190 rec=0.9179 f1=0.9180 BEST
2026-08-27 20:41:10,239 | EPOCH 20 train_loss=0.134039
2026-08-27 20:41:11,000 | EPOCH 19 train_loss=0.139835
2026-08-27 20:41:11,355 | EPOCH 20 VAL loss=0.230389 acc=0.9185 pre=0.9189 rec=0.9195 f1=0.9190 BEST
2026-08-27 20:41:11,757 | EPOCH 19 VAL loss=0.220024 acc=0.9207 pre=0.9214 rec=0.9210 f1=0.9208 BEST
2026-08-27 20:41:12,953 | EPOCH 20 train_loss=0.134762
2026-08-27 20:41:13,850 | EPOCH 20 VAL loss=0.232689 acc=0.9215 pre=0.9221 rec=0.9227 f1=0.9222 BEST
2026-08-27 20:41:23,136 | EPOCH 20 train_loss=0.134280
2026-08-27 20:41:23,898 | EPOCH 20 VAL loss=0.231362 acc=0.9203 pre=0.9207 rec=0.9216 f1=0.9209 BEST
2026-08-27 20:41:25,190 | EPOCH 21 train_loss=0.127524
2026-08-27 20:41:26,006 | EPOCH 21 VAL loss=0.227965 acc=0.9172 pre=0.9206 rec=0.9188 f1=0.9184
2026-08-27 20:41:26,585 | EPOCH 21 train_loss=0.127515
2026-08-27 20:41:27,728 | EPOCH 21 VAL loss=0.225015 acc=0.9182 pre=0.9211 rec=0.9196 f1=0.9194
2026-08-27 20:41:36,565 | EPOCH 21 train_loss=0.127041
2026-08-27 20:41:37,721 | EPOCH 21 VAL loss=0.222275 acc=0.9205 pre=0.9239 rec=0.9220 f1=0.9219 BEST
2026-08-27 20:41:37,944 | EPOCH 22 train_loss=0.121720
2026-08-27 20:41:38,717 | EPOCH 22 VAL loss=0.233944 acc=0.9180 pre=0.9204 rec=0.9192 f1=0.9192 BEST
2026-08-27 20:41:40,572 | EPOCH 22 train_loss=0.122205
2026-08-27 20:41:41,410 | EPOCH 22 VAL loss=0.232055 acc=0.9188 pre=0.9200 rec=0.9199 f1=0.9197
2026-08-27 20:41:50,494 | EPOCH 23 train_loss=0.116680
2026-08-27 20:41:50,748 | EPOCH 22 train_loss=0.121389
2026-08-27 20:41:51,277 | EPOCH 23 VAL loss=0.220122 acc=0.9242 pre=0.9242 rec=0.9255 f1=0.9246 BEST
2026-08-27 20:41:51,844 | EPOCH 22 VAL loss=0.231982 acc=0.9177 pre=0.9196 rec=0.9188 f1=0.9188
2026-08-27 20:41:53,881 | EPOCH 23 train_loss=0.116842
2026-08-27 20:41:55,345 | EPOCH 23 VAL loss=0.222430 acc=0.9208 pre=0.9208 rec=0.9221 f1=0.9212
2026-08-27 20:42:04,315 | EPOCH 24 train_loss=0.110572
2026-08-27 20:42:04,491 | EPOCH 23 train_loss=0.116476
2026-08-27 20:42:05,502 | EPOCH 24 VAL loss=0.238467 acc=0.9135 pre=0.9159 rec=0.9134 f1=0.9142
2026-08-27 20:42:05,664 | EPOCH 23 VAL loss=0.221273 acc=0.9213 pre=0.9213 rec=0.9224 f1=0.9215
2026-08-27 20:42:06,656 | EPOCH 24 train_loss=0.111136
2026-08-27 20:42:07,417 | EPOCH 24 VAL loss=0.237702 acc=0.9192 pre=0.9209 rec=0.9190 f1=0.9196
2026-08-27 20:42:17,956 | EPOCH 24 train_loss=0.110757
2026-08-27 20:42:18,919 | EPOCH 25 train_loss=0.106938
2026-08-27 20:42:19,162 | EPOCH 24 VAL loss=0.241593 acc=0.9168 pre=0.9189 rec=0.9168 f1=0.9174
2026-08-27 20:42:19,507 | EPOCH 25 train_loss=0.106319
2026-08-27 20:42:19,931 | EPOCH 25 VAL loss=0.247708 acc=0.9160 pre=0.9180 rec=0.9170 f1=0.9171
2026-08-27 20:42:20,259 | EPOCH 25 VAL loss=0.241681 acc=0.9172 pre=0.9191 rec=0.9181 f1=0.9181
2026-08-27 20:42:31,089 | EPOCH 25 train_loss=0.106134
2026-08-27 20:42:31,597 | EPOCH 26 train_loss=0.101451
2026-08-27 20:42:31,924 | EPOCH 26 train_loss=0.101756
2026-08-27 20:42:32,238 | EPOCH 25 VAL loss=0.246404 acc=0.9158 pre=0.9168 rec=0.9166 f1=0.9164
2026-08-27 20:42:32,565 | EPOCH 26 VAL loss=0.239788 acc=0.9183 pre=0.9199 rec=0.9186 f1=0.9191
2026-08-27 20:42:32,672 | EPOCH 26 VAL loss=0.236414 acc=0.9188 pre=0.9209 rec=0.9195 f1=0.9200
2026-08-27 20:42:44,431 | EPOCH 27 train_loss=0.093902
2026-08-27 20:42:44,861 | EPOCH 26 train_loss=0.101467
2026-08-27 20:42:45,243 | EPOCH 27 VAL loss=0.237575 acc=0.9202 pre=0.9204 rec=0.9209 f1=0.9205
2026-08-27 20:42:45,554 | EPOCH 27 train_loss=0.093207
2026-08-27 20:42:46,024 | EPOCH 26 VAL loss=0.239689 acc=0.9187 pre=0.9200 rec=0.9190 f1=0.9194
2026-08-27 20:42:46,308 | EPOCH 27 VAL loss=0.240909 acc=0.9210 pre=0.9213 rec=0.9218 f1=0.9214
2026-08-27 20:42:56,969 | EPOCH 28 train_loss=0.091039
2026-08-27 20:42:57,554 | EPOCH 27 train_loss=0.092553
2026-08-27 20:42:58,123 | EPOCH 28 VAL loss=0.241537 acc=0.9198 pre=0.9207 rec=0.9205 f1=0.9202
2026-08-27 20:42:58,406 | EPOCH 27 VAL loss=0.240788 acc=0.9183 pre=0.9185 rec=0.9190 f1=0.9186
2026-08-27 20:42:58,496 | EPOCH 28 train_loss=0.091147
2026-08-27 20:42:59,712 | EPOCH 28 VAL loss=0.247729 acc=0.9218 pre=0.9219 rec=0.9227 f1=0.9221
2026-08-27 20:43:10,776 | EPOCH 28 train_loss=0.090756
2026-08-27 20:43:11,257 | EPOCH 29 train_loss=0.084502
2026-08-27 20:43:11,762 | EPOCH 29 train_loss=0.085196
2026-08-27 20:43:11,768 | EPOCH 28 VAL loss=0.244951 acc=0.9228 pre=0.9232 rec=0.9235 f1=0.9228 BEST
2026-08-27 20:43:12,367 | EPOCH 29 VAL loss=0.257943 acc=0.9167 pre=0.9179 rec=0.9172 f1=0.9170
2026-08-27 20:43:12,795 | EPOCH 29 VAL loss=0.262604 acc=0.9155 pre=0.9170 rec=0.9158 f1=0.9153
2026-08-27 20:43:23,768 | EPOCH 29 train_loss=0.085349
2026-08-27 20:43:24,346 | EPOCH 30 train_loss=0.079911
2026-08-27 20:43:24,407 | EPOCH 30 train_loss=0.080007
2026-08-27 20:43:24,871 | EPOCH 29 VAL loss=0.267227 acc=0.9140 pre=0.9154 rec=0.9144 f1=0.9139
2026-08-27 20:43:25,271 | EPOCH 30 VAL loss=0.250720 acc=0.9202 pre=0.9206 rec=0.9207 f1=0.9205
2026-08-27 20:43:25,398 | EPOCH 30 VAL loss=0.257363 acc=0.9198 pre=0.9205 rec=0.9206 f1=0.9201
2026-08-27 20:43:25,410 | DONE best_epoch=20 best_val_loss=0.232689 early_stop=True time=407.2s
2026-08-27 20:43:37,450 | EPOCH 31 train_loss=0.076453
2026-08-27 20:43:37,610 | EPOCH 30 train_loss=0.080245
2026-08-27 20:43:38,303 | EPOCH 31 VAL loss=0.260480 acc=0.9192 pre=0.9191 rec=0.9199 f1=0.9192
2026-08-27 20:43:38,584 | EPOCH 30 VAL loss=0.260185 acc=0.9173 pre=0.9177 rec=0.9181 f1=0.9177
2026-08-27 20:43:50,606 | EPOCH 31 train_loss=0.076277
2026-08-27 20:43:51,231 | EPOCH 32 train_loss=0.072808
2026-08-27 20:43:52,066 | EPOCH 31 VAL loss=0.264765 acc=0.9200 pre=0.9201 rec=0.9209 f1=0.9203
2026-08-27 20:43:52,438 | EPOCH 32 VAL loss=0.273761 acc=0.9137 pre=0.9147 rec=0.9140 f1=0.9141
2026-08-27 20:44:04,112 | EPOCH 33 train_loss=0.066197
2026-08-27 20:44:04,553 | EPOCH 32 train_loss=0.072918
2026-08-27 20:44:05,239 | EPOCH 33 VAL loss=0.318400 acc=0.9058 pre=0.9125 rec=0.9060 f1=0.9069
2026-08-27 20:44:05,252 | DONE best_epoch=23 best_val_loss=0.220122 early_stop=True time=448.09s
2026-08-27 20:44:05,296 | EPOCH 32 VAL loss=0.260005 acc=0.9178 pre=0.9185 rec=0.9186 f1=0.9184
2026-08-27 20:44:16,380 | EPOCH 33 train_loss=0.067277
2026-08-27 20:44:17,138 | EPOCH 33 VAL loss=0.285074 acc=0.9133 pre=0.9175 rec=0.9135 f1=0.9143
2026-08-27 20:44:29,372 | EPOCH 34 train_loss=0.064929
2026-08-27 20:44:30,497 | EPOCH 34 VAL loss=0.276060 acc=0.9210 pre=0.9209 rec=0.9219 f1=0.9207
2026-08-27 20:44:43,825 | EPOCH 35 train_loss=0.059109
2026-08-27 20:44:45,391 | EPOCH 35 VAL loss=0.296832 acc=0.9208 pre=0.9229 rec=0.9212 f1=0.9218
2026-08-27 20:44:57,439 | EPOCH 36 train_loss=0.056859
2026-08-27 20:44:58,251 | EPOCH 36 VAL loss=0.305254 acc=0.9133 pre=0.9198 rec=0.9145 f1=0.9159
2026-08-27 20:45:11,365 | EPOCH 37 train_loss=0.055809
2026-08-27 20:45:12,509 | EPOCH 37 VAL loss=0.307245 acc=0.9128 pre=0.9148 rec=0.9135 f1=0.9128
2026-08-27 20:45:24,781 | EPOCH 38 train_loss=0.049728
2026-08-27 20:45:25,893 | EPOCH 38 VAL loss=0.312555 acc=0.9143 pre=0.9163 rec=0.9154 f1=0.9153
2026-08-27 20:45:25,903 | DONE best_epoch=28 best_val_loss=0.244951 early_stop=True time=527.84s
