2026-08-27 08:15:39,889 | START mlp_adadelta_lr0.1_s42 opt=adadelta lr=0.1 seed=42 device=cuda epochs=150 best_by=f1 stop_by=f1
2026-08-27 08:15:46,853 | EPOCH 1 train_loss=0.780385
2026-08-27 08:15:47,438 | EPOCH 1 VAL loss=0.553658 acc=0.8118 pre=0.8113 rec=0.8139 f1=0.8058 BEST
2026-08-27 08:15:54,772 | EPOCH 2 train_loss=0.489982
2026-08-27 08:15:55,361 | EPOCH 2 VAL loss=0.495168 acc=0.8218 pre=0.8384 rec=0.8218 f1=0.8254 BEST
2026-08-27 08:16:02,734 | EPOCH 3 train_loss=0.439249
2026-08-27 08:16:03,343 | EPOCH 3 VAL loss=0.446599 acc=0.8428 pre=0.8437 rec=0.8447 f1=0.8420 BEST
2026-08-27 08:16:10,645 | EPOCH 4 train_loss=0.408957
2026-08-27 08:16:11,234 | EPOCH 4 VAL loss=0.405644 acc=0.8557 pre=0.8571 rec=0.8568 f1=0.8563 BEST
2026-08-27 08:16:18,593 | EPOCH 5 train_loss=0.386340
2026-08-27 08:16:19,235 | EPOCH 5 VAL loss=0.401589 acc=0.8543 pre=0.8590 rec=0.8543 f1=0.8532
2026-08-27 08:16:26,147 | EPOCH 6 train_loss=0.367501
2026-08-27 08:16:26,736 | EPOCH 6 VAL loss=0.383385 acc=0.8632 pre=0.8624 rec=0.8646 f1=0.8618 BEST
2026-08-27 08:16:33,981 | EPOCH 7 train_loss=0.351269
2026-08-27 08:16:34,561 | EPOCH 7 VAL loss=0.375237 acc=0.8650 pre=0.8678 rec=0.8672 f1=0.8656 BEST
2026-08-27 08:16:41,742 | EPOCH 8 train_loss=0.338071
2026-08-27 08:16:42,321 | EPOCH 8 VAL loss=0.361310 acc=0.8682 pre=0.8734 rec=0.8687 f1=0.8677 BEST
2026-08-27 08:16:50,012 | EPOCH 9 train_loss=0.324626
2026-08-27 08:16:50,595 | EPOCH 9 VAL loss=0.352555 acc=0.8695 pre=0.8715 rec=0.8704 f1=0.8680 BEST
2026-08-27 08:16:58,176 | EPOCH 10 train_loss=0.314301
2026-08-27 08:16:58,772 | EPOCH 10 VAL loss=0.376484 acc=0.8648 pre=0.8697 rec=0.8663 f1=0.8653
2026-08-27 08:17:05,946 | EPOCH 11 train_loss=0.304567
2026-08-27 08:17:06,541 | EPOCH 11 VAL loss=0.349574 acc=0.8733 pre=0.8746 rec=0.8751 f1=0.8718 BEST
2026-08-27 08:17:13,784 | EPOCH 12 train_loss=0.296430
2026-08-27 08:17:14,350 | EPOCH 12 VAL loss=0.327712 acc=0.8830 pre=0.8846 rec=0.8837 f1=0.8821 BEST
2026-08-27 08:17:21,447 | EPOCH 13 train_loss=0.287832
2026-08-27 08:17:22,017 | EPOCH 13 VAL loss=0.320815 acc=0.8823 pre=0.8828 rec=0.8836 f1=0.8824 BEST
2026-08-27 08:17:29,413 | EPOCH 14 train_loss=0.281347
2026-08-27 08:17:30,014 | EPOCH 14 VAL loss=0.317851 acc=0.8867 pre=0.8883 rec=0.8875 f1=0.8859 BEST
2026-08-27 08:17:37,414 | EPOCH 15 train_loss=0.273700
2026-08-27 08:17:38,010 | EPOCH 15 VAL loss=0.348004 acc=0.8735 pre=0.8762 rec=0.8749 f1=0.8715
2026-08-27 08:17:44,966 | EPOCH 16 train_loss=0.267615
2026-08-27 08:17:45,579 | EPOCH 16 VAL loss=0.320715 acc=0.8838 pre=0.8866 rec=0.8851 f1=0.8840
2026-08-27 08:17:52,611 | EPOCH 17 train_loss=0.261357
2026-08-27 08:17:53,190 | EPOCH 17 VAL loss=0.307588 acc=0.8850 pre=0.8857 rec=0.8861 f1=0.8853
2026-08-27 08:18:00,183 | EPOCH 18 train_loss=0.254010
2026-08-27 08:18:00,778 | EPOCH 18 VAL loss=0.311237 acc=0.8860 pre=0.8875 rec=0.8872 f1=0.8853
2026-08-27 08:18:07,863 | EPOCH 19 train_loss=0.249380
2026-08-27 08:18:08,476 | EPOCH 19 VAL loss=0.306314 acc=0.8897 pre=0.8926 rec=0.8905 f1=0.8908 BEST
2026-08-27 08:18:15,893 | EPOCH 20 train_loss=0.243062
2026-08-27 08:18:16,491 | EPOCH 20 VAL loss=0.331236 acc=0.8807 pre=0.8819 rec=0.8822 f1=0.8796
2026-08-27 08:18:23,435 | EPOCH 21 train_loss=0.237971
2026-08-27 08:18:24,066 | EPOCH 21 VAL loss=0.303605 acc=0.8880 pre=0.8910 rec=0.8893 f1=0.8887
2026-08-27 08:18:31,101 | EPOCH 22 train_loss=0.232403
2026-08-27 08:18:31,689 | EPOCH 22 VAL loss=0.311199 acc=0.8855 pre=0.8915 rec=0.8865 f1=0.8877
2026-08-27 08:18:38,631 | EPOCH 23 train_loss=0.227836
2026-08-27 08:18:39,212 | EPOCH 23 VAL loss=0.297190 acc=0.8900 pre=0.8895 rec=0.8911 f1=0.8894
2026-08-27 08:18:46,161 | EPOCH 24 train_loss=0.222978
2026-08-27 08:18:46,748 | EPOCH 24 VAL loss=0.310778 acc=0.8908 pre=0.8919 rec=0.8915 f1=0.8897
2026-08-27 08:18:53,748 | EPOCH 25 train_loss=0.218506
2026-08-27 08:18:54,341 | EPOCH 25 VAL loss=0.303043 acc=0.8928 pre=0.8949 rec=0.8926 f1=0.8913 BEST
2026-08-27 08:19:01,658 | EPOCH 26 train_loss=0.213961
2026-08-27 08:19:02,251 | EPOCH 26 VAL loss=0.304227 acc=0.8883 pre=0.8891 rec=0.8887 f1=0.8863
2026-08-27 08:19:09,219 | EPOCH 27 train_loss=0.210431
2026-08-27 08:19:09,815 | EPOCH 27 VAL loss=0.319929 acc=0.8852 pre=0.8882 rec=0.8879 f1=0.8859
2026-08-27 08:19:16,844 | EPOCH 28 train_loss=0.205660
2026-08-27 08:19:17,438 | EPOCH 28 VAL loss=0.302870 acc=0.8935 pre=0.8934 rec=0.8946 f1=0.8928 BEST
2026-08-27 08:19:24,919 | EPOCH 29 train_loss=0.200830
2026-08-27 08:19:25,513 | EPOCH 29 VAL loss=0.314963 acc=0.8828 pre=0.8887 rec=0.8832 f1=0.8822
2026-08-27 08:19:32,406 | EPOCH 30 train_loss=0.198048
2026-08-27 08:19:33,014 | EPOCH 30 VAL loss=0.305789 acc=0.8902 pre=0.8926 rec=0.8917 f1=0.8910
2026-08-27 08:19:40,097 | EPOCH 31 train_loss=0.193079
2026-08-27 08:19:40,710 | EPOCH 31 VAL loss=0.301705 acc=0.8947 pre=0.8951 rec=0.8953 f1=0.8945 BEST
2026-08-27 08:19:48,023 | EPOCH 32 train_loss=0.189222
2026-08-27 08:19:48,617 | EPOCH 32 VAL loss=0.316949 acc=0.8887 pre=0.8913 rec=0.8909 f1=0.8894
2026-08-27 08:19:55,693 | EPOCH 33 train_loss=0.186369
2026-08-27 08:19:56,305 | EPOCH 33 VAL loss=0.327069 acc=0.8862 pre=0.8910 rec=0.8865 f1=0.8845
2026-08-27 08:20:03,285 | EPOCH 34 train_loss=0.181844
2026-08-27 08:20:03,901 | EPOCH 34 VAL loss=0.304537 acc=0.8905 pre=0.8936 rec=0.8920 f1=0.8920
2026-08-27 08:20:10,609 | EPOCH 35 train_loss=0.178693
2026-08-27 08:20:11,153 | EPOCH 35 VAL loss=0.319635 acc=0.8882 pre=0.8937 rec=0.8890 f1=0.8895
2026-08-27 08:20:17,788 | EPOCH 36 train_loss=0.174995
2026-08-27 08:20:18,370 | EPOCH 36 VAL loss=0.305247 acc=0.8950 pre=0.8960 rec=0.8957 f1=0.8938
2026-08-27 08:20:25,150 | EPOCH 37 train_loss=0.171208
2026-08-27 08:20:25,721 | EPOCH 37 VAL loss=0.327318 acc=0.8845 pre=0.8925 rec=0.8846 f1=0.8816
2026-08-27 08:20:32,345 | EPOCH 38 train_loss=0.167964
2026-08-27 08:20:32,935 | EPOCH 38 VAL loss=0.321314 acc=0.8935 pre=0.8969 rec=0.8940 f1=0.8922
2026-08-27 08:20:39,615 | EPOCH 39 train_loss=0.164132
2026-08-27 08:20:40,176 | EPOCH 39 VAL loss=0.327634 acc=0.8870 pre=0.8939 rec=0.8883 f1=0.8895
2026-08-27 08:20:46,698 | EPOCH 40 train_loss=0.161586
2026-08-27 08:20:47,240 | EPOCH 40 VAL loss=0.310525 acc=0.8923 pre=0.8941 rec=0.8924 f1=0.8921
2026-08-27 08:20:53,665 | EPOCH 41 train_loss=0.159259
2026-08-27 08:20:54,201 | EPOCH 41 VAL loss=0.309322 acc=0.8970 pre=0.8982 rec=0.8976 f1=0.8974 BEST
2026-08-27 08:21:01,073 | EPOCH 42 train_loss=0.154870
2026-08-27 08:21:01,624 | EPOCH 42 VAL loss=0.339298 acc=0.8895 pre=0.8924 rec=0.8898 f1=0.8870
2026-08-27 08:21:08,106 | EPOCH 43 train_loss=0.152199
2026-08-27 08:21:08,654 | EPOCH 43 VAL loss=0.339454 acc=0.8925 pre=0.8985 rec=0.8926 f1=0.8911
2026-08-27 08:21:15,128 | EPOCH 44 train_loss=0.150951
2026-08-27 08:21:15,673 | EPOCH 44 VAL loss=0.326549 acc=0.8907 pre=0.8917 rec=0.8915 f1=0.8894
2026-08-27 08:21:22,088 | EPOCH 45 train_loss=0.146774
2026-08-27 08:21:22,627 | EPOCH 45 VAL loss=0.347411 acc=0.8908 pre=0.8924 rec=0.8919 f1=0.8876
2026-08-27 08:21:29,021 | EPOCH 46 train_loss=0.144480
2026-08-27 08:21:29,587 | EPOCH 46 VAL loss=0.328689 acc=0.8900 pre=0.8913 rec=0.8909 f1=0.8892
2026-08-27 08:21:35,999 | EPOCH 47 train_loss=0.140701
2026-08-27 08:21:36,536 | EPOCH 47 VAL loss=0.348039 acc=0.8862 pre=0.8981 rec=0.8887 f1=0.8894
2026-08-27 08:21:42,932 | EPOCH 48 train_loss=0.138398
2026-08-27 08:21:43,489 | EPOCH 48 VAL loss=0.354148 acc=0.8878 pre=0.8924 rec=0.8883 f1=0.8867
2026-08-27 08:21:49,947 | EPOCH 49 train_loss=0.135474
2026-08-27 08:21:50,849 | EPOCH 49 VAL loss=0.317001 acc=0.8955 pre=0.8949 rec=0.8969 f1=0.8954
2026-08-27 08:21:57,331 | EPOCH 50 train_loss=0.132800
2026-08-27 08:21:57,893 | EPOCH 50 VAL loss=0.324151 acc=0.8903 pre=0.8946 rec=0.8922 f1=0.8924
2026-08-27 08:22:04,501 | EPOCH 51 train_loss=0.130261
2026-08-27 08:22:05,076 | EPOCH 51 VAL loss=0.345717 acc=0.8923 pre=0.8951 rec=0.8929 f1=0.8906
2026-08-27 08:22:05,085 | DONE best_epoch=41 best_val_loss=0.309322 early_stop=True time=384.53s
