2026-08-27 09:11:08,642 | START mlp_adagrad_lr0.005_s2026 opt=adagrad lr=0.005 seed=2026 device=cuda epochs=150 best_by=f1 stop_by=f1
2026-08-27 09:11:14,965 | EPOCH 1 train_loss=0.559961
2026-08-27 09:11:15,523 | EPOCH 1 VAL loss=0.466872 acc=0.8395 pre=0.8383 rec=0.8407 f1=0.8363 BEST
2026-08-27 09:11:22,074 | EPOCH 2 train_loss=0.426369
2026-08-27 09:11:22,605 | EPOCH 2 VAL loss=0.427834 acc=0.8485 pre=0.8482 rec=0.8501 f1=0.8465 BEST
2026-08-27 09:11:29,440 | EPOCH 3 train_loss=0.393893
2026-08-27 09:11:29,987 | EPOCH 3 VAL loss=0.409496 acc=0.8527 pre=0.8572 rec=0.8553 f1=0.8548 BEST
2026-08-27 09:11:36,727 | EPOCH 4 train_loss=0.374711
2026-08-27 09:11:37,262 | EPOCH 4 VAL loss=0.386307 acc=0.8625 pre=0.8618 rec=0.8632 f1=0.8617 BEST
2026-08-27 09:11:44,027 | EPOCH 5 train_loss=0.360287
2026-08-27 09:11:44,561 | EPOCH 5 VAL loss=0.385227 acc=0.8635 pre=0.8641 rec=0.8646 f1=0.8619 BEST
2026-08-27 09:11:51,086 | EPOCH 6 train_loss=0.349085
2026-08-27 09:11:51,619 | EPOCH 6 VAL loss=0.366555 acc=0.8680 pre=0.8684 rec=0.8689 f1=0.8686 BEST
2026-08-27 09:11:58,257 | EPOCH 7 train_loss=0.339210
2026-08-27 09:11:58,792 | EPOCH 7 VAL loss=0.361731 acc=0.8690 pre=0.8697 rec=0.8702 f1=0.8697 BEST
2026-08-27 09:12:05,522 | EPOCH 8 train_loss=0.331566
2026-08-27 09:12:06,076 | EPOCH 8 VAL loss=0.354476 acc=0.8710 pre=0.8702 rec=0.8722 f1=0.8708 BEST
2026-08-27 09:12:12,749 | EPOCH 9 train_loss=0.324292
2026-08-27 09:12:13,288 | EPOCH 9 VAL loss=0.350084 acc=0.8703 pre=0.8703 rec=0.8715 f1=0.8706
2026-08-27 09:12:19,500 | EPOCH 10 train_loss=0.317911
2026-08-27 09:12:20,044 | EPOCH 10 VAL loss=0.348071 acc=0.8768 pre=0.8778 rec=0.8774 f1=0.8756 BEST
2026-08-27 09:12:26,647 | EPOCH 11 train_loss=0.311951
2026-08-27 09:12:27,182 | EPOCH 11 VAL loss=0.343503 acc=0.8747 pre=0.8746 rec=0.8758 f1=0.8747
2026-08-27 09:12:33,414 | EPOCH 12 train_loss=0.306762
2026-08-27 09:12:33,967 | EPOCH 12 VAL loss=0.339436 acc=0.8802 pre=0.8799 rec=0.8811 f1=0.8796 BEST
2026-08-27 09:12:40,464 | EPOCH 13 train_loss=0.302682
2026-08-27 09:12:40,995 | EPOCH 13 VAL loss=0.335821 acc=0.8768 pre=0.8767 rec=0.8774 f1=0.8760
2026-08-27 09:12:47,271 | EPOCH 14 train_loss=0.298232
2026-08-27 09:12:47,804 | EPOCH 14 VAL loss=0.333186 acc=0.8830 pre=0.8826 rec=0.8838 f1=0.8825 BEST
2026-08-27 09:12:54,477 | EPOCH 15 train_loss=0.294119
2026-08-27 09:12:55,009 | EPOCH 15 VAL loss=0.332853 acc=0.8778 pre=0.8793 rec=0.8791 f1=0.8790
2026-08-27 09:13:01,215 | EPOCH 16 train_loss=0.290295
2026-08-27 09:13:01,756 | EPOCH 16 VAL loss=0.332536 acc=0.8782 pre=0.8784 rec=0.8794 f1=0.8776
2026-08-27 09:13:08,079 | EPOCH 17 train_loss=0.286382
2026-08-27 09:13:08,609 | EPOCH 17 VAL loss=0.338322 acc=0.8795 pre=0.8811 rec=0.8802 f1=0.8768
2026-08-27 09:13:14,818 | EPOCH 18 train_loss=0.283257
2026-08-27 09:13:15,354 | EPOCH 18 VAL loss=0.322643 acc=0.8812 pre=0.8822 rec=0.8821 f1=0.8820
2026-08-27 09:13:21,548 | EPOCH 19 train_loss=0.280097
2026-08-27 09:13:22,082 | EPOCH 19 VAL loss=0.324180 acc=0.8820 pre=0.8819 rec=0.8830 f1=0.8815
2026-08-27 09:13:28,349 | EPOCH 20 train_loss=0.276852
2026-08-27 09:13:28,892 | EPOCH 20 VAL loss=0.321879 acc=0.8837 pre=0.8842 rec=0.8844 f1=0.8827 BEST
2026-08-27 09:13:35,438 | EPOCH 21 train_loss=0.274124
2026-08-27 09:13:36,350 | EPOCH 21 VAL loss=0.321215 acc=0.8858 pre=0.8870 rec=0.8865 f1=0.8853 BEST
2026-08-27 09:13:42,867 | EPOCH 22 train_loss=0.271357
2026-08-27 09:13:43,412 | EPOCH 22 VAL loss=0.320831 acc=0.8810 pre=0.8819 rec=0.8819 f1=0.8818
2026-08-27 09:13:49,683 | EPOCH 23 train_loss=0.268674
2026-08-27 09:13:50,229 | EPOCH 23 VAL loss=0.320027 acc=0.8833 pre=0.8839 rec=0.8841 f1=0.8827
2026-08-27 09:13:56,618 | EPOCH 24 train_loss=0.266672
2026-08-27 09:13:57,178 | EPOCH 24 VAL loss=0.315850 acc=0.8855 pre=0.8853 rec=0.8865 f1=0.8850
2026-08-27 09:14:03,433 | EPOCH 25 train_loss=0.263674
2026-08-27 09:14:03,998 | EPOCH 25 VAL loss=0.323272 acc=0.8838 pre=0.8860 rec=0.8845 f1=0.8828
2026-08-27 09:14:10,302 | EPOCH 26 train_loss=0.262045
2026-08-27 09:14:10,835 | EPOCH 26 VAL loss=0.311672 acc=0.8865 pre=0.8872 rec=0.8872 f1=0.8866 BEST
2026-08-27 09:14:17,402 | EPOCH 27 train_loss=0.259435
2026-08-27 09:14:17,930 | EPOCH 27 VAL loss=0.312065 acc=0.8853 pre=0.8862 rec=0.8864 f1=0.8861
2026-08-27 09:14:24,152 | EPOCH 28 train_loss=0.257439
2026-08-27 09:14:24,681 | EPOCH 28 VAL loss=0.311934 acc=0.8885 pre=0.8889 rec=0.8894 f1=0.8884 BEST
2026-08-27 09:14:31,349 | EPOCH 29 train_loss=0.255431
2026-08-27 09:14:31,895 | EPOCH 29 VAL loss=0.312571 acc=0.8860 pre=0.8862 rec=0.8872 f1=0.8866
2026-08-27 09:14:38,114 | EPOCH 30 train_loss=0.253515
2026-08-27 09:14:38,665 | EPOCH 30 VAL loss=0.308387 acc=0.8877 pre=0.8876 rec=0.8888 f1=0.8878
2026-08-27 09:14:44,916 | EPOCH 31 train_loss=0.251502
2026-08-27 09:14:45,452 | EPOCH 31 VAL loss=0.308579 acc=0.8872 pre=0.8877 rec=0.8877 f1=0.8870
2026-08-27 09:14:51,729 | EPOCH 32 train_loss=0.249791
2026-08-27 09:14:52,266 | EPOCH 32 VAL loss=0.308938 acc=0.8860 pre=0.8860 rec=0.8869 f1=0.8857
2026-08-27 09:14:58,496 | EPOCH 33 train_loss=0.247807
2026-08-27 09:14:59,034 | EPOCH 33 VAL loss=0.308897 acc=0.8870 pre=0.8881 rec=0.8884 f1=0.8878
2026-08-27 09:15:05,285 | EPOCH 34 train_loss=0.246096
2026-08-27 09:15:05,824 | EPOCH 34 VAL loss=0.307067 acc=0.8890 pre=0.8900 rec=0.8900 f1=0.8892 BEST
2026-08-27 09:15:12,389 | EPOCH 35 train_loss=0.244340
2026-08-27 09:15:12,946 | EPOCH 35 VAL loss=0.304443 acc=0.8897 pre=0.8900 rec=0.8905 f1=0.8899 BEST
2026-08-27 09:15:19,521 | EPOCH 36 train_loss=0.242968
2026-08-27 09:15:20,053 | EPOCH 36 VAL loss=0.305969 acc=0.8880 pre=0.8892 rec=0.8892 f1=0.8891
2026-08-27 09:15:26,323 | EPOCH 37 train_loss=0.241169
2026-08-27 09:15:26,862 | EPOCH 37 VAL loss=0.303998 acc=0.8860 pre=0.8867 rec=0.8868 f1=0.8866
2026-08-27 09:15:33,035 | EPOCH 38 train_loss=0.239721
2026-08-27 09:15:33,598 | EPOCH 38 VAL loss=0.303933 acc=0.8902 pre=0.8906 rec=0.8910 f1=0.8905 BEST
2026-08-27 09:15:40,165 | EPOCH 39 train_loss=0.238084
2026-08-27 09:15:40,697 | EPOCH 39 VAL loss=0.307115 acc=0.8875 pre=0.8874 rec=0.8886 f1=0.8871
2026-08-27 09:15:46,984 | EPOCH 40 train_loss=0.236648
2026-08-27 09:15:47,526 | EPOCH 40 VAL loss=0.307824 acc=0.8883 pre=0.8889 rec=0.8897 f1=0.8888
2026-08-27 09:15:53,768 | EPOCH 41 train_loss=0.235224
2026-08-27 09:15:54,319 | EPOCH 41 VAL loss=0.304927 acc=0.8893 pre=0.8908 rec=0.8906 f1=0.8903
2026-08-27 09:16:00,557 | EPOCH 42 train_loss=0.233512
2026-08-27 09:16:01,099 | EPOCH 42 VAL loss=0.302457 acc=0.8908 pre=0.8904 rec=0.8919 f1=0.8905 BEST
2026-08-27 09:16:07,743 | EPOCH 43 train_loss=0.232638
2026-08-27 09:16:08,284 | EPOCH 43 VAL loss=0.299321 acc=0.8898 pre=0.8901 rec=0.8908 f1=0.8901
2026-08-27 09:16:14,537 | EPOCH 44 train_loss=0.230644
2026-08-27 09:16:15,072 | EPOCH 44 VAL loss=0.300596 acc=0.8897 pre=0.8899 rec=0.8904 f1=0.8896
2026-08-27 09:16:21,429 | EPOCH 45 train_loss=0.229675
2026-08-27 09:16:21,980 | EPOCH 45 VAL loss=0.304038 acc=0.8888 pre=0.8888 rec=0.8903 f1=0.8891
2026-08-27 09:16:28,222 | EPOCH 46 train_loss=0.228769
2026-08-27 09:16:28,753 | EPOCH 46 VAL loss=0.304068 acc=0.8888 pre=0.8910 rec=0.8903 f1=0.8901
2026-08-27 09:16:35,067 | EPOCH 47 train_loss=0.227186
2026-08-27 09:16:35,608 | EPOCH 47 VAL loss=0.299013 acc=0.8908 pre=0.8915 rec=0.8919 f1=0.8915 BEST
2026-08-27 09:16:42,179 | EPOCH 48 train_loss=0.225562
2026-08-27 09:16:42,715 | EPOCH 48 VAL loss=0.301128 acc=0.8917 pre=0.8943 rec=0.8929 f1=0.8934 BEST
2026-08-27 09:16:49,316 | EPOCH 49 train_loss=0.224654
2026-08-27 09:16:49,869 | EPOCH 49 VAL loss=0.304411 acc=0.8910 pre=0.8910 rec=0.8920 f1=0.8902
2026-08-27 09:16:56,209 | EPOCH 50 train_loss=0.223587
2026-08-27 09:16:56,745 | EPOCH 50 VAL loss=0.298810 acc=0.8923 pre=0.8934 rec=0.8938 f1=0.8934 BEST
2026-08-27 09:17:03,338 | EPOCH 51 train_loss=0.222358
2026-08-27 09:17:03,913 | EPOCH 51 VAL loss=0.300477 acc=0.8908 pre=0.8912 rec=0.8923 f1=0.8913
2026-08-27 09:17:10,113 | EPOCH 52 train_loss=0.221184
2026-08-27 09:17:10,647 | EPOCH 52 VAL loss=0.298906 acc=0.8915 pre=0.8919 rec=0.8926 f1=0.8919
2026-08-27 09:17:16,963 | EPOCH 53 train_loss=0.220071
2026-08-27 09:17:17,496 | EPOCH 53 VAL loss=0.297989 acc=0.8925 pre=0.8932 rec=0.8934 f1=0.8927
2026-08-27 09:17:23,722 | EPOCH 54 train_loss=0.218967
2026-08-27 09:17:24,264 | EPOCH 54 VAL loss=0.298731 acc=0.8922 pre=0.8934 rec=0.8932 f1=0.8932
2026-08-27 09:17:30,626 | EPOCH 55 train_loss=0.217898
2026-08-27 09:17:31,178 | EPOCH 55 VAL loss=0.297153 acc=0.8913 pre=0.8928 rec=0.8923 f1=0.8925
2026-08-27 09:17:37,519 | EPOCH 56 train_loss=0.216794
2026-08-27 09:17:38,068 | EPOCH 56 VAL loss=0.299085 acc=0.8913 pre=0.8918 rec=0.8925 f1=0.8916
2026-08-27 09:17:44,471 | EPOCH 57 train_loss=0.215447
2026-08-27 09:17:45,035 | EPOCH 57 VAL loss=0.298884 acc=0.8897 pre=0.8903 rec=0.8911 f1=0.8903
2026-08-27 09:17:51,378 | EPOCH 58 train_loss=0.214897
2026-08-27 09:17:51,929 | EPOCH 58 VAL loss=0.297156 acc=0.8928 pre=0.8926 rec=0.8942 f1=0.8931
2026-08-27 09:17:58,268 | EPOCH 59 train_loss=0.213369
2026-08-27 09:17:58,821 | EPOCH 59 VAL loss=0.295251 acc=0.8920 pre=0.8933 rec=0.8931 f1=0.8930
2026-08-27 09:18:05,232 | EPOCH 60 train_loss=0.212679
2026-08-27 09:18:05,778 | EPOCH 60 VAL loss=0.294819 acc=0.8928 pre=0.8936 rec=0.8938 f1=0.8935 BEST
2026-08-27 09:18:12,477 | EPOCH 61 train_loss=0.211549
2026-08-27 09:18:13,401 | EPOCH 61 VAL loss=0.296380 acc=0.8923 pre=0.8933 rec=0.8936 f1=0.8934
2026-08-27 09:18:19,854 | EPOCH 62 train_loss=0.210540
2026-08-27 09:18:20,411 | EPOCH 62 VAL loss=0.295323 acc=0.8945 pre=0.8951 rec=0.8952 f1=0.8944 BEST
2026-08-27 09:18:27,232 | EPOCH 63 train_loss=0.209613
2026-08-27 09:18:27,806 | EPOCH 63 VAL loss=0.294890 acc=0.8928 pre=0.8936 rec=0.8940 f1=0.8936
2026-08-27 09:18:34,257 | EPOCH 64 train_loss=0.208598
2026-08-27 09:18:34,832 | EPOCH 64 VAL loss=0.296003 acc=0.8927 pre=0.8929 rec=0.8939 f1=0.8931
2026-08-27 09:18:41,252 | EPOCH 65 train_loss=0.207434
2026-08-27 09:18:41,816 | EPOCH 65 VAL loss=0.294414 acc=0.8953 pre=0.8956 rec=0.8963 f1=0.8956 BEST
2026-08-27 09:18:48,666 | EPOCH 66 train_loss=0.206713
2026-08-27 09:18:49,243 | EPOCH 66 VAL loss=0.296386 acc=0.8925 pre=0.8946 rec=0.8937 f1=0.8937
2026-08-27 09:18:55,732 | EPOCH 67 train_loss=0.205504
2026-08-27 09:18:56,314 | EPOCH 67 VAL loss=0.293135 acc=0.8940 pre=0.8942 rec=0.8952 f1=0.8945
2026-08-27 09:19:02,800 | EPOCH 68 train_loss=0.204984
2026-08-27 09:19:03,371 | EPOCH 68 VAL loss=0.294482 acc=0.8943 pre=0.8954 rec=0.8955 f1=0.8952
2026-08-27 09:19:09,813 | EPOCH 69 train_loss=0.203995
2026-08-27 09:19:10,388 | EPOCH 69 VAL loss=0.295080 acc=0.8940 pre=0.8956 rec=0.8953 f1=0.8951
2026-08-27 09:19:17,032 | EPOCH 70 train_loss=0.203070
2026-08-27 09:19:17,574 | EPOCH 70 VAL loss=0.294853 acc=0.8947 pre=0.8958 rec=0.8960 f1=0.8957 BEST
2026-08-27 09:19:24,121 | EPOCH 71 train_loss=0.202182
2026-08-27 09:19:24,659 | EPOCH 71 VAL loss=0.296127 acc=0.8927 pre=0.8926 rec=0.8937 f1=0.8923
2026-08-27 09:19:30,904 | EPOCH 72 train_loss=0.201298
2026-08-27 09:19:31,455 | EPOCH 72 VAL loss=0.296460 acc=0.8908 pre=0.8922 rec=0.8922 f1=0.8919
2026-08-27 09:19:37,840 | EPOCH 73 train_loss=0.200284
2026-08-27 09:19:38,384 | EPOCH 73 VAL loss=0.293339 acc=0.8920 pre=0.8924 rec=0.8931 f1=0.8925
2026-08-27 09:19:44,660 | EPOCH 74 train_loss=0.199527
2026-08-27 09:19:45,200 | EPOCH 74 VAL loss=0.293544 acc=0.8958 pre=0.8963 rec=0.8969 f1=0.8964 BEST
2026-08-27 09:19:51,784 | EPOCH 75 train_loss=0.198788
2026-08-27 09:19:52,325 | EPOCH 75 VAL loss=0.295690 acc=0.8918 pre=0.8916 rec=0.8928 f1=0.8917
2026-08-27 09:19:58,763 | EPOCH 76 train_loss=0.197758
2026-08-27 09:19:59,302 | EPOCH 76 VAL loss=0.293709 acc=0.8933 pre=0.8940 rec=0.8940 f1=0.8936
2026-08-27 09:20:05,699 | EPOCH 77 train_loss=0.197239
2026-08-27 09:20:06,275 | EPOCH 77 VAL loss=0.292675 acc=0.8922 pre=0.8929 rec=0.8930 f1=0.8928
2026-08-27 09:20:12,634 | EPOCH 78 train_loss=0.196310
2026-08-27 09:20:13,211 | EPOCH 78 VAL loss=0.294152 acc=0.8950 pre=0.8956 rec=0.8959 f1=0.8956
2026-08-27 09:20:19,752 | EPOCH 79 train_loss=0.195493
2026-08-27 09:20:20,306 | EPOCH 79 VAL loss=0.292971 acc=0.8943 pre=0.8944 rec=0.8957 f1=0.8947
2026-08-27 09:20:26,677 | EPOCH 80 train_loss=0.194737
2026-08-27 09:20:27,230 | EPOCH 80 VAL loss=0.291386 acc=0.8928 pre=0.8933 rec=0.8936 f1=0.8931
2026-08-27 09:20:33,569 | EPOCH 81 train_loss=0.193746
2026-08-27 09:20:34,138 | EPOCH 81 VAL loss=0.297807 acc=0.8947 pre=0.8958 rec=0.8961 f1=0.8957
2026-08-27 09:20:40,566 | EPOCH 82 train_loss=0.192950
2026-08-27 09:20:41,112 | EPOCH 82 VAL loss=0.297045 acc=0.8940 pre=0.8946 rec=0.8950 f1=0.8944
2026-08-27 09:20:47,500 | EPOCH 83 train_loss=0.192336
2026-08-27 09:20:48,053 | EPOCH 83 VAL loss=0.294803 acc=0.8922 pre=0.8936 rec=0.8933 f1=0.8933
2026-08-27 09:20:54,322 | EPOCH 84 train_loss=0.191680
2026-08-27 09:20:54,862 | EPOCH 84 VAL loss=0.292302 acc=0.8947 pre=0.8956 rec=0.8958 f1=0.8956
2026-08-27 09:20:54,868 | DONE best_epoch=74 best_val_loss=0.293544 early_stop=True time=585.6s
