2026-08-27 11:11:15,559 | START mlp_adam_lr0.0005_s42 opt=adam lr=0.0005 seed=42 device=cuda epochs=150 best_by=f1 stop_by=f1
2026-08-27 11:11:22,098 | EPOCH 1 train_loss=0.587766
2026-08-27 11:11:22,651 | EPOCH 1 VAL loss=0.442797 acc=0.8492 pre=0.8508 rec=0.8504 f1=0.8481 BEST
2026-08-27 11:11:29,594 | EPOCH 2 train_loss=0.399080
2026-08-27 11:11:30,157 | EPOCH 2 VAL loss=0.393731 acc=0.8598 pre=0.8644 rec=0.8591 f1=0.8580 BEST
2026-08-27 11:11:37,189 | EPOCH 3 train_loss=0.355494
2026-08-27 11:11:37,747 | EPOCH 3 VAL loss=0.375718 acc=0.8670 pre=0.8700 rec=0.8681 f1=0.8653 BEST
2026-08-27 11:11:44,703 | EPOCH 4 train_loss=0.324745
2026-08-27 11:11:45,267 | EPOCH 4 VAL loss=0.334951 acc=0.8757 pre=0.8784 rec=0.8769 f1=0.8774 BEST
2026-08-27 11:11:52,092 | EPOCH 5 train_loss=0.304237
2026-08-27 11:11:52,655 | EPOCH 5 VAL loss=0.328137 acc=0.8792 pre=0.8788 rec=0.8807 f1=0.8788 BEST
2026-08-27 11:11:59,683 | EPOCH 6 train_loss=0.288011
2026-08-27 11:12:00,269 | EPOCH 6 VAL loss=0.326925 acc=0.8805 pre=0.8806 rec=0.8816 f1=0.8793 BEST
2026-08-27 11:12:07,332 | EPOCH 7 train_loss=0.275253
2026-08-27 11:12:07,884 | EPOCH 7 VAL loss=0.327580 acc=0.8800 pre=0.8847 rec=0.8815 f1=0.8813 BEST
2026-08-27 11:12:14,747 | EPOCH 8 train_loss=0.261726
2026-08-27 11:12:15,306 | EPOCH 8 VAL loss=0.307902 acc=0.8883 pre=0.8891 rec=0.8889 f1=0.8869 BEST
2026-08-27 11:12:22,255 | EPOCH 9 train_loss=0.250150
2026-08-27 11:12:23,170 | EPOCH 9 VAL loss=0.313072 acc=0.8872 pre=0.8879 rec=0.8879 f1=0.8860
2026-08-27 11:12:29,757 | EPOCH 10 train_loss=0.240701
2026-08-27 11:12:30,322 | EPOCH 10 VAL loss=0.311498 acc=0.8853 pre=0.8868 rec=0.8861 f1=0.8856
2026-08-27 11:12:36,938 | EPOCH 11 train_loss=0.231055
2026-08-27 11:12:37,495 | EPOCH 11 VAL loss=0.312013 acc=0.8875 pre=0.8882 rec=0.8883 f1=0.8870 BEST
2026-08-27 11:12:44,434 | EPOCH 12 train_loss=0.221431
2026-08-27 11:12:44,981 | EPOCH 12 VAL loss=0.295450 acc=0.8948 pre=0.8946 rec=0.8958 f1=0.8943 BEST
2026-08-27 11:12:51,788 | EPOCH 13 train_loss=0.212601
2026-08-27 11:12:52,338 | EPOCH 13 VAL loss=0.307450 acc=0.8872 pre=0.8919 rec=0.8888 f1=0.8892
2026-08-27 11:12:58,904 | EPOCH 14 train_loss=0.205792
2026-08-27 11:12:59,461 | EPOCH 14 VAL loss=0.311003 acc=0.8912 pre=0.8927 rec=0.8919 f1=0.8898
2026-08-27 11:13:05,922 | EPOCH 15 train_loss=0.200314
2026-08-27 11:13:06,503 | EPOCH 15 VAL loss=0.309750 acc=0.8850 pre=0.8867 rec=0.8863 f1=0.8847
2026-08-27 11:13:12,847 | EPOCH 16 train_loss=0.189969
2026-08-27 11:13:13,413 | EPOCH 16 VAL loss=0.314125 acc=0.8905 pre=0.8926 rec=0.8914 f1=0.8908
2026-08-27 11:13:19,851 | EPOCH 17 train_loss=0.183871
2026-08-27 11:13:20,424 | EPOCH 17 VAL loss=0.297906 acc=0.8948 pre=0.8960 rec=0.8967 f1=0.8956 BEST
2026-08-27 11:13:27,510 | EPOCH 18 train_loss=0.179729
2026-08-27 11:13:28,064 | EPOCH 18 VAL loss=0.318348 acc=0.8883 pre=0.8887 rec=0.8894 f1=0.8859
2026-08-27 11:13:34,551 | EPOCH 19 train_loss=0.170847
2026-08-27 11:13:35,100 | EPOCH 19 VAL loss=0.305739 acc=0.8977 pre=0.8979 rec=0.8983 f1=0.8980 BEST
2026-08-27 11:13:42,095 | EPOCH 20 train_loss=0.165017
2026-08-27 11:13:42,706 | EPOCH 20 VAL loss=0.323025 acc=0.8950 pre=0.8960 rec=0.8959 f1=0.8951
2026-08-27 11:13:49,211 | EPOCH 21 train_loss=0.159701
2026-08-27 11:13:49,756 | EPOCH 21 VAL loss=0.338951 acc=0.8895 pre=0.8939 rec=0.8918 f1=0.8912
2026-08-27 11:13:56,233 | EPOCH 22 train_loss=0.151964
2026-08-27 11:13:56,794 | EPOCH 22 VAL loss=0.327163 acc=0.8948 pre=0.8955 rec=0.8958 f1=0.8950
2026-08-27 11:14:03,190 | EPOCH 23 train_loss=0.149721
2026-08-27 11:14:03,827 | EPOCH 23 VAL loss=0.325071 acc=0.8938 pre=0.8959 rec=0.8957 f1=0.8951
2026-08-27 11:14:10,290 | EPOCH 24 train_loss=0.143024
2026-08-27 11:14:10,825 | EPOCH 24 VAL loss=0.338344 acc=0.8917 pre=0.8927 rec=0.8926 f1=0.8925
2026-08-27 11:14:17,192 | EPOCH 25 train_loss=0.138320
2026-08-27 11:14:17,739 | EPOCH 25 VAL loss=0.329393 acc=0.8950 pre=0.8950 rec=0.8962 f1=0.8952
2026-08-27 11:14:24,076 | EPOCH 26 train_loss=0.135007
2026-08-27 11:14:24,614 | EPOCH 26 VAL loss=0.337897 acc=0.8960 pre=0.8962 rec=0.8973 f1=0.8965
2026-08-27 11:14:30,964 | EPOCH 27 train_loss=0.128918
2026-08-27 11:14:31,503 | EPOCH 27 VAL loss=0.349093 acc=0.8968 pre=0.8979 rec=0.8976 f1=0.8960
2026-08-27 11:14:37,853 | EPOCH 28 train_loss=0.124410
2026-08-27 11:14:38,383 | EPOCH 28 VAL loss=0.373207 acc=0.8930 pre=0.8932 rec=0.8937 f1=0.8921
2026-08-27 11:14:44,815 | EPOCH 29 train_loss=0.122662
2026-08-27 11:14:45,350 | EPOCH 29 VAL loss=0.387430 acc=0.8867 pre=0.8891 rec=0.8876 f1=0.8855
2026-08-27 11:14:45,358 | DONE best_epoch=19 best_val_loss=0.305739 early_stop=True time=209.17s
