2026-08-27 10:16:45,877 | START mlp_rmsprop_lr0.005_s2026 opt=rmsprop lr=0.005 seed=2026 device=cuda epochs=150 best_by=f1 stop_by=f1
2026-08-27 10:16:52,126 | EPOCH 1 train_loss=0.640920
2026-08-27 10:16:52,655 | EPOCH 1 VAL loss=0.517021 acc=0.8170 pre=0.8230 rec=0.8193 f1=0.8126 BEST
2026-08-27 10:16:59,282 | EPOCH 2 train_loss=0.412290
2026-08-27 10:16:59,817 | EPOCH 2 VAL loss=0.457638 acc=0.8198 pre=0.8412 rec=0.8250 f1=0.8200 BEST
2026-08-27 10:17:06,648 | EPOCH 3 train_loss=0.375447
2026-08-27 10:17:07,187 | EPOCH 3 VAL loss=0.442917 acc=0.8485 pre=0.8571 rec=0.8519 f1=0.8505 BEST
2026-08-27 10:17:13,881 | EPOCH 4 train_loss=0.356466
2026-08-27 10:17:14,424 | EPOCH 4 VAL loss=0.392162 acc=0.8618 pre=0.8623 rec=0.8630 f1=0.8605 BEST
2026-08-27 10:17:21,029 | EPOCH 5 train_loss=0.342157
2026-08-27 10:17:21,573 | EPOCH 5 VAL loss=0.412937 acc=0.8560 pre=0.8576 rec=0.8569 f1=0.8538
2026-08-27 10:17:28,099 | EPOCH 6 train_loss=0.331660
2026-08-27 10:17:28,646 | EPOCH 6 VAL loss=0.408843 acc=0.8610 pre=0.8639 rec=0.8626 f1=0.8598
2026-08-27 10:17:35,041 | EPOCH 7 train_loss=0.325569
2026-08-27 10:17:35,586 | EPOCH 7 VAL loss=0.458660 acc=0.8428 pre=0.8629 rec=0.8459 f1=0.8460
2026-08-27 10:17:41,903 | EPOCH 8 train_loss=0.317520
2026-08-27 10:17:42,441 | EPOCH 8 VAL loss=0.388165 acc=0.8685 pre=0.8720 rec=0.8705 f1=0.8706 BEST
2026-08-27 10:17:49,335 | EPOCH 9 train_loss=0.314779
2026-08-27 10:17:50,263 | EPOCH 9 VAL loss=0.391178 acc=0.8657 pre=0.8679 rec=0.8669 f1=0.8665
2026-08-27 10:17:56,700 | EPOCH 10 train_loss=0.307411
2026-08-27 10:17:57,248 | EPOCH 10 VAL loss=0.419105 acc=0.8610 pre=0.8665 rec=0.8618 f1=0.8586
2026-08-27 10:18:03,770 | EPOCH 11 train_loss=0.304130
2026-08-27 10:18:04,319 | EPOCH 11 VAL loss=0.452822 acc=0.8447 pre=0.8516 rec=0.8465 f1=0.8440
2026-08-27 10:18:10,799 | EPOCH 12 train_loss=0.301617
2026-08-27 10:18:11,342 | EPOCH 12 VAL loss=0.377076 acc=0.8783 pre=0.8808 rec=0.8786 f1=0.8773 BEST
2026-08-27 10:18:17,998 | EPOCH 13 train_loss=0.295179
2026-08-27 10:18:18,547 | EPOCH 13 VAL loss=0.405456 acc=0.8740 pre=0.8741 rec=0.8748 f1=0.8739
2026-08-27 10:18:24,880 | EPOCH 14 train_loss=0.296206
2026-08-27 10:18:25,421 | EPOCH 14 VAL loss=0.465428 acc=0.8457 pre=0.8640 rec=0.8473 f1=0.8463
2026-08-27 10:18:31,855 | EPOCH 15 train_loss=0.293207
2026-08-27 10:18:32,405 | EPOCH 15 VAL loss=0.437843 acc=0.8600 pre=0.8653 rec=0.8623 f1=0.8619
2026-08-27 10:18:38,892 | EPOCH 16 train_loss=0.290174
2026-08-27 10:18:39,458 | EPOCH 16 VAL loss=0.464654 acc=0.8670 pre=0.8708 rec=0.8683 f1=0.8659
2026-08-27 10:18:45,923 | EPOCH 17 train_loss=0.283157
2026-08-27 10:18:46,473 | EPOCH 17 VAL loss=0.442093 acc=0.8710 pre=0.8742 rec=0.8721 f1=0.8668
2026-08-27 10:18:52,882 | EPOCH 18 train_loss=0.282719
2026-08-27 10:18:53,442 | EPOCH 18 VAL loss=0.424241 acc=0.8730 pre=0.8767 rec=0.8736 f1=0.8743
2026-08-27 10:18:59,836 | EPOCH 19 train_loss=0.280286
2026-08-27 10:19:00,392 | EPOCH 19 VAL loss=0.479789 acc=0.8735 pre=0.8746 rec=0.8744 f1=0.8720
2026-08-27 10:19:06,995 | EPOCH 20 train_loss=0.278076
2026-08-27 10:19:07,545 | EPOCH 20 VAL loss=0.470846 acc=0.8747 pre=0.8748 rec=0.8764 f1=0.8727
2026-08-27 10:19:14,042 | EPOCH 21 train_loss=0.275892
2026-08-27 10:19:14,610 | EPOCH 21 VAL loss=0.473761 acc=0.8783 pre=0.8794 rec=0.8793 f1=0.8787 BEST
2026-08-27 10:19:21,462 | EPOCH 22 train_loss=0.274970
2026-08-27 10:19:22,018 | EPOCH 22 VAL loss=0.440480 acc=0.8743 pre=0.8781 rec=0.8758 f1=0.8760
2026-08-27 10:19:28,480 | EPOCH 23 train_loss=0.274238
2026-08-27 10:19:29,035 | EPOCH 23 VAL loss=0.535043 acc=0.8732 pre=0.8751 rec=0.8746 f1=0.8740
2026-08-27 10:19:35,452 | EPOCH 24 train_loss=0.275408
2026-08-27 10:19:36,002 | EPOCH 24 VAL loss=0.467761 acc=0.8775 pre=0.8781 rec=0.8786 f1=0.8769
2026-08-27 10:19:42,645 | EPOCH 25 train_loss=0.270613
2026-08-27 10:19:43,198 | EPOCH 25 VAL loss=0.476048 acc=0.8683 pre=0.8726 rec=0.8700 f1=0.8672
2026-08-27 10:19:49,654 | EPOCH 26 train_loss=0.269009
2026-08-27 10:19:50,200 | EPOCH 26 VAL loss=0.489768 acc=0.8717 pre=0.8789 rec=0.8721 f1=0.8718
2026-08-27 10:19:56,575 | EPOCH 27 train_loss=0.266155
2026-08-27 10:19:57,127 | EPOCH 27 VAL loss=0.509314 acc=0.8592 pre=0.8726 rec=0.8620 f1=0.8623
2026-08-27 10:20:03,535 | EPOCH 28 train_loss=0.262950
2026-08-27 10:20:04,124 | EPOCH 28 VAL loss=0.555153 acc=0.8777 pre=0.8788 rec=0.8784 f1=0.8771
2026-08-27 10:20:10,642 | EPOCH 29 train_loss=0.264767
2026-08-27 10:20:11,198 | EPOCH 29 VAL loss=0.523154 acc=0.8730 pre=0.8763 rec=0.8748 f1=0.8743
2026-08-27 10:20:17,696 | EPOCH 30 train_loss=0.261610
2026-08-27 10:20:18,245 | EPOCH 30 VAL loss=0.546824 acc=0.8647 pre=0.8705 rec=0.8658 f1=0.8650
2026-08-27 10:20:24,844 | EPOCH 31 train_loss=0.263715
2026-08-27 10:20:25,390 | EPOCH 31 VAL loss=0.525362 acc=0.8760 pre=0.8771 rec=0.8765 f1=0.8760
2026-08-27 10:20:25,396 | DONE best_epoch=21 best_val_loss=0.473761 early_stop=True time=218.89s
