2026-08-27 08:27:05,119 | START mlp_adadelta_lr0.1_s2026 opt=adadelta lr=0.1 seed=2026 device=cuda epochs=150 best_by=f1 stop_by=f1
2026-08-27 08:27:11,708 | EPOCH 1 train_loss=0.767769
2026-08-27 08:27:12,256 | EPOCH 1 VAL loss=0.548592 acc=0.8113 pre=0.8097 rec=0.8129 f1=0.8061 BEST
2026-08-27 08:27:19,216 | EPOCH 2 train_loss=0.492217
2026-08-27 08:27:19,757 | EPOCH 2 VAL loss=0.490468 acc=0.8315 pre=0.8354 rec=0.8330 f1=0.8274 BEST
2026-08-27 08:27:26,740 | EPOCH 3 train_loss=0.441443
2026-08-27 08:27:27,277 | EPOCH 3 VAL loss=0.472223 acc=0.8288 pre=0.8468 rec=0.8329 f1=0.8329 BEST
2026-08-27 08:27:34,493 | EPOCH 4 train_loss=0.411370
2026-08-27 08:27:35,042 | EPOCH 4 VAL loss=0.415656 acc=0.8552 pre=0.8552 rec=0.8556 f1=0.8531 BEST
2026-08-27 08:27:41,807 | EPOCH 5 train_loss=0.385824
2026-08-27 08:27:42,355 | EPOCH 5 VAL loss=0.402624 acc=0.8570 pre=0.8571 rec=0.8580 f1=0.8550 BEST
2026-08-27 08:27:49,256 | EPOCH 6 train_loss=0.366749
2026-08-27 08:27:49,805 | EPOCH 6 VAL loss=0.371958 acc=0.8687 pre=0.8679 rec=0.8692 f1=0.8672 BEST
2026-08-27 08:27:56,600 | EPOCH 7 train_loss=0.349343
2026-08-27 08:27:57,159 | EPOCH 7 VAL loss=0.380576 acc=0.8590 pre=0.8685 rec=0.8607 f1=0.8618
2026-08-27 08:28:03,647 | EPOCH 8 train_loss=0.336316
2026-08-27 08:28:04,198 | EPOCH 8 VAL loss=0.350064 acc=0.8698 pre=0.8713 rec=0.8714 f1=0.8711 BEST
2026-08-27 08:28:11,007 | EPOCH 9 train_loss=0.324128
2026-08-27 08:28:11,927 | EPOCH 9 VAL loss=0.356497 acc=0.8700 pre=0.8743 rec=0.8714 f1=0.8714 BEST
2026-08-27 08:28:18,700 | EPOCH 10 train_loss=0.312859
2026-08-27 08:28:19,241 | EPOCH 10 VAL loss=0.353779 acc=0.8740 pre=0.8773 rec=0.8744 f1=0.8725 BEST
2026-08-27 08:28:26,473 | EPOCH 11 train_loss=0.302940
2026-08-27 08:28:27,025 | EPOCH 11 VAL loss=0.333660 acc=0.8813 pre=0.8832 rec=0.8830 f1=0.8821 BEST
2026-08-27 08:28:33,811 | EPOCH 12 train_loss=0.292906
2026-08-27 08:28:34,352 | EPOCH 12 VAL loss=0.332053 acc=0.8820 pre=0.8847 rec=0.8823 f1=0.8808
2026-08-27 08:28:40,743 | EPOCH 13 train_loss=0.286521
2026-08-27 08:28:41,283 | EPOCH 13 VAL loss=0.323653 acc=0.8845 pre=0.8850 rec=0.8850 f1=0.8843 BEST
2026-08-27 08:28:48,091 | EPOCH 14 train_loss=0.279273
2026-08-27 08:28:48,621 | EPOCH 14 VAL loss=0.327422 acc=0.8812 pre=0.8822 rec=0.8818 f1=0.8813
2026-08-27 08:28:55,078 | EPOCH 15 train_loss=0.271284
2026-08-27 08:28:55,617 | EPOCH 15 VAL loss=0.324589 acc=0.8807 pre=0.8862 rec=0.8823 f1=0.8829
2026-08-27 08:29:02,072 | EPOCH 16 train_loss=0.265322
2026-08-27 08:29:02,615 | EPOCH 16 VAL loss=0.330765 acc=0.8805 pre=0.8831 rec=0.8820 f1=0.8799
2026-08-27 08:29:09,057 | EPOCH 17 train_loss=0.257633
2026-08-27 08:29:09,596 | EPOCH 17 VAL loss=0.338100 acc=0.8830 pre=0.8882 rec=0.8834 f1=0.8786
2026-08-27 08:29:16,090 | EPOCH 18 train_loss=0.251931
2026-08-27 08:29:16,629 | EPOCH 18 VAL loss=0.310608 acc=0.8857 pre=0.8898 rec=0.8860 f1=0.8873 BEST
2026-08-27 08:29:23,355 | EPOCH 19 train_loss=0.246500
2026-08-27 08:29:23,926 | EPOCH 19 VAL loss=0.317323 acc=0.8873 pre=0.8893 rec=0.8879 f1=0.8863
2026-08-27 08:29:30,449 | EPOCH 20 train_loss=0.241148
2026-08-27 08:29:31,003 | EPOCH 20 VAL loss=0.317492 acc=0.8873 pre=0.8872 rec=0.8882 f1=0.8861
2026-08-27 08:29:37,529 | EPOCH 21 train_loss=0.235607
2026-08-27 08:29:38,073 | EPOCH 21 VAL loss=0.305737 acc=0.8915 pre=0.8929 rec=0.8921 f1=0.8908 BEST
2026-08-27 08:29:45,045 | EPOCH 22 train_loss=0.230598
2026-08-27 08:29:45,598 | EPOCH 22 VAL loss=0.319733 acc=0.8805 pre=0.8885 rec=0.8819 f1=0.8828
2026-08-27 08:29:52,040 | EPOCH 23 train_loss=0.225768
2026-08-27 08:29:52,592 | EPOCH 23 VAL loss=0.314369 acc=0.8897 pre=0.8904 rec=0.8909 f1=0.8896
2026-08-27 08:29:59,120 | EPOCH 24 train_loss=0.221670
2026-08-27 08:29:59,656 | EPOCH 24 VAL loss=0.302183 acc=0.8950 pre=0.8949 rec=0.8959 f1=0.8948 BEST
2026-08-27 08:30:06,553 | EPOCH 25 train_loss=0.217468
2026-08-27 08:30:07,096 | EPOCH 25 VAL loss=0.326297 acc=0.8850 pre=0.8902 rec=0.8857 f1=0.8839
2026-08-27 08:30:13,514 | EPOCH 26 train_loss=0.212853
2026-08-27 08:30:14,084 | EPOCH 26 VAL loss=0.297008 acc=0.8967 pre=0.8975 rec=0.8972 f1=0.8965 BEST
2026-08-27 08:30:21,006 | EPOCH 27 train_loss=0.207766
2026-08-27 08:30:21,562 | EPOCH 27 VAL loss=0.337687 acc=0.8757 pre=0.8913 rec=0.8777 f1=0.8798
2026-08-27 08:30:28,078 | EPOCH 28 train_loss=0.204622
2026-08-27 08:30:28,618 | EPOCH 28 VAL loss=0.306614 acc=0.8927 pre=0.8947 rec=0.8932 f1=0.8932
2026-08-27 08:30:35,149 | EPOCH 29 train_loss=0.199557
2026-08-27 08:30:35,682 | EPOCH 29 VAL loss=0.315421 acc=0.8933 pre=0.8958 rec=0.8947 f1=0.8935
2026-08-27 08:30:42,229 | EPOCH 30 train_loss=0.195767
2026-08-27 08:30:42,770 | EPOCH 30 VAL loss=0.295849 acc=0.8977 pre=0.8982 rec=0.8983 f1=0.8975 BEST
2026-08-27 08:30:49,634 | EPOCH 31 train_loss=0.192394
2026-08-27 08:30:50,168 | EPOCH 31 VAL loss=0.295253 acc=0.8935 pre=0.8954 rec=0.8946 f1=0.8947
2026-08-27 08:30:56,546 | EPOCH 32 train_loss=0.188533
2026-08-27 08:30:57,089 | EPOCH 32 VAL loss=0.330132 acc=0.8872 pre=0.8915 rec=0.8894 f1=0.8885
2026-08-27 08:31:03,615 | EPOCH 33 train_loss=0.183367
2026-08-27 08:31:04,162 | EPOCH 33 VAL loss=0.307448 acc=0.8918 pre=0.8950 rec=0.8931 f1=0.8935
2026-08-27 08:31:10,515 | EPOCH 34 train_loss=0.180559
2026-08-27 08:31:11,042 | EPOCH 34 VAL loss=0.314427 acc=0.8915 pre=0.8975 rec=0.8932 f1=0.8933
2026-08-27 08:31:17,437 | EPOCH 35 train_loss=0.176456
2026-08-27 08:31:17,967 | EPOCH 35 VAL loss=0.315173 acc=0.8925 pre=0.8983 rec=0.8939 f1=0.8948
2026-08-27 08:31:24,565 | EPOCH 36 train_loss=0.173403
2026-08-27 08:31:25,105 | EPOCH 36 VAL loss=0.304242 acc=0.8975 pre=0.8995 rec=0.8988 f1=0.8989 BEST
2026-08-27 08:31:31,962 | EPOCH 37 train_loss=0.169921
2026-08-27 08:31:32,505 | EPOCH 37 VAL loss=0.312543 acc=0.8915 pre=0.8930 rec=0.8922 f1=0.8923
2026-08-27 08:31:38,981 | EPOCH 38 train_loss=0.168320
2026-08-27 08:31:39,527 | EPOCH 38 VAL loss=0.308335 acc=0.8963 pre=0.8975 rec=0.8969 f1=0.8963
2026-08-27 08:31:46,036 | EPOCH 39 train_loss=0.163603
2026-08-27 08:31:46,580 | EPOCH 39 VAL loss=0.326512 acc=0.8912 pre=0.8919 rec=0.8919 f1=0.8910
2026-08-27 08:31:52,967 | EPOCH 40 train_loss=0.161421
2026-08-27 08:31:53,507 | EPOCH 40 VAL loss=0.345487 acc=0.8863 pre=0.8891 rec=0.8875 f1=0.8862
2026-08-27 08:31:59,927 | EPOCH 41 train_loss=0.157333
2026-08-27 08:32:00,465 | EPOCH 41 VAL loss=0.309061 acc=0.8948 pre=0.8956 rec=0.8958 f1=0.8954
2026-08-27 08:32:06,959 | EPOCH 42 train_loss=0.153886
2026-08-27 08:32:07,500 | EPOCH 42 VAL loss=0.339905 acc=0.8913 pre=0.8929 rec=0.8927 f1=0.8900
2026-08-27 08:32:13,937 | EPOCH 43 train_loss=0.152395
2026-08-27 08:32:14,478 | EPOCH 43 VAL loss=0.318160 acc=0.8950 pre=0.8965 rec=0.8967 f1=0.8962
2026-08-27 08:32:20,913 | EPOCH 44 train_loss=0.148567
2026-08-27 08:32:21,445 | EPOCH 44 VAL loss=0.313691 acc=0.9000 pre=0.9005 rec=0.9011 f1=0.9005 BEST
2026-08-27 08:32:28,461 | EPOCH 45 train_loss=0.145122
2026-08-27 08:32:28,997 | EPOCH 45 VAL loss=0.317550 acc=0.8955 pre=0.8967 rec=0.8965 f1=0.8963
2026-08-27 08:32:35,437 | EPOCH 46 train_loss=0.143887
2026-08-27 08:32:35,987 | EPOCH 46 VAL loss=0.351219 acc=0.8872 pre=0.8952 rec=0.8891 f1=0.8893
2026-08-27 08:32:42,380 | EPOCH 47 train_loss=0.139535
2026-08-27 08:32:43,302 | EPOCH 47 VAL loss=0.349706 acc=0.8898 pre=0.8940 rec=0.8911 f1=0.8907
2026-08-27 08:32:49,921 | EPOCH 48 train_loss=0.137228
2026-08-27 08:32:50,458 | EPOCH 48 VAL loss=0.326295 acc=0.8967 pre=0.8997 rec=0.8975 f1=0.8977
2026-08-27 08:32:56,898 | EPOCH 49 train_loss=0.134062
2026-08-27 08:32:57,435 | EPOCH 49 VAL loss=0.367772 acc=0.8887 pre=0.8899 rec=0.8899 f1=0.8876
2026-08-27 08:33:04,011 | EPOCH 50 train_loss=0.132066
2026-08-27 08:33:04,559 | EPOCH 50 VAL loss=0.316026 acc=0.8985 pre=0.8993 rec=0.8991 f1=0.8989
2026-08-27 08:33:11,133 | EPOCH 51 train_loss=0.129786
2026-08-27 08:33:11,687 | EPOCH 51 VAL loss=0.329127 acc=0.8992 pre=0.9015 rec=0.9006 f1=0.9007 BEST
2026-08-27 08:33:18,420 | EPOCH 52 train_loss=0.126939
2026-08-27 08:33:18,958 | EPOCH 52 VAL loss=0.331786 acc=0.8987 pre=0.8992 rec=0.9002 f1=0.8992
2026-08-27 08:33:25,384 | EPOCH 53 train_loss=0.125177
2026-08-27 08:33:25,927 | EPOCH 53 VAL loss=0.341581 acc=0.8943 pre=0.8980 rec=0.8952 f1=0.8962
2026-08-27 08:33:32,410 | EPOCH 54 train_loss=0.121923
2026-08-27 08:33:32,970 | EPOCH 54 VAL loss=0.334751 acc=0.8952 pre=0.8975 rec=0.8953 f1=0.8956
2026-08-27 08:33:39,373 | EPOCH 55 train_loss=0.119624
2026-08-27 08:33:39,909 | EPOCH 55 VAL loss=0.347563 acc=0.8947 pre=0.8960 rec=0.8958 f1=0.8953
2026-08-27 08:33:46,356 | EPOCH 56 train_loss=0.118137
2026-08-27 08:33:46,897 | EPOCH 56 VAL loss=0.359339 acc=0.8887 pre=0.8935 rec=0.8898 f1=0.8899
2026-08-27 08:33:53,313 | EPOCH 57 train_loss=0.115406
2026-08-27 08:33:53,907 | EPOCH 57 VAL loss=0.348181 acc=0.8972 pre=0.8977 rec=0.8984 f1=0.8978
2026-08-27 08:34:00,272 | EPOCH 58 train_loss=0.113449
2026-08-27 08:34:00,820 | EPOCH 58 VAL loss=0.365707 acc=0.8948 pre=0.8958 rec=0.8957 f1=0.8937
2026-08-27 08:34:07,247 | EPOCH 59 train_loss=0.109637
2026-08-27 08:34:07,784 | EPOCH 59 VAL loss=0.347541 acc=0.8957 pre=0.8971 rec=0.8959 f1=0.8957
2026-08-27 08:34:14,185 | EPOCH 60 train_loss=0.108341
2026-08-27 08:34:14,747 | EPOCH 60 VAL loss=0.363267 acc=0.8923 pre=0.8956 rec=0.8922 f1=0.8918
2026-08-27 08:34:21,124 | EPOCH 61 train_loss=0.105889
2026-08-27 08:34:21,662 | EPOCH 61 VAL loss=0.365639 acc=0.8983 pre=0.8993 rec=0.8995 f1=0.8988
2026-08-27 08:34:21,670 | DONE best_epoch=51 best_val_loss=0.329127 early_stop=True time=435.93s
