2026-08-27 12:32:53,537 | START mlp_adamax_lr0.0005_s123 opt=adamax lr=0.0005 seed=123 device=cuda epochs=150 best_by=f1 stop_by=f1
2026-08-27 12:32:55,812 | INTERRUPTED epoch=0 batch=189
2026-08-27 13:13:58,326 | START mlp_adamax_lr0.0005_s123 opt=adamax lr=0.0005 seed=123 device=cuda epochs=150 best_by=f1 stop_by=f1
2026-08-27 13:14:08,319 | START mlp_adamax_lr0.0005_s123 opt=adamax lr=0.0005 seed=123 device=cuda epochs=150 best_by=f1 stop_by=f1
2026-08-27 13:14:08,331 | RESUMED from epoch 0, batch 600
2026-08-27 13:14:09,502 | EPOCH 1 train_loss=0.709669
2026-08-27 13:14:10,578 | EPOCH 1 VAL loss=0.526796 acc=0.8100 pre=0.8139 rec=0.8108 f1=0.8068 BEST
2026-08-27 13:14:18,932 | EPOCH 1 train_loss=0.532251
2026-08-27 13:14:20,010 | EPOCH 1 VAL loss=0.526796 acc=0.8100 pre=0.8139 rec=0.8108 f1=0.8068 BEST
2026-08-27 13:14:23,053 | EPOCH 2 train_loss=0.470934
2026-08-27 13:14:24,143 | EPOCH 2 VAL loss=0.483444 acc=0.8300 pre=0.8371 rec=0.8304 f1=0.8231 BEST
2026-08-27 13:14:32,660 | EPOCH 2 train_loss=0.470934
2026-08-27 13:14:33,774 | EPOCH 2 VAL loss=0.483444 acc=0.8300 pre=0.8371 rec=0.8304 f1=0.8231 BEST
2026-08-27 13:14:36,973 | EPOCH 3 train_loss=0.426388
2026-08-27 13:14:38,047 | EPOCH 3 VAL loss=0.439125 acc=0.8488 pre=0.8505 rec=0.8509 f1=0.8488 BEST
2026-08-27 13:14:46,820 | EPOCH 3 train_loss=0.426388
2026-08-27 13:14:47,924 | EPOCH 3 VAL loss=0.439125 acc=0.8488 pre=0.8505 rec=0.8509 f1=0.8488 BEST
2026-08-27 13:14:50,626 | EPOCH 4 train_loss=0.401568
2026-08-27 13:14:51,707 | EPOCH 4 VAL loss=0.409689 acc=0.8582 pre=0.8569 rec=0.8595 f1=0.8564 BEST
2026-08-27 13:15:00,551 | EPOCH 4 train_loss=0.401568
2026-08-27 13:15:01,629 | EPOCH 4 VAL loss=0.409689 acc=0.8582 pre=0.8569 rec=0.8595 f1=0.8564 BEST
2026-08-27 13:15:04,352 | EPOCH 5 train_loss=0.381753
2026-08-27 13:15:05,482 | EPOCH 5 VAL loss=0.395221 acc=0.8605 pre=0.8600 rec=0.8618 f1=0.8592 BEST
2026-08-27 13:15:14,243 | EPOCH 5 train_loss=0.381753
2026-08-27 13:15:15,388 | EPOCH 5 VAL loss=0.395221 acc=0.8605 pre=0.8600 rec=0.8618 f1=0.8592 BEST
2026-08-27 13:15:18,066 | EPOCH 6 train_loss=0.366115
2026-08-27 13:15:19,142 | EPOCH 6 VAL loss=0.385654 acc=0.8638 pre=0.8667 rec=0.8653 f1=0.8652 BEST
2026-08-27 13:15:27,961 | EPOCH 6 train_loss=0.366115
2026-08-27 13:15:29,042 | EPOCH 6 VAL loss=0.385654 acc=0.8638 pre=0.8667 rec=0.8653 f1=0.8652 BEST
2026-08-27 13:15:31,808 | EPOCH 7 train_loss=0.353626
2026-08-27 13:15:32,876 | EPOCH 7 VAL loss=0.367937 acc=0.8667 pre=0.8670 rec=0.8681 f1=0.8672 BEST
2026-08-27 13:15:41,741 | EPOCH 7 train_loss=0.353626
2026-08-27 13:15:42,820 | EPOCH 7 VAL loss=0.367937 acc=0.8667 pre=0.8670 rec=0.8681 f1=0.8672 BEST
2026-08-27 13:15:45,522 | EPOCH 8 train_loss=0.340238
2026-08-27 13:15:46,603 | EPOCH 8 VAL loss=0.357060 acc=0.8743 pre=0.8752 rec=0.8753 f1=0.8745 BEST
2026-08-27 13:15:55,462 | EPOCH 8 train_loss=0.340238
2026-08-27 13:15:56,529 | EPOCH 8 VAL loss=0.357060 acc=0.8743 pre=0.8752 rec=0.8753 f1=0.8745 BEST
2026-08-27 13:15:59,031 | EPOCH 9 train_loss=0.329655
2026-08-27 13:16:00,093 | EPOCH 9 VAL loss=0.356943 acc=0.8725 pre=0.8746 rec=0.8745 f1=0.8735
2026-08-27 13:16:08,994 | EPOCH 9 train_loss=0.329655
2026-08-27 13:16:10,059 | EPOCH 9 VAL loss=0.356943 acc=0.8725 pre=0.8746 rec=0.8745 f1=0.8735
2026-08-27 13:16:11,876 | EPOCH 10 train_loss=0.321024
2026-08-27 13:16:12,959 | EPOCH 10 VAL loss=0.348454 acc=0.8737 pre=0.8738 rec=0.8747 f1=0.8732
2026-08-27 13:16:22,084 | EPOCH 10 train_loss=0.321024
2026-08-27 13:16:23,158 | EPOCH 10 VAL loss=0.348454 acc=0.8737 pre=0.8738 rec=0.8747 f1=0.8732
2026-08-27 13:16:24,921 | EPOCH 11 train_loss=0.310941
2026-08-27 13:16:26,028 | EPOCH 11 VAL loss=0.346068 acc=0.8768 pre=0.8774 rec=0.8785 f1=0.8769 BEST
2026-08-27 13:16:35,320 | EPOCH 11 train_loss=0.310941
2026-08-27 13:16:36,397 | EPOCH 11 VAL loss=0.346068 acc=0.8768 pre=0.8774 rec=0.8785 f1=0.8769 BEST
2026-08-27 13:16:38,631 | EPOCH 12 train_loss=0.302386
2026-08-27 13:16:39,803 | EPOCH 12 VAL loss=0.343057 acc=0.8778 pre=0.8807 rec=0.8780 f1=0.8772 BEST
2026-08-27 13:16:49,208 | EPOCH 12 train_loss=0.302386
2026-08-27 13:16:50,310 | EPOCH 12 VAL loss=0.343057 acc=0.8778 pre=0.8807 rec=0.8780 f1=0.8772 BEST
2026-08-27 13:16:52,247 | EPOCH 13 train_loss=0.296754
2026-08-27 13:16:53,352 | EPOCH 13 VAL loss=0.333527 acc=0.8797 pre=0.8805 rec=0.8812 f1=0.8805 BEST
2026-08-27 13:17:03,628 | EPOCH 13 train_loss=0.296754
2026-08-27 13:17:04,794 | EPOCH 13 VAL loss=0.333527 acc=0.8797 pre=0.8805 rec=0.8812 f1=0.8805 BEST
2026-08-27 13:17:06,143 | EPOCH 14 train_loss=0.288951
2026-08-27 13:17:07,215 | EPOCH 14 VAL loss=0.335517 acc=0.8802 pre=0.8809 rec=0.8812 f1=0.8797
2026-08-27 13:17:17,593 | EPOCH 14 train_loss=0.288951
2026-08-27 13:17:18,708 | EPOCH 14 VAL loss=0.335517 acc=0.8802 pre=0.8809 rec=0.8812 f1=0.8797
2026-08-27 13:17:19,116 | EPOCH 15 train_loss=0.282952
2026-08-27 13:17:20,245 | EPOCH 15 VAL loss=0.322360 acc=0.8825 pre=0.8829 rec=0.8836 f1=0.8829 BEST
2026-08-27 13:17:30,756 | EPOCH 15 train_loss=0.282952
2026-08-27 13:17:31,839 | EPOCH 15 VAL loss=0.322360 acc=0.8825 pre=0.8829 rec=0.8836 f1=0.8829 BEST
2026-08-27 13:17:33,184 | EPOCH 16 train_loss=0.276141
2026-08-27 13:17:34,397 | EPOCH 16 VAL loss=0.329542 acc=0.8813 pre=0.8820 rec=0.8828 f1=0.8796
2026-08-27 13:17:45,497 | EPOCH 16 train_loss=0.276141
2026-08-27 13:17:46,565 | EPOCH 17 train_loss=0.270764
2026-08-27 13:17:46,627 | EPOCH 16 VAL loss=0.329542 acc=0.8813 pre=0.8820 rec=0.8828 f1=0.8796
2026-08-27 13:17:47,631 | EPOCH 17 VAL loss=0.323786 acc=0.8827 pre=0.8856 rec=0.8830 f1=0.8825
2026-08-27 13:17:58,781 | EPOCH 17 train_loss=0.270764
2026-08-27 13:17:59,730 | EPOCH 18 train_loss=0.265154
2026-08-27 13:17:59,892 | EPOCH 17 VAL loss=0.323786 acc=0.8827 pre=0.8856 rec=0.8830 f1=0.8825
2026-08-27 13:18:00,852 | EPOCH 18 VAL loss=0.313467 acc=0.8870 pre=0.8876 rec=0.8886 f1=0.8876 BEST
2026-08-27 13:18:12,080 | EPOCH 18 train_loss=0.265154
2026-08-27 13:18:13,156 | EPOCH 18 VAL loss=0.313467 acc=0.8870 pre=0.8876 rec=0.8886 f1=0.8876 BEST
2026-08-27 13:18:13,416 | EPOCH 19 train_loss=0.258924
2026-08-27 13:18:14,556 | EPOCH 19 VAL loss=0.325494 acc=0.8817 pre=0.8868 rec=0.8833 f1=0.8837
2026-08-27 13:18:25,715 | EPOCH 19 train_loss=0.258924
2026-08-27 13:18:26,399 | EPOCH 20 train_loss=0.254446
2026-08-27 13:18:26,804 | EPOCH 19 VAL loss=0.325494 acc=0.8817 pre=0.8868 rec=0.8833 f1=0.8837
2026-08-27 13:18:27,485 | EPOCH 20 VAL loss=0.320943 acc=0.8830 pre=0.8845 rec=0.8842 f1=0.8829
2026-08-27 13:18:38,818 | EPOCH 20 train_loss=0.254446
2026-08-27 13:18:39,317 | EPOCH 21 train_loss=0.250029
2026-08-27 13:18:39,885 | EPOCH 20 VAL loss=0.320943 acc=0.8830 pre=0.8845 rec=0.8842 f1=0.8829
2026-08-27 13:18:40,350 | EPOCH 21 VAL loss=0.311726 acc=0.8888 pre=0.8918 rec=0.8889 f1=0.8885 BEST
2026-08-27 13:18:51,856 | EPOCH 21 train_loss=0.250029
2026-08-27 13:18:52,930 | EPOCH 21 VAL loss=0.311726 acc=0.8888 pre=0.8918 rec=0.8889 f1=0.8885 BEST
2026-08-27 13:18:52,981 | EPOCH 22 train_loss=0.244290
2026-08-27 13:18:54,145 | EPOCH 22 VAL loss=0.312778 acc=0.8847 pre=0.8868 rec=0.8851 f1=0.8836
2026-08-27 13:19:05,478 | EPOCH 22 train_loss=0.244290
2026-08-27 13:19:06,064 | EPOCH 23 train_loss=0.239927
2026-08-27 13:19:06,562 | EPOCH 22 VAL loss=0.312778 acc=0.8847 pre=0.8868 rec=0.8851 f1=0.8836
2026-08-27 13:19:07,172 | EPOCH 23 VAL loss=0.312205 acc=0.8855 pre=0.8864 rec=0.8864 f1=0.8840
2026-08-27 13:19:18,523 | EPOCH 23 train_loss=0.239927
2026-08-27 13:19:19,024 | EPOCH 24 train_loss=0.234175
2026-08-27 13:19:19,596 | EPOCH 23 VAL loss=0.312205 acc=0.8855 pre=0.8864 rec=0.8864 f1=0.8840
2026-08-27 13:19:20,094 | EPOCH 24 VAL loss=0.309835 acc=0.8860 pre=0.8869 rec=0.8876 f1=0.8865
2026-08-27 13:19:31,549 | EPOCH 24 train_loss=0.234175
2026-08-27 13:19:31,903 | EPOCH 25 train_loss=0.231539
2026-08-27 13:19:32,638 | EPOCH 24 VAL loss=0.309835 acc=0.8860 pre=0.8869 rec=0.8876 f1=0.8865
2026-08-27 13:19:32,995 | EPOCH 25 VAL loss=0.306006 acc=0.8895 pre=0.8904 rec=0.8902 f1=0.8886 BEST
2026-08-27 13:19:44,874 | EPOCH 25 train_loss=0.231539
2026-08-27 13:19:45,967 | EPOCH 25 VAL loss=0.306006 acc=0.8895 pre=0.8904 rec=0.8902 f1=0.8886 BEST
2026-08-27 13:19:46,144 | EPOCH 26 train_loss=0.226211
2026-08-27 13:19:47,276 | EPOCH 26 VAL loss=0.297872 acc=0.8947 pre=0.8952 rec=0.8959 f1=0.8949 BEST
2026-08-27 13:19:58,840 | EPOCH 26 train_loss=0.226211
2026-08-27 13:19:59,805 | EPOCH 27 train_loss=0.221568
2026-08-27 13:19:59,948 | EPOCH 26 VAL loss=0.297872 acc=0.8947 pre=0.8952 rec=0.8959 f1=0.8949 BEST
2026-08-27 13:20:00,978 | EPOCH 27 VAL loss=0.304038 acc=0.8922 pre=0.8942 rec=0.8941 f1=0.8935
2026-08-27 13:20:12,687 | EPOCH 27 train_loss=0.221568
2026-08-27 13:20:13,004 | EPOCH 28 train_loss=0.218096
2026-08-27 13:20:13,762 | EPOCH 27 VAL loss=0.304038 acc=0.8922 pre=0.8942 rec=0.8941 f1=0.8935
2026-08-27 13:20:14,130 | EPOCH 28 VAL loss=0.309336 acc=0.8878 pre=0.8895 rec=0.8896 f1=0.8890
2026-08-27 13:20:25,948 | EPOCH 28 train_loss=0.218096
2026-08-27 13:20:26,111 | EPOCH 29 train_loss=0.214213
2026-08-27 13:20:27,058 | EPOCH 28 VAL loss=0.309336 acc=0.8878 pre=0.8895 rec=0.8896 f1=0.8890
2026-08-27 13:20:27,189 | EPOCH 29 VAL loss=0.297505 acc=0.8925 pre=0.8935 rec=0.8936 f1=0.8933
2026-08-27 13:20:39,105 | EPOCH 30 train_loss=0.210180
2026-08-27 13:20:39,123 | EPOCH 29 train_loss=0.214213
2026-08-27 13:20:40,171 | EPOCH 30 VAL loss=0.303179 acc=0.8903 pre=0.8921 rec=0.8924 f1=0.8912
2026-08-27 13:20:40,182 | EPOCH 29 VAL loss=0.297505 acc=0.8925 pre=0.8935 rec=0.8936 f1=0.8933
2026-08-27 13:20:52,192 | EPOCH 31 train_loss=0.206680
2026-08-27 13:20:52,344 | EPOCH 30 train_loss=0.210180
2026-08-27 13:20:53,231 | EPOCH 31 VAL loss=0.311043 acc=0.8905 pre=0.8920 rec=0.8914 f1=0.8892
2026-08-27 13:20:53,439 | EPOCH 30 VAL loss=0.303179 acc=0.8903 pre=0.8921 rec=0.8924 f1=0.8912
2026-08-27 13:21:05,172 | EPOCH 32 train_loss=0.203050
2026-08-27 13:21:05,586 | EPOCH 31 train_loss=0.206680
2026-08-27 13:21:06,253 | EPOCH 32 VAL loss=0.300462 acc=0.8935 pre=0.8966 rec=0.8949 f1=0.8952 BEST
2026-08-27 13:21:06,647 | EPOCH 31 VAL loss=0.311043 acc=0.8905 pre=0.8920 rec=0.8914 f1=0.8892
2026-08-27 13:21:18,641 | EPOCH 33 train_loss=0.198211
2026-08-27 13:21:18,690 | EPOCH 32 train_loss=0.203050
2026-08-27 13:21:19,741 | EPOCH 33 VAL loss=0.298201 acc=0.8930 pre=0.8952 rec=0.8937 f1=0.8941
2026-08-27 13:21:19,774 | EPOCH 32 VAL loss=0.300462 acc=0.8935 pre=0.8966 rec=0.8949 f1=0.8952 BEST
2026-08-27 13:21:31,425 | EPOCH 34 train_loss=0.194211
2026-08-27 13:21:32,269 | EPOCH 33 train_loss=0.198211
2026-08-27 13:21:32,516 | EPOCH 34 VAL loss=0.303391 acc=0.8918 pre=0.8946 rec=0.8931 f1=0.8930
2026-08-27 13:21:33,333 | EPOCH 33 VAL loss=0.298201 acc=0.8930 pre=0.8952 rec=0.8937 f1=0.8941
2026-08-27 13:21:44,390 | EPOCH 35 train_loss=0.190976
2026-08-27 13:21:45,253 | EPOCH 34 train_loss=0.194211
2026-08-27 13:21:45,506 | EPOCH 35 VAL loss=0.300752 acc=0.8927 pre=0.8935 rec=0.8935 f1=0.8931
2026-08-27 13:21:46,312 | EPOCH 34 VAL loss=0.303391 acc=0.8918 pre=0.8946 rec=0.8931 f1=0.8930
2026-08-27 13:21:57,006 | EPOCH 36 train_loss=0.187118
2026-08-27 13:21:58,072 | EPOCH 36 VAL loss=0.306210 acc=0.8935 pre=0.8950 rec=0.8943 f1=0.8939
2026-08-27 13:21:58,170 | EPOCH 35 train_loss=0.190976
2026-08-27 13:21:59,235 | EPOCH 35 VAL loss=0.300752 acc=0.8927 pre=0.8935 rec=0.8935 f1=0.8931
2026-08-27 13:22:09,863 | EPOCH 37 train_loss=0.184542
2026-08-27 13:22:10,922 | EPOCH 37 VAL loss=0.299484 acc=0.8908 pre=0.8926 rec=0.8919 f1=0.8915
2026-08-27 13:22:11,185 | EPOCH 36 train_loss=0.187118
2026-08-27 13:22:12,280 | EPOCH 36 VAL loss=0.306210 acc=0.8935 pre=0.8950 rec=0.8943 f1=0.8939
2026-08-27 13:22:22,876 | EPOCH 38 train_loss=0.181768
2026-08-27 13:22:23,952 | EPOCH 38 VAL loss=0.301305 acc=0.8933 pre=0.8940 rec=0.8943 f1=0.8937
2026-08-27 13:22:24,478 | EPOCH 37 train_loss=0.184542
2026-08-27 13:22:25,594 | EPOCH 37 VAL loss=0.299484 acc=0.8908 pre=0.8926 rec=0.8919 f1=0.8915
2026-08-27 13:22:36,093 | EPOCH 39 train_loss=0.177462
2026-08-27 13:22:37,164 | EPOCH 39 VAL loss=0.296404 acc=0.8967 pre=0.8994 rec=0.8978 f1=0.8983 BEST
2026-08-27 13:22:37,615 | EPOCH 38 train_loss=0.181768
2026-08-27 13:22:38,711 | EPOCH 38 VAL loss=0.301305 acc=0.8933 pre=0.8940 rec=0.8943 f1=0.8937
2026-08-27 13:22:49,773 | EPOCH 40 train_loss=0.174154
2026-08-27 13:22:50,711 | EPOCH 39 train_loss=0.177462
2026-08-27 13:22:50,829 | EPOCH 40 VAL loss=0.301637 acc=0.8912 pre=0.8914 rec=0.8927 f1=0.8914
2026-08-27 13:22:51,796 | EPOCH 39 VAL loss=0.296404 acc=0.8967 pre=0.8994 rec=0.8978 f1=0.8983 BEST
2026-08-27 13:23:02,639 | EPOCH 41 train_loss=0.171036
2026-08-27 13:23:03,713 | EPOCH 41 VAL loss=0.304880 acc=0.8948 pre=0.8963 rec=0.8952 f1=0.8945
2026-08-27 13:23:04,854 | EPOCH 40 train_loss=0.174154
2026-08-27 13:23:05,980 | EPOCH 40 VAL loss=0.301637 acc=0.8912 pre=0.8914 rec=0.8927 f1=0.8914
2026-08-27 13:23:15,558 | EPOCH 42 train_loss=0.166793
2026-08-27 13:23:16,642 | EPOCH 42 VAL loss=0.317854 acc=0.8855 pre=0.8876 rec=0.8871 f1=0.8861
2026-08-27 13:23:18,000 | EPOCH 41 train_loss=0.171036
2026-08-27 13:23:19,090 | EPOCH 41 VAL loss=0.304880 acc=0.8948 pre=0.8963 rec=0.8952 f1=0.8945
2026-08-27 13:23:28,485 | EPOCH 43 train_loss=0.164562
2026-08-27 13:23:29,569 | EPOCH 43 VAL loss=0.315083 acc=0.8870 pre=0.8898 rec=0.8889 f1=0.8882
2026-08-27 13:23:31,156 | EPOCH 42 train_loss=0.166793
2026-08-27 13:23:32,261 | EPOCH 42 VAL loss=0.317854 acc=0.8855 pre=0.8876 rec=0.8871 f1=0.8861
2026-08-27 13:23:41,412 | EPOCH 44 train_loss=0.159742
2026-08-27 13:23:42,480 | EPOCH 44 VAL loss=0.319659 acc=0.8887 pre=0.8906 rec=0.8896 f1=0.8887
2026-08-27 13:23:44,337 | EPOCH 43 train_loss=0.164562
2026-08-27 13:23:45,480 | EPOCH 43 VAL loss=0.315083 acc=0.8870 pre=0.8898 rec=0.8889 f1=0.8882
2026-08-27 13:23:54,189 | EPOCH 45 train_loss=0.158730
2026-08-27 13:23:55,325 | EPOCH 45 VAL loss=0.303493 acc=0.8947 pre=0.8960 rec=0.8960 f1=0.8957
2026-08-27 13:23:57,469 | EPOCH 44 train_loss=0.159742
2026-08-27 13:23:58,548 | EPOCH 44 VAL loss=0.319659 acc=0.8887 pre=0.8906 rec=0.8896 f1=0.8887
2026-08-27 13:24:07,197 | EPOCH 46 train_loss=0.155310
2026-08-27 13:24:08,256 | EPOCH 46 VAL loss=0.320128 acc=0.8900 pre=0.8909 rec=0.8906 f1=0.8901
2026-08-27 13:24:10,557 | EPOCH 45 train_loss=0.158730
2026-08-27 13:24:11,612 | EPOCH 45 VAL loss=0.303493 acc=0.8947 pre=0.8960 rec=0.8960 f1=0.8957
2026-08-27 13:24:19,993 | EPOCH 47 train_loss=0.151835
2026-08-27 13:24:21,053 | EPOCH 47 VAL loss=0.315478 acc=0.8880 pre=0.8907 rec=0.8901 f1=0.8896
2026-08-27 13:24:23,536 | EPOCH 46 train_loss=0.155310
2026-08-27 13:24:24,681 | EPOCH 46 VAL loss=0.320128 acc=0.8900 pre=0.8909 rec=0.8906 f1=0.8901
2026-08-27 13:24:32,810 | EPOCH 48 train_loss=0.149705
2026-08-27 13:24:33,905 | EPOCH 48 VAL loss=0.315924 acc=0.8923 pre=0.8934 rec=0.8926 f1=0.8925
2026-08-27 13:24:36,754 | EPOCH 47 train_loss=0.151835
2026-08-27 13:24:37,833 | EPOCH 47 VAL loss=0.315478 acc=0.8880 pre=0.8907 rec=0.8901 f1=0.8896
2026-08-27 13:24:45,752 | EPOCH 49 train_loss=0.146459
2026-08-27 13:24:46,836 | EPOCH 49 VAL loss=0.316670 acc=0.8942 pre=0.8953 rec=0.8957 f1=0.8951
2026-08-27 13:24:46,849 | DONE best_epoch=39 best_val_loss=0.296404 early_stop=True time=647.32s
