2026-08-27 20:43:29,885 | START cnn_adamw_lr0.0005_s123 opt=adamw lr=0.0005 seed=123 device=cuda epochs=150 best_by=f1 stop_by=f1
2026-08-27 20:43:40,523 | EPOCH 1 train_loss=0.587487
2026-08-27 20:43:41,719 | EPOCH 1 VAL loss=0.417580 acc=0.8523 pre=0.8532 rec=0.8525 f1=0.8465 BEST
2026-08-27 20:43:54,519 | EPOCH 2 train_loss=0.369218
2026-08-27 20:43:55,289 | EPOCH 2 VAL loss=0.379722 acc=0.8637 pre=0.8734 rec=0.8641 f1=0.8608 BEST
2026-08-27 20:44:07,111 | EPOCH 3 train_loss=0.318875
2026-08-27 20:44:08,196 | EPOCH 3 VAL loss=0.320553 acc=0.8887 pre=0.8944 rec=0.8900 f1=0.8912 BEST
2026-08-27 20:44:09,747 | START cnn_adamw_lr0.0005_s123 opt=adamw lr=0.0005 seed=123 device=cuda epochs=150 best_by=f1 stop_by=f1
2026-08-27 20:44:09,760 | RESUMED from epoch 3, batch 0
2026-08-27 20:44:21,788 | EPOCH 4 train_loss=0.294584
2026-08-27 20:44:22,643 | EPOCH 4 train_loss=0.294508
2026-08-27 20:44:22,905 | EPOCH 4 VAL loss=0.298419 acc=0.8912 pre=0.8920 rec=0.8918 f1=0.8909
2026-08-27 20:44:23,388 | EPOCH 4 VAL loss=0.298385 acc=0.8922 pre=0.8932 rec=0.8929 f1=0.8921 BEST
2026-08-27 20:44:33,662 | EPOCH 5 train_loss=0.273196
2026-08-27 20:44:34,431 | EPOCH 5 VAL loss=0.281084 acc=0.8977 pre=0.8983 rec=0.8985 f1=0.8965 BEST
2026-08-27 20:44:35,809 | EPOCH 5 train_loss=0.273517
2026-08-27 20:44:37,004 | EPOCH 5 VAL loss=0.281871 acc=0.8962 pre=0.8965 rec=0.8970 f1=0.8947 BEST
2026-08-27 20:44:46,770 | EPOCH 6 train_loss=0.254020
2026-08-27 20:44:47,866 | EPOCH 6 VAL loss=0.268727 acc=0.9030 pre=0.9039 rec=0.9040 f1=0.9037 BEST
2026-08-27 20:44:48,499 | EPOCH 6 train_loss=0.254031
2026-08-27 20:44:49,484 | EPOCH 6 VAL loss=0.268683 acc=0.9017 pre=0.9030 rec=0.9028 f1=0.9026 BEST
2026-08-27 20:44:59,909 | EPOCH 7 train_loss=0.240379
2026-08-27 20:45:01,112 | EPOCH 7 VAL loss=0.263858 acc=0.9043 pre=0.9048 rec=0.9059 f1=0.9048 BEST
2026-08-27 20:45:02,742 | EPOCH 7 train_loss=0.240740
2026-08-27 20:45:03,568 | EPOCH 7 VAL loss=0.263578 acc=0.9047 pre=0.9052 rec=0.9063 f1=0.9051 BEST
2026-08-27 20:45:13,545 | EPOCH 8 train_loss=0.226331
2026-08-27 20:45:14,679 | EPOCH 8 VAL loss=0.262520 acc=0.9028 pre=0.9065 rec=0.9040 f1=0.9039
2026-08-27 20:45:15,899 | EPOCH 8 train_loss=0.226276
2026-08-27 20:45:17,060 | EPOCH 8 VAL loss=0.261967 acc=0.9045 pre=0.9084 rec=0.9057 f1=0.9057 BEST
2026-08-27 20:45:26,223 | EPOCH 9 train_loss=0.213343
2026-08-27 20:45:26,963 | EPOCH 9 VAL loss=0.249133 acc=0.9082 pre=0.9116 rec=0.9104 f1=0.9095 BEST
