2026-08-27 06:38:42,801 | START cnn_sgd_lr0.05_s2026 opt=sgd lr=0.05 seed=2026 device=cuda epochs=150 best_by=f1 stop_by=f1
2026-08-27 06:38:50,039 | EPOCH 1 train_loss=0.825327
2026-08-27 06:38:50,633 | EPOCH 1 VAL loss=0.542366 acc=0.8003 pre=0.7974 rec=0.8012 f1=0.7852 BEST
2026-08-27 06:38:58,363 | EPOCH 2 train_loss=0.480914
2026-08-27 06:38:58,970 | EPOCH 2 VAL loss=0.462723 acc=0.8290 pre=0.8424 rec=0.8317 f1=0.8271 BEST
2026-08-27 06:39:06,544 | EPOCH 3 train_loss=0.394692
2026-08-27 06:39:07,137 | EPOCH 3 VAL loss=0.415453 acc=0.8410 pre=0.8622 rec=0.8453 f1=0.8444 BEST
2026-08-27 06:39:14,745 | EPOCH 4 train_loss=0.350951
2026-08-27 06:39:15,329 | EPOCH 4 VAL loss=0.345036 acc=0.8738 pre=0.8753 rec=0.8749 f1=0.8732 BEST
2026-08-27 06:39:22,980 | EPOCH 5 train_loss=0.321618
2026-08-27 06:39:23,705 | EPOCH 5 VAL loss=0.326955 acc=0.8785 pre=0.8790 rec=0.8793 f1=0.8766 BEST
2026-08-27 06:39:31,306 | EPOCH 6 train_loss=0.300005
2026-08-27 06:39:31,938 | EPOCH 6 VAL loss=0.300249 acc=0.8925 pre=0.8928 rec=0.8934 f1=0.8929 BEST
2026-08-27 06:39:39,360 | EPOCH 7 train_loss=0.283627
2026-08-27 06:39:39,977 | EPOCH 7 VAL loss=0.322684 acc=0.8832 pre=0.8887 rec=0.8843 f1=0.8832
2026-08-27 06:39:47,156 | EPOCH 8 train_loss=0.271517
2026-08-27 06:39:47,759 | EPOCH 8 VAL loss=0.282232 acc=0.8975 pre=0.8995 rec=0.8991 f1=0.8988 BEST
2026-08-27 06:39:55,521 | EPOCH 9 train_loss=0.259631
2026-08-27 06:39:56,156 | EPOCH 9 VAL loss=0.272862 acc=0.9022 pre=0.9036 rec=0.9027 f1=0.9027 BEST
2026-08-27 06:40:03,661 | EPOCH 10 train_loss=0.249271
2026-08-27 06:40:04,280 | EPOCH 10 VAL loss=0.287492 acc=0.8912 pre=0.8948 rec=0.8921 f1=0.8903
2026-08-27 06:40:11,802 | EPOCH 11 train_loss=0.238807
2026-08-27 06:40:12,414 | EPOCH 11 VAL loss=0.270939 acc=0.8997 pre=0.9027 rec=0.9012 f1=0.9006
2026-08-27 06:40:19,758 | EPOCH 12 train_loss=0.229969
2026-08-27 06:40:20,355 | EPOCH 12 VAL loss=0.270385 acc=0.9017 pre=0.9044 rec=0.9021 f1=0.9001
2026-08-27 06:40:27,772 | EPOCH 13 train_loss=0.223161
2026-08-27 06:40:28,404 | EPOCH 13 VAL loss=0.265441 acc=0.8978 pre=0.9013 rec=0.8981 f1=0.8983
2026-08-27 06:40:35,784 | EPOCH 14 train_loss=0.213872
2026-08-27 06:40:36,389 | EPOCH 14 VAL loss=0.247485 acc=0.9085 pre=0.9088 rec=0.9093 f1=0.9082 BEST
2026-08-27 06:40:44,098 | EPOCH 15 train_loss=0.207081
2026-08-27 06:40:44,687 | EPOCH 15 VAL loss=0.250283 acc=0.9047 pre=0.9078 rec=0.9060 f1=0.9063
2026-08-27 06:40:51,892 | EPOCH 16 train_loss=0.200442
2026-08-27 06:40:52,497 | EPOCH 16 VAL loss=0.262181 acc=0.9048 pre=0.9087 rec=0.9058 f1=0.9053
2026-08-27 06:40:57,678 | INTERRUPTED epoch=16 batch=589
