2026-08-27 10:44:37,054 | START mlp_adam_lr0.002_s42 opt=adam lr=0.002 seed=42 device=cuda epochs=150 best_by=f1 stop_by=f1
2026-08-27 10:44:43,982 | EPOCH 1 train_loss=0.514000
2026-08-27 10:44:44,575 | EPOCH 1 VAL loss=0.414487 acc=0.8540 pre=0.8551 rec=0.8551 f1=0.8536 BEST
2026-08-27 10:44:51,834 | EPOCH 2 train_loss=0.371174
2026-08-27 10:44:52,401 | EPOCH 2 VAL loss=0.371832 acc=0.8628 pre=0.8681 rec=0.8623 f1=0.8603 BEST
2026-08-27 10:44:59,668 | EPOCH 3 train_loss=0.335229
2026-08-27 10:45:00,256 | EPOCH 3 VAL loss=0.386834 acc=0.8583 pre=0.8637 rec=0.8598 f1=0.8577
2026-08-27 10:45:07,165 | EPOCH 4 train_loss=0.311038
2026-08-27 10:45:07,755 | EPOCH 4 VAL loss=0.328843 acc=0.8798 pre=0.8823 rec=0.8807 f1=0.8814 BEST
2026-08-27 10:45:15,018 | EPOCH 5 train_loss=0.290969
2026-08-27 10:45:15,632 | EPOCH 5 VAL loss=0.324178 acc=0.8835 pre=0.8839 rec=0.8848 f1=0.8831 BEST
2026-08-27 10:45:22,929 | EPOCH 6 train_loss=0.281888
2026-08-27 10:45:23,509 | EPOCH 6 VAL loss=0.339536 acc=0.8797 pre=0.8808 rec=0.8805 f1=0.8789
2026-08-27 10:45:30,278 | EPOCH 7 train_loss=0.267378
2026-08-27 10:45:30,873 | EPOCH 7 VAL loss=0.364456 acc=0.8725 pre=0.8776 rec=0.8744 f1=0.8735
2026-08-27 10:45:37,766 | EPOCH 8 train_loss=0.255787
2026-08-27 10:45:38,357 | EPOCH 8 VAL loss=0.319999 acc=0.8848 pre=0.8868 rec=0.8857 f1=0.8825
2026-08-27 10:45:45,266 | EPOCH 9 train_loss=0.247633
2026-08-27 10:45:45,846 | EPOCH 9 VAL loss=0.316672 acc=0.8857 pre=0.8863 rec=0.8870 f1=0.8857 BEST
2026-08-27 10:45:52,974 | EPOCH 10 train_loss=0.236714
2026-08-27 10:45:53,569 | EPOCH 10 VAL loss=0.323011 acc=0.8867 pre=0.8876 rec=0.8876 f1=0.8871 BEST
2026-08-27 10:46:00,834 | EPOCH 11 train_loss=0.229754
2026-08-27 10:46:01,420 | EPOCH 11 VAL loss=0.339431 acc=0.8842 pre=0.8848 rec=0.8852 f1=0.8832
2026-08-27 10:46:08,222 | EPOCH 12 train_loss=0.221571
2026-08-27 10:46:08,790 | EPOCH 12 VAL loss=0.320020 acc=0.8925 pre=0.8933 rec=0.8937 f1=0.8933 BEST
2026-08-27 10:46:15,836 | EPOCH 13 train_loss=0.213005
2026-08-27 10:46:16,403 | EPOCH 13 VAL loss=0.354357 acc=0.8865 pre=0.8898 rec=0.8878 f1=0.8879
2026-08-27 10:46:23,200 | EPOCH 14 train_loss=0.207799
2026-08-27 10:46:23,804 | EPOCH 14 VAL loss=0.339212 acc=0.8898 pre=0.8895 rec=0.8908 f1=0.8895
2026-08-27 10:46:30,502 | EPOCH 15 train_loss=0.201295
2026-08-27 10:46:31,057 | EPOCH 15 VAL loss=0.367786 acc=0.8830 pre=0.8859 rec=0.8844 f1=0.8819
2026-08-27 10:46:37,724 | EPOCH 16 train_loss=0.198615
2026-08-27 10:46:38,316 | EPOCH 16 VAL loss=0.363103 acc=0.8883 pre=0.8890 rec=0.8895 f1=0.8887
2026-08-27 10:46:45,157 | EPOCH 17 train_loss=0.189290
2026-08-27 10:46:45,728 | EPOCH 17 VAL loss=0.323462 acc=0.8928 pre=0.8939 rec=0.8938 f1=0.8937 BEST
2026-08-27 10:46:52,811 | EPOCH 18 train_loss=0.189966
2026-08-27 10:46:53,839 | EPOCH 18 VAL loss=0.343826 acc=0.8875 pre=0.8873 rec=0.8889 f1=0.8862
2026-08-27 10:47:00,863 | EPOCH 19 train_loss=0.184865
2026-08-27 10:47:01,467 | EPOCH 19 VAL loss=0.368860 acc=0.8875 pre=0.8914 rec=0.8887 f1=0.8893
2026-08-27 10:47:08,632 | EPOCH 20 train_loss=0.178145
2026-08-27 10:47:09,217 | EPOCH 20 VAL loss=0.385799 acc=0.8913 pre=0.8930 rec=0.8927 f1=0.8926
2026-08-27 10:47:16,198 | EPOCH 21 train_loss=0.175306
2026-08-27 10:47:16,795 | EPOCH 21 VAL loss=0.370216 acc=0.8862 pre=0.8890 rec=0.8882 f1=0.8878
2026-08-27 10:47:23,855 | EPOCH 22 train_loss=0.165740
2026-08-27 10:47:24,496 | EPOCH 22 VAL loss=0.406553 acc=0.8853 pre=0.8859 rec=0.8862 f1=0.8855
2026-08-27 10:47:31,485 | EPOCH 23 train_loss=0.165995
2026-08-27 10:47:32,096 | EPOCH 23 VAL loss=0.397100 acc=0.8892 pre=0.8901 rec=0.8906 f1=0.8892
2026-08-27 10:47:39,506 | EPOCH 24 train_loss=0.163304
2026-08-27 10:47:40,133 | EPOCH 24 VAL loss=0.379018 acc=0.8920 pre=0.8929 rec=0.8925 f1=0.8921
2026-08-27 10:47:47,590 | EPOCH 25 train_loss=0.156625
2026-08-27 10:47:48,212 | EPOCH 25 VAL loss=0.401341 acc=0.8890 pre=0.8886 rec=0.8899 f1=0.8889
2026-08-27 10:47:55,566 | EPOCH 26 train_loss=0.153725
2026-08-27 10:47:56,188 | EPOCH 26 VAL loss=0.388335 acc=0.8895 pre=0.8912 rec=0.8911 f1=0.8906
2026-08-27 10:48:03,463 | EPOCH 27 train_loss=0.153795
2026-08-27 10:48:04,128 | EPOCH 27 VAL loss=0.391613 acc=0.8888 pre=0.8897 rec=0.8898 f1=0.8896
2026-08-27 10:48:04,137 | DONE best_epoch=17 best_val_loss=0.323462 early_stop=True time=206.32s
