2026-08-27 13:45:10,158 | START mlp_nadam_lr0.002_s123 opt=nadam lr=0.002 seed=123 device=cuda epochs=150 best_by=f1 stop_by=f1
2026-08-27 13:45:22,245 | EPOCH 1 train_loss=0.506310
2026-08-27 13:45:23,330 | EPOCH 1 VAL loss=0.375251 acc=0.8620 pre=0.8617 rec=0.8628 f1=0.8611 BEST
2026-08-27 13:45:26,084 | START mlp_nadam_lr0.002_s123 opt=nadam lr=0.002 seed=123 device=cuda epochs=150 best_by=f1 stop_by=f1
2026-08-27 13:45:26,097 | RESUMED from epoch 1, batch 0
2026-08-27 13:45:35,525 | EPOCH 2 train_loss=0.359388
2026-08-27 13:45:36,597 | EPOCH 2 VAL loss=0.357841 acc=0.8653 pre=0.8687 rec=0.8651 f1=0.8647 BEST
2026-08-27 13:45:38,490 | EPOCH 2 train_loss=0.359388
2026-08-27 13:45:39,568 | EPOCH 2 VAL loss=0.357841 acc=0.8653 pre=0.8687 rec=0.8651 f1=0.8647 BEST
2026-08-27 13:45:49,363 | EPOCH 3 train_loss=0.322306
2026-08-27 13:45:50,424 | EPOCH 3 VAL loss=0.336703 acc=0.8770 pre=0.8777 rec=0.8782 f1=0.8766 BEST
2026-08-27 13:45:52,330 | EPOCH 3 train_loss=0.322306
2026-08-27 13:45:53,395 | EPOCH 3 VAL loss=0.336703 acc=0.8770 pre=0.8777 rec=0.8782 f1=0.8766 BEST
2026-08-27 13:46:02,905 | EPOCH 4 train_loss=0.297309
2026-08-27 13:46:03,935 | EPOCH 4 VAL loss=0.347389 acc=0.8733 pre=0.8764 rec=0.8757 f1=0.8749
2026-08-27 13:46:06,229 | EPOCH 4 train_loss=0.297309
2026-08-27 13:46:07,326 | EPOCH 4 VAL loss=0.347389 acc=0.8733 pre=0.8764 rec=0.8757 f1=0.8749
2026-08-27 13:46:15,962 | EPOCH 5 train_loss=0.280179
2026-08-27 13:46:17,041 | EPOCH 5 VAL loss=0.356343 acc=0.8740 pre=0.8769 rec=0.8762 f1=0.8742
2026-08-27 13:46:19,620 | EPOCH 5 train_loss=0.280179
2026-08-27 13:46:20,694 | EPOCH 5 VAL loss=0.356343 acc=0.8740 pre=0.8769 rec=0.8762 f1=0.8742
2026-08-27 13:46:29,077 | EPOCH 6 train_loss=0.264833
2026-08-27 13:46:30,154 | EPOCH 6 VAL loss=0.331053 acc=0.8740 pre=0.8765 rec=0.8750 f1=0.8738
2026-08-27 13:46:33,024 | EPOCH 6 train_loss=0.264833
2026-08-27 13:46:34,156 | EPOCH 6 VAL loss=0.331053 acc=0.8740 pre=0.8765 rec=0.8750 f1=0.8738
2026-08-27 13:46:42,138 | EPOCH 7 train_loss=0.250865
2026-08-27 13:46:43,745 | EPOCH 7 VAL loss=0.335995 acc=0.8828 pre=0.8863 rec=0.8846 f1=0.8839 BEST
2026-08-27 13:46:46,506 | EPOCH 7 train_loss=0.250865
2026-08-27 13:46:47,572 | EPOCH 7 VAL loss=0.335995 acc=0.8828 pre=0.8863 rec=0.8846 f1=0.8839 BEST
2026-08-27 13:46:56,326 | EPOCH 8 train_loss=0.241931
2026-08-27 13:46:57,381 | EPOCH 8 VAL loss=0.328110 acc=0.8842 pre=0.8858 rec=0.8861 f1=0.8851 BEST
2026-08-27 13:47:00,529 | EPOCH 8 train_loss=0.241931
2026-08-27 13:47:01,619 | EPOCH 8 VAL loss=0.328110 acc=0.8842 pre=0.8858 rec=0.8861 f1=0.8851 BEST
2026-08-27 13:47:10,033 | EPOCH 9 train_loss=0.234235
2026-08-27 13:47:11,118 | EPOCH 9 VAL loss=0.337132 acc=0.8853 pre=0.8860 rec=0.8869 f1=0.8852 BEST
2026-08-27 13:47:14,592 | EPOCH 9 train_loss=0.234235
2026-08-27 13:47:15,671 | EPOCH 9 VAL loss=0.337132 acc=0.8853 pre=0.8860 rec=0.8869 f1=0.8852 BEST
2026-08-27 13:47:23,912 | EPOCH 10 train_loss=0.224478
2026-08-27 13:47:25,021 | EPOCH 10 VAL loss=0.346963 acc=0.8808 pre=0.8854 rec=0.8833 f1=0.8824
2026-08-27 13:47:28,670 | EPOCH 10 train_loss=0.224478
2026-08-27 13:47:30,231 | EPOCH 10 VAL loss=0.346963 acc=0.8808 pre=0.8854 rec=0.8833 f1=0.8824
2026-08-27 13:47:36,810 | EPOCH 11 train_loss=0.216120
2026-08-27 13:47:37,899 | EPOCH 11 VAL loss=0.333825 acc=0.8863 pre=0.8892 rec=0.8875 f1=0.8873 BEST
2026-08-27 13:47:42,553 | EPOCH 11 train_loss=0.216120
2026-08-27 13:47:43,629 | EPOCH 11 VAL loss=0.333825 acc=0.8863 pre=0.8892 rec=0.8875 f1=0.8873 BEST
2026-08-27 13:47:50,558 | EPOCH 12 train_loss=0.208722
2026-08-27 13:47:51,609 | EPOCH 12 VAL loss=0.345779 acc=0.8842 pre=0.8882 rec=0.8849 f1=0.8859
2026-08-27 13:47:56,773 | EPOCH 12 train_loss=0.208722
2026-08-27 13:47:57,854 | EPOCH 12 VAL loss=0.345779 acc=0.8842 pre=0.8882 rec=0.8849 f1=0.8859
2026-08-27 13:48:03,638 | EPOCH 13 train_loss=0.202748
2026-08-27 13:48:04,754 | EPOCH 13 VAL loss=0.343163 acc=0.8900 pre=0.8912 rec=0.8913 f1=0.8908 BEST
2026-08-27 13:48:10,264 | EPOCH 13 train_loss=0.202748
2026-08-27 13:48:11,371 | EPOCH 13 VAL loss=0.343163 acc=0.8900 pre=0.8912 rec=0.8913 f1=0.8908 BEST
2026-08-27 13:48:17,372 | EPOCH 14 train_loss=0.193403
2026-08-27 13:48:18,412 | EPOCH 14 VAL loss=0.351205 acc=0.8868 pre=0.8877 rec=0.8879 f1=0.8858
2026-08-27 13:48:24,301 | EPOCH 14 train_loss=0.193403
2026-08-27 13:48:25,451 | EPOCH 14 VAL loss=0.351205 acc=0.8868 pre=0.8877 rec=0.8879 f1=0.8858
2026-08-27 13:48:30,380 | EPOCH 15 train_loss=0.190658
2026-08-27 13:48:31,449 | EPOCH 15 VAL loss=0.338547 acc=0.8900 pre=0.8906 rec=0.8911 f1=0.8908
2026-08-27 13:48:37,851 | EPOCH 15 train_loss=0.190658
2026-08-27 13:48:38,942 | EPOCH 15 VAL loss=0.338547 acc=0.8900 pre=0.8906 rec=0.8911 f1=0.8908
2026-08-27 13:48:43,558 | EPOCH 16 train_loss=0.185775
2026-08-27 13:48:44,665 | EPOCH 16 VAL loss=0.340071 acc=0.8920 pre=0.8924 rec=0.8929 f1=0.8924 BEST
2026-08-27 13:48:51,366 | EPOCH 16 train_loss=0.185775
2026-08-27 13:48:52,434 | EPOCH 16 VAL loss=0.340071 acc=0.8920 pre=0.8924 rec=0.8929 f1=0.8924 BEST
2026-08-27 13:48:57,320 | EPOCH 17 train_loss=0.178491
2026-08-27 13:48:58,396 | EPOCH 17 VAL loss=0.365884 acc=0.8865 pre=0.8873 rec=0.8873 f1=0.8866
2026-08-27 13:49:05,594 | EPOCH 17 train_loss=0.178491
2026-08-27 13:49:06,673 | EPOCH 17 VAL loss=0.365884 acc=0.8865 pre=0.8873 rec=0.8873 f1=0.8866
2026-08-27 13:49:10,464 | EPOCH 18 train_loss=0.172852
2026-08-27 13:49:11,521 | EPOCH 18 VAL loss=0.350193 acc=0.8885 pre=0.8884 rec=0.8892 f1=0.8884
2026-08-27 13:49:18,922 | EPOCH 18 train_loss=0.172852
2026-08-27 13:49:20,027 | EPOCH 18 VAL loss=0.350193 acc=0.8885 pre=0.8884 rec=0.8892 f1=0.8884
2026-08-27 13:49:23,583 | EPOCH 19 train_loss=0.168946
2026-08-27 13:49:24,740 | EPOCH 19 VAL loss=0.377412 acc=0.8932 pre=0.8962 rec=0.8946 f1=0.8944 BEST
2026-08-27 13:49:32,138 | EPOCH 19 train_loss=0.168946
2026-08-27 13:49:33,218 | EPOCH 19 VAL loss=0.377412 acc=0.8932 pre=0.8962 rec=0.8946 f1=0.8944 BEST
2026-08-27 13:49:36,822 | EPOCH 20 train_loss=0.167293
2026-08-27 13:49:37,944 | EPOCH 20 VAL loss=0.377211 acc=0.8898 pre=0.8914 rec=0.8915 f1=0.8904
2026-08-27 13:49:45,688 | EPOCH 20 train_loss=0.167293
2026-08-27 13:49:46,809 | EPOCH 20 VAL loss=0.377211 acc=0.8898 pre=0.8914 rec=0.8915 f1=0.8904
2026-08-27 13:49:49,816 | EPOCH 21 train_loss=0.160489
2026-08-27 13:49:50,887 | EPOCH 21 VAL loss=0.380427 acc=0.8892 pre=0.8905 rec=0.8897 f1=0.8894
2026-08-27 13:49:58,981 | EPOCH 21 train_loss=0.160489
2026-08-27 13:50:00,064 | EPOCH 21 VAL loss=0.380427 acc=0.8892 pre=0.8905 rec=0.8897 f1=0.8894
2026-08-27 13:50:03,006 | EPOCH 22 train_loss=0.158381
2026-08-27 13:50:04,090 | EPOCH 22 VAL loss=0.401496 acc=0.8802 pre=0.8824 rec=0.8805 f1=0.8792
2026-08-27 13:50:12,729 | EPOCH 22 train_loss=0.158381
2026-08-27 13:50:13,830 | EPOCH 22 VAL loss=0.401496 acc=0.8802 pre=0.8824 rec=0.8805 f1=0.8792
2026-08-27 13:50:16,800 | EPOCH 23 train_loss=0.152481
2026-08-27 13:50:17,895 | EPOCH 23 VAL loss=0.387714 acc=0.8915 pre=0.8915 rec=0.8922 f1=0.8910
2026-08-27 13:50:26,456 | EPOCH 23 train_loss=0.152481
2026-08-27 13:50:27,558 | EPOCH 23 VAL loss=0.387714 acc=0.8915 pre=0.8915 rec=0.8922 f1=0.8910
2026-08-27 13:50:30,094 | EPOCH 24 train_loss=0.149072
2026-08-27 13:50:31,169 | EPOCH 24 VAL loss=0.388158 acc=0.8935 pre=0.8944 rec=0.8949 f1=0.8943
2026-08-27 13:50:39,950 | EPOCH 24 train_loss=0.149072
2026-08-27 13:50:41,047 | EPOCH 24 VAL loss=0.388158 acc=0.8935 pre=0.8944 rec=0.8949 f1=0.8943
2026-08-27 13:50:43,402 | EPOCH 25 train_loss=0.147455
2026-08-27 13:50:44,565 | EPOCH 25 VAL loss=0.422947 acc=0.8893 pre=0.8905 rec=0.8894 f1=0.8891
2026-08-27 13:50:53,371 | EPOCH 25 train_loss=0.147455
2026-08-27 13:50:54,520 | EPOCH 25 VAL loss=0.422947 acc=0.8893 pre=0.8905 rec=0.8894 f1=0.8891
2026-08-27 13:50:56,662 | EPOCH 26 train_loss=0.143843
2026-08-27 13:50:57,723 | EPOCH 26 VAL loss=0.388414 acc=0.8962 pre=0.8978 rec=0.8971 f1=0.8974 BEST
2026-08-27 13:51:06,969 | EPOCH 26 train_loss=0.143843
2026-08-27 13:51:08,049 | EPOCH 26 VAL loss=0.388414 acc=0.8962 pre=0.8978 rec=0.8971 f1=0.8974 BEST
2026-08-27 13:51:10,419 | EPOCH 27 train_loss=0.137497
2026-08-27 13:51:11,477 | EPOCH 27 VAL loss=0.447023 acc=0.8907 pre=0.8905 rec=0.8920 f1=0.8907
2026-08-27 13:51:20,952 | EPOCH 27 train_loss=0.137497
2026-08-27 13:51:22,019 | EPOCH 27 VAL loss=0.447023 acc=0.8907 pre=0.8905 rec=0.8920 f1=0.8907
2026-08-27 13:51:23,548 | EPOCH 28 train_loss=0.139658
2026-08-27 13:51:24,718 | EPOCH 28 VAL loss=0.458412 acc=0.8872 pre=0.8910 rec=0.8889 f1=0.8892
2026-08-27 13:51:34,536 | EPOCH 28 train_loss=0.139658
2026-08-27 13:51:35,680 | EPOCH 28 VAL loss=0.458412 acc=0.8872 pre=0.8910 rec=0.8889 f1=0.8892
2026-08-27 13:51:36,598 | EPOCH 29 train_loss=0.137494
2026-08-27 13:51:37,647 | EPOCH 29 VAL loss=0.449595 acc=0.8857 pre=0.8877 rec=0.8871 f1=0.8867
2026-08-27 13:51:48,203 | EPOCH 29 train_loss=0.137494
2026-08-27 13:51:49,314 | EPOCH 29 VAL loss=0.449595 acc=0.8857 pre=0.8877 rec=0.8871 f1=0.8867
2026-08-27 13:51:49,638 | EPOCH 30 train_loss=0.133332
2026-08-27 13:51:50,728 | EPOCH 30 VAL loss=0.445527 acc=0.8905 pre=0.8937 rec=0.8923 f1=0.8923
2026-08-27 13:52:02,246 | EPOCH 30 train_loss=0.133332
2026-08-27 13:52:02,949 | EPOCH 31 train_loss=0.129442
2026-08-27 13:52:03,375 | EPOCH 30 VAL loss=0.445527 acc=0.8905 pre=0.8937 rec=0.8923 f1=0.8923
2026-08-27 13:52:04,039 | EPOCH 31 VAL loss=0.439028 acc=0.8897 pre=0.8931 rec=0.8910 f1=0.8912
2026-08-27 13:52:15,859 | EPOCH 31 train_loss=0.129442
2026-08-27 13:52:16,250 | EPOCH 32 train_loss=0.130906
2026-08-27 13:52:17,058 | EPOCH 31 VAL loss=0.439028 acc=0.8897 pre=0.8931 rec=0.8910 f1=0.8912
2026-08-27 13:52:17,338 | EPOCH 32 VAL loss=0.439911 acc=0.8865 pre=0.8892 rec=0.8876 f1=0.8880
2026-08-27 13:52:29,962 | EPOCH 33 train_loss=0.122160
2026-08-27 13:52:30,117 | EPOCH 32 train_loss=0.130906
2026-08-27 13:52:31,079 | EPOCH 33 VAL loss=0.448209 acc=0.8912 pre=0.8924 rec=0.8923 f1=0.8918
2026-08-27 13:52:31,249 | EPOCH 32 VAL loss=0.439911 acc=0.8865 pre=0.8892 rec=0.8876 f1=0.8880
2026-08-27 13:52:44,181 | EPOCH 34 train_loss=0.123818
2026-08-27 13:52:44,937 | EPOCH 33 train_loss=0.122160
2026-08-27 13:52:45,374 | EPOCH 34 VAL loss=0.448951 acc=0.8880 pre=0.8906 rec=0.8896 f1=0.8895
2026-08-27 13:52:46,117 | EPOCH 33 VAL loss=0.448209 acc=0.8912 pre=0.8924 rec=0.8923 f1=0.8918
2026-08-27 13:52:58,283 | EPOCH 35 train_loss=0.121463
2026-08-27 13:52:59,247 | EPOCH 34 train_loss=0.123818
2026-08-27 13:52:59,427 | EPOCH 35 VAL loss=0.514517 acc=0.8877 pre=0.8878 rec=0.8884 f1=0.8871
2026-08-27 13:53:00,362 | EPOCH 34 VAL loss=0.448951 acc=0.8880 pre=0.8906 rec=0.8896 f1=0.8895
2026-08-27 13:53:11,445 | EPOCH 36 train_loss=0.118548
2026-08-27 13:53:12,529 | EPOCH 36 VAL loss=0.523848 acc=0.8852 pre=0.8858 rec=0.8862 f1=0.8852
2026-08-27 13:53:12,543 | DONE best_epoch=26 best_val_loss=0.388414 early_stop=True time=481.18s
2026-08-27 13:53:12,907 | EPOCH 35 train_loss=0.121463
2026-08-27 13:53:13,961 | EPOCH 35 VAL loss=0.514517 acc=0.8877 pre=0.8878 rec=0.8884 f1=0.8871
2026-08-27 13:53:26,460 | EPOCH 36 train_loss=0.118548
2026-08-27 13:53:27,559 | EPOCH 36 VAL loss=0.523848 acc=0.8852 pre=0.8858 rec=0.8862 f1=0.8852
2026-08-27 13:53:27,574 | DONE best_epoch=26 best_val_loss=0.388414 early_stop=True time=492.22s
