2026-08-27 19:45:46,716 | START cnn_adam_lr0.0005_s42 opt=adam lr=0.0005 seed=42 device=cuda epochs=150 best_by=f1 stop_by=f1
2026-08-27 19:45:52,878 | START cnn_adam_lr0.0005_s42 opt=adam lr=0.0005 seed=42 device=cuda epochs=150 best_by=f1 stop_by=f1
2026-08-27 19:45:52,891 | RESUMED from epoch 0, batch 400
2026-08-27 19:45:58,603 | EPOCH 1 train_loss=0.613302
2026-08-27 19:45:59,591 | EPOCH 1 VAL loss=0.430483 acc=0.8492 pre=0.8499 rec=0.8498 f1=0.8458 BEST
2026-08-27 19:46:00,836 | START cnn_adam_lr0.0005_s42 opt=adam lr=0.0005 seed=42 device=cuda epochs=150 best_by=f1 stop_by=f1
2026-08-27 19:46:00,857 | RESUMED from epoch 0, batch 600
2026-08-27 19:46:03,946 | EPOCH 1 train_loss=0.469516
2026-08-27 19:46:05,325 | EPOCH 1 VAL loss=0.431369 acc=0.8492 pre=0.8501 rec=0.8499 f1=0.8458 BEST
2026-08-27 19:46:11,601 | EPOCH 1 train_loss=0.447630
2026-08-27 19:46:11,774 | EPOCH 2 train_loss=0.382135
2026-08-27 19:46:12,690 | EPOCH 1 VAL loss=0.431469 acc=0.8493 pre=0.8500 rec=0.8501 f1=0.8458 BEST
2026-08-27 19:46:12,952 | EPOCH 2 VAL loss=0.366078 acc=0.8685 pre=0.8697 rec=0.8685 f1=0.8662 BEST
2026-08-27 19:46:16,455 | EPOCH 2 train_loss=0.382052
2026-08-27 19:46:17,612 | EPOCH 2 VAL loss=0.366485 acc=0.8678 pre=0.8689 rec=0.8678 f1=0.8656 BEST
2026-08-27 19:46:24,716 | EPOCH 2 train_loss=0.382020
2026-08-27 19:46:25,266 | EPOCH 3 train_loss=0.335181
2026-08-27 19:46:25,450 | EPOCH 2 VAL loss=0.365976 acc=0.8688 pre=0.8700 rec=0.8688 f1=0.8667 BEST
2026-08-27 19:46:26,424 | EPOCH 3 VAL loss=0.343982 acc=0.8755 pre=0.8770 rec=0.8771 f1=0.8743 BEST
2026-08-27 19:46:31,559 | EPOCH 3 train_loss=0.335214
2026-08-27 19:46:32,331 | EPOCH 3 VAL loss=0.345155 acc=0.8748 pre=0.8765 rec=0.8765 f1=0.8737 BEST
2026-08-27 19:46:37,761 | EPOCH 3 train_loss=0.335362
2026-08-27 19:46:38,535 | EPOCH 3 VAL loss=0.343906 acc=0.8752 pre=0.8765 rec=0.8768 f1=0.8741 BEST
2026-08-27 19:46:40,120 | EPOCH 4 train_loss=0.303274
2026-08-27 19:46:41,264 | EPOCH 4 VAL loss=0.300615 acc=0.8905 pre=0.8935 rec=0.8920 f1=0.8920 BEST
2026-08-27 19:46:44,219 | EPOCH 4 train_loss=0.303544
2026-08-27 19:46:45,168 | EPOCH 4 VAL loss=0.300118 acc=0.8915 pre=0.8940 rec=0.8929 f1=0.8929 BEST
2026-08-27 19:46:51,812 | EPOCH 4 train_loss=0.303453
2026-08-27 19:46:53,046 | EPOCH 4 VAL loss=0.300388 acc=0.8915 pre=0.8938 rec=0.8929 f1=0.8928 BEST
2026-08-27 19:46:54,107 | EPOCH 5 train_loss=0.281073
2026-08-27 19:46:55,189 | EPOCH 5 VAL loss=0.281812 acc=0.8982 pre=0.8991 rec=0.8987 f1=0.8975 BEST
2026-08-27 19:46:59,279 | EPOCH 5 train_loss=0.281012
2026-08-27 19:47:00,419 | EPOCH 5 VAL loss=0.282399 acc=0.8978 pre=0.8990 rec=0.8983 f1=0.8971 BEST
2026-08-27 19:47:05,334 | EPOCH 5 train_loss=0.280724
2026-08-27 19:47:06,494 | EPOCH 5 VAL loss=0.281672 acc=0.8972 pre=0.8980 rec=0.8977 f1=0.8966 BEST
2026-08-27 19:47:07,345 | EPOCH 6 train_loss=0.264585
2026-08-27 19:47:08,436 | EPOCH 6 VAL loss=0.277169 acc=0.8980 pre=0.8991 rec=0.8985 f1=0.8973
2026-08-27 19:47:11,810 | EPOCH 6 train_loss=0.264509
2026-08-27 19:47:12,959 | EPOCH 6 VAL loss=0.277012 acc=0.8972 pre=0.8982 rec=0.8978 f1=0.8966
2026-08-27 19:47:20,093 | EPOCH 6 train_loss=0.264562
2026-08-27 19:47:20,732 | EPOCH 7 train_loss=0.247996
2026-08-27 19:47:21,242 | EPOCH 6 VAL loss=0.276875 acc=0.8975 pre=0.8989 rec=0.8980 f1=0.8968 BEST
2026-08-27 19:47:21,933 | EPOCH 7 VAL loss=0.276113 acc=0.8980 pre=0.9037 rec=0.8992 f1=0.8995 BEST
2026-08-27 19:47:24,150 | EPOCH 7 train_loss=0.248089
2026-08-27 19:47:25,279 | EPOCH 7 VAL loss=0.275308 acc=0.8993 pre=0.9048 rec=0.9005 f1=0.9008 BEST
2026-08-27 19:47:33,052 | EPOCH 7 train_loss=0.247653
2026-08-27 19:47:34,163 | EPOCH 7 VAL loss=0.274800 acc=0.8978 pre=0.9031 rec=0.8989 f1=0.8992 BEST
2026-08-27 19:47:34,749 | EPOCH 8 train_loss=0.235560
2026-08-27 19:47:35,873 | EPOCH 8 VAL loss=0.263454 acc=0.9053 pre=0.9094 rec=0.9055 f1=0.9035 BEST
2026-08-27 19:47:38,243 | EPOCH 8 train_loss=0.235641
2026-08-27 19:47:39,605 | EPOCH 8 VAL loss=0.262683 acc=0.9050 pre=0.9090 rec=0.9052 f1=0.9032 BEST
2026-08-27 19:47:45,519 | EPOCH 8 train_loss=0.235599
2026-08-27 19:47:46,461 | EPOCH 8 VAL loss=0.262054 acc=0.9058 pre=0.9098 rec=0.9060 f1=0.9041 BEST
2026-08-27 19:47:48,995 | EPOCH 9 train_loss=0.224109
2026-08-27 19:47:50,303 | EPOCH 9 VAL loss=0.254261 acc=0.9058 pre=0.9061 rec=0.9068 f1=0.9049 BEST
2026-08-27 19:47:53,110 | EPOCH 9 train_loss=0.224372
2026-08-27 19:47:53,944 | EPOCH 9 VAL loss=0.254859 acc=0.9058 pre=0.9060 rec=0.9068 f1=0.9051 BEST
2026-08-27 19:47:58,957 | EPOCH 9 train_loss=0.223879
2026-08-27 19:47:59,909 | EPOCH 9 VAL loss=0.254904 acc=0.9060 pre=0.9062 rec=0.9070 f1=0.9051 BEST
2026-08-27 19:48:03,168 | EPOCH 10 train_loss=0.213354
2026-08-27 19:48:04,199 | EPOCH 10 VAL loss=0.252015 acc=0.9083 pre=0.9094 rec=0.9087 f1=0.9075 BEST
2026-08-27 19:48:08,005 | EPOCH 10 train_loss=0.213273
2026-08-27 19:48:08,895 | EPOCH 10 VAL loss=0.251853 acc=0.9095 pre=0.9106 rec=0.9097 f1=0.9083 BEST
2026-08-27 19:48:13,055 | EPOCH 10 train_loss=0.213047
2026-08-27 19:48:13,799 | EPOCH 10 VAL loss=0.253639 acc=0.9075 pre=0.9084 rec=0.9079 f1=0.9066 BEST
2026-08-27 19:48:16,177 | EPOCH 11 train_loss=0.202743
2026-08-27 19:48:17,314 | EPOCH 11 VAL loss=0.246577 acc=0.9083 pre=0.9096 rec=0.9095 f1=0.9089 BEST
2026-08-27 19:48:20,867 | EPOCH 11 train_loss=0.202673
2026-08-27 19:48:21,685 | EPOCH 11 VAL loss=0.246215 acc=0.9082 pre=0.9096 rec=0.9094 f1=0.9089 BEST
2026-08-27 19:48:26,862 | EPOCH 11 train_loss=0.202493
2026-08-27 19:48:28,002 | EPOCH 11 VAL loss=0.247642 acc=0.9075 pre=0.9089 rec=0.9087 f1=0.9082 BEST
2026-08-27 19:48:29,832 | EPOCH 12 train_loss=0.193845
2026-08-27 19:48:30,896 | EPOCH 12 VAL loss=0.237582 acc=0.9133 pre=0.9132 rec=0.9143 f1=0.9133 BEST
2026-08-27 19:48:35,126 | EPOCH 12 train_loss=0.194539
2026-08-27 19:48:36,289 | EPOCH 12 VAL loss=0.238841 acc=0.9138 pre=0.9141 rec=0.9147 f1=0.9140 BEST
2026-08-27 19:48:39,504 | EPOCH 12 train_loss=0.193958
2026-08-27 19:48:40,657 | EPOCH 12 VAL loss=0.240964 acc=0.9133 pre=0.9133 rec=0.9142 f1=0.9134 BEST
2026-08-27 19:48:42,320 | EPOCH 13 train_loss=0.185017
2026-08-27 19:48:43,474 | EPOCH 13 VAL loss=0.231318 acc=0.9133 pre=0.9149 rec=0.9144 f1=0.9143 BEST
2026-08-27 19:48:49,433 | EPOCH 13 train_loss=0.185449
2026-08-27 19:48:50,616 | EPOCH 13 VAL loss=0.235824 acc=0.9112 pre=0.9139 rec=0.9124 f1=0.9125
2026-08-27 19:48:53,557 | EPOCH 13 train_loss=0.185501
2026-08-27 19:48:54,287 | EPOCH 13 VAL loss=0.236645 acc=0.9118 pre=0.9136 rec=0.9130 f1=0.9129
2026-08-27 19:48:56,617 | EPOCH 14 train_loss=0.176740
2026-08-27 19:48:57,480 | EPOCH 14 VAL loss=0.231651 acc=0.9145 pre=0.9160 rec=0.9149 f1=0.9141
2026-08-27 19:49:02,293 | EPOCH 14 train_loss=0.177172
2026-08-27 19:49:03,119 | EPOCH 14 VAL loss=0.235684 acc=0.9148 pre=0.9167 rec=0.9152 f1=0.9146 BEST
2026-08-27 19:49:06,101 | EPOCH 14 train_loss=0.176884
2026-08-27 19:49:07,243 | EPOCH 14 VAL loss=0.232683 acc=0.9140 pre=0.9154 rec=0.9143 f1=0.9137 BEST
2026-08-27 19:49:10,174 | EPOCH 15 train_loss=0.168982
2026-08-27 19:49:11,394 | EPOCH 15 VAL loss=0.227945 acc=0.9178 pre=0.9184 rec=0.9187 f1=0.9178 BEST
2026-08-27 19:49:15,625 | EPOCH 15 train_loss=0.169026
2026-08-27 19:49:16,399 | EPOCH 15 VAL loss=0.229594 acc=0.9172 pre=0.9174 rec=0.9183 f1=0.9174 BEST
2026-08-27 19:49:20,880 | EPOCH 15 train_loss=0.168773
2026-08-27 19:49:22,016 | EPOCH 15 VAL loss=0.232561 acc=0.9177 pre=0.9178 rec=0.9188 f1=0.9178 BEST
2026-08-27 19:49:23,721 | EPOCH 16 train_loss=0.160758
2026-08-27 19:49:24,589 | EPOCH 16 VAL loss=0.225581 acc=0.9162 pre=0.9165 rec=0.9167 f1=0.9165
2026-08-27 19:49:28,288 | EPOCH 16 train_loss=0.161233
2026-08-27 19:49:29,165 | EPOCH 16 VAL loss=0.223342 acc=0.9173 pre=0.9175 rec=0.9180 f1=0.9176 BEST
2026-08-27 19:49:34,979 | EPOCH 16 train_loss=0.160706
2026-08-27 19:49:36,154 | EPOCH 16 VAL loss=0.225656 acc=0.9172 pre=0.9178 rec=0.9180 f1=0.9178 BEST
2026-08-27 19:49:38,296 | EPOCH 17 train_loss=0.154484
2026-08-27 19:49:39,446 | EPOCH 17 VAL loss=0.227210 acc=0.9165 pre=0.9175 rec=0.9173 f1=0.9173
2026-08-27 19:49:41,299 | EPOCH 17 train_loss=0.154269
2026-08-27 19:49:42,444 | EPOCH 17 VAL loss=0.230214 acc=0.9163 pre=0.9171 rec=0.9171 f1=0.9170
2026-08-27 19:49:48,025 | EPOCH 17 train_loss=0.154410
2026-08-27 19:49:49,146 | EPOCH 17 VAL loss=0.230352 acc=0.9153 pre=0.9161 rec=0.9161 f1=0.9160
2026-08-27 19:49:51,003 | EPOCH 18 train_loss=0.147286
2026-08-27 19:49:52,122 | EPOCH 18 VAL loss=0.233923 acc=0.9178 pre=0.9196 rec=0.9185 f1=0.9165
2026-08-27 19:49:54,739 | EPOCH 18 train_loss=0.147001
2026-08-27 19:49:55,888 | EPOCH 18 VAL loss=0.235968 acc=0.9167 pre=0.9190 rec=0.9172 f1=0.9148
2026-08-27 19:49:59,953 | EPOCH 18 train_loss=0.146832
2026-08-27 19:50:00,711 | EPOCH 18 VAL loss=0.232206 acc=0.9187 pre=0.9199 rec=0.9195 f1=0.9175
2026-08-27 19:50:05,155 | EPOCH 19 train_loss=0.139546
2026-08-27 19:50:06,054 | EPOCH 19 VAL loss=0.231013 acc=0.9172 pre=0.9180 rec=0.9174 f1=0.9172
2026-08-27 19:50:08,742 | EPOCH 19 train_loss=0.139619
2026-08-27 19:50:09,761 | EPOCH 19 VAL loss=0.229576 acc=0.9180 pre=0.9191 rec=0.9181 f1=0.9181 BEST
2026-08-27 19:50:11,983 | EPOCH 19 train_loss=0.139675
2026-08-27 19:50:12,743 | EPOCH 19 VAL loss=0.233022 acc=0.9192 pre=0.9201 rec=0.9194 f1=0.9192 BEST
2026-08-27 19:50:17,307 | EPOCH 20 train_loss=0.134521
2026-08-27 19:50:18,096 | EPOCH 20 VAL loss=0.238613 acc=0.9190 pre=0.9196 rec=0.9198 f1=0.9191 BEST
2026-08-27 19:50:23,200 | EPOCH 20 train_loss=0.133981
2026-08-27 19:50:24,322 | EPOCH 20 VAL loss=0.235268 acc=0.9198 pre=0.9203 rec=0.9210 f1=0.9203 BEST
2026-08-27 19:50:25,483 | EPOCH 20 train_loss=0.134286
2026-08-27 19:50:26,752 | EPOCH 20 VAL loss=0.243963 acc=0.9162 pre=0.9167 rec=0.9172 f1=0.9164
2026-08-27 19:50:31,575 | EPOCH 21 train_loss=0.126761
2026-08-27 19:50:32,611 | EPOCH 21 VAL loss=0.224558 acc=0.9208 pre=0.9234 rec=0.9225 f1=0.9220 BEST
2026-08-27 19:50:36,462 | EPOCH 21 train_loss=0.126866
2026-08-27 19:50:37,578 | EPOCH 21 VAL loss=0.230671 acc=0.9167 pre=0.9205 rec=0.9183 f1=0.9182
2026-08-27 19:50:38,159 | EPOCH 21 train_loss=0.126526
2026-08-27 19:50:38,943 | EPOCH 21 VAL loss=0.232551 acc=0.9170 pre=0.9203 rec=0.9187 f1=0.9182
2026-08-27 19:50:46,118 | EPOCH 22 train_loss=0.119955
2026-08-27 19:50:47,261 | EPOCH 22 VAL loss=0.233715 acc=0.9195 pre=0.9208 rec=0.9205 f1=0.9203
2026-08-27 19:50:49,853 | EPOCH 22 train_loss=0.119993
2026-08-27 19:50:50,818 | EPOCH 22 train_loss=0.120380
2026-08-27 19:50:50,985 | EPOCH 22 VAL loss=0.236404 acc=0.9177 pre=0.9200 rec=0.9188 f1=0.9189
2026-08-27 19:50:51,621 | EPOCH 22 VAL loss=0.241351 acc=0.9182 pre=0.9206 rec=0.9195 f1=0.9194 BEST
2026-08-27 19:50:59,789 | EPOCH 23 train_loss=0.115528
2026-08-27 19:51:00,555 | EPOCH 23 VAL loss=0.223503 acc=0.9230 pre=0.9233 rec=0.9243 f1=0.9235 BEST
2026-08-27 19:51:02,911 | EPOCH 23 train_loss=0.115701
2026-08-27 19:51:03,707 | EPOCH 23 train_loss=0.115932
2026-08-27 19:51:04,079 | EPOCH 23 VAL loss=0.231000 acc=0.9225 pre=0.9237 rec=0.9239 f1=0.9235 BEST
2026-08-27 19:51:04,971 | EPOCH 23 VAL loss=0.225132 acc=0.9208 pre=0.9209 rec=0.9222 f1=0.9213 BEST
2026-08-27 19:51:12,407 | EPOCH 24 train_loss=0.109459
2026-08-27 19:51:13,408 | EPOCH 24 VAL loss=0.244132 acc=0.9140 pre=0.9169 rec=0.9139 f1=0.9148
2026-08-27 19:51:17,494 | EPOCH 24 train_loss=0.109883
2026-08-27 19:51:18,265 | EPOCH 24 train_loss=0.110579
2026-08-27 19:51:18,277 | EPOCH 24 VAL loss=0.250015 acc=0.9177 pre=0.9198 rec=0.9175 f1=0.9181
2026-08-27 19:51:19,436 | EPOCH 24 VAL loss=0.249954 acc=0.9150 pre=0.9177 rec=0.9147 f1=0.9156
2026-08-27 19:51:25,384 | EPOCH 25 train_loss=0.104392
2026-08-27 19:51:26,155 | EPOCH 25 VAL loss=0.249486 acc=0.9145 pre=0.9167 rec=0.9152 f1=0.9153
2026-08-27 19:51:29,406 | EPOCH 25 train_loss=0.104483
2026-08-27 19:51:30,632 | EPOCH 25 VAL loss=0.250058 acc=0.9172 pre=0.9194 rec=0.9179 f1=0.9182
2026-08-27 19:51:31,424 | EPOCH 25 train_loss=0.104845
2026-08-27 19:51:32,647 | EPOCH 25 VAL loss=0.251384 acc=0.9147 pre=0.9165 rec=0.9156 f1=0.9155
2026-08-27 19:51:38,555 | EPOCH 26 train_loss=0.099059
2026-08-27 19:51:39,402 | EPOCH 26 VAL loss=0.247956 acc=0.9202 pre=0.9215 rec=0.9206 f1=0.9208
2026-08-27 19:51:43,078 | EPOCH 26 train_loss=0.099994
2026-08-27 19:51:43,835 | EPOCH 26 VAL loss=0.243163 acc=0.9203 pre=0.9208 rec=0.9208 f1=0.9207
2026-08-27 19:51:45,822 | EPOCH 26 train_loss=0.100004
2026-08-27 19:51:46,799 | EPOCH 26 VAL loss=0.243806 acc=0.9213 pre=0.9221 rec=0.9217 f1=0.9218 BEST
2026-08-27 19:51:50,751 | EPOCH 27 train_loss=0.090730
2026-08-27 19:51:51,912 | EPOCH 27 VAL loss=0.254714 acc=0.9182 pre=0.9198 rec=0.9191 f1=0.9191
2026-08-27 19:51:56,317 | EPOCH 27 train_loss=0.091427
2026-08-27 19:51:57,478 | EPOCH 27 VAL loss=0.255074 acc=0.9205 pre=0.9212 rec=0.9213 f1=0.9210
2026-08-27 19:51:59,365 | EPOCH 27 train_loss=0.091812
2026-08-27 19:52:00,235 | EPOCH 27 VAL loss=0.249456 acc=0.9220 pre=0.9221 rec=0.9229 f1=0.9224 BEST
2026-08-27 19:52:03,902 | EPOCH 28 train_loss=0.087523
2026-08-27 19:52:04,944 | EPOCH 28 VAL loss=0.257394 acc=0.9188 pre=0.9194 rec=0.9196 f1=0.9189
2026-08-27 19:52:08,222 | EPOCH 28 train_loss=0.089019
2026-08-27 19:52:09,392 | EPOCH 28 VAL loss=0.259203 acc=0.9187 pre=0.9199 rec=0.9194 f1=0.9192
2026-08-27 19:52:13,110 | EPOCH 28 train_loss=0.088060
2026-08-27 19:52:14,042 | EPOCH 28 VAL loss=0.259900 acc=0.9175 pre=0.9187 rec=0.9182 f1=0.9179
2026-08-27 19:52:16,541 | EPOCH 29 train_loss=0.082254
2026-08-27 19:52:17,760 | EPOCH 29 VAL loss=0.271371 acc=0.9155 pre=0.9168 rec=0.9158 f1=0.9158
2026-08-27 19:52:22,065 | EPOCH 29 train_loss=0.082135
2026-08-27 19:52:23,168 | EPOCH 29 VAL loss=0.267703 acc=0.9153 pre=0.9165 rec=0.9158 f1=0.9155
2026-08-27 19:52:26,902 | EPOCH 29 train_loss=0.083115
2026-08-27 19:52:28,065 | EPOCH 29 VAL loss=0.270620 acc=0.9180 pre=0.9204 rec=0.9181 f1=0.9178
2026-08-27 19:52:29,794 | EPOCH 30 train_loss=0.076539
2026-08-27 19:52:30,572 | EPOCH 30 VAL loss=0.271335 acc=0.9218 pre=0.9224 rec=0.9229 f1=0.9224
2026-08-27 19:52:33,816 | EPOCH 30 train_loss=0.076233
2026-08-27 19:52:34,908 | EPOCH 30 VAL loss=0.264912 acc=0.9207 pre=0.9215 rec=0.9213 f1=0.9213
2026-08-27 19:52:39,986 | EPOCH 30 train_loss=0.078019
2026-08-27 19:52:41,186 | EPOCH 30 VAL loss=0.262742 acc=0.9195 pre=0.9197 rec=0.9202 f1=0.9198
2026-08-27 19:52:43,518 | EPOCH 31 train_loss=0.074295
2026-08-27 19:52:44,323 | EPOCH 31 VAL loss=0.270557 acc=0.9222 pre=0.9220 rec=0.9233 f1=0.9224
2026-08-27 19:52:47,722 | EPOCH 31 train_loss=0.073351
2026-08-27 19:52:48,875 | EPOCH 31 VAL loss=0.268557 acc=0.9217 pre=0.9216 rec=0.9226 f1=0.9220
2026-08-27 19:52:54,011 | EPOCH 31 train_loss=0.074099
2026-08-27 19:52:55,110 | EPOCH 32 train_loss=0.069559
2026-08-27 19:52:55,139 | EPOCH 31 VAL loss=0.269089 acc=0.9212 pre=0.9213 rec=0.9222 f1=0.9215
2026-08-27 19:52:56,250 | EPOCH 32 VAL loss=0.275629 acc=0.9192 pre=0.9206 rec=0.9204 f1=0.9202
2026-08-27 19:52:59,854 | EPOCH 32 train_loss=0.070300
2026-08-27 19:53:00,616 | EPOCH 32 VAL loss=0.277654 acc=0.9193 pre=0.9195 rec=0.9198 f1=0.9193
2026-08-27 19:53:07,541 | EPOCH 32 train_loss=0.070856
2026-08-27 19:53:08,308 | EPOCH 33 train_loss=0.063239
2026-08-27 19:53:08,558 | EPOCH 32 VAL loss=0.277253 acc=0.9190 pre=0.9195 rec=0.9199 f1=0.9195
2026-08-27 19:53:09,308 | EPOCH 33 VAL loss=0.314031 acc=0.9115 pre=0.9186 rec=0.9122 f1=0.9134
2026-08-27 19:53:09,323 | DONE best_epoch=23 best_val_loss=0.223503 early_stop=True time=441.49s
