2026-08-27 08:50:33,678 | START mlp_adagrad_lr0.005_s42 opt=adagrad lr=0.005 seed=42 device=cuda epochs=150 best_by=f1 stop_by=f1
2026-08-27 08:50:39,948 | EPOCH 1 train_loss=0.561408
2026-08-27 08:50:40,477 | EPOCH 1 VAL loss=0.469091 acc=0.8397 pre=0.8385 rec=0.8415 f1=0.8383 BEST
2026-08-27 08:50:47,075 | EPOCH 2 train_loss=0.426582
2026-08-27 08:50:47,603 | EPOCH 2 VAL loss=0.420527 acc=0.8485 pre=0.8511 rec=0.8487 f1=0.8492 BEST
2026-08-27 08:50:54,184 | EPOCH 3 train_loss=0.392514
2026-08-27 08:50:54,713 | EPOCH 3 VAL loss=0.404260 acc=0.8562 pre=0.8565 rec=0.8576 f1=0.8563 BEST
2026-08-27 08:51:01,194 | EPOCH 4 train_loss=0.372729
2026-08-27 08:51:01,724 | EPOCH 4 VAL loss=0.383171 acc=0.8620 pre=0.8633 rec=0.8631 f1=0.8630 BEST
2026-08-27 08:51:08,910 | EPOCH 5 train_loss=0.358623
2026-08-27 08:51:09,452 | EPOCH 5 VAL loss=0.377056 acc=0.8645 pre=0.8656 rec=0.8653 f1=0.8638 BEST
2026-08-27 08:51:16,068 | EPOCH 6 train_loss=0.347754
2026-08-27 08:51:16,601 | EPOCH 6 VAL loss=0.368039 acc=0.8665 pre=0.8660 rec=0.8674 f1=0.8651 BEST
2026-08-27 08:51:23,067 | EPOCH 7 train_loss=0.338573
2026-08-27 08:51:23,637 | EPOCH 7 VAL loss=0.364346 acc=0.8692 pre=0.8704 rec=0.8708 f1=0.8696 BEST
2026-08-27 08:51:30,226 | EPOCH 8 train_loss=0.330664
2026-08-27 08:51:30,775 | EPOCH 8 VAL loss=0.351678 acc=0.8717 pre=0.8716 rec=0.8722 f1=0.8711 BEST
2026-08-27 08:51:37,338 | EPOCH 9 train_loss=0.323170
2026-08-27 08:51:37,865 | EPOCH 9 VAL loss=0.354118 acc=0.8720 pre=0.8720 rec=0.8730 f1=0.8703
2026-08-27 08:51:44,064 | EPOCH 10 train_loss=0.317316
2026-08-27 08:51:44,598 | EPOCH 10 VAL loss=0.349874 acc=0.8728 pre=0.8728 rec=0.8741 f1=0.8725 BEST
2026-08-27 08:51:51,258 | EPOCH 11 train_loss=0.311119
2026-08-27 08:51:51,797 | EPOCH 11 VAL loss=0.346077 acc=0.8743 pre=0.8736 rec=0.8754 f1=0.8732 BEST
2026-08-27 08:51:58,330 | EPOCH 12 train_loss=0.306367
2026-08-27 08:51:58,865 | EPOCH 12 VAL loss=0.339021 acc=0.8783 pre=0.8784 rec=0.8795 f1=0.8779 BEST
2026-08-27 08:52:05,360 | EPOCH 13 train_loss=0.301447
2026-08-27 08:52:05,889 | EPOCH 13 VAL loss=0.334718 acc=0.8795 pre=0.8797 rec=0.8805 f1=0.8794 BEST
2026-08-27 08:52:12,464 | EPOCH 14 train_loss=0.297415
2026-08-27 08:52:12,993 | EPOCH 14 VAL loss=0.333773 acc=0.8798 pre=0.8801 rec=0.8810 f1=0.8801 BEST
2026-08-27 08:52:19,452 | EPOCH 15 train_loss=0.293254
2026-08-27 08:52:19,978 | EPOCH 15 VAL loss=0.336985 acc=0.8785 pre=0.8796 rec=0.8793 f1=0.8773
2026-08-27 08:52:26,149 | EPOCH 16 train_loss=0.289586
2026-08-27 08:52:26,673 | EPOCH 16 VAL loss=0.327619 acc=0.8802 pre=0.8802 rec=0.8813 f1=0.8802 BEST
2026-08-27 08:52:33,310 | EPOCH 17 train_loss=0.286407
2026-08-27 08:52:33,864 | EPOCH 17 VAL loss=0.326240 acc=0.8798 pre=0.8802 rec=0.8811 f1=0.8799
2026-08-27 08:52:39,967 | EPOCH 18 train_loss=0.282938
2026-08-27 08:52:40,498 | EPOCH 18 VAL loss=0.329140 acc=0.8805 pre=0.8811 rec=0.8817 f1=0.8802
2026-08-27 08:52:46,674 | EPOCH 19 train_loss=0.279949
2026-08-27 08:52:47,209 | EPOCH 19 VAL loss=0.323969 acc=0.8817 pre=0.8822 rec=0.8828 f1=0.8820 BEST
2026-08-27 08:52:53,809 | EPOCH 20 train_loss=0.276702
2026-08-27 08:52:54,338 | EPOCH 20 VAL loss=0.323326 acc=0.8813 pre=0.8812 rec=0.8825 f1=0.8812
2026-08-27 08:53:00,616 | EPOCH 21 train_loss=0.273973
2026-08-27 08:53:01,149 | EPOCH 21 VAL loss=0.324470 acc=0.8818 pre=0.8837 rec=0.8835 f1=0.8830 BEST
2026-08-27 08:53:07,767 | EPOCH 22 train_loss=0.271246
2026-08-27 08:53:08,294 | EPOCH 22 VAL loss=0.317338 acc=0.8822 pre=0.8832 rec=0.8833 f1=0.8830 BEST
2026-08-27 08:53:14,959 | EPOCH 23 train_loss=0.268862
2026-08-27 08:53:15,496 | EPOCH 23 VAL loss=0.317762 acc=0.8822 pre=0.8817 rec=0.8833 f1=0.8818
2026-08-27 08:53:21,665 | EPOCH 24 train_loss=0.266686
2026-08-27 08:53:22,197 | EPOCH 24 VAL loss=0.317848 acc=0.8827 pre=0.8829 rec=0.8837 f1=0.8829
2026-08-27 08:53:28,411 | EPOCH 25 train_loss=0.264627
2026-08-27 08:53:28,947 | EPOCH 25 VAL loss=0.313697 acc=0.8828 pre=0.8829 rec=0.8836 f1=0.8827
2026-08-27 08:53:35,197 | EPOCH 26 train_loss=0.262623
2026-08-27 08:53:35,742 | EPOCH 26 VAL loss=0.315029 acc=0.8840 pre=0.8837 rec=0.8850 f1=0.8833 BEST
2026-08-27 08:53:42,654 | EPOCH 27 train_loss=0.260882
2026-08-27 08:53:43,186 | EPOCH 27 VAL loss=0.316661 acc=0.8837 pre=0.8835 rec=0.8852 f1=0.8839 BEST
2026-08-27 08:53:49,779 | EPOCH 28 train_loss=0.258407
2026-08-27 08:53:50,320 | EPOCH 28 VAL loss=0.312813 acc=0.8862 pre=0.8865 rec=0.8872 f1=0.8855 BEST
2026-08-27 08:53:56,854 | EPOCH 29 train_loss=0.256736
2026-08-27 08:53:57,407 | EPOCH 29 VAL loss=0.317144 acc=0.8850 pre=0.8868 rec=0.8860 f1=0.8854
2026-08-27 08:54:03,673 | EPOCH 30 train_loss=0.254886
2026-08-27 08:54:04,206 | EPOCH 30 VAL loss=0.313825 acc=0.8857 pre=0.8862 rec=0.8871 f1=0.8861 BEST
2026-08-27 08:54:10,789 | EPOCH 31 train_loss=0.252831
2026-08-27 08:54:11,333 | EPOCH 31 VAL loss=0.314534 acc=0.8862 pre=0.8862 rec=0.8873 f1=0.8856
2026-08-27 08:54:17,648 | EPOCH 32 train_loss=0.251409
2026-08-27 08:54:18,186 | EPOCH 32 VAL loss=0.309518 acc=0.8870 pre=0.8874 rec=0.8884 f1=0.8876 BEST
2026-08-27 08:54:24,855 | EPOCH 33 train_loss=0.249893
2026-08-27 08:54:25,395 | EPOCH 33 VAL loss=0.312695 acc=0.8858 pre=0.8870 rec=0.8868 f1=0.8858
2026-08-27 08:54:31,624 | EPOCH 34 train_loss=0.247945
2026-08-27 08:54:32,163 | EPOCH 34 VAL loss=0.309087 acc=0.8875 pre=0.8878 rec=0.8889 f1=0.8881 BEST
2026-08-27 08:54:38,788 | EPOCH 35 train_loss=0.246642
2026-08-27 08:54:39,363 | EPOCH 35 VAL loss=0.309403 acc=0.8868 pre=0.8881 rec=0.8881 f1=0.8880
2026-08-27 08:54:45,618 | EPOCH 36 train_loss=0.244993
2026-08-27 08:54:46,146 | EPOCH 36 VAL loss=0.306896 acc=0.8863 pre=0.8866 rec=0.8875 f1=0.8869
2026-08-27 08:54:52,300 | EPOCH 37 train_loss=0.243618
2026-08-27 08:54:52,831 | EPOCH 37 VAL loss=0.309331 acc=0.8893 pre=0.8899 rec=0.8902 f1=0.8884 BEST
2026-08-27 08:54:59,400 | EPOCH 38 train_loss=0.242168
2026-08-27 08:54:59,926 | EPOCH 38 VAL loss=0.307408 acc=0.8887 pre=0.8889 rec=0.8897 f1=0.8885 BEST
2026-08-27 08:55:06,732 | EPOCH 39 train_loss=0.240825
2026-08-27 08:55:07,274 | EPOCH 39 VAL loss=0.308774 acc=0.8872 pre=0.8894 rec=0.8888 f1=0.8888 BEST
2026-08-27 08:55:13,871 | EPOCH 40 train_loss=0.239369
2026-08-27 08:55:14,411 | EPOCH 40 VAL loss=0.307361 acc=0.8887 pre=0.8885 rec=0.8897 f1=0.8881
2026-08-27 08:55:20,605 | EPOCH 41 train_loss=0.238093
2026-08-27 08:55:21,133 | EPOCH 41 VAL loss=0.304538 acc=0.8893 pre=0.8900 rec=0.8906 f1=0.8900 BEST
2026-08-27 08:55:27,817 | EPOCH 42 train_loss=0.236911
2026-08-27 08:55:28,351 | EPOCH 42 VAL loss=0.307780 acc=0.8867 pre=0.8866 rec=0.8881 f1=0.8868
2026-08-27 08:55:34,638 | EPOCH 43 train_loss=0.235236
2026-08-27 08:55:35,178 | EPOCH 43 VAL loss=0.304272 acc=0.8900 pre=0.8901 rec=0.8911 f1=0.8902 BEST
2026-08-27 08:55:41,788 | EPOCH 44 train_loss=0.234436
2026-08-27 08:55:42,325 | EPOCH 44 VAL loss=0.303082 acc=0.8898 pre=0.8898 rec=0.8911 f1=0.8901
2026-08-27 08:55:48,675 | EPOCH 45 train_loss=0.232767
2026-08-27 08:55:49,210 | EPOCH 45 VAL loss=0.306420 acc=0.8883 pre=0.8880 rec=0.8898 f1=0.8881
2026-08-27 08:55:55,489 | EPOCH 46 train_loss=0.231821
2026-08-27 08:55:56,027 | EPOCH 46 VAL loss=0.303723 acc=0.8895 pre=0.8898 rec=0.8910 f1=0.8900
2026-08-27 08:56:02,282 | EPOCH 47 train_loss=0.230379
2026-08-27 08:56:02,819 | EPOCH 47 VAL loss=0.312578 acc=0.8833 pre=0.8864 rec=0.8851 f1=0.8846
2026-08-27 08:56:09,190 | EPOCH 48 train_loss=0.229456
2026-08-27 08:56:09,740 | EPOCH 48 VAL loss=0.304038 acc=0.8890 pre=0.8892 rec=0.8902 f1=0.8890
2026-08-27 08:56:16,014 | EPOCH 49 train_loss=0.228340
2026-08-27 08:56:16,556 | EPOCH 49 VAL loss=0.300793 acc=0.8907 pre=0.8910 rec=0.8919 f1=0.8911 BEST
2026-08-27 08:56:23,102 | EPOCH 50 train_loss=0.227015
2026-08-27 08:56:23,660 | EPOCH 50 VAL loss=0.300861 acc=0.8897 pre=0.8898 rec=0.8910 f1=0.8902
2026-08-27 08:56:29,856 | EPOCH 51 train_loss=0.226003
2026-08-27 08:56:30,405 | EPOCH 51 VAL loss=0.302675 acc=0.8910 pre=0.8915 rec=0.8921 f1=0.8910
2026-08-27 08:56:36,683 | EPOCH 52 train_loss=0.225029
2026-08-27 08:56:37,218 | EPOCH 52 VAL loss=0.301237 acc=0.8910 pre=0.8914 rec=0.8923 f1=0.8916 BEST
2026-08-27 08:56:43,944 | EPOCH 53 train_loss=0.223937
2026-08-27 08:56:44,845 | EPOCH 53 VAL loss=0.302699 acc=0.8892 pre=0.8888 rec=0.8905 f1=0.8889
2026-08-27 08:56:51,170 | EPOCH 54 train_loss=0.222282
2026-08-27 08:56:51,711 | EPOCH 54 VAL loss=0.302061 acc=0.8895 pre=0.8895 rec=0.8903 f1=0.8890
2026-08-27 08:56:58,043 | EPOCH 55 train_loss=0.221733
2026-08-27 08:56:58,588 | EPOCH 55 VAL loss=0.300739 acc=0.8902 pre=0.8905 rec=0.8911 f1=0.8901
2026-08-27 08:57:04,937 | EPOCH 56 train_loss=0.220600
2026-08-27 08:57:05,475 | EPOCH 56 VAL loss=0.302769 acc=0.8905 pre=0.8910 rec=0.8916 f1=0.8902
2026-08-27 08:57:11,818 | EPOCH 57 train_loss=0.219451
2026-08-27 08:57:12,351 | EPOCH 57 VAL loss=0.298207 acc=0.8900 pre=0.8899 rec=0.8910 f1=0.8901
2026-08-27 08:57:18,756 | EPOCH 58 train_loss=0.218631
2026-08-27 08:57:19,298 | EPOCH 58 VAL loss=0.303514 acc=0.8913 pre=0.8920 rec=0.8924 f1=0.8909
2026-08-27 08:57:25,646 | EPOCH 59 train_loss=0.217856
2026-08-27 08:57:26,198 | EPOCH 59 VAL loss=0.300721 acc=0.8902 pre=0.8899 rec=0.8915 f1=0.8900
2026-08-27 08:57:32,516 | EPOCH 60 train_loss=0.216604
2026-08-27 08:57:33,085 | EPOCH 60 VAL loss=0.298530 acc=0.8915 pre=0.8913 rec=0.8927 f1=0.8914
2026-08-27 08:57:39,488 | EPOCH 61 train_loss=0.215462
2026-08-27 08:57:40,035 | EPOCH 61 VAL loss=0.301859 acc=0.8905 pre=0.8905 rec=0.8916 f1=0.8899
2026-08-27 08:57:46,400 | EPOCH 62 train_loss=0.214673
2026-08-27 08:57:46,952 | EPOCH 62 VAL loss=0.295747 acc=0.8913 pre=0.8916 rec=0.8924 f1=0.8917 BEST
2026-08-27 08:57:53,564 | EPOCH 63 train_loss=0.214035
2026-08-27 08:57:54,144 | EPOCH 63 VAL loss=0.302723 acc=0.8890 pre=0.8898 rec=0.8900 f1=0.8884
2026-08-27 08:58:00,478 | EPOCH 64 train_loss=0.213020
2026-08-27 08:58:01,015 | EPOCH 64 VAL loss=0.301957 acc=0.8898 pre=0.8899 rec=0.8912 f1=0.8900
2026-08-27 08:58:07,307 | EPOCH 65 train_loss=0.211849
2026-08-27 08:58:07,840 | EPOCH 65 VAL loss=0.298129 acc=0.8922 pre=0.8923 rec=0.8936 f1=0.8926 BEST
2026-08-27 08:58:14,501 | EPOCH 66 train_loss=0.211021
2026-08-27 08:58:15,046 | EPOCH 66 VAL loss=0.298200 acc=0.8913 pre=0.8913 rec=0.8923 f1=0.8911
2026-08-27 08:58:21,530 | EPOCH 67 train_loss=0.210034
2026-08-27 08:58:22,078 | EPOCH 67 VAL loss=0.301690 acc=0.8898 pre=0.8896 rec=0.8910 f1=0.8896
2026-08-27 08:58:28,435 | EPOCH 68 train_loss=0.209240
2026-08-27 08:58:28,978 | EPOCH 68 VAL loss=0.297084 acc=0.8897 pre=0.8903 rec=0.8910 f1=0.8903
2026-08-27 08:58:35,239 | EPOCH 69 train_loss=0.208306
2026-08-27 08:58:35,768 | EPOCH 69 VAL loss=0.301184 acc=0.8910 pre=0.8912 rec=0.8921 f1=0.8906
2026-08-27 08:58:42,063 | EPOCH 70 train_loss=0.207652
2026-08-27 08:58:42,603 | EPOCH 70 VAL loss=0.297662 acc=0.8937 pre=0.8942 rec=0.8949 f1=0.8943 BEST
2026-08-27 08:58:49,209 | EPOCH 71 train_loss=0.206748
2026-08-27 08:58:49,749 | EPOCH 71 VAL loss=0.299134 acc=0.8933 pre=0.8943 rec=0.8948 f1=0.8941
2026-08-27 08:58:56,051 | EPOCH 72 train_loss=0.205989
2026-08-27 08:58:56,598 | EPOCH 72 VAL loss=0.295583 acc=0.8932 pre=0.8934 rec=0.8941 f1=0.8933
2026-08-27 08:59:02,890 | EPOCH 73 train_loss=0.204737
2026-08-27 08:59:03,438 | EPOCH 73 VAL loss=0.299955 acc=0.8920 pre=0.8917 rec=0.8933 f1=0.8919
2026-08-27 08:59:09,722 | EPOCH 74 train_loss=0.204091
2026-08-27 08:59:10,272 | EPOCH 74 VAL loss=0.297159 acc=0.8930 pre=0.8932 rec=0.8940 f1=0.8928
2026-08-27 08:59:16,545 | EPOCH 75 train_loss=0.203264
2026-08-27 08:59:17,085 | EPOCH 75 VAL loss=0.299671 acc=0.8942 pre=0.8947 rec=0.8949 f1=0.8940
2026-08-27 08:59:23,634 | EPOCH 76 train_loss=0.202829
2026-08-27 08:59:24,188 | EPOCH 76 VAL loss=0.300380 acc=0.8922 pre=0.8921 rec=0.8933 f1=0.8916
2026-08-27 08:59:30,637 | EPOCH 77 train_loss=0.201842
2026-08-27 08:59:31,179 | EPOCH 77 VAL loss=0.298504 acc=0.8928 pre=0.8930 rec=0.8943 f1=0.8934
2026-08-27 08:59:37,649 | EPOCH 78 train_loss=0.200971
2026-08-27 08:59:38,236 | EPOCH 78 VAL loss=0.297040 acc=0.8942 pre=0.8946 rec=0.8953 f1=0.8946 BEST
2026-08-27 08:59:45,178 | EPOCH 79 train_loss=0.199695
2026-08-27 08:59:45,735 | EPOCH 79 VAL loss=0.298649 acc=0.8918 pre=0.8917 rec=0.8931 f1=0.8915
2026-08-27 08:59:52,176 | EPOCH 80 train_loss=0.199343
2026-08-27 08:59:52,721 | EPOCH 80 VAL loss=0.297824 acc=0.8927 pre=0.8932 rec=0.8940 f1=0.8934
2026-08-27 08:59:59,113 | EPOCH 81 train_loss=0.198452
2026-08-27 08:59:59,663 | EPOCH 81 VAL loss=0.297164 acc=0.8918 pre=0.8919 rec=0.8928 f1=0.8916
2026-08-27 09:00:06,333 | EPOCH 82 train_loss=0.197805
2026-08-27 09:00:06,896 | EPOCH 82 VAL loss=0.297058 acc=0.8922 pre=0.8919 rec=0.8932 f1=0.8918
2026-08-27 09:00:13,334 | EPOCH 83 train_loss=0.196868
2026-08-27 09:00:13,952 | EPOCH 83 VAL loss=0.299133 acc=0.8917 pre=0.8918 rec=0.8929 f1=0.8919
2026-08-27 09:00:20,459 | EPOCH 84 train_loss=0.196206
2026-08-27 09:00:21,012 | EPOCH 84 VAL loss=0.298909 acc=0.8928 pre=0.8929 rec=0.8943 f1=0.8933
2026-08-27 09:00:27,692 | EPOCH 85 train_loss=0.195482
2026-08-27 09:00:28,246 | EPOCH 85 VAL loss=0.296069 acc=0.8930 pre=0.8932 rec=0.8941 f1=0.8933
2026-08-27 09:00:34,794 | EPOCH 86 train_loss=0.194791
2026-08-27 09:00:35,369 | EPOCH 86 VAL loss=0.300113 acc=0.8920 pre=0.8924 rec=0.8931 f1=0.8922
2026-08-27 09:00:41,904 | EPOCH 87 train_loss=0.193884
2026-08-27 09:00:42,471 | EPOCH 87 VAL loss=0.297033 acc=0.8953 pre=0.8959 rec=0.8961 f1=0.8949 BEST
2026-08-27 09:00:49,299 | EPOCH 88 train_loss=0.193224
2026-08-27 09:00:49,862 | EPOCH 88 VAL loss=0.299168 acc=0.8922 pre=0.8919 rec=0.8933 f1=0.8915
2026-08-27 09:00:56,223 | EPOCH 89 train_loss=0.192734
2026-08-27 09:00:56,777 | EPOCH 89 VAL loss=0.298531 acc=0.8943 pre=0.8949 rec=0.8954 f1=0.8942
2026-08-27 09:01:03,138 | EPOCH 90 train_loss=0.191884
2026-08-27 09:01:03,757 | EPOCH 90 VAL loss=0.297900 acc=0.8928 pre=0.8938 rec=0.8939 f1=0.8936
2026-08-27 09:01:10,467 | EPOCH 91 train_loss=0.191131
2026-08-27 09:01:11,055 | EPOCH 91 VAL loss=0.299100 acc=0.8923 pre=0.8926 rec=0.8931 f1=0.8917
2026-08-27 09:01:17,831 | EPOCH 92 train_loss=0.190408
2026-08-27 09:01:18,420 | EPOCH 92 VAL loss=0.295124 acc=0.8952 pre=0.8954 rec=0.8963 f1=0.8956 BEST
2026-08-27 09:01:25,435 | EPOCH 93 train_loss=0.189586
2026-08-27 09:01:26,010 | EPOCH 93 VAL loss=0.296384 acc=0.8925 pre=0.8926 rec=0.8938 f1=0.8929
2026-08-27 09:01:32,833 | EPOCH 94 train_loss=0.188996
2026-08-27 09:01:33,422 | EPOCH 94 VAL loss=0.296196 acc=0.8937 pre=0.8938 rec=0.8947 f1=0.8938
2026-08-27 09:01:40,118 | EPOCH 95 train_loss=0.188258
2026-08-27 09:01:40,712 | EPOCH 95 VAL loss=0.296299 acc=0.8955 pre=0.8959 rec=0.8968 f1=0.8960 BEST
2026-08-27 09:01:47,850 | EPOCH 96 train_loss=0.187719
2026-08-27 09:01:48,419 | EPOCH 96 VAL loss=0.299188 acc=0.8922 pre=0.8919 rec=0.8934 f1=0.8922
2026-08-27 09:01:55,108 | EPOCH 97 train_loss=0.186897
2026-08-27 09:01:55,708 | EPOCH 97 VAL loss=0.298346 acc=0.8933 pre=0.8938 rec=0.8946 f1=0.8938
2026-08-27 09:02:02,368 | EPOCH 98 train_loss=0.186278
2026-08-27 09:02:02,943 | EPOCH 98 VAL loss=0.296167 acc=0.8932 pre=0.8934 rec=0.8943 f1=0.8934
2026-08-27 09:02:09,638 | EPOCH 99 train_loss=0.185631
2026-08-27 09:02:10,221 | EPOCH 99 VAL loss=0.298156 acc=0.8935 pre=0.8935 rec=0.8947 f1=0.8937
2026-08-27 09:02:17,003 | EPOCH 100 train_loss=0.184997
2026-08-27 09:02:17,574 | EPOCH 100 VAL loss=0.298517 acc=0.8938 pre=0.8938 rec=0.8948 f1=0.8933
2026-08-27 09:02:23,965 | EPOCH 101 train_loss=0.184191
2026-08-27 09:02:24,506 | EPOCH 101 VAL loss=0.299033 acc=0.8937 pre=0.8934 rec=0.8949 f1=0.8936
2026-08-27 09:02:30,863 | EPOCH 102 train_loss=0.183519
2026-08-27 09:02:31,415 | EPOCH 102 VAL loss=0.298876 acc=0.8948 pre=0.8953 rec=0.8962 f1=0.8955
2026-08-27 09:02:37,971 | EPOCH 103 train_loss=0.183211
2026-08-27 09:02:38,535 | EPOCH 103 VAL loss=0.298451 acc=0.8918 pre=0.8918 rec=0.8929 f1=0.8920
2026-08-27 09:02:44,997 | EPOCH 104 train_loss=0.182331
2026-08-27 09:02:45,560 | EPOCH 104 VAL loss=0.295440 acc=0.8923 pre=0.8926 rec=0.8932 f1=0.8925
2026-08-27 09:02:51,988 | EPOCH 105 train_loss=0.181709
2026-08-27 09:02:52,551 | EPOCH 105 VAL loss=0.299772 acc=0.8927 pre=0.8926 rec=0.8941 f1=0.8929
2026-08-27 09:02:52,559 | DONE best_epoch=95 best_val_loss=0.296299 early_stop=True time=738.23s
