2026-08-27 11:55:33,726 | START mlp_adamw_lr0.0005_s2026 opt=adamw lr=0.0005 seed=2026 device=cuda epochs=150 best_by=f1 stop_by=f1
2026-08-27 11:55:40,430 | EPOCH 1 train_loss=0.586881
2026-08-27 11:55:41,052 | EPOCH 1 VAL loss=0.451202 acc=0.8397 pre=0.8422 rec=0.8421 f1=0.8399 BEST
2026-08-27 11:55:48,340 | EPOCH 2 train_loss=0.402202
2026-08-27 11:55:48,890 | EPOCH 2 VAL loss=0.384248 acc=0.8592 pre=0.8608 rec=0.8609 f1=0.8595 BEST
2026-08-27 11:55:56,472 | EPOCH 3 train_loss=0.358697
2026-08-27 11:55:57,403 | EPOCH 3 VAL loss=0.366637 acc=0.8668 pre=0.8700 rec=0.8684 f1=0.8683 BEST
2026-08-27 11:56:04,577 | EPOCH 4 train_loss=0.328417
2026-08-27 11:56:05,196 | EPOCH 4 VAL loss=0.342224 acc=0.8742 pre=0.8765 rec=0.8749 f1=0.8754 BEST
2026-08-27 11:56:12,832 | EPOCH 5 train_loss=0.306856
2026-08-27 11:56:13,444 | EPOCH 5 VAL loss=0.332675 acc=0.8788 pre=0.8790 rec=0.8802 f1=0.8786 BEST
2026-08-27 11:56:20,554 | EPOCH 6 train_loss=0.290522
2026-08-27 11:56:21,190 | EPOCH 6 VAL loss=0.331522 acc=0.8773 pre=0.8880 rec=0.8794 f1=0.8809 BEST
2026-08-27 11:56:28,676 | EPOCH 7 train_loss=0.277854
2026-08-27 11:56:29,233 | EPOCH 7 VAL loss=0.309452 acc=0.8870 pre=0.8866 rec=0.8881 f1=0.8864 BEST
2026-08-27 11:56:36,366 | EPOCH 8 train_loss=0.262640
2026-08-27 11:56:36,997 | EPOCH 8 VAL loss=0.316668 acc=0.8817 pre=0.8814 rec=0.8832 f1=0.8800
2026-08-27 11:56:44,132 | EPOCH 9 train_loss=0.252293
2026-08-27 11:56:44,757 | EPOCH 9 VAL loss=0.307703 acc=0.8877 pre=0.8903 rec=0.8887 f1=0.8886 BEST
2026-08-27 11:56:51,657 | EPOCH 10 train_loss=0.243072
2026-08-27 11:56:52,223 | EPOCH 10 VAL loss=0.320058 acc=0.8843 pre=0.8859 rec=0.8851 f1=0.8818
2026-08-27 11:56:59,489 | EPOCH 11 train_loss=0.233998
2026-08-27 11:57:00,107 | EPOCH 11 VAL loss=0.300023 acc=0.8930 pre=0.8939 rec=0.8941 f1=0.8939 BEST
2026-08-27 11:57:07,444 | EPOCH 12 train_loss=0.226251
2026-08-27 11:57:08,060 | EPOCH 12 VAL loss=0.308364 acc=0.8878 pre=0.8906 rec=0.8892 f1=0.8886
2026-08-27 11:57:14,733 | EPOCH 13 train_loss=0.217386
2026-08-27 11:57:15,300 | EPOCH 13 VAL loss=0.303070 acc=0.8928 pre=0.8935 rec=0.8942 f1=0.8934
2026-08-27 11:57:22,315 | EPOCH 14 train_loss=0.210069
2026-08-27 11:57:22,933 | EPOCH 14 VAL loss=0.311733 acc=0.8895 pre=0.8922 rec=0.8901 f1=0.8901
2026-08-27 11:57:29,971 | EPOCH 15 train_loss=0.201244
2026-08-27 11:57:30,536 | EPOCH 15 VAL loss=0.308775 acc=0.8905 pre=0.8915 rec=0.8921 f1=0.8911
2026-08-27 11:57:37,420 | EPOCH 16 train_loss=0.194851
2026-08-27 11:57:38,011 | EPOCH 16 VAL loss=0.333340 acc=0.8803 pre=0.8864 rec=0.8804 f1=0.8763
2026-08-27 11:57:44,980 | EPOCH 17 train_loss=0.188988
2026-08-27 11:57:45,543 | EPOCH 17 VAL loss=0.311996 acc=0.8937 pre=0.8965 rec=0.8941 f1=0.8933
2026-08-27 11:57:52,342 | EPOCH 18 train_loss=0.183762
2026-08-27 11:57:52,941 | EPOCH 18 VAL loss=0.303965 acc=0.8987 pre=0.9002 rec=0.8989 f1=0.8988 BEST
2026-08-27 11:57:59,938 | EPOCH 19 train_loss=0.176775
2026-08-27 11:58:00,490 | EPOCH 19 VAL loss=0.312253 acc=0.8945 pre=0.8955 rec=0.8961 f1=0.8953
2026-08-27 11:58:07,267 | EPOCH 20 train_loss=0.169848
2026-08-27 11:58:07,894 | EPOCH 20 VAL loss=0.302818 acc=0.8950 pre=0.8966 rec=0.8962 f1=0.8960
2026-08-27 11:58:14,845 | EPOCH 21 train_loss=0.164560
2026-08-27 11:58:15,400 | EPOCH 21 VAL loss=0.329503 acc=0.8848 pre=0.8880 rec=0.8852 f1=0.8854
2026-08-27 11:58:21,916 | EPOCH 22 train_loss=0.158772
2026-08-27 11:58:22,470 | EPOCH 22 VAL loss=0.327661 acc=0.8887 pre=0.8921 rec=0.8888 f1=0.8895
2026-08-27 11:58:29,283 | EPOCH 23 train_loss=0.154679
2026-08-27 11:58:29,906 | EPOCH 23 VAL loss=0.360810 acc=0.8840 pre=0.8852 rec=0.8856 f1=0.8836
2026-08-27 11:58:36,829 | EPOCH 24 train_loss=0.148746
2026-08-27 11:58:37,388 | EPOCH 24 VAL loss=0.327201 acc=0.8945 pre=0.8960 rec=0.8949 f1=0.8930
2026-08-27 11:58:44,019 | EPOCH 25 train_loss=0.140941
2026-08-27 11:58:44,571 | EPOCH 25 VAL loss=0.323569 acc=0.8910 pre=0.8934 rec=0.8918 f1=0.8909
2026-08-27 11:58:51,258 | EPOCH 26 train_loss=0.139266
2026-08-27 11:58:51,825 | EPOCH 26 VAL loss=0.341405 acc=0.8957 pre=0.8977 rec=0.8959 f1=0.8937
2026-08-27 11:58:59,105 | EPOCH 27 train_loss=0.137713
2026-08-27 11:58:59,722 | EPOCH 27 VAL loss=0.340291 acc=0.8948 pre=0.8949 rec=0.8958 f1=0.8951
2026-08-27 11:59:07,030 | EPOCH 28 train_loss=0.130006
2026-08-27 11:59:07,665 | EPOCH 28 VAL loss=0.339618 acc=0.8928 pre=0.8961 rec=0.8944 f1=0.8939
2026-08-27 11:59:07,674 | DONE best_epoch=18 best_val_loss=0.303965 early_stop=True time=213.21s
