2026-08-27 10:23:56,730 | START mlp_rmsprop_lr0.001_s123 opt=rmsprop lr=0.001 seed=123 device=cuda epochs=150 best_by=f1 stop_by=f1
2026-08-27 10:24:03,087 | EPOCH 1 train_loss=0.533651
2026-08-27 10:24:03,670 | EPOCH 1 VAL loss=0.392746 acc=0.8570 pre=0.8565 rec=0.8578 f1=0.8557 BEST
2026-08-27 10:24:10,334 | EPOCH 2 train_loss=0.374742
2026-08-27 10:24:10,874 | EPOCH 2 VAL loss=0.367176 acc=0.8613 pre=0.8671 rec=0.8602 f1=0.8586 BEST
2026-08-27 10:24:17,516 | EPOCH 3 train_loss=0.334047
2026-08-27 10:24:18,070 | EPOCH 3 VAL loss=0.340234 acc=0.8770 pre=0.8766 rec=0.8778 f1=0.8761 BEST
2026-08-27 10:24:24,864 | EPOCH 4 train_loss=0.307802
2026-08-27 10:24:25,405 | EPOCH 4 VAL loss=0.354354 acc=0.8675 pre=0.8750 rec=0.8698 f1=0.8692
2026-08-27 10:24:31,643 | EPOCH 5 train_loss=0.289005
2026-08-27 10:24:32,199 | EPOCH 5 VAL loss=0.378197 acc=0.8670 pre=0.8736 rec=0.8694 f1=0.8671
2026-08-27 10:24:38,520 | EPOCH 6 train_loss=0.274136
2026-08-27 10:24:39,076 | EPOCH 6 VAL loss=0.320269 acc=0.8838 pre=0.8866 rec=0.8840 f1=0.8839 BEST
2026-08-27 10:24:45,853 | EPOCH 7 train_loss=0.258774
2026-08-27 10:24:46,394 | EPOCH 7 VAL loss=0.324360 acc=0.8833 pre=0.8881 rec=0.8853 f1=0.8852 BEST
2026-08-27 10:24:53,095 | EPOCH 8 train_loss=0.247658
2026-08-27 10:24:53,670 | EPOCH 8 VAL loss=0.325453 acc=0.8843 pre=0.8874 rec=0.8858 f1=0.8854 BEST
2026-08-27 10:25:00,255 | EPOCH 9 train_loss=0.237056
2026-08-27 10:25:00,799 | EPOCH 9 VAL loss=0.352091 acc=0.8823 pre=0.8830 rec=0.8836 f1=0.8811
2026-08-27 10:25:07,388 | EPOCH 10 train_loss=0.226685
2026-08-27 10:25:07,931 | EPOCH 10 VAL loss=0.341544 acc=0.8795 pre=0.8829 rec=0.8818 f1=0.8804
2026-08-27 10:25:14,277 | EPOCH 11 train_loss=0.216847
2026-08-27 10:25:14,822 | EPOCH 11 VAL loss=0.313245 acc=0.8920 pre=0.8934 rec=0.8932 f1=0.8921 BEST
2026-08-27 10:25:21,438 | EPOCH 12 train_loss=0.209033
2026-08-27 10:25:21,998 | EPOCH 12 VAL loss=0.316937 acc=0.8923 pre=0.8932 rec=0.8930 f1=0.8925 BEST
2026-08-27 10:25:28,824 | EPOCH 13 train_loss=0.199856
2026-08-27 10:25:29,362 | EPOCH 13 VAL loss=0.348726 acc=0.8870 pre=0.8908 rec=0.8868 f1=0.8866
2026-08-27 10:25:35,684 | EPOCH 14 train_loss=0.194169
2026-08-27 10:25:36,220 | EPOCH 14 VAL loss=0.349308 acc=0.8870 pre=0.8875 rec=0.8879 f1=0.8858
2026-08-27 10:25:42,558 | EPOCH 15 train_loss=0.185207
2026-08-27 10:25:43,098 | EPOCH 15 VAL loss=0.364875 acc=0.8873 pre=0.8888 rec=0.8893 f1=0.8879
2026-08-27 10:25:49,402 | EPOCH 16 train_loss=0.179008
2026-08-27 10:25:49,942 | EPOCH 16 VAL loss=0.338376 acc=0.8945 pre=0.8948 rec=0.8955 f1=0.8950 BEST
2026-08-27 10:25:56,560 | EPOCH 17 train_loss=0.172919
2026-08-27 10:25:57,472 | EPOCH 17 VAL loss=0.341064 acc=0.8930 pre=0.8953 rec=0.8935 f1=0.8935
2026-08-27 10:26:03,896 | EPOCH 18 train_loss=0.168058
2026-08-27 10:26:04,445 | EPOCH 18 VAL loss=0.377364 acc=0.8875 pre=0.8902 rec=0.8875 f1=0.8871
2026-08-27 10:26:11,009 | EPOCH 19 train_loss=0.162585
2026-08-27 10:26:11,563 | EPOCH 19 VAL loss=0.351287 acc=0.8957 pre=0.8968 rec=0.8965 f1=0.8963 BEST
2026-08-27 10:26:18,321 | EPOCH 20 train_loss=0.155730
2026-08-27 10:26:18,860 | EPOCH 20 VAL loss=0.365004 acc=0.8878 pre=0.8880 rec=0.8883 f1=0.8873
2026-08-27 10:26:25,458 | EPOCH 21 train_loss=0.153113
2026-08-27 10:26:26,009 | EPOCH 21 VAL loss=0.367937 acc=0.8975 pre=0.8986 rec=0.8982 f1=0.8978 BEST
2026-08-27 10:26:32,834 | EPOCH 22 train_loss=0.147546
2026-08-27 10:26:33,381 | EPOCH 22 VAL loss=0.372844 acc=0.8935 pre=0.8936 rec=0.8941 f1=0.8933
2026-08-27 10:26:40,012 | EPOCH 23 train_loss=0.142786
2026-08-27 10:26:40,552 | EPOCH 23 VAL loss=0.421963 acc=0.8980 pre=0.8983 rec=0.8989 f1=0.8981 BEST
2026-08-27 10:26:47,214 | EPOCH 24 train_loss=0.139034
2026-08-27 10:26:47,769 | EPOCH 24 VAL loss=0.425909 acc=0.8925 pre=0.8947 rec=0.8935 f1=0.8935
2026-08-27 10:26:54,287 | EPOCH 25 train_loss=0.134004
2026-08-27 10:26:54,838 | EPOCH 25 VAL loss=0.384555 acc=0.8935 pre=0.8934 rec=0.8944 f1=0.8926
2026-08-27 10:27:01,266 | EPOCH 26 train_loss=0.132109
2026-08-27 10:27:01,816 | EPOCH 26 VAL loss=0.398924 acc=0.8948 pre=0.8961 rec=0.8954 f1=0.8955
2026-08-27 10:27:08,325 | EPOCH 27 train_loss=0.128524
2026-08-27 10:27:08,891 | EPOCH 27 VAL loss=0.479736 acc=0.8845 pre=0.8871 rec=0.8864 f1=0.8858
2026-08-27 10:27:15,476 | EPOCH 28 train_loss=0.123868
2026-08-27 10:27:16,060 | EPOCH 28 VAL loss=0.476514 acc=0.8718 pre=0.8834 rec=0.8735 f1=0.8744
2026-08-27 10:27:22,679 | EPOCH 29 train_loss=0.124090
2026-08-27 10:27:23,251 | EPOCH 29 VAL loss=0.448262 acc=0.8992 pre=0.8996 rec=0.9003 f1=0.8996 BEST
2026-08-27 10:27:30,246 | EPOCH 30 train_loss=0.117322
2026-08-27 10:27:30,820 | EPOCH 30 VAL loss=0.442469 acc=0.8898 pre=0.8910 rec=0.8916 f1=0.8905
2026-08-27 10:27:37,491 | EPOCH 31 train_loss=0.114330
2026-08-27 10:27:38,060 | EPOCH 31 VAL loss=0.464387 acc=0.8962 pre=0.8965 rec=0.8972 f1=0.8965
2026-08-27 10:27:44,563 | EPOCH 32 train_loss=0.114336
2026-08-27 10:27:45,111 | EPOCH 32 VAL loss=0.482908 acc=0.8897 pre=0.8906 rec=0.8910 f1=0.8898
2026-08-27 10:27:51,600 | EPOCH 33 train_loss=0.108156
2026-08-27 10:27:52,152 | EPOCH 33 VAL loss=0.478976 acc=0.8925 pre=0.8924 rec=0.8934 f1=0.8917
2026-08-27 10:27:58,578 | EPOCH 34 train_loss=0.105803
2026-08-27 10:27:59,134 | EPOCH 34 VAL loss=0.456832 acc=0.8957 pre=0.8972 rec=0.8968 f1=0.8967
2026-08-27 10:28:05,517 | EPOCH 35 train_loss=0.105619
2026-08-27 10:28:06,071 | EPOCH 35 VAL loss=0.494818 acc=0.8925 pre=0.8936 rec=0.8932 f1=0.8909
2026-08-27 10:28:12,503 | EPOCH 36 train_loss=0.102680
2026-08-27 10:28:13,048 | EPOCH 36 VAL loss=0.534366 acc=0.8938 pre=0.8948 rec=0.8955 f1=0.8948
2026-08-27 10:28:19,542 | EPOCH 37 train_loss=0.101937
2026-08-27 10:28:20,103 | EPOCH 37 VAL loss=0.536034 acc=0.8932 pre=0.8939 rec=0.8935 f1=0.8934
2026-08-27 10:28:26,598 | EPOCH 38 train_loss=0.099376
2026-08-27 10:28:27,144 | EPOCH 38 VAL loss=0.553658 acc=0.8923 pre=0.8947 rec=0.8935 f1=0.8936
2026-08-27 10:28:33,593 | EPOCH 39 train_loss=0.097071
2026-08-27 10:28:34,170 | EPOCH 39 VAL loss=0.563469 acc=0.8912 pre=0.8925 rec=0.8922 f1=0.8918
2026-08-27 10:28:34,178 | DONE best_epoch=29 best_val_loss=0.448262 early_stop=True time=276.78s
