2026-08-27 10:33:54,627 | START mlp_rmsprop_lr0.0005_s42 opt=rmsprop lr=0.0005 seed=42 device=cuda epochs=150 best_by=f1 stop_by=f1
2026-08-27 10:34:01,016 | EPOCH 1 train_loss=0.550648
2026-08-27 10:34:01,563 | EPOCH 1 VAL loss=0.449118 acc=0.8455 pre=0.8464 rec=0.8480 f1=0.8446 BEST
2026-08-27 10:34:08,298 | EPOCH 2 train_loss=0.396954
2026-08-27 10:34:08,849 | EPOCH 2 VAL loss=0.386041 acc=0.8602 pre=0.8690 rec=0.8608 f1=0.8632 BEST
2026-08-27 10:34:15,479 | EPOCH 3 train_loss=0.351495
2026-08-27 10:34:16,041 | EPOCH 3 VAL loss=0.352588 acc=0.8730 pre=0.8731 rec=0.8747 f1=0.8728 BEST
2026-08-27 10:34:22,920 | EPOCH 4 train_loss=0.324091
2026-08-27 10:34:23,492 | EPOCH 4 VAL loss=0.351101 acc=0.8700 pre=0.8732 rec=0.8708 f1=0.8711
2026-08-27 10:34:29,949 | EPOCH 5 train_loss=0.303316
2026-08-27 10:34:30,497 | EPOCH 5 VAL loss=0.328420 acc=0.8768 pre=0.8800 rec=0.8775 f1=0.8765 BEST
2026-08-27 10:34:37,178 | EPOCH 6 train_loss=0.287855
2026-08-27 10:34:37,734 | EPOCH 6 VAL loss=0.337177 acc=0.8815 pre=0.8824 rec=0.8830 f1=0.8802 BEST
2026-08-27 10:34:44,468 | EPOCH 7 train_loss=0.272591
2026-08-27 10:34:45,398 | EPOCH 7 VAL loss=0.325933 acc=0.8818 pre=0.8843 rec=0.8839 f1=0.8824 BEST
2026-08-27 10:34:52,374 | EPOCH 8 train_loss=0.261090
2026-08-27 10:34:52,920 | EPOCH 8 VAL loss=0.318019 acc=0.8837 pre=0.8882 rec=0.8846 f1=0.8846 BEST
2026-08-27 10:34:59,667 | EPOCH 9 train_loss=0.249484
2026-08-27 10:35:00,224 | EPOCH 9 VAL loss=0.315515 acc=0.8845 pre=0.8887 rec=0.8855 f1=0.8837
2026-08-27 10:35:06,604 | EPOCH 10 train_loss=0.239617
2026-08-27 10:35:07,163 | EPOCH 10 VAL loss=0.368185 acc=0.8643 pre=0.8759 rec=0.8657 f1=0.8652
2026-08-27 10:35:13,570 | EPOCH 11 train_loss=0.228963
2026-08-27 10:35:14,146 | EPOCH 11 VAL loss=0.332784 acc=0.8835 pre=0.8866 rec=0.8861 f1=0.8835
2026-08-27 10:35:20,454 | EPOCH 12 train_loss=0.220083
2026-08-27 10:35:20,998 | EPOCH 12 VAL loss=0.304552 acc=0.8923 pre=0.8954 rec=0.8928 f1=0.8928 BEST
2026-08-27 10:35:27,620 | EPOCH 13 train_loss=0.211619
2026-08-27 10:35:28,185 | EPOCH 13 VAL loss=0.309190 acc=0.8928 pre=0.8936 rec=0.8937 f1=0.8921
2026-08-27 10:35:34,760 | EPOCH 14 train_loss=0.203963
2026-08-27 10:35:35,305 | EPOCH 14 VAL loss=0.321860 acc=0.8898 pre=0.8940 rec=0.8903 f1=0.8891
2026-08-27 10:35:41,522 | EPOCH 15 train_loss=0.196195
2026-08-27 10:35:42,060 | EPOCH 15 VAL loss=0.325274 acc=0.8875 pre=0.8896 rec=0.8886 f1=0.8850
2026-08-27 10:35:48,544 | EPOCH 16 train_loss=0.189295
2026-08-27 10:35:49,093 | EPOCH 16 VAL loss=0.318744 acc=0.8902 pre=0.8924 rec=0.8910 f1=0.8896
2026-08-27 10:35:55,617 | EPOCH 17 train_loss=0.182838
2026-08-27 10:35:56,163 | EPOCH 17 VAL loss=0.308016 acc=0.8892 pre=0.8907 rec=0.8908 f1=0.8901
2026-08-27 10:36:02,597 | EPOCH 18 train_loss=0.175093
2026-08-27 10:36:03,139 | EPOCH 18 VAL loss=0.311058 acc=0.8907 pre=0.8908 rec=0.8918 f1=0.8901
2026-08-27 10:36:09,423 | EPOCH 19 train_loss=0.170345
2026-08-27 10:36:09,964 | EPOCH 19 VAL loss=0.324984 acc=0.8882 pre=0.8910 rec=0.8886 f1=0.8888
2026-08-27 10:36:16,373 | EPOCH 20 train_loss=0.164627
2026-08-27 10:36:16,907 | EPOCH 20 VAL loss=0.365829 acc=0.8857 pre=0.8859 rec=0.8869 f1=0.8842
2026-08-27 10:36:23,097 | EPOCH 21 train_loss=0.158986
2026-08-27 10:36:23,670 | EPOCH 21 VAL loss=0.328483 acc=0.8907 pre=0.8925 rec=0.8918 f1=0.8912
2026-08-27 10:36:29,952 | EPOCH 22 train_loss=0.152317
2026-08-27 10:36:30,492 | EPOCH 22 VAL loss=0.359902 acc=0.8795 pre=0.8885 rec=0.8809 f1=0.8827
2026-08-27 10:36:30,499 | DONE best_epoch=12 best_val_loss=0.304552 early_stop=True time=155.25s
