2026-08-27 20:06:44,862 | START cnn_adamw_lr0.002_s42 opt=adamw lr=0.002 seed=42 device=cuda epochs=150 best_by=f1 stop_by=f1
2026-08-27 20:06:54,443 | START cnn_adamw_lr0.002_s42 opt=adamw lr=0.002 seed=42 device=cuda epochs=150 best_by=f1 stop_by=f1
2026-08-27 20:06:54,459 | RESUMED from epoch 0, batch 600
2026-08-27 20:06:56,675 | EPOCH 1 train_loss=0.472428
2026-08-27 20:06:57,418 | EPOCH 1 VAL loss=0.353872 acc=0.8785 pre=0.8788 rec=0.8795 f1=0.8767 BEST
2026-08-27 20:06:58,087 | START cnn_adamw_lr0.002_s42 opt=adamw lr=0.002 seed=42 device=cuda epochs=150 best_by=f1 stop_by=f1
2026-08-27 20:06:58,102 | RESUMED from epoch 1, batch 0
2026-08-27 20:07:04,197 | EPOCH 1 train_loss=0.353999
2026-08-27 20:07:05,508 | EPOCH 1 VAL loss=0.355954 acc=0.8767 pre=0.8770 rec=0.8778 f1=0.8750 BEST
2026-08-27 20:07:09,765 | EPOCH 2 train_loss=0.300985
2026-08-27 20:07:10,795 | EPOCH 2 VAL loss=0.279035 acc=0.8987 pre=0.8997 rec=0.8993 f1=0.8981 BEST
2026-08-27 20:07:11,765 | EPOCH 2 train_loss=0.301089
2026-08-27 20:07:12,894 | EPOCH 2 VAL loss=0.281324 acc=0.8977 pre=0.8994 rec=0.8982 f1=0.8970 BEST
2026-08-27 20:07:17,647 | EPOCH 2 train_loss=0.301657
2026-08-27 20:07:18,571 | EPOCH 2 VAL loss=0.279253 acc=0.8975 pre=0.8983 rec=0.8983 f1=0.8967 BEST
2026-08-27 20:07:24,818 | EPOCH 3 train_loss=0.258814
2026-08-27 20:07:25,399 | EPOCH 3 train_loss=0.258825
2026-08-27 20:07:26,037 | EPOCH 3 VAL loss=0.284713 acc=0.8960 pre=0.8981 rec=0.8971 f1=0.8955
2026-08-27 20:07:26,508 | EPOCH 3 VAL loss=0.276640 acc=0.8980 pre=0.9002 rec=0.8992 f1=0.8978 BEST
2026-08-27 20:07:31,870 | EPOCH 3 train_loss=0.258544
2026-08-27 20:07:32,802 | EPOCH 3 VAL loss=0.281124 acc=0.8980 pre=0.9009 rec=0.8991 f1=0.8975 BEST
2026-08-27 20:07:39,229 | EPOCH 4 train_loss=0.229366
2026-08-27 20:07:39,331 | EPOCH 4 train_loss=0.230041
2026-08-27 20:07:40,058 | EPOCH 4 VAL loss=0.242567 acc=0.9095 pre=0.9107 rec=0.9104 f1=0.9103 BEST
2026-08-27 20:07:40,538 | EPOCH 4 VAL loss=0.244815 acc=0.9075 pre=0.9099 rec=0.9084 f1=0.9087 BEST
2026-08-27 20:07:46,898 | EPOCH 4 train_loss=0.230687
2026-08-27 20:07:48,085 | EPOCH 4 VAL loss=0.243017 acc=0.9110 pre=0.9128 rec=0.9117 f1=0.9119 BEST
2026-08-27 20:07:52,317 | EPOCH 5 train_loss=0.209045
2026-08-27 20:07:53,570 | EPOCH 5 VAL loss=0.238031 acc=0.9152 pre=0.9166 rec=0.9154 f1=0.9148 BEST
2026-08-27 20:07:54,200 | EPOCH 5 train_loss=0.208205
2026-08-27 20:07:54,985 | EPOCH 5 VAL loss=0.238769 acc=0.9122 pre=0.9143 rec=0.9122 f1=0.9114 BEST
2026-08-27 20:08:01,969 | EPOCH 5 train_loss=0.208889
2026-08-27 20:08:03,138 | EPOCH 5 VAL loss=0.235322 acc=0.9138 pre=0.9151 rec=0.9141 f1=0.9135 BEST
2026-08-27 20:08:06,309 | EPOCH 6 train_loss=0.189656
2026-08-27 20:08:07,586 | EPOCH 6 VAL loss=0.231174 acc=0.9163 pre=0.9172 rec=0.9169 f1=0.9161 BEST
2026-08-27 20:08:08,410 | EPOCH 6 train_loss=0.189421
2026-08-27 20:08:09,586 | EPOCH 6 VAL loss=0.234402 acc=0.9137 pre=0.9148 rec=0.9143 f1=0.9136 BEST
2026-08-27 20:08:16,756 | EPOCH 6 train_loss=0.189811
2026-08-27 20:08:18,073 | EPOCH 6 VAL loss=0.231604 acc=0.9150 pre=0.9163 rec=0.9155 f1=0.9147 BEST
2026-08-27 20:08:21,429 | EPOCH 7 train_loss=0.171409
2026-08-27 20:08:22,483 | EPOCH 7 VAL loss=0.242748 acc=0.9132 pre=0.9169 rec=0.9147 f1=0.9146
2026-08-27 20:08:23,483 | EPOCH 7 train_loss=0.171427
2026-08-27 20:08:24,553 | EPOCH 7 VAL loss=0.250643 acc=0.9135 pre=0.9173 rec=0.9146 f1=0.9149 BEST
2026-08-27 20:08:30,347 | EPOCH 7 train_loss=0.171931
2026-08-27 20:08:31,540 | EPOCH 7 VAL loss=0.236964 acc=0.9135 pre=0.9165 rec=0.9148 f1=0.9145
2026-08-27 20:08:35,165 | EPOCH 8 train_loss=0.155237
2026-08-27 20:08:36,097 | EPOCH 8 VAL loss=0.256115 acc=0.9073 pre=0.9142 rec=0.9068 f1=0.9060
2026-08-27 20:08:37,670 | EPOCH 8 train_loss=0.156791
2026-08-27 20:08:38,709 | EPOCH 8 VAL loss=0.249451 acc=0.9103 pre=0.9145 rec=0.9101 f1=0.9095
2026-08-27 20:08:44,086 | EPOCH 8 train_loss=0.156065
2026-08-27 20:08:45,292 | EPOCH 8 VAL loss=0.238728 acc=0.9117 pre=0.9150 rec=0.9116 f1=0.9108
2026-08-27 20:08:49,608 | EPOCH 9 train_loss=0.140348
2026-08-27 20:08:50,715 | EPOCH 9 VAL loss=0.242930 acc=0.9170 pre=0.9198 rec=0.9177 f1=0.9162 BEST
2026-08-27 20:08:51,878 | EPOCH 9 train_loss=0.140816
2026-08-27 20:08:52,655 | EPOCH 9 VAL loss=0.237458 acc=0.9160 pre=0.9182 rec=0.9165 f1=0.9150 BEST
2026-08-27 20:08:57,928 | EPOCH 9 train_loss=0.139568
2026-08-27 20:08:58,750 | EPOCH 9 VAL loss=0.247707 acc=0.9157 pre=0.9171 rec=0.9164 f1=0.9149 BEST
2026-08-27 20:09:04,644 | EPOCH 10 train_loss=0.127271
2026-08-27 20:09:05,684 | EPOCH 10 VAL loss=0.240187 acc=0.9205 pre=0.9213 rec=0.9213 f1=0.9206 BEST
2026-08-27 20:09:06,535 | EPOCH 10 train_loss=0.127502
2026-08-27 20:09:07,707 | EPOCH 10 VAL loss=0.239345 acc=0.9175 pre=0.9185 rec=0.9182 f1=0.9176 BEST
2026-08-27 20:09:11,489 | EPOCH 10 train_loss=0.127260
2026-08-27 20:09:12,661 | EPOCH 10 VAL loss=0.242241 acc=0.9177 pre=0.9181 rec=0.9185 f1=0.9175 BEST
2026-08-27 20:09:19,646 | EPOCH 11 train_loss=0.115534
2026-08-27 20:09:19,958 | EPOCH 11 train_loss=0.113484
2026-08-27 20:09:20,741 | EPOCH 11 VAL loss=0.254731 acc=0.9192 pre=0.9195 rec=0.9200 f1=0.9194 BEST
2026-08-27 20:09:20,848 | EPOCH 11 VAL loss=0.247614 acc=0.9178 pre=0.9190 rec=0.9188 f1=0.9183
2026-08-27 20:09:25,554 | EPOCH 11 train_loss=0.114439
2026-08-27 20:09:27,366 | EPOCH 11 VAL loss=0.260644 acc=0.9153 pre=0.9170 rec=0.9162 f1=0.9157
2026-08-27 20:09:34,232 | EPOCH 12 train_loss=0.102640
2026-08-27 20:09:34,861 | EPOCH 12 train_loss=0.104064
2026-08-27 20:09:35,146 | EPOCH 12 VAL loss=0.250149 acc=0.9240 pre=0.9249 rec=0.9246 f1=0.9244 BEST
2026-08-27 20:09:35,616 | EPOCH 12 VAL loss=0.243633 acc=0.9217 pre=0.9222 rec=0.9223 f1=0.9221 BEST
2026-08-27 20:09:40,221 | EPOCH 12 train_loss=0.106830
2026-08-27 20:09:41,029 | EPOCH 12 VAL loss=0.256557 acc=0.9188 pre=0.9195 rec=0.9196 f1=0.9190 BEST
2026-08-27 20:09:48,191 | EPOCH 13 train_loss=0.090900
2026-08-27 20:09:48,886 | EPOCH 13 train_loss=0.090926
2026-08-27 20:09:49,477 | EPOCH 13 VAL loss=0.276782 acc=0.9125 pre=0.9149 rec=0.9139 f1=0.9140
2026-08-27 20:09:50,161 | EPOCH 13 VAL loss=0.290212 acc=0.9110 pre=0.9147 rec=0.9124 f1=0.9125
2026-08-27 20:09:54,040 | EPOCH 13 train_loss=0.091634
2026-08-27 20:09:54,793 | EPOCH 13 VAL loss=0.293187 acc=0.9143 pre=0.9176 rec=0.9160 f1=0.9161
2026-08-27 20:10:01,953 | EPOCH 14 train_loss=0.083058
2026-08-27 20:10:02,896 | EPOCH 14 train_loss=0.083114
2026-08-27 20:10:03,071 | EPOCH 14 VAL loss=0.311367 acc=0.9135 pre=0.9138 rec=0.9143 f1=0.9132
2026-08-27 20:10:04,092 | EPOCH 14 VAL loss=0.307702 acc=0.9133 pre=0.9150 rec=0.9142 f1=0.9143
2026-08-27 20:10:06,744 | EPOCH 14 train_loss=0.082192
2026-08-27 20:10:07,934 | EPOCH 14 VAL loss=0.300778 acc=0.9162 pre=0.9172 rec=0.9171 f1=0.9161
2026-08-27 20:10:15,241 | EPOCH 15 train_loss=0.071900
2026-08-27 20:10:16,397 | EPOCH 15 VAL loss=0.291489 acc=0.9175 pre=0.9176 rec=0.9186 f1=0.9173
2026-08-27 20:10:16,937 | EPOCH 15 train_loss=0.074636
2026-08-27 20:10:17,749 | EPOCH 15 VAL loss=0.301200 acc=0.9168 pre=0.9177 rec=0.9181 f1=0.9177
2026-08-27 20:10:20,590 | EPOCH 15 train_loss=0.075381
2026-08-27 20:10:21,388 | EPOCH 15 VAL loss=0.303091 acc=0.9153 pre=0.9170 rec=0.9161 f1=0.9158
2026-08-27 20:10:29,663 | EPOCH 16 train_loss=0.068611
2026-08-27 20:10:29,753 | EPOCH 16 train_loss=0.064789
2026-08-27 20:10:30,845 | EPOCH 16 VAL loss=0.309356 acc=0.9145 pre=0.9165 rec=0.9147 f1=0.9148
2026-08-27 20:10:30,932 | EPOCH 16 VAL loss=0.319872 acc=0.9102 pre=0.9110 rec=0.9106 f1=0.9102
2026-08-27 20:10:32,258 | EPOCH 16 train_loss=0.068483
2026-08-27 20:10:33,431 | EPOCH 16 VAL loss=0.314947 acc=0.9115 pre=0.9130 rec=0.9120 f1=0.9120
2026-08-27 20:10:43,497 | EPOCH 17 train_loss=0.061703
2026-08-27 20:10:43,831 | EPOCH 17 train_loss=0.060587
2026-08-27 20:10:44,323 | EPOCH 17 VAL loss=0.308329 acc=0.9177 pre=0.9196 rec=0.9189 f1=0.9191
2026-08-27 20:10:44,947 | EPOCH 17 VAL loss=0.307385 acc=0.9167 pre=0.9198 rec=0.9178 f1=0.9181
2026-08-27 20:10:46,302 | EPOCH 17 train_loss=0.061172
2026-08-27 20:10:47,424 | EPOCH 17 VAL loss=0.334646 acc=0.9135 pre=0.9179 rec=0.9150 f1=0.9155
2026-08-27 20:10:55,834 | EPOCH 18 train_loss=0.052947
2026-08-27 20:10:57,038 | EPOCH 18 train_loss=0.055464
2026-08-27 20:10:57,268 | EPOCH 18 VAL loss=0.348074 acc=0.9162 pre=0.9164 rec=0.9173 f1=0.9162
2026-08-27 20:10:58,096 | EPOCH 18 VAL loss=0.366480 acc=0.9098 pre=0.9105 rec=0.9108 f1=0.9086
2026-08-27 20:11:00,374 | EPOCH 18 train_loss=0.058268
2026-08-27 20:11:01,590 | EPOCH 18 VAL loss=0.352033 acc=0.9132 pre=0.9134 rec=0.9139 f1=0.9128
2026-08-27 20:11:10,096 | EPOCH 19 train_loss=0.052469
2026-08-27 20:11:10,931 | EPOCH 19 VAL loss=0.336933 acc=0.9147 pre=0.9151 rec=0.9160 f1=0.9153
2026-08-27 20:11:11,030 | EPOCH 19 train_loss=0.053011
2026-08-27 20:11:12,208 | EPOCH 19 VAL loss=0.347245 acc=0.9155 pre=0.9166 rec=0.9164 f1=0.9163
2026-08-27 20:11:14,531 | EPOCH 19 train_loss=0.048994
2026-08-27 20:11:15,682 | EPOCH 19 VAL loss=0.352665 acc=0.9172 pre=0.9188 rec=0.9184 f1=0.9184
2026-08-27 20:11:22,313 | EPOCH 20 train_loss=0.045316
2026-08-27 20:11:23,337 | EPOCH 20 VAL loss=0.366798 acc=0.9158 pre=0.9173 rec=0.9173 f1=0.9170
2026-08-27 20:11:25,131 | EPOCH 20 train_loss=0.047884
2026-08-27 20:11:26,374 | EPOCH 20 VAL loss=0.376397 acc=0.9160 pre=0.9163 rec=0.9170 f1=0.9164
2026-08-27 20:11:28,064 | EPOCH 20 train_loss=0.049209
2026-08-27 20:11:29,125 | EPOCH 20 VAL loss=0.383362 acc=0.9127 pre=0.9150 rec=0.9142 f1=0.9136
2026-08-27 20:11:35,430 | EPOCH 21 train_loss=0.044790
2026-08-27 20:11:36,609 | EPOCH 21 VAL loss=0.394829 acc=0.9072 pre=0.9122 rec=0.9086 f1=0.9092
2026-08-27 20:11:38,764 | EPOCH 21 train_loss=0.043423
2026-08-27 20:11:39,716 | EPOCH 21 VAL loss=0.393478 acc=0.9110 pre=0.9132 rec=0.9126 f1=0.9123
2026-08-27 20:11:40,897 | EPOCH 21 train_loss=0.042888
2026-08-27 20:11:41,851 | EPOCH 21 VAL loss=0.369027 acc=0.9197 pre=0.9220 rec=0.9210 f1=0.9211 BEST
2026-08-27 20:11:50,377 | EPOCH 22 train_loss=0.043579
2026-08-27 20:11:51,279 | EPOCH 22 VAL loss=0.375000 acc=0.9143 pre=0.9163 rec=0.9150 f1=0.9154
2026-08-27 20:11:51,290 | DONE best_epoch=12 best_val_loss=0.243633 early_stop=True time=305.43s
2026-08-27 20:11:52,262 | EPOCH 22 train_loss=0.043908
2026-08-27 20:11:53,039 | EPOCH 22 VAL loss=0.379976 acc=0.9105 pre=0.9131 rec=0.9117 f1=0.9119
2026-08-27 20:11:53,048 | DONE best_epoch=12 best_val_loss=0.250149 early_stop=True time=305.78s
