2026-08-27 08:22:08,284 | START mlp_adadelta_lr0.1_s123 opt=adadelta lr=0.1 seed=123 device=cuda epochs=150 best_by=f1 stop_by=f1
2026-08-27 08:22:14,757 | EPOCH 1 train_loss=0.770766
2026-08-27 08:22:15,288 | EPOCH 1 VAL loss=0.538531 acc=0.8080 pre=0.8060 rec=0.8089 f1=0.7992 BEST
2026-08-27 08:22:22,282 | EPOCH 2 train_loss=0.494505
2026-08-27 08:22:22,826 | EPOCH 2 VAL loss=0.470762 acc=0.8353 pre=0.8363 rec=0.8350 f1=0.8331 BEST
2026-08-27 08:22:29,619 | EPOCH 3 train_loss=0.443595
2026-08-27 08:22:30,165 | EPOCH 3 VAL loss=0.441417 acc=0.8495 pre=0.8499 rec=0.8503 f1=0.8473 BEST
2026-08-27 08:22:37,033 | EPOCH 4 train_loss=0.412208
2026-08-27 08:22:37,576 | EPOCH 4 VAL loss=0.435603 acc=0.8458 pre=0.8586 rec=0.8472 f1=0.8491 BEST
2026-08-27 08:22:44,362 | EPOCH 5 train_loss=0.387165
2026-08-27 08:22:44,895 | EPOCH 5 VAL loss=0.413846 acc=0.8528 pre=0.8572 rec=0.8552 f1=0.8534 BEST
2026-08-27 08:22:51,617 | EPOCH 6 train_loss=0.368587
2026-08-27 08:22:52,154 | EPOCH 6 VAL loss=0.379379 acc=0.8617 pre=0.8665 rec=0.8623 f1=0.8627 BEST
2026-08-27 08:22:58,884 | EPOCH 7 train_loss=0.351105
2026-08-27 08:22:59,409 | EPOCH 7 VAL loss=0.360839 acc=0.8698 pre=0.8704 rec=0.8707 f1=0.8700 BEST
2026-08-27 08:23:06,203 | EPOCH 8 train_loss=0.337427
2026-08-27 08:23:06,743 | EPOCH 8 VAL loss=0.356713 acc=0.8728 pre=0.8747 rec=0.8744 f1=0.8739 BEST
2026-08-27 08:23:13,549 | EPOCH 9 train_loss=0.323914
2026-08-27 08:23:14,112 | EPOCH 9 VAL loss=0.362602 acc=0.8667 pre=0.8686 rec=0.8677 f1=0.8656
2026-08-27 08:23:20,464 | EPOCH 10 train_loss=0.312897
2026-08-27 08:23:21,004 | EPOCH 10 VAL loss=0.343258 acc=0.8737 pre=0.8806 rec=0.8756 f1=0.8766 BEST
2026-08-27 08:23:27,737 | EPOCH 11 train_loss=0.302947
2026-08-27 08:23:28,297 | EPOCH 11 VAL loss=0.341614 acc=0.8730 pre=0.8743 rec=0.8742 f1=0.8715
2026-08-27 08:23:34,712 | EPOCH 12 train_loss=0.293884
2026-08-27 08:23:35,251 | EPOCH 12 VAL loss=0.322347 acc=0.8845 pre=0.8856 rec=0.8852 f1=0.8850 BEST
2026-08-27 08:23:41,976 | EPOCH 13 train_loss=0.286225
2026-08-27 08:23:42,503 | EPOCH 13 VAL loss=0.336711 acc=0.8790 pre=0.8832 rec=0.8793 f1=0.8765
2026-08-27 08:23:48,913 | EPOCH 14 train_loss=0.278823
2026-08-27 08:23:49,444 | EPOCH 14 VAL loss=0.318420 acc=0.8872 pre=0.8874 rec=0.8881 f1=0.8866 BEST
2026-08-27 08:23:56,229 | EPOCH 15 train_loss=0.271104
2026-08-27 08:23:56,762 | EPOCH 15 VAL loss=0.314900 acc=0.8835 pre=0.8847 rec=0.8851 f1=0.8844
2026-08-27 08:24:03,075 | EPOCH 16 train_loss=0.263338
2026-08-27 08:24:03,654 | EPOCH 16 VAL loss=0.313745 acc=0.8878 pre=0.8905 rec=0.8894 f1=0.8887 BEST
2026-08-27 08:24:10,297 | EPOCH 17 train_loss=0.257928
2026-08-27 08:24:10,824 | EPOCH 17 VAL loss=0.313596 acc=0.8860 pre=0.8865 rec=0.8868 f1=0.8846
2026-08-27 08:24:17,309 | EPOCH 18 train_loss=0.250747
2026-08-27 08:24:17,844 | EPOCH 18 VAL loss=0.312828 acc=0.8875 pre=0.8896 rec=0.8883 f1=0.8880
2026-08-27 08:24:24,213 | EPOCH 19 train_loss=0.246012
2026-08-27 08:24:24,743 | EPOCH 19 VAL loss=0.303492 acc=0.8880 pre=0.8901 rec=0.8885 f1=0.8887
2026-08-27 08:24:31,053 | EPOCH 20 train_loss=0.239420
2026-08-27 08:24:31,975 | EPOCH 20 VAL loss=0.312640 acc=0.8843 pre=0.8853 rec=0.8852 f1=0.8834
2026-08-27 08:24:38,612 | EPOCH 21 train_loss=0.235271
2026-08-27 08:24:39,147 | EPOCH 21 VAL loss=0.323788 acc=0.8842 pre=0.8908 rec=0.8841 f1=0.8830
2026-08-27 08:24:45,567 | EPOCH 22 train_loss=0.230133
2026-08-27 08:24:46,109 | EPOCH 22 VAL loss=0.309779 acc=0.8840 pre=0.8869 rec=0.8850 f1=0.8845
2026-08-27 08:24:52,574 | EPOCH 23 train_loss=0.225160
2026-08-27 08:24:53,106 | EPOCH 23 VAL loss=0.307409 acc=0.8892 pre=0.8914 rec=0.8893 f1=0.8875
2026-08-27 08:24:59,603 | EPOCH 24 train_loss=0.220714
2026-08-27 08:25:00,140 | EPOCH 24 VAL loss=0.302231 acc=0.8902 pre=0.8916 rec=0.8913 f1=0.8904 BEST
2026-08-27 08:25:06,915 | EPOCH 25 train_loss=0.215843
2026-08-27 08:25:07,448 | EPOCH 25 VAL loss=0.297110 acc=0.8920 pre=0.8925 rec=0.8925 f1=0.8906 BEST
2026-08-27 08:25:14,091 | EPOCH 26 train_loss=0.211383
2026-08-27 08:25:14,625 | EPOCH 26 VAL loss=0.290867 acc=0.8960 pre=0.8972 rec=0.8967 f1=0.8968 BEST
2026-08-27 08:25:21,601 | EPOCH 27 train_loss=0.206996
2026-08-27 08:25:22,138 | EPOCH 27 VAL loss=0.313739 acc=0.8895 pre=0.8904 rec=0.8907 f1=0.8880
2026-08-27 08:25:28,695 | EPOCH 28 train_loss=0.203205
2026-08-27 08:25:29,276 | EPOCH 28 VAL loss=0.332580 acc=0.8787 pre=0.8911 rec=0.8809 f1=0.8819
2026-08-27 08:25:35,978 | EPOCH 29 train_loss=0.198492
2026-08-27 08:25:36,513 | EPOCH 29 VAL loss=0.301616 acc=0.8937 pre=0.8940 rec=0.8946 f1=0.8931
2026-08-27 08:25:43,118 | EPOCH 30 train_loss=0.194499
2026-08-27 08:25:43,728 | EPOCH 30 VAL loss=0.315276 acc=0.8878 pre=0.8915 rec=0.8899 f1=0.8891
2026-08-27 08:25:50,234 | EPOCH 31 train_loss=0.190092
2026-08-27 08:25:50,768 | EPOCH 31 VAL loss=0.296352 acc=0.8985 pre=0.9001 rec=0.8999 f1=0.8997 BEST
2026-08-27 08:25:57,601 | EPOCH 32 train_loss=0.185839
2026-08-27 08:25:58,150 | EPOCH 32 VAL loss=0.300184 acc=0.8948 pre=0.8949 rec=0.8961 f1=0.8949
2026-08-27 08:26:04,765 | EPOCH 33 train_loss=0.182845
2026-08-27 08:26:05,306 | EPOCH 33 VAL loss=0.311651 acc=0.8932 pre=0.8958 rec=0.8938 f1=0.8914
2026-08-27 08:26:11,774 | EPOCH 34 train_loss=0.179358
2026-08-27 08:26:12,310 | EPOCH 34 VAL loss=0.304831 acc=0.8967 pre=0.8996 rec=0.8979 f1=0.8981
2026-08-27 08:26:18,831 | EPOCH 35 train_loss=0.175550
2026-08-27 08:26:19,390 | EPOCH 35 VAL loss=0.314648 acc=0.8932 pre=0.8961 rec=0.8935 f1=0.8910
2026-08-27 08:26:25,952 | EPOCH 36 train_loss=0.171452
2026-08-27 08:26:26,508 | EPOCH 36 VAL loss=0.313779 acc=0.8920 pre=0.8964 rec=0.8937 f1=0.8940
2026-08-27 08:26:33,073 | EPOCH 37 train_loss=0.168119
2026-08-27 08:26:33,660 | EPOCH 37 VAL loss=0.304429 acc=0.8975 pre=0.8983 rec=0.8978 f1=0.8976
2026-08-27 08:26:40,179 | EPOCH 38 train_loss=0.163985
2026-08-27 08:26:40,728 | EPOCH 38 VAL loss=0.314381 acc=0.8942 pre=0.8955 rec=0.8952 f1=0.8950
2026-08-27 08:26:47,389 | EPOCH 39 train_loss=0.162186
2026-08-27 08:26:47,937 | EPOCH 39 VAL loss=0.313677 acc=0.8960 pre=0.8978 rec=0.8966 f1=0.8966
2026-08-27 08:26:54,442 | EPOCH 40 train_loss=0.158677
2026-08-27 08:26:55,005 | EPOCH 40 VAL loss=0.338989 acc=0.8858 pre=0.8974 rec=0.8883 f1=0.8894
2026-08-27 08:27:01,536 | EPOCH 41 train_loss=0.154818
2026-08-27 08:27:02,084 | EPOCH 41 VAL loss=0.329034 acc=0.8937 pre=0.8969 rec=0.8954 f1=0.8950
2026-08-27 08:27:02,092 | DONE best_epoch=31 best_val_loss=0.296352 early_stop=True time=293.18s
