2026-08-27 18:01:38,957 | START cnn_adagrad_lr0.001_s2026 opt=adagrad lr=0.001 seed=2026 device=cuda epochs=150 best_by=f1 stop_by=f1
2026-08-27 18:01:51,945 | EPOCH 1 train_loss=0.866272
2026-08-27 18:01:53,084 | EPOCH 1 VAL loss=0.694935 acc=0.7515 pre=0.7424 rec=0.7526 f1=0.7392 BEST
2026-08-27 18:02:03,762 | EPOCH 2 train_loss=0.636626
2026-08-27 18:02:04,513 | EPOCH 2 VAL loss=0.621682 acc=0.7743 pre=0.7669 rec=0.7752 f1=0.7638 BEST
2026-08-27 18:02:17,054 | EPOCH 3 train_loss=0.585748
2026-08-27 18:02:17,982 | EPOCH 3 VAL loss=0.586614 acc=0.7877 pre=0.7838 rec=0.7889 f1=0.7827 BEST
2026-08-27 18:02:29,146 | EPOCH 4 train_loss=0.555782
2026-08-27 18:02:30,273 | EPOCH 4 VAL loss=0.556109 acc=0.7977 pre=0.7914 rec=0.7984 f1=0.7914 BEST
2026-08-27 18:02:44,055 | EPOCH 5 train_loss=0.534498
2026-08-27 18:02:45,140 | EPOCH 5 VAL loss=0.545959 acc=0.8003 pre=0.7951 rec=0.8009 f1=0.7909
2026-08-27 18:02:56,984 | EPOCH 6 train_loss=0.519045
2026-08-27 18:02:58,116 | EPOCH 6 VAL loss=0.524287 acc=0.8115 pre=0.8072 rec=0.8119 f1=0.8073 BEST
2026-08-27 18:03:10,998 | EPOCH 7 train_loss=0.505827
2026-08-27 18:03:12,111 | EPOCH 7 VAL loss=0.512866 acc=0.8178 pre=0.8138 rec=0.8184 f1=0.8147 BEST
2026-08-27 18:03:24,259 | EPOCH 8 train_loss=0.494974
2026-08-27 18:03:25,545 | EPOCH 8 VAL loss=0.501544 acc=0.8228 pre=0.8197 rec=0.8237 f1=0.8207 BEST
2026-08-27 18:03:37,843 | EPOCH 9 train_loss=0.484731
2026-08-27 18:03:38,810 | EPOCH 9 VAL loss=0.492675 acc=0.8263 pre=0.8240 rec=0.8271 f1=0.8249 BEST
2026-08-27 18:03:50,765 | EPOCH 10 train_loss=0.476165
2026-08-27 18:03:51,535 | EPOCH 10 VAL loss=0.486186 acc=0.8275 pre=0.8242 rec=0.8280 f1=0.8208
2026-08-27 18:04:04,128 | EPOCH 11 train_loss=0.468530
2026-08-27 18:04:05,234 | EPOCH 11 VAL loss=0.477305 acc=0.8320 pre=0.8281 rec=0.8327 f1=0.8287 BEST
2026-08-27 18:04:17,402 | EPOCH 12 train_loss=0.462425
2026-08-27 18:04:18,548 | EPOCH 12 VAL loss=0.473012 acc=0.8335 pre=0.8300 rec=0.8343 f1=0.8291 BEST
2026-08-27 18:04:30,969 | EPOCH 13 train_loss=0.456929
2026-08-27 18:04:32,101 | EPOCH 13 VAL loss=0.466209 acc=0.8368 pre=0.8332 rec=0.8374 f1=0.8342 BEST
2026-08-27 18:04:43,775 | EPOCH 14 train_loss=0.451623
2026-08-27 18:04:44,543 | EPOCH 14 VAL loss=0.463050 acc=0.8362 pre=0.8330 rec=0.8369 f1=0.8333
2026-08-27 18:04:55,612 | EPOCH 15 train_loss=0.447339
2026-08-27 18:04:56,708 | EPOCH 15 VAL loss=0.458038 acc=0.8393 pre=0.8373 rec=0.8399 f1=0.8382 BEST
2026-08-27 18:05:08,929 | EPOCH 16 train_loss=0.442949
2026-08-27 18:05:09,795 | EPOCH 16 VAL loss=0.456152 acc=0.8383 pre=0.8356 rec=0.8390 f1=0.8347
2026-08-27 18:05:20,856 | EPOCH 17 train_loss=0.439124
2026-08-27 18:05:21,962 | EPOCH 17 VAL loss=0.453310 acc=0.8395 pre=0.8370 rec=0.8400 f1=0.8348
2026-08-27 18:05:33,725 | EPOCH 18 train_loss=0.435828
2026-08-27 18:05:34,488 | EPOCH 18 VAL loss=0.448255 acc=0.8425 pre=0.8407 rec=0.8431 f1=0.8411 BEST
2026-08-27 18:05:46,699 | EPOCH 19 train_loss=0.432784
2026-08-27 18:05:47,934 | EPOCH 19 VAL loss=0.446633 acc=0.8448 pre=0.8421 rec=0.8456 f1=0.8411 BEST
2026-08-27 18:06:00,541 | EPOCH 20 train_loss=0.429675
2026-08-27 18:06:01,577 | EPOCH 20 VAL loss=0.443073 acc=0.8435 pre=0.8409 rec=0.8444 f1=0.8407
2026-08-27 18:06:14,152 | EPOCH 21 train_loss=0.426683
2026-08-27 18:06:15,258 | EPOCH 21 VAL loss=0.442077 acc=0.8422 pre=0.8402 rec=0.8428 f1=0.8386
2026-08-27 18:06:26,761 | EPOCH 22 train_loss=0.424274
2026-08-27 18:06:27,904 | EPOCH 22 VAL loss=0.437887 acc=0.8463 pre=0.8442 rec=0.8470 f1=0.8449 BEST
2026-08-27 18:06:41,441 | EPOCH 23 train_loss=0.421744
2026-08-27 18:06:42,565 | EPOCH 23 VAL loss=0.436131 acc=0.8457 pre=0.8434 rec=0.8465 f1=0.8430
2026-08-27 18:06:53,102 | EPOCH 24 train_loss=0.419550
2026-08-27 18:06:54,206 | EPOCH 24 VAL loss=0.434069 acc=0.8488 pre=0.8463 rec=0.8499 f1=0.8470 BEST
2026-08-27 18:07:07,403 | EPOCH 25 train_loss=0.417226
2026-08-27 18:07:08,429 | EPOCH 25 VAL loss=0.434035 acc=0.8435 pre=0.8421 rec=0.8443 f1=0.8407
2026-08-27 18:07:20,288 | EPOCH 26 train_loss=0.415540
2026-08-27 18:07:21,492 | EPOCH 26 VAL loss=0.428972 acc=0.8507 pre=0.8481 rec=0.8513 f1=0.8480 BEST
2026-08-27 18:07:33,826 | EPOCH 27 train_loss=0.413121
2026-08-27 18:07:34,793 | EPOCH 27 VAL loss=0.427766 acc=0.8477 pre=0.8458 rec=0.8486 f1=0.8457
2026-08-27 18:07:46,249 | EPOCH 28 train_loss=0.411456
2026-08-27 18:07:47,608 | EPOCH 28 VAL loss=0.427885 acc=0.8505 pre=0.8487 rec=0.8514 f1=0.8487 BEST
2026-08-27 18:07:58,863 | EPOCH 29 train_loss=0.409744
2026-08-27 18:07:59,985 | EPOCH 29 VAL loss=0.425498 acc=0.8505 pre=0.8509 rec=0.8515 f1=0.8508 BEST
2026-08-27 18:08:13,433 | EPOCH 30 train_loss=0.408068
2026-08-27 18:08:14,432 | EPOCH 30 VAL loss=0.423148 acc=0.8528 pre=0.8507 rec=0.8539 f1=0.8512 BEST
2026-08-27 18:08:26,080 | EPOCH 31 train_loss=0.406488
2026-08-27 18:08:26,772 | EPOCH 31 VAL loss=0.421953 acc=0.8525 pre=0.8504 rec=0.8531 f1=0.8502
2026-08-27 18:08:38,920 | EPOCH 32 train_loss=0.404944
2026-08-27 18:08:39,799 | EPOCH 32 VAL loss=0.420013 acc=0.8533 pre=0.8516 rec=0.8544 f1=0.8523 BEST
2026-08-27 18:08:52,542 | EPOCH 33 train_loss=0.403368
2026-08-27 18:08:53,304 | EPOCH 33 VAL loss=0.420186 acc=0.8525 pre=0.8513 rec=0.8537 f1=0.8513
2026-08-27 18:09:04,486 | EPOCH 34 train_loss=0.401874
2026-08-27 18:09:05,530 | EPOCH 34 VAL loss=0.418044 acc=0.8538 pre=0.8536 rec=0.8549 f1=0.8536 BEST
2026-08-27 18:09:17,143 | EPOCH 35 train_loss=0.400571
2026-08-27 18:09:18,224 | EPOCH 35 VAL loss=0.415202 acc=0.8533 pre=0.8519 rec=0.8540 f1=0.8520
2026-08-27 18:09:30,594 | EPOCH 36 train_loss=0.399387
2026-08-27 18:09:31,521 | EPOCH 36 VAL loss=0.414391 acc=0.8540 pre=0.8527 rec=0.8548 f1=0.8533
2026-08-27 18:09:42,442 | EPOCH 37 train_loss=0.398000
2026-08-27 18:09:43,535 | EPOCH 37 VAL loss=0.414542 acc=0.8525 pre=0.8511 rec=0.8533 f1=0.8510
2026-08-27 18:09:55,066 | EPOCH 38 train_loss=0.396666
2026-08-27 18:09:56,160 | EPOCH 38 VAL loss=0.412967 acc=0.8548 pre=0.8541 rec=0.8558 f1=0.8545 BEST
2026-08-27 18:10:09,305 | EPOCH 39 train_loss=0.395566
2026-08-27 18:10:10,601 | EPOCH 39 VAL loss=0.411770 acc=0.8560 pre=0.8536 rec=0.8570 f1=0.8539
2026-08-27 18:10:14,667 | START cnn_adagrad_lr0.001_s2026 opt=adagrad lr=0.001 seed=2026 device=cuda epochs=150 best_by=f1 stop_by=f1
2026-08-27 18:10:14,679 | RESUMED from epoch 39, batch 200
2026-08-27 18:10:21,136 | EPOCH 40 train_loss=0.394466
2026-08-27 18:10:22,257 | EPOCH 40 VAL loss=0.411752 acc=0.8547 pre=0.8534 rec=0.8560 f1=0.8537
2026-08-27 18:10:25,309 | EPOCH 40 train_loss=0.395388
2026-08-27 18:10:26,052 | EPOCH 40 VAL loss=0.411752 acc=0.8547 pre=0.8534 rec=0.8560 f1=0.8537
2026-08-27 18:10:34,040 | EPOCH 41 train_loss=0.393393
2026-08-27 18:10:35,062 | EPOCH 41 VAL loss=0.408881 acc=0.8550 pre=0.8541 rec=0.8560 f1=0.8547 BEST
