2026-08-27 10:13:30,888 | START mlp_rmsprop_lr0.005_s123 opt=rmsprop lr=0.005 seed=123 device=cuda epochs=150 best_by=f1 stop_by=f1
2026-08-27 10:13:37,299 | EPOCH 1 train_loss=0.735871
2026-08-27 10:13:37,844 | EPOCH 1 VAL loss=0.427476 acc=0.8382 pre=0.8391 rec=0.8388 f1=0.8345 BEST
2026-08-27 10:13:44,588 | EPOCH 2 train_loss=0.415011
2026-08-27 10:13:45,128 | EPOCH 2 VAL loss=0.387004 acc=0.8612 pre=0.8643 rec=0.8607 f1=0.8590 BEST
2026-08-27 10:13:51,953 | EPOCH 3 train_loss=0.373655
2026-08-27 10:13:52,865 | EPOCH 3 VAL loss=0.384225 acc=0.8632 pre=0.8632 rec=0.8641 f1=0.8613 BEST
2026-08-27 10:13:59,540 | EPOCH 4 train_loss=0.356267
2026-08-27 10:14:00,083 | EPOCH 4 VAL loss=0.386191 acc=0.8562 pre=0.8664 rec=0.8591 f1=0.8594
2026-08-27 10:14:06,471 | EPOCH 5 train_loss=0.341967
2026-08-27 10:14:07,031 | EPOCH 5 VAL loss=0.424395 acc=0.8460 pre=0.8587 rec=0.8487 f1=0.8468
2026-08-27 10:14:13,400 | EPOCH 6 train_loss=0.334341
2026-08-27 10:14:13,970 | EPOCH 6 VAL loss=0.395031 acc=0.8630 pre=0.8645 rec=0.8634 f1=0.8616 BEST
2026-08-27 10:14:20,641 | EPOCH 7 train_loss=0.319169
2026-08-27 10:14:21,195 | EPOCH 7 VAL loss=0.380294 acc=0.8678 pre=0.8709 rec=0.8701 f1=0.8689 BEST
2026-08-27 10:14:27,901 | EPOCH 8 train_loss=0.313374
2026-08-27 10:14:28,440 | EPOCH 8 VAL loss=0.391404 acc=0.8677 pre=0.8687 rec=0.8697 f1=0.8679
2026-08-27 10:14:34,965 | EPOCH 9 train_loss=0.307474
2026-08-27 10:14:35,500 | EPOCH 9 VAL loss=0.430956 acc=0.8567 pre=0.8590 rec=0.8584 f1=0.8549
2026-08-27 10:14:41,813 | EPOCH 10 train_loss=0.302514
2026-08-27 10:14:42,361 | EPOCH 10 VAL loss=0.425530 acc=0.8627 pre=0.8689 rec=0.8649 f1=0.8657
2026-08-27 10:14:48,748 | EPOCH 11 train_loss=0.296368
2026-08-27 10:14:49,293 | EPOCH 11 VAL loss=0.402361 acc=0.8625 pre=0.8638 rec=0.8639 f1=0.8608
2026-08-27 10:14:55,765 | EPOCH 12 train_loss=0.292489
2026-08-27 10:14:56,309 | EPOCH 12 VAL loss=0.418132 acc=0.8740 pre=0.8748 rec=0.8751 f1=0.8748 BEST
2026-08-27 10:15:03,007 | EPOCH 13 train_loss=0.287946
2026-08-27 10:15:03,583 | EPOCH 13 VAL loss=0.413708 acc=0.8698 pre=0.8741 rec=0.8700 f1=0.8670
2026-08-27 10:15:09,948 | EPOCH 14 train_loss=0.287571
2026-08-27 10:15:10,491 | EPOCH 14 VAL loss=0.421724 acc=0.8755 pre=0.8750 rec=0.8766 f1=0.8741
2026-08-27 10:15:16,957 | EPOCH 15 train_loss=0.281800
2026-08-27 10:15:17,514 | EPOCH 15 VAL loss=0.404402 acc=0.8717 pre=0.8743 rec=0.8728 f1=0.8726
2026-08-27 10:15:23,883 | EPOCH 16 train_loss=0.280014
2026-08-27 10:15:24,420 | EPOCH 16 VAL loss=0.397884 acc=0.8802 pre=0.8814 rec=0.8817 f1=0.8806 BEST
2026-08-27 10:15:31,126 | EPOCH 17 train_loss=0.278316
2026-08-27 10:15:31,672 | EPOCH 17 VAL loss=0.416762 acc=0.8813 pre=0.8812 rec=0.8825 f1=0.8809 BEST
2026-08-27 10:15:38,448 | EPOCH 18 train_loss=0.272723
2026-08-27 10:15:39,000 | EPOCH 18 VAL loss=0.462830 acc=0.8715 pre=0.8741 rec=0.8724 f1=0.8699
2026-08-27 10:15:45,347 | EPOCH 19 train_loss=0.275025
2026-08-27 10:15:45,893 | EPOCH 19 VAL loss=0.452499 acc=0.8740 pre=0.8783 rec=0.8749 f1=0.8750
2026-08-27 10:15:52,233 | EPOCH 20 train_loss=0.270327
2026-08-27 10:15:52,774 | EPOCH 20 VAL loss=0.422796 acc=0.8768 pre=0.8770 rec=0.8775 f1=0.8753
2026-08-27 10:15:59,371 | EPOCH 21 train_loss=0.278001
2026-08-27 10:15:59,917 | EPOCH 21 VAL loss=0.486029 acc=0.8785 pre=0.8806 rec=0.8788 f1=0.8782
2026-08-27 10:16:06,380 | EPOCH 22 train_loss=0.270778
2026-08-27 10:16:06,934 | EPOCH 22 VAL loss=0.466138 acc=0.8712 pre=0.8756 rec=0.8721 f1=0.8721
2026-08-27 10:16:13,201 | EPOCH 23 train_loss=0.274667
2026-08-27 10:16:13,784 | EPOCH 23 VAL loss=0.463303 acc=0.8763 pre=0.8777 rec=0.8770 f1=0.8760
2026-08-27 10:16:20,083 | EPOCH 24 train_loss=0.265351
2026-08-27 10:16:20,643 | EPOCH 24 VAL loss=0.525844 acc=0.8702 pre=0.8783 rec=0.8717 f1=0.8727
2026-08-27 10:16:27,077 | EPOCH 25 train_loss=0.265815
2026-08-27 10:16:27,615 | EPOCH 25 VAL loss=0.483976 acc=0.8773 pre=0.8795 rec=0.8782 f1=0.8781
2026-08-27 10:16:33,913 | EPOCH 26 train_loss=0.263397
2026-08-27 10:16:34,450 | EPOCH 26 VAL loss=0.547833 acc=0.8662 pre=0.8680 rec=0.8677 f1=0.8658
2026-08-27 10:16:40,730 | EPOCH 27 train_loss=0.262586
2026-08-27 10:16:41,270 | EPOCH 27 VAL loss=0.537931 acc=0.8777 pre=0.8777 rec=0.8791 f1=0.8764
2026-08-27 10:16:41,277 | DONE best_epoch=17 best_val_loss=0.416762 early_stop=True time=189.76s
