2026-08-27 16:47:30,588 | START mlp_nadam_lr0.0005_s123 opt=nadam lr=0.0005 seed=123 device=cuda epochs=150 best_by=f1 stop_by=f1
2026-08-27 16:47:39,875 | START mlp_nadam_lr0.0005_s123 opt=nadam lr=0.0005 seed=123 device=cuda epochs=150 best_by=f1 stop_by=f1
2026-08-27 16:47:39,907 | RESUMED from epoch 0, batch 200
2026-08-27 16:47:50,976 | EPOCH 1 train_loss=0.572509
2026-08-27 16:47:52,823 | EPOCH 1 VAL loss=0.423837 acc=0.8550 pre=0.8548 rec=0.8557 f1=0.8524 BEST
2026-08-27 16:47:55,824 | START mlp_nadam_lr0.0005_s123 opt=nadam lr=0.0005 seed=123 device=cuda epochs=150 best_by=f1 stop_by=f1
2026-08-27 16:47:55,857 | RESUMED from epoch 0, batch 600
2026-08-27 16:48:01,500 | EPOCH 1 train_loss=0.480806
2026-08-27 16:48:03,385 | EPOCH 1 VAL loss=0.423837 acc=0.8550 pre=0.8548 rec=0.8557 f1=0.8524 BEST
2026-08-27 16:48:13,098 | EPOCH 1 train_loss=0.447268
2026-08-27 16:48:15,151 | EPOCH 1 VAL loss=0.423837 acc=0.8550 pre=0.8548 rec=0.8557 f1=0.8524 BEST
2026-08-27 16:48:15,818 | EPOCH 2 train_loss=0.391752
2026-08-27 16:48:17,626 | EPOCH 2 VAL loss=0.378561 acc=0.8657 pre=0.8693 rec=0.8657 f1=0.8654 BEST
2026-08-27 16:48:26,935 | EPOCH 2 train_loss=0.391752
2026-08-27 16:48:28,847 | EPOCH 2 VAL loss=0.378561 acc=0.8657 pre=0.8693 rec=0.8657 f1=0.8654 BEST
2026-08-27 16:48:37,373 | EPOCH 2 train_loss=0.391752
2026-08-27 16:48:38,885 | EPOCH 3 train_loss=0.349515
2026-08-27 16:48:39,590 | EPOCH 2 VAL loss=0.378561 acc=0.8657 pre=0.8693 rec=0.8657 f1=0.8654 BEST
2026-08-27 16:48:41,077 | EPOCH 3 VAL loss=0.349847 acc=0.8703 pre=0.8715 rec=0.8714 f1=0.8698 BEST
2026-08-27 16:48:50,909 | EPOCH 3 train_loss=0.349515
2026-08-27 16:48:52,583 | EPOCH 3 VAL loss=0.349847 acc=0.8703 pre=0.8715 rec=0.8714 f1=0.8698 BEST
2026-08-27 16:49:01,686 | EPOCH 3 train_loss=0.349515
2026-08-27 16:49:02,707 | EPOCH 4 train_loss=0.321099
2026-08-27 16:49:04,222 | EPOCH 3 VAL loss=0.349847 acc=0.8703 pre=0.8715 rec=0.8714 f1=0.8698 BEST
2026-08-27 16:49:04,458 | EPOCH 4 VAL loss=0.342978 acc=0.8720 pre=0.8739 rec=0.8736 f1=0.8734 BEST
2026-08-27 16:49:15,523 | EPOCH 4 train_loss=0.321099
2026-08-27 16:49:17,149 | EPOCH 4 VAL loss=0.342978 acc=0.8720 pre=0.8739 rec=0.8736 f1=0.8734 BEST
2026-08-27 16:49:24,363 | EPOCH 4 train_loss=0.321099
2026-08-27 16:49:26,572 | EPOCH 4 VAL loss=0.342978 acc=0.8720 pre=0.8739 rec=0.8736 f1=0.8734 BEST
2026-08-27 16:49:27,432 | EPOCH 5 train_loss=0.299404
2026-08-27 16:49:30,272 | EPOCH 5 VAL loss=0.352014 acc=0.8652 pre=0.8703 rec=0.8677 f1=0.8664
2026-08-27 16:49:38,046 | EPOCH 5 train_loss=0.299404
2026-08-27 16:49:39,987 | EPOCH 5 VAL loss=0.352014 acc=0.8652 pre=0.8703 rec=0.8677 f1=0.8664
2026-08-27 16:49:47,567 | EPOCH 5 train_loss=0.299404
2026-08-27 16:49:49,356 | EPOCH 5 VAL loss=0.352014 acc=0.8652 pre=0.8703 rec=0.8677 f1=0.8664
2026-08-27 16:49:50,877 | EPOCH 6 train_loss=0.282727
2026-08-27 16:49:52,503 | EPOCH 6 VAL loss=0.318259 acc=0.8850 pre=0.8880 rec=0.8860 f1=0.8860 BEST
2026-08-27 16:50:00,956 | EPOCH 6 train_loss=0.282727
2026-08-27 16:50:02,699 | EPOCH 6 VAL loss=0.318259 acc=0.8850 pre=0.8880 rec=0.8860 f1=0.8860 BEST
2026-08-27 16:50:12,343 | EPOCH 6 train_loss=0.282727
2026-08-27 16:50:14,017 | EPOCH 7 train_loss=0.267326
2026-08-27 16:50:14,102 | EPOCH 6 VAL loss=0.318259 acc=0.8850 pre=0.8880 rec=0.8860 f1=0.8860 BEST
2026-08-27 16:50:15,772 | EPOCH 7 VAL loss=0.325876 acc=0.8788 pre=0.8844 rec=0.8807 f1=0.8806
2026-08-27 16:50:27,413 | EPOCH 7 train_loss=0.267326
2026-08-27 16:50:29,376 | EPOCH 7 VAL loss=0.325876 acc=0.8788 pre=0.8844 rec=0.8807 f1=0.8806
2026-08-27 16:50:37,021 | EPOCH 7 train_loss=0.267326
2026-08-27 16:50:37,222 | EPOCH 8 train_loss=0.254813
2026-08-27 16:50:38,862 | EPOCH 7 VAL loss=0.325876 acc=0.8788 pre=0.8844 rec=0.8807 f1=0.8806
2026-08-27 16:50:39,535 | EPOCH 8 VAL loss=0.310540 acc=0.8890 pre=0.8921 rec=0.8907 f1=0.8905 BEST
2026-08-27 16:50:49,178 | EPOCH 8 train_loss=0.254813
2026-08-27 16:50:51,274 | EPOCH 8 VAL loss=0.310540 acc=0.8890 pre=0.8921 rec=0.8907 f1=0.8905 BEST
2026-08-27 16:51:00,620 | EPOCH 9 train_loss=0.242908
2026-08-27 16:51:01,471 | EPOCH 8 train_loss=0.254813
2026-08-27 16:51:02,495 | EPOCH 9 VAL loss=0.314999 acc=0.8878 pre=0.8887 rec=0.8891 f1=0.8874
2026-08-27 16:51:03,204 | EPOCH 8 VAL loss=0.310540 acc=0.8890 pre=0.8921 rec=0.8907 f1=0.8905 BEST
2026-08-27 16:51:13,052 | EPOCH 9 train_loss=0.242908
2026-08-27 16:51:14,989 | EPOCH 9 VAL loss=0.314999 acc=0.8878 pre=0.8887 rec=0.8891 f1=0.8874
2026-08-27 16:51:24,914 | EPOCH 10 train_loss=0.231664
2026-08-27 16:51:25,521 | EPOCH 9 train_loss=0.242908
2026-08-27 16:51:26,638 | EPOCH 10 VAL loss=0.311373 acc=0.8837 pre=0.8862 rec=0.8857 f1=0.8849
2026-08-27 16:51:27,069 | EPOCH 9 VAL loss=0.314999 acc=0.8878 pre=0.8887 rec=0.8891 f1=0.8874
