2026-08-27 12:20:55,500 | START mlp_adamax_lr0.001_s2026 opt=adamax lr=0.001 seed=2026 device=cuda epochs=150 best_by=f1 stop_by=f1
2026-08-27 12:21:01,999 | EPOCH 1 train_loss=0.615606
2026-08-27 12:21:02,562 | EPOCH 1 VAL loss=0.479026 acc=0.8337 pre=0.8357 rec=0.8360 f1=0.8333 BEST
2026-08-27 12:21:09,480 | EPOCH 2 train_loss=0.433220
2026-08-27 12:21:10,039 | EPOCH 2 VAL loss=0.416596 acc=0.8533 pre=0.8544 rec=0.8549 f1=0.8527 BEST
2026-08-27 12:21:16,938 | EPOCH 3 train_loss=0.391871
2026-08-27 12:21:17,487 | EPOCH 3 VAL loss=0.395826 acc=0.8585 pre=0.8600 rec=0.8602 f1=0.8589 BEST
2026-08-27 12:21:24,324 | EPOCH 4 train_loss=0.361524
2026-08-27 12:21:24,883 | EPOCH 4 VAL loss=0.366310 acc=0.8683 pre=0.8705 rec=0.8686 f1=0.8692 BEST
2026-08-27 12:21:31,727 | EPOCH 5 train_loss=0.340080
2026-08-27 12:21:32,282 | EPOCH 5 VAL loss=0.351238 acc=0.8730 pre=0.8728 rec=0.8744 f1=0.8727 BEST
2026-08-27 12:21:39,100 | EPOCH 6 train_loss=0.320431
2026-08-27 12:21:39,647 | EPOCH 6 VAL loss=0.360419 acc=0.8658 pre=0.8820 rec=0.8681 f1=0.8705
2026-08-27 12:21:46,415 | EPOCH 7 train_loss=0.306594
2026-08-27 12:21:47,008 | EPOCH 7 VAL loss=0.322278 acc=0.8828 pre=0.8825 rec=0.8840 f1=0.8826 BEST
2026-08-27 12:21:55,224 | EPOCH 8 train_loss=0.292604
2026-08-27 12:21:55,872 | EPOCH 8 VAL loss=0.339509 acc=0.8780 pre=0.8799 rec=0.8790 f1=0.8745
2026-08-27 12:22:02,581 | EPOCH 9 train_loss=0.281141
2026-08-27 12:22:03,141 | EPOCH 9 VAL loss=0.325984 acc=0.8813 pre=0.8841 rec=0.8826 f1=0.8822
2026-08-27 12:22:09,765 | EPOCH 10 train_loss=0.272214
2026-08-27 12:22:10,327 | EPOCH 10 VAL loss=0.329644 acc=0.8817 pre=0.8829 rec=0.8824 f1=0.8789
2026-08-27 12:22:17,036 | EPOCH 11 train_loss=0.262434
2026-08-27 12:22:17,587 | EPOCH 11 VAL loss=0.312383 acc=0.8868 pre=0.8879 rec=0.8882 f1=0.8878 BEST
2026-08-27 12:22:24,443 | EPOCH 12 train_loss=0.254129
2026-08-27 12:22:25,008 | EPOCH 12 VAL loss=0.306044 acc=0.8890 pre=0.8896 rec=0.8903 f1=0.8893 BEST
2026-08-27 12:22:31,848 | EPOCH 13 train_loss=0.246455
2026-08-27 12:22:32,411 | EPOCH 13 VAL loss=0.295766 acc=0.8927 pre=0.8926 rec=0.8936 f1=0.8926 BEST
2026-08-27 12:22:39,341 | EPOCH 14 train_loss=0.237287
2026-08-27 12:22:39,887 | EPOCH 14 VAL loss=0.301707 acc=0.8882 pre=0.8887 rec=0.8886 f1=0.8881
2026-08-27 12:22:46,465 | EPOCH 15 train_loss=0.231302
2026-08-27 12:22:47,025 | EPOCH 15 VAL loss=0.302030 acc=0.8905 pre=0.8911 rec=0.8915 f1=0.8906
2026-08-27 12:22:53,634 | EPOCH 16 train_loss=0.222021
2026-08-27 12:22:54,194 | EPOCH 16 VAL loss=0.314272 acc=0.8860 pre=0.8885 rec=0.8867 f1=0.8841
2026-08-27 12:23:01,123 | EPOCH 17 train_loss=0.217814
2026-08-27 12:23:01,690 | EPOCH 17 VAL loss=0.310787 acc=0.8913 pre=0.8962 rec=0.8911 f1=0.8910
2026-08-27 12:23:08,383 | EPOCH 18 train_loss=0.212381
2026-08-27 12:23:08,963 | EPOCH 18 VAL loss=0.300484 acc=0.8933 pre=0.8965 rec=0.8935 f1=0.8935 BEST
2026-08-27 12:23:16,356 | EPOCH 19 train_loss=0.205407
2026-08-27 12:23:16,964 | EPOCH 19 VAL loss=0.296055 acc=0.8982 pre=0.8992 rec=0.8995 f1=0.8991 BEST
2026-08-27 12:23:24,271 | EPOCH 20 train_loss=0.199078
2026-08-27 12:23:24,823 | EPOCH 20 VAL loss=0.293295 acc=0.8952 pre=0.8973 rec=0.8957 f1=0.8960
2026-08-27 12:23:31,594 | EPOCH 21 train_loss=0.193723
2026-08-27 12:23:32,147 | EPOCH 21 VAL loss=0.305701 acc=0.8913 pre=0.8941 rec=0.8913 f1=0.8915
2026-08-27 12:23:38,572 | EPOCH 22 train_loss=0.188085
2026-08-27 12:23:39,115 | EPOCH 22 VAL loss=0.305349 acc=0.8903 pre=0.8934 rec=0.8911 f1=0.8916
2026-08-27 12:23:45,725 | EPOCH 23 train_loss=0.184079
2026-08-27 12:23:46,265 | EPOCH 23 VAL loss=0.313179 acc=0.8913 pre=0.8938 rec=0.8928 f1=0.8918
2026-08-27 12:23:52,652 | EPOCH 24 train_loss=0.178097
2026-08-27 12:23:53,196 | EPOCH 24 VAL loss=0.295054 acc=0.8983 pre=0.8987 rec=0.8993 f1=0.8985
2026-08-27 12:23:59,607 | EPOCH 25 train_loss=0.171111
2026-08-27 12:24:00,153 | EPOCH 25 VAL loss=0.302845 acc=0.8942 pre=0.8971 rec=0.8949 f1=0.8945
2026-08-27 12:24:06,771 | EPOCH 26 train_loss=0.166767
2026-08-27 12:24:07,324 | EPOCH 26 VAL loss=0.300762 acc=0.9000 pre=0.9003 rec=0.9004 f1=0.8989
2026-08-27 12:24:13,750 | EPOCH 27 train_loss=0.163955
2026-08-27 12:24:14,300 | EPOCH 27 VAL loss=0.288116 acc=0.9002 pre=0.9008 rec=0.9013 f1=0.9009 BEST
2026-08-27 12:24:21,111 | EPOCH 28 train_loss=0.158514
2026-08-27 12:24:21,664 | EPOCH 28 VAL loss=0.302687 acc=0.8993 pre=0.9022 rec=0.9005 f1=0.9005
2026-08-27 12:24:28,248 | EPOCH 29 train_loss=0.155260
2026-08-27 12:24:28,790 | EPOCH 29 VAL loss=0.306466 acc=0.8993 pre=0.9010 rec=0.9009 f1=0.9007
2026-08-27 12:24:35,104 | EPOCH 30 train_loss=0.149174
2026-08-27 12:24:35,641 | EPOCH 30 VAL loss=0.299501 acc=0.8982 pre=0.8998 rec=0.8995 f1=0.8995
2026-08-27 12:24:42,054 | EPOCH 31 train_loss=0.144898
2026-08-27 12:24:42,591 | EPOCH 31 VAL loss=0.320074 acc=0.8895 pre=0.8953 rec=0.8909 f1=0.8918
2026-08-27 12:24:48,998 | EPOCH 32 train_loss=0.141429
2026-08-27 12:24:49,539 | EPOCH 32 VAL loss=0.300640 acc=0.8987 pre=0.8991 rec=0.8999 f1=0.8994
2026-08-27 12:24:55,876 | EPOCH 33 train_loss=0.137240
2026-08-27 12:24:56,419 | EPOCH 33 VAL loss=0.319791 acc=0.8957 pre=0.8970 rec=0.8976 f1=0.8966
2026-08-27 12:25:02,770 | EPOCH 34 train_loss=0.132389
2026-08-27 12:25:03,321 | EPOCH 34 VAL loss=0.317573 acc=0.8962 pre=0.8978 rec=0.8968 f1=0.8960
2026-08-27 12:25:09,780 | EPOCH 35 train_loss=0.129105
2026-08-27 12:25:10,315 | EPOCH 35 VAL loss=0.335450 acc=0.8933 pre=0.8977 rec=0.8945 f1=0.8946
2026-08-27 12:25:16,611 | EPOCH 36 train_loss=0.126068
2026-08-27 12:25:17,150 | EPOCH 36 VAL loss=0.334375 acc=0.8887 pre=0.8939 rec=0.8904 f1=0.8910
2026-08-27 12:25:23,876 | EPOCH 37 train_loss=0.122206
2026-08-27 12:25:24,415 | EPOCH 37 VAL loss=0.319193 acc=0.8935 pre=0.8947 rec=0.8946 f1=0.8942
2026-08-27 12:25:24,424 | DONE best_epoch=27 best_val_loss=0.288116 early_stop=True time=268.3s
