2026-08-27 22:31:36,821 | START cnn_nadam_lr0.0005_s42 opt=nadam lr=0.0005 seed=42 device=cuda epochs=150 best_by=f1 stop_by=f1
2026-08-27 22:31:45,906 | EPOCH 1 train_loss=0.596792
2026-08-27 22:31:46,629 | EPOCH 1 VAL loss=0.441713 acc=0.8490 pre=0.8497 rec=0.8511 f1=0.8468 BEST
2026-08-27 22:31:57,084 | EPOCH 2 train_loss=0.382836
2026-08-27 22:31:57,820 | EPOCH 2 VAL loss=0.368111 acc=0.8680 pre=0.8738 rec=0.8683 f1=0.8700 BEST
2026-08-27 22:32:07,212 | EPOCH 3 train_loss=0.331194
2026-08-27 22:32:07,930 | EPOCH 3 VAL loss=0.334752 acc=0.8805 pre=0.8819 rec=0.8822 f1=0.8810 BEST
2026-08-27 22:32:17,360 | EPOCH 4 train_loss=0.301388
2026-08-27 22:32:18,078 | EPOCH 4 VAL loss=0.304369 acc=0.8913 pre=0.8960 rec=0.8928 f1=0.8931 BEST
2026-08-27 22:32:27,457 | EPOCH 5 train_loss=0.277675
2026-08-27 22:32:28,171 | EPOCH 5 VAL loss=0.285843 acc=0.8987 pre=0.9012 rec=0.8993 f1=0.8990 BEST
2026-08-27 22:32:38,736 | EPOCH 6 train_loss=0.260479
2026-08-27 22:32:39,516 | EPOCH 6 VAL loss=0.279208 acc=0.8975 pre=0.8993 rec=0.8981 f1=0.8961
2026-08-27 22:32:48,358 | EPOCH 7 train_loss=0.243705
2026-08-27 22:32:49,117 | EPOCH 7 VAL loss=0.277894 acc=0.9017 pre=0.9058 rec=0.9032 f1=0.9028 BEST
2026-08-27 22:32:59,461 | EPOCH 8 train_loss=0.230661
2026-08-27 22:33:00,175 | EPOCH 8 VAL loss=0.262314 acc=0.9035 pre=0.9058 rec=0.9037 f1=0.9027
2026-08-27 22:33:09,027 | EPOCH 9 train_loss=0.219036
2026-08-27 22:33:09,761 | EPOCH 9 VAL loss=0.243199 acc=0.9117 pre=0.9117 rec=0.9123 f1=0.9111 BEST
2026-08-27 22:33:19,647 | EPOCH 10 train_loss=0.210247
2026-08-27 22:33:20,496 | EPOCH 10 VAL loss=0.260444 acc=0.9062 pre=0.9078 rec=0.9068 f1=0.9059
2026-08-27 22:33:29,408 | EPOCH 11 train_loss=0.199001
2026-08-27 22:33:30,116 | EPOCH 11 VAL loss=0.238722 acc=0.9127 pre=0.9133 rec=0.9136 f1=0.9130 BEST
2026-08-27 22:33:39,376 | EPOCH 12 train_loss=0.190448
2026-08-27 22:33:40,120 | EPOCH 12 VAL loss=0.232671 acc=0.9157 pre=0.9163 rec=0.9162 f1=0.9156 BEST
2026-08-27 22:33:49,347 | EPOCH 13 train_loss=0.181324
2026-08-27 22:33:50,049 | EPOCH 13 VAL loss=0.229539 acc=0.9163 pre=0.9177 rec=0.9171 f1=0.9169 BEST
2026-08-27 22:33:59,358 | EPOCH 14 train_loss=0.173519
2026-08-27 22:34:00,480 | EPOCH 14 VAL loss=0.227316 acc=0.9180 pre=0.9190 rec=0.9185 f1=0.9181 BEST
2026-08-27 22:34:11,237 | EPOCH 15 train_loss=0.166147
2026-08-27 22:34:11,985 | EPOCH 15 VAL loss=0.230143 acc=0.9142 pre=0.9154 rec=0.9148 f1=0.9135
2026-08-27 22:34:21,037 | EPOCH 16 train_loss=0.158525
2026-08-27 22:34:21,777 | EPOCH 16 VAL loss=0.228790 acc=0.9175 pre=0.9192 rec=0.9181 f1=0.9181 BEST
2026-08-27 22:34:31,469 | EPOCH 17 train_loss=0.152011
2026-08-27 22:34:32,200 | EPOCH 17 VAL loss=0.221820 acc=0.9178 pre=0.9187 rec=0.9188 f1=0.9186 BEST
2026-08-27 22:34:41,592 | EPOCH 18 train_loss=0.144980
2026-08-27 22:34:42,288 | EPOCH 18 VAL loss=0.229915 acc=0.9175 pre=0.9184 rec=0.9183 f1=0.9172
2026-08-27 22:34:51,656 | EPOCH 19 train_loss=0.138184
2026-08-27 22:34:52,389 | EPOCH 19 VAL loss=0.234686 acc=0.9162 pre=0.9190 rec=0.9163 f1=0.9165
2026-08-27 22:35:01,425 | EPOCH 20 train_loss=0.131194
2026-08-27 22:35:02,125 | EPOCH 20 VAL loss=0.232151 acc=0.9187 pre=0.9197 rec=0.9200 f1=0.9196 BEST
2026-08-27 22:35:11,627 | EPOCH 21 train_loss=0.124943
2026-08-27 22:35:12,667 | EPOCH 21 VAL loss=0.223535 acc=0.9190 pre=0.9201 rec=0.9201 f1=0.9198 BEST
2026-08-27 22:35:23,090 | EPOCH 22 train_loss=0.119591
2026-08-27 22:35:23,774 | EPOCH 22 VAL loss=0.254677 acc=0.9112 pre=0.9181 rec=0.9128 f1=0.9132
2026-08-27 22:35:32,800 | EPOCH 23 train_loss=0.114840
2026-08-27 22:35:33,507 | EPOCH 23 VAL loss=0.228737 acc=0.9223 pre=0.9230 rec=0.9238 f1=0.9230 BEST
2026-08-27 22:35:43,018 | EPOCH 24 train_loss=0.108276
2026-08-27 22:35:43,754 | EPOCH 24 VAL loss=0.243706 acc=0.9168 pre=0.9189 rec=0.9166 f1=0.9170
2026-08-27 22:35:52,922 | EPOCH 25 train_loss=0.103899
2026-08-27 22:35:53,633 | EPOCH 25 VAL loss=0.234447 acc=0.9170 pre=0.9188 rec=0.9179 f1=0.9180
2026-08-27 22:36:02,811 | EPOCH 26 train_loss=0.099401
2026-08-27 22:36:03,525 | EPOCH 26 VAL loss=0.242065 acc=0.9138 pre=0.9155 rec=0.9139 f1=0.9139
2026-08-27 22:36:12,438 | EPOCH 27 train_loss=0.092430
2026-08-27 22:36:13,194 | EPOCH 27 VAL loss=0.243246 acc=0.9198 pre=0.9204 rec=0.9214 f1=0.9205
2026-08-27 22:36:22,359 | EPOCH 28 train_loss=0.088348
2026-08-27 22:36:23,568 | EPOCH 28 VAL loss=0.253811 acc=0.9213 pre=0.9224 rec=0.9219 f1=0.9215
2026-08-27 22:36:32,833 | EPOCH 29 train_loss=0.082943
2026-08-27 22:36:33,598 | EPOCH 29 VAL loss=0.260320 acc=0.9145 pre=0.9162 rec=0.9149 f1=0.9152
2026-08-27 22:36:42,536 | EPOCH 30 train_loss=0.079377
2026-08-27 22:36:43,256 | EPOCH 30 VAL loss=0.265202 acc=0.9183 pre=0.9192 rec=0.9192 f1=0.9189
2026-08-27 22:36:53,464 | EPOCH 31 train_loss=0.072496
2026-08-27 22:36:54,177 | EPOCH 31 VAL loss=0.267436 acc=0.9212 pre=0.9224 rec=0.9218 f1=0.9219
2026-08-27 22:37:03,356 | EPOCH 32 train_loss=0.070753
2026-08-27 22:37:04,108 | EPOCH 32 VAL loss=0.281257 acc=0.9163 pre=0.9169 rec=0.9167 f1=0.9166
2026-08-27 22:37:13,552 | EPOCH 33 train_loss=0.065540
2026-08-27 22:37:14,292 | EPOCH 33 VAL loss=0.324280 acc=0.9060 pre=0.9123 rec=0.9063 f1=0.9072
2026-08-27 22:37:14,302 | DONE best_epoch=23 best_val_loss=0.228737 early_stop=True time=336.64s
2026-08-27 22:39:55,207 | START cnn_nadam_lr0.0005_s42 opt=nadam lr=0.0005 seed=42 device=cuda epochs=150 best_by=f1 stop_by=f1
2026-08-27 22:40:04,250 | EPOCH 1 train_loss=0.596826
2026-08-27 22:40:05,337 | EPOCH 1 VAL loss=0.440658 acc=0.8492 pre=0.8497 rec=0.8514 f1=0.8471 BEST
2026-08-27 22:40:15,721 | EPOCH 2 train_loss=0.382403
2026-08-27 22:40:16,451 | EPOCH 2 VAL loss=0.366663 acc=0.8683 pre=0.8734 rec=0.8687 f1=0.8701 BEST
2026-08-27 22:40:26,046 | EPOCH 3 train_loss=0.330614
2026-08-27 22:40:26,758 | EPOCH 3 VAL loss=0.335016 acc=0.8802 pre=0.8816 rec=0.8819 f1=0.8806 BEST
2026-08-27 22:40:36,978 | EPOCH 4 train_loss=0.300339
2026-08-27 22:40:37,714 | EPOCH 4 VAL loss=0.305578 acc=0.8910 pre=0.8951 rec=0.8924 f1=0.8926 BEST
2026-08-27 22:40:47,016 | EPOCH 5 train_loss=0.277010
2026-08-27 22:40:47,756 | EPOCH 5 VAL loss=0.286295 acc=0.8972 pre=0.9000 rec=0.8980 f1=0.8977 BEST
2026-08-27 22:40:57,664 | EPOCH 6 train_loss=0.259745
2026-08-27 22:40:58,372 | EPOCH 6 VAL loss=0.278382 acc=0.8983 pre=0.8997 rec=0.8990 f1=0.8970
2026-08-27 22:41:07,325 | EPOCH 7 train_loss=0.243309
2026-08-27 22:41:08,004 | EPOCH 7 VAL loss=0.277474 acc=0.9032 pre=0.9065 rec=0.9047 f1=0.9042 BEST
2026-08-27 22:41:17,191 | EPOCH 8 train_loss=0.230443
2026-08-27 22:41:17,925 | EPOCH 8 VAL loss=0.264944 acc=0.9023 pre=0.9051 rec=0.9025 f1=0.9016
2026-08-27 22:41:27,013 | EPOCH 9 train_loss=0.218594
2026-08-27 22:41:27,725 | EPOCH 9 VAL loss=0.242319 acc=0.9122 pre=0.9125 rec=0.9129 f1=0.9117 BEST
2026-08-27 22:41:37,452 | EPOCH 10 train_loss=0.209895
2026-08-27 22:41:38,707 | EPOCH 10 VAL loss=0.264449 acc=0.9030 pre=0.9052 rec=0.9040 f1=0.9029
2026-08-27 22:41:47,621 | EPOCH 11 train_loss=0.198498
2026-08-27 22:41:48,357 | EPOCH 11 VAL loss=0.237394 acc=0.9133 pre=0.9141 rec=0.9145 f1=0.9138 BEST
2026-08-27 22:41:57,660 | EPOCH 12 train_loss=0.190183
2026-08-27 22:41:58,363 | EPOCH 12 VAL loss=0.229861 acc=0.9182 pre=0.9181 rec=0.9191 f1=0.9183 BEST
2026-08-27 22:42:09,043 | EPOCH 13 train_loss=0.181409
2026-08-27 22:42:09,825 | EPOCH 13 VAL loss=0.228287 acc=0.9173 pre=0.9185 rec=0.9180 f1=0.9177
