2026-08-27 11:47:25,485 | START mlp_adamw_lr0.0005_s42 opt=adamw lr=0.0005 seed=42 device=cuda epochs=150 best_by=f1 stop_by=f1
2026-08-27 11:47:32,096 | EPOCH 1 train_loss=0.588083
2026-08-27 11:47:33,023 | EPOCH 1 VAL loss=0.439323 acc=0.8503 pre=0.8515 rec=0.8515 f1=0.8494 BEST
2026-08-27 11:47:40,128 | EPOCH 2 train_loss=0.400257
2026-08-27 11:47:40,697 | EPOCH 2 VAL loss=0.393269 acc=0.8587 pre=0.8624 rec=0.8579 f1=0.8563 BEST
2026-08-27 11:47:47,720 | EPOCH 3 train_loss=0.356539
2026-08-27 11:47:48,273 | EPOCH 3 VAL loss=0.363911 acc=0.8700 pre=0.8711 rec=0.8709 f1=0.8681 BEST
2026-08-27 11:47:55,103 | EPOCH 4 train_loss=0.325246
2026-08-27 11:47:55,653 | EPOCH 4 VAL loss=0.331241 acc=0.8773 pre=0.8793 rec=0.8784 f1=0.8786 BEST
2026-08-27 11:48:02,618 | EPOCH 5 train_loss=0.305346
2026-08-27 11:48:03,188 | EPOCH 5 VAL loss=0.327272 acc=0.8797 pre=0.8802 rec=0.8814 f1=0.8798 BEST
2026-08-27 11:48:10,087 | EPOCH 6 train_loss=0.289335
2026-08-27 11:48:10,636 | EPOCH 6 VAL loss=0.328093 acc=0.8805 pre=0.8820 rec=0.8814 f1=0.8786
2026-08-27 11:48:17,205 | EPOCH 7 train_loss=0.275296
2026-08-27 11:48:17,781 | EPOCH 7 VAL loss=0.332575 acc=0.8777 pre=0.8836 rec=0.8794 f1=0.8795
2026-08-27 11:48:24,393 | EPOCH 8 train_loss=0.262092
2026-08-27 11:48:24,946 | EPOCH 8 VAL loss=0.303974 acc=0.8923 pre=0.8937 rec=0.8929 f1=0.8913 BEST
2026-08-27 11:48:31,814 | EPOCH 9 train_loss=0.252486
2026-08-27 11:48:32,375 | EPOCH 9 VAL loss=0.313646 acc=0.8852 pre=0.8855 rec=0.8859 f1=0.8839
2026-08-27 11:48:38,932 | EPOCH 10 train_loss=0.242317
2026-08-27 11:48:39,489 | EPOCH 10 VAL loss=0.315312 acc=0.8835 pre=0.8852 rec=0.8836 f1=0.8834
2026-08-27 11:48:46,160 | EPOCH 11 train_loss=0.232730
2026-08-27 11:48:46,717 | EPOCH 11 VAL loss=0.314750 acc=0.8895 pre=0.8912 rec=0.8898 f1=0.8880
2026-08-27 11:48:53,197 | EPOCH 12 train_loss=0.223073
2026-08-27 11:48:53,793 | EPOCH 12 VAL loss=0.305467 acc=0.8898 pre=0.8890 rec=0.8910 f1=0.8893
2026-08-27 11:49:00,363 | EPOCH 13 train_loss=0.213422
2026-08-27 11:49:00,942 | EPOCH 13 VAL loss=0.312814 acc=0.8860 pre=0.8917 rec=0.8877 f1=0.8882
2026-08-27 11:49:07,747 | EPOCH 14 train_loss=0.209010
2026-08-27 11:49:08,316 | EPOCH 14 VAL loss=0.300456 acc=0.8918 pre=0.8930 rec=0.8926 f1=0.8910
2026-08-27 11:49:14,983 | EPOCH 15 train_loss=0.201040
2026-08-27 11:49:15,546 | EPOCH 15 VAL loss=0.309971 acc=0.8883 pre=0.8897 rec=0.8899 f1=0.8889
2026-08-27 11:49:22,070 | EPOCH 16 train_loss=0.192869
2026-08-27 11:49:22,625 | EPOCH 16 VAL loss=0.306064 acc=0.8928 pre=0.8943 rec=0.8937 f1=0.8936 BEST
2026-08-27 11:49:29,637 | EPOCH 17 train_loss=0.185751
2026-08-27 11:49:30,206 | EPOCH 17 VAL loss=0.299446 acc=0.8923 pre=0.8936 rec=0.8942 f1=0.8933
2026-08-27 11:49:36,875 | EPOCH 18 train_loss=0.181275
2026-08-27 11:49:37,449 | EPOCH 18 VAL loss=0.323251 acc=0.8875 pre=0.8872 rec=0.8886 f1=0.8850
2026-08-27 11:49:44,131 | EPOCH 19 train_loss=0.173985
2026-08-27 11:49:44,699 | EPOCH 19 VAL loss=0.310839 acc=0.8923 pre=0.8936 rec=0.8933 f1=0.8933
2026-08-27 11:49:51,287 | EPOCH 20 train_loss=0.167671
2026-08-27 11:49:51,839 | EPOCH 20 VAL loss=0.308876 acc=0.8962 pre=0.8970 rec=0.8969 f1=0.8967 BEST
2026-08-27 11:49:58,886 | EPOCH 21 train_loss=0.162739
2026-08-27 11:49:59,444 | EPOCH 21 VAL loss=0.324467 acc=0.8900 pre=0.8935 rec=0.8918 f1=0.8917
2026-08-27 11:50:06,080 | EPOCH 22 train_loss=0.156174
2026-08-27 11:50:06,662 | EPOCH 22 VAL loss=0.322650 acc=0.8943 pre=0.8956 rec=0.8949 f1=0.8934
2026-08-27 11:50:13,300 | EPOCH 23 train_loss=0.153403
2026-08-27 11:50:13,891 | EPOCH 23 VAL loss=0.317351 acc=0.8933 pre=0.8935 rec=0.8948 f1=0.8936
2026-08-27 11:50:20,458 | EPOCH 24 train_loss=0.146655
2026-08-27 11:50:21,011 | EPOCH 24 VAL loss=0.335017 acc=0.8930 pre=0.8939 rec=0.8934 f1=0.8933
2026-08-27 11:50:27,588 | EPOCH 25 train_loss=0.142192
2026-08-27 11:50:28,165 | EPOCH 25 VAL loss=0.337727 acc=0.8920 pre=0.8912 rec=0.8931 f1=0.8909
2026-08-27 11:50:34,726 | EPOCH 26 train_loss=0.137641
2026-08-27 11:50:35,275 | EPOCH 26 VAL loss=0.334523 acc=0.8912 pre=0.8918 rec=0.8924 f1=0.8918
2026-08-27 11:50:41,733 | EPOCH 27 train_loss=0.133868
2026-08-27 11:50:42,305 | EPOCH 27 VAL loss=0.332330 acc=0.8937 pre=0.8932 rec=0.8950 f1=0.8935
2026-08-27 11:50:48,850 | EPOCH 28 train_loss=0.126839
2026-08-27 11:50:49,472 | EPOCH 28 VAL loss=0.362259 acc=0.8878 pre=0.8886 rec=0.8886 f1=0.8867
2026-08-27 11:50:56,333 | EPOCH 29 train_loss=0.124497
2026-08-27 11:50:56,883 | EPOCH 29 VAL loss=0.365476 acc=0.8902 pre=0.8937 rec=0.8906 f1=0.8885
2026-08-27 11:51:03,401 | EPOCH 30 train_loss=0.121360
2026-08-27 11:51:03,976 | EPOCH 30 VAL loss=0.348087 acc=0.8950 pre=0.8945 rec=0.8961 f1=0.8949
2026-08-27 11:51:03,985 | DONE best_epoch=20 best_val_loss=0.308876 early_stop=True time=217.83s
