2026-08-27 20:26:28,225 | START cnn_adamw_lr0.001_s123 opt=adamw lr=0.001 seed=123 device=cuda epochs=150 best_by=f1 stop_by=f1
2026-08-27 20:26:39,818 | EPOCH 1 train_loss=0.510662
2026-08-27 20:26:40,051 | START cnn_adamw_lr0.001_s123 opt=adamw lr=0.001 seed=123 device=cuda epochs=150 best_by=f1 stop_by=f1
2026-08-27 20:26:40,066 | RESUMED from epoch 0, batch 800
2026-08-27 20:26:40,899 | EPOCH 1 VAL loss=0.363911 acc=0.8723 pre=0.8730 rec=0.8724 f1=0.8702 BEST
2026-08-27 20:26:50,175 | EPOCH 1 train_loss=0.357501
2026-08-27 20:26:51,348 | EPOCH 1 VAL loss=0.363911 acc=0.8723 pre=0.8730 rec=0.8724 f1=0.8702 BEST
2026-08-27 20:26:51,843 | EPOCH 2 train_loss=0.325804
2026-08-27 20:26:52,714 | EPOCH 2 VAL loss=0.346338 acc=0.8715 pre=0.8813 rec=0.8723 f1=0.8704 BEST
2026-08-27 20:27:03,786 | EPOCH 2 train_loss=0.326059
2026-08-27 20:27:05,002 | EPOCH 2 VAL loss=0.352672 acc=0.8678 pre=0.8787 rec=0.8687 f1=0.8664
2026-08-27 20:27:06,599 | EPOCH 3 train_loss=0.282513
2026-08-27 20:27:07,392 | EPOCH 3 VAL loss=0.293541 acc=0.8953 pre=0.9005 rec=0.8960 f1=0.8972 BEST
2026-08-27 20:27:17,461 | EPOCH 3 train_loss=0.282386
2026-08-27 20:27:18,509 | EPOCH 3 VAL loss=0.295110 acc=0.8940 pre=0.9005 rec=0.8948 f1=0.8963 BEST
2026-08-27 20:27:19,466 | EPOCH 4 train_loss=0.257749
2026-08-27 20:27:20,526 | EPOCH 4 VAL loss=0.262054 acc=0.9067 pre=0.9069 rec=0.9076 f1=0.9068 BEST
2026-08-27 20:27:31,176 | EPOCH 4 train_loss=0.258195
2026-08-27 20:27:32,353 | EPOCH 4 VAL loss=0.262342 acc=0.9053 pre=0.9060 rec=0.9062 f1=0.9057 BEST
2026-08-27 20:27:33,412 | EPOCH 5 train_loss=0.236110
2026-08-27 20:27:34,220 | EPOCH 5 VAL loss=0.253705 acc=0.9072 pre=0.9085 rec=0.9079 f1=0.9060
2026-08-27 20:27:45,060 | EPOCH 5 train_loss=0.236356
2026-08-27 20:27:45,485 | EPOCH 6 train_loss=0.215713
2026-08-27 20:27:46,214 | EPOCH 6 VAL loss=0.237821 acc=0.9153 pre=0.9165 rec=0.9163 f1=0.9162 BEST
2026-08-27 20:27:46,233 | EPOCH 5 VAL loss=0.253913 acc=0.9073 pre=0.9089 rec=0.9080 f1=0.9060 BEST
2026-08-27 20:27:59,476 | EPOCH 7 train_loss=0.200069
2026-08-27 20:27:59,511 | EPOCH 6 train_loss=0.215658
2026-08-27 20:28:00,300 | EPOCH 7 VAL loss=0.239955 acc=0.9142 pre=0.9163 rec=0.9159 f1=0.9154
2026-08-27 20:28:00,592 | EPOCH 6 VAL loss=0.240213 acc=0.9132 pre=0.9142 rec=0.9141 f1=0.9137 BEST
