2026-08-27 22:23:29,359 | START cnn_nadam_lr0.001_s123 opt=nadam lr=0.001 seed=123 device=cuda epochs=150 best_by=f1 stop_by=f1
2026-08-27 22:23:38,614 | EPOCH 1 train_loss=0.506101
2026-08-27 22:23:39,404 | EPOCH 1 VAL loss=0.346143 acc=0.8763 pre=0.8761 rec=0.8767 f1=0.8746 BEST
2026-08-27 22:23:49,017 | EPOCH 2 train_loss=0.319241
2026-08-27 22:23:49,818 | EPOCH 2 VAL loss=0.312932 acc=0.8880 pre=0.8904 rec=0.8878 f1=0.8863 BEST
2026-08-27 22:23:59,105 | EPOCH 3 train_loss=0.276202
2026-08-27 22:23:59,876 | EPOCH 3 VAL loss=0.269538 acc=0.9047 pre=0.9058 rec=0.9054 f1=0.9052 BEST
2026-08-27 22:24:09,238 | EPOCH 4 train_loss=0.246443
2026-08-27 22:24:10,023 | EPOCH 4 VAL loss=0.274848 acc=0.8982 pre=0.9050 rec=0.8998 f1=0.9005
2026-08-27 22:24:19,633 | EPOCH 5 train_loss=0.224399
2026-08-27 22:24:20,412 | EPOCH 5 VAL loss=0.253096 acc=0.9045 pre=0.9069 rec=0.9068 f1=0.9053 BEST
2026-08-27 22:24:29,846 | EPOCH 6 train_loss=0.204220
2026-08-27 22:24:30,556 | EPOCH 6 VAL loss=0.233184 acc=0.9113 pre=0.9127 rec=0.9120 f1=0.9116 BEST
2026-08-27 22:24:41,715 | EPOCH 7 train_loss=0.186415
2026-08-27 22:24:42,421 | EPOCH 7 VAL loss=0.252544 acc=0.9095 pre=0.9152 rec=0.9110 f1=0.9111
2026-08-27 22:24:51,443 | EPOCH 8 train_loss=0.172610
2026-08-27 22:24:52,186 | EPOCH 8 VAL loss=0.231233 acc=0.9167 pre=0.9184 rec=0.9180 f1=0.9176 BEST
2026-08-27 22:25:02,316 | EPOCH 9 train_loss=0.156881
2026-08-27 22:25:03,036 | EPOCH 9 VAL loss=0.233592 acc=0.9185 pre=0.9197 rec=0.9200 f1=0.9191 BEST
2026-08-27 22:25:12,477 | EPOCH 10 train_loss=0.145763
2026-08-27 22:25:13,172 | EPOCH 10 VAL loss=0.239134 acc=0.9170 pre=0.9185 rec=0.9182 f1=0.9180
2026-08-27 22:25:22,324 | EPOCH 11 train_loss=0.131846
2026-08-27 22:25:23,064 | EPOCH 11 VAL loss=0.244669 acc=0.9178 pre=0.9188 rec=0.9191 f1=0.9185
2026-08-27 22:25:32,361 | EPOCH 12 train_loss=0.122818
2026-08-27 22:25:33,062 | EPOCH 12 VAL loss=0.230489 acc=0.9227 pre=0.9235 rec=0.9236 f1=0.9235 BEST
2026-08-27 22:25:42,172 | EPOCH 13 train_loss=0.111882
2026-08-27 22:25:42,872 | EPOCH 13 VAL loss=0.245857 acc=0.9193 pre=0.9209 rec=0.9207 f1=0.9204
2026-08-27 22:25:53,262 | EPOCH 14 train_loss=0.102174
2026-08-27 22:25:53,974 | EPOCH 14 VAL loss=0.255852 acc=0.9232 pre=0.9236 rec=0.9240 f1=0.9232
2026-08-27 22:26:03,113 | EPOCH 15 train_loss=0.091602
2026-08-27 22:26:03,834 | EPOCH 15 VAL loss=0.259242 acc=0.9182 pre=0.9185 rec=0.9194 f1=0.9187
2026-08-27 22:26:13,770 | EPOCH 16 train_loss=0.083863
2026-08-27 22:26:14,470 | EPOCH 16 VAL loss=0.252333 acc=0.9270 pre=0.9278 rec=0.9281 f1=0.9278 BEST
2026-08-27 22:26:23,950 | EPOCH 17 train_loss=0.075706
2026-08-27 22:26:24,676 | EPOCH 17 VAL loss=0.276845 acc=0.9195 pre=0.9218 rec=0.9203 f1=0.9206
2026-08-27 22:26:34,077 | EPOCH 18 train_loss=0.069401
2026-08-27 22:26:34,829 | EPOCH 18 VAL loss=0.300647 acc=0.9177 pre=0.9185 rec=0.9187 f1=0.9182
2026-08-27 22:26:44,024 | EPOCH 19 train_loss=0.061347
2026-08-27 22:26:44,713 | EPOCH 19 VAL loss=0.334655 acc=0.9172 pre=0.9181 rec=0.9183 f1=0.9180
2026-08-27 22:26:54,344 | EPOCH 20 train_loss=0.056642
2026-08-27 22:26:55,339 | EPOCH 20 VAL loss=0.320887 acc=0.9173 pre=0.9175 rec=0.9181 f1=0.9177
2026-08-27 22:27:04,372 | EPOCH 21 train_loss=0.052939
2026-08-27 22:27:05,130 | EPOCH 21 VAL loss=0.341019 acc=0.9200 pre=0.9204 rec=0.9204 f1=0.9201
2026-08-27 22:27:14,179 | EPOCH 22 train_loss=0.045678
2026-08-27 22:27:14,904 | EPOCH 22 VAL loss=0.380232 acc=0.9150 pre=0.9163 rec=0.9158 f1=0.9150
2026-08-27 22:27:23,943 | EPOCH 23 train_loss=0.042917
2026-08-27 22:27:24,654 | EPOCH 23 VAL loss=0.349673 acc=0.9187 pre=0.9189 rec=0.9191 f1=0.9185
2026-08-27 22:27:33,726 | EPOCH 24 train_loss=0.037568
2026-08-27 22:27:34,475 | EPOCH 24 VAL loss=0.375804 acc=0.9193 pre=0.9211 rec=0.9205 f1=0.9204
2026-08-27 22:27:44,263 | EPOCH 25 train_loss=0.036201
2026-08-27 22:27:44,970 | EPOCH 25 VAL loss=0.380262 acc=0.9198 pre=0.9200 rec=0.9206 f1=0.9195
2026-08-27 22:27:54,185 | EPOCH 26 train_loss=0.035321
2026-08-27 22:27:54,939 | EPOCH 26 VAL loss=0.383872 acc=0.9122 pre=0.9129 rec=0.9123 f1=0.9119
2026-08-27 22:27:54,949 | DONE best_epoch=16 best_val_loss=0.252333 early_stop=True time=264.74s
2026-08-27 22:31:29,146 | START cnn_nadam_lr0.001_s123 opt=nadam lr=0.001 seed=123 device=cuda epochs=150 best_by=f1 stop_by=f1
2026-08-27 22:31:37,990 | EPOCH 1 train_loss=0.506044
2026-08-27 22:31:38,699 | EPOCH 1 VAL loss=0.343765 acc=0.8787 pre=0.8780 rec=0.8792 f1=0.8773 BEST
2026-08-27 22:31:48,200 | EPOCH 2 train_loss=0.319322
2026-08-27 22:31:48,954 | EPOCH 2 VAL loss=0.310205 acc=0.8895 pre=0.8914 rec=0.8894 f1=0.8879 BEST
2026-08-27 22:31:58,578 | EPOCH 3 train_loss=0.275897
2026-08-27 22:31:59,402 | EPOCH 3 VAL loss=0.269680 acc=0.9030 pre=0.9043 rec=0.9037 f1=0.9036 BEST
2026-08-27 22:32:08,688 | EPOCH 4 train_loss=0.245781
2026-08-27 22:32:09,512 | EPOCH 4 VAL loss=0.269445 acc=0.9023 pre=0.9074 rec=0.9039 f1=0.9043 BEST
2026-08-27 22:32:20,105 | EPOCH 5 train_loss=0.224377
2026-08-27 22:32:20,813 | EPOCH 5 VAL loss=0.248974 acc=0.9062 pre=0.9075 rec=0.9082 f1=0.9067 BEST
2026-08-27 22:32:30,204 | EPOCH 6 train_loss=0.203873
2026-08-27 22:32:30,936 | EPOCH 6 VAL loss=0.234275 acc=0.9133 pre=0.9148 rec=0.9141 f1=0.9139 BEST
2026-08-27 22:32:40,580 | EPOCH 7 train_loss=0.186887
2026-08-27 22:32:41,267 | EPOCH 7 VAL loss=0.243905 acc=0.9115 pre=0.9169 rec=0.9131 f1=0.9132
2026-08-27 22:32:50,199 | EPOCH 8 train_loss=0.172967
2026-08-27 22:32:51,046 | EPOCH 8 VAL loss=0.228847 acc=0.9150 pre=0.9165 rec=0.9163 f1=0.9158 BEST
2026-08-27 22:33:01,231 | EPOCH 9 train_loss=0.157355
2026-08-27 22:33:01,957 | EPOCH 9 VAL loss=0.235250 acc=0.9160 pre=0.9179 rec=0.9173 f1=0.9164 BEST
2026-08-27 22:33:11,287 | EPOCH 10 train_loss=0.146104
2026-08-27 22:33:11,968 | EPOCH 10 VAL loss=0.228104 acc=0.9192 pre=0.9201 rec=0.9203 f1=0.9199 BEST
2026-08-27 22:33:21,769 | EPOCH 11 train_loss=0.131772
2026-08-27 22:33:22,469 | EPOCH 11 VAL loss=0.241682 acc=0.9200 pre=0.9214 rec=0.9211 f1=0.9208 BEST
2026-08-27 22:33:31,769 | EPOCH 12 train_loss=0.122676
2026-08-27 22:33:32,480 | EPOCH 12 VAL loss=0.224725 acc=0.9258 pre=0.9270 rec=0.9263 f1=0.9266 BEST
2026-08-27 22:33:42,235 | EPOCH 13 train_loss=0.112197
2026-08-27 22:33:43,654 | EPOCH 13 VAL loss=0.237714 acc=0.9190 pre=0.9205 rec=0.9203 f1=0.9202
2026-08-27 22:33:52,505 | EPOCH 14 train_loss=0.101501
2026-08-27 22:33:53,213 | EPOCH 14 VAL loss=0.241109 acc=0.9220 pre=0.9223 rec=0.9225 f1=0.9221
2026-08-27 22:34:02,150 | EPOCH 15 train_loss=0.092133
2026-08-27 22:34:02,855 | EPOCH 15 VAL loss=0.240644 acc=0.9233 pre=0.9238 rec=0.9244 f1=0.9240
2026-08-27 22:34:12,014 | EPOCH 16 train_loss=0.083819
2026-08-27 22:34:12,772 | EPOCH 16 VAL loss=0.246938 acc=0.9263 pre=0.9275 rec=0.9276 f1=0.9273 BEST
2026-08-27 22:34:22,153 | EPOCH 17 train_loss=0.076894
2026-08-27 22:34:23,329 | EPOCH 17 VAL loss=0.284689 acc=0.9165 pre=0.9185 rec=0.9169 f1=0.9173
2026-08-27 22:34:33,270 | EPOCH 18 train_loss=0.068523
2026-08-27 22:34:34,045 | EPOCH 18 VAL loss=0.297492 acc=0.9185 pre=0.9186 rec=0.9196 f1=0.9186
2026-08-27 22:34:43,069 | EPOCH 19 train_loss=0.062634
2026-08-27 22:34:43,773 | EPOCH 19 VAL loss=0.318856 acc=0.9185 pre=0.9200 rec=0.9193 f1=0.9194
2026-08-27 22:34:53,729 | EPOCH 20 train_loss=0.057129
2026-08-27 22:34:54,447 | EPOCH 20 VAL loss=0.312600 acc=0.9152 pre=0.9163 rec=0.9163 f1=0.9160
2026-08-27 22:35:03,518 | EPOCH 21 train_loss=0.049675
2026-08-27 22:35:04,234 | EPOCH 21 VAL loss=0.320301 acc=0.9210 pre=0.9230 rec=0.9210 f1=0.9216
2026-08-27 22:35:13,307 | EPOCH 22 train_loss=0.047459
2026-08-27 22:35:14,046 | EPOCH 22 VAL loss=0.340012 acc=0.9198 pre=0.9202 rec=0.9200 f1=0.9194
2026-08-27 22:35:23,097 | EPOCH 23 train_loss=0.042328
2026-08-27 22:35:23,819 | EPOCH 23 VAL loss=0.370426 acc=0.9173 pre=0.9185 rec=0.9179 f1=0.9169
2026-08-27 22:35:32,818 | EPOCH 24 train_loss=0.038131
2026-08-27 22:35:33,509 | EPOCH 24 VAL loss=0.372588 acc=0.9135 pre=0.9152 rec=0.9142 f1=0.9144
2026-08-27 22:35:43,720 | EPOCH 25 train_loss=0.037055
2026-08-27 22:35:44,484 | EPOCH 25 VAL loss=0.386605 acc=0.9165 pre=0.9171 rec=0.9170 f1=0.9162
2026-08-27 22:35:53,601 | EPOCH 26 train_loss=0.034813
2026-08-27 22:35:54,325 | EPOCH 26 VAL loss=0.395510 acc=0.9173 pre=0.9178 rec=0.9179 f1=0.9171
2026-08-27 22:35:54,335 | DONE best_epoch=16 best_val_loss=0.246938 early_stop=True time=264.37s
