2026-08-27 11:07:37,748 | START mlp_adam_lr0.001_s2026 opt=adam lr=0.001 seed=2026 device=cuda epochs=150 best_by=f1 stop_by=f1
2026-08-27 11:07:44,527 | EPOCH 1 train_loss=0.539074
2026-08-27 11:07:45,090 | EPOCH 1 VAL loss=0.426993 acc=0.8458 pre=0.8496 rec=0.8477 f1=0.8466 BEST
2026-08-27 11:07:52,128 | EPOCH 2 train_loss=0.377682
2026-08-27 11:07:52,714 | EPOCH 2 VAL loss=0.357018 acc=0.8645 pre=0.8660 rec=0.8665 f1=0.8654 BEST
2026-08-27 11:07:59,716 | EPOCH 3 train_loss=0.336282
2026-08-27 11:08:00,265 | EPOCH 3 VAL loss=0.356657 acc=0.8685 pre=0.8714 rec=0.8704 f1=0.8697 BEST
2026-08-27 11:08:07,328 | EPOCH 4 train_loss=0.310075
2026-08-27 11:08:07,902 | EPOCH 4 VAL loss=0.338706 acc=0.8773 pre=0.8820 rec=0.8779 f1=0.8785 BEST
2026-08-27 11:08:14,962 | EPOCH 5 train_loss=0.291665
2026-08-27 11:08:15,539 | EPOCH 5 VAL loss=0.323630 acc=0.8812 pre=0.8814 rec=0.8826 f1=0.8805 BEST
2026-08-27 11:08:22,768 | EPOCH 6 train_loss=0.275711
2026-08-27 11:08:23,349 | EPOCH 6 VAL loss=0.331306 acc=0.8747 pre=0.8887 rec=0.8772 f1=0.8788
2026-08-27 11:08:30,168 | EPOCH 7 train_loss=0.263773
2026-08-27 11:08:30,740 | EPOCH 7 VAL loss=0.320693 acc=0.8857 pre=0.8850 rec=0.8873 f1=0.8850 BEST
2026-08-27 11:08:37,834 | EPOCH 8 train_loss=0.249792
2026-08-27 11:08:38,397 | EPOCH 8 VAL loss=0.307270 acc=0.8845 pre=0.8835 rec=0.8861 f1=0.8837
2026-08-27 11:08:45,259 | EPOCH 9 train_loss=0.237903
2026-08-27 11:08:45,833 | EPOCH 9 VAL loss=0.313610 acc=0.8913 pre=0.8940 rec=0.8922 f1=0.8925 BEST
2026-08-27 11:08:53,046 | EPOCH 10 train_loss=0.230261
2026-08-27 11:08:53,656 | EPOCH 10 VAL loss=0.326516 acc=0.8877 pre=0.8888 rec=0.8884 f1=0.8859
2026-08-27 11:09:00,339 | EPOCH 11 train_loss=0.219091
2026-08-27 11:09:00,901 | EPOCH 11 VAL loss=0.306761 acc=0.8918 pre=0.8933 rec=0.8932 f1=0.8931 BEST
2026-08-27 11:09:08,577 | EPOCH 12 train_loss=0.210412
2026-08-27 11:09:09,162 | EPOCH 12 VAL loss=0.315952 acc=0.8890 pre=0.8910 rec=0.8904 f1=0.8897
2026-08-27 11:09:15,959 | EPOCH 13 train_loss=0.203087
2026-08-27 11:09:16,539 | EPOCH 13 VAL loss=0.312242 acc=0.8955 pre=0.8960 rec=0.8963 f1=0.8960 BEST
2026-08-27 11:09:23,688 | EPOCH 14 train_loss=0.195206
2026-08-27 11:09:24,270 | EPOCH 14 VAL loss=0.322088 acc=0.8918 pre=0.8927 rec=0.8921 f1=0.8913
2026-08-27 11:09:30,905 | EPOCH 15 train_loss=0.187439
2026-08-27 11:09:31,466 | EPOCH 15 VAL loss=0.317148 acc=0.8962 pre=0.8972 rec=0.8973 f1=0.8967 BEST
2026-08-27 11:09:38,702 | EPOCH 16 train_loss=0.180312
2026-08-27 11:09:39,274 | EPOCH 16 VAL loss=0.345985 acc=0.8873 pre=0.8914 rec=0.8877 f1=0.8863
2026-08-27 11:09:45,926 | EPOCH 17 train_loss=0.174998
2026-08-27 11:09:46,480 | EPOCH 17 VAL loss=0.351366 acc=0.8862 pre=0.8897 rec=0.8863 f1=0.8848
2026-08-27 11:09:53,057 | EPOCH 18 train_loss=0.172323
2026-08-27 11:09:53,653 | EPOCH 18 VAL loss=0.340363 acc=0.8895 pre=0.8930 rec=0.8898 f1=0.8901
2026-08-27 11:10:00,242 | EPOCH 19 train_loss=0.163299
2026-08-27 11:10:00,810 | EPOCH 19 VAL loss=0.339329 acc=0.8975 pre=0.8980 rec=0.8989 f1=0.8982 BEST
2026-08-27 11:10:07,772 | EPOCH 20 train_loss=0.156266
2026-08-27 11:10:08,322 | EPOCH 20 VAL loss=0.334412 acc=0.8922 pre=0.8947 rec=0.8930 f1=0.8929
2026-08-27 11:10:14,913 | EPOCH 21 train_loss=0.153977
2026-08-27 11:10:15,466 | EPOCH 21 VAL loss=0.377568 acc=0.8807 pre=0.8825 rec=0.8814 f1=0.8809
2026-08-27 11:10:22,042 | EPOCH 22 train_loss=0.148203
2026-08-27 11:10:22,599 | EPOCH 22 VAL loss=0.409878 acc=0.8853 pre=0.8897 rec=0.8858 f1=0.8868
2026-08-27 11:10:29,197 | EPOCH 23 train_loss=0.141774
2026-08-27 11:10:29,761 | EPOCH 23 VAL loss=0.399012 acc=0.8835 pre=0.8880 rec=0.8854 f1=0.8845
2026-08-27 11:10:36,391 | EPOCH 24 train_loss=0.137286
2026-08-27 11:10:36,951 | EPOCH 24 VAL loss=0.377953 acc=0.8947 pre=0.8958 rec=0.8955 f1=0.8945
2026-08-27 11:10:43,491 | EPOCH 25 train_loss=0.132715
2026-08-27 11:10:44,081 | EPOCH 25 VAL loss=0.380158 acc=0.8920 pre=0.8936 rec=0.8923 f1=0.8920
2026-08-27 11:10:50,593 | EPOCH 26 train_loss=0.130306
2026-08-27 11:10:51,146 | EPOCH 26 VAL loss=0.399312 acc=0.8933 pre=0.8939 rec=0.8938 f1=0.8930
2026-08-27 11:10:57,719 | EPOCH 27 train_loss=0.125554
2026-08-27 11:10:58,282 | EPOCH 27 VAL loss=0.408005 acc=0.8973 pre=0.8972 rec=0.8980 f1=0.8972
2026-08-27 11:11:04,966 | EPOCH 28 train_loss=0.123307
2026-08-27 11:11:05,529 | EPOCH 28 VAL loss=0.421340 acc=0.8933 pre=0.8944 rec=0.8943 f1=0.8939
2026-08-27 11:11:12,221 | EPOCH 29 train_loss=0.119630
2026-08-27 11:11:12,776 | EPOCH 29 VAL loss=0.406531 acc=0.8917 pre=0.8931 rec=0.8930 f1=0.8926
2026-08-27 11:11:12,784 | DONE best_epoch=19 best_val_loss=0.339329 early_stop=True time=214.39s
