2026-08-27 17:24:54,835 | START cnn_adagrad_lr0.001_s42 opt=adagrad lr=0.001 seed=42 device=cuda epochs=150 best_by=f1 stop_by=f1
2026-08-27 17:25:05,547 | START cnn_adagrad_lr0.001_s42 opt=adagrad lr=0.001 seed=42 device=cuda epochs=150 best_by=f1 stop_by=f1
2026-08-27 17:25:05,561 | RESUMED from epoch 0, batch 600
2026-08-27 17:25:06,264 | EPOCH 1 train_loss=0.817782
2026-08-27 17:25:07,015 | EPOCH 1 VAL loss=0.673854 acc=0.7522 pre=0.7475 rec=0.7532 f1=0.7480 BEST
2026-08-27 17:25:07,664 | START cnn_adagrad_lr0.001_s42 opt=adagrad lr=0.001 seed=42 device=cuda epochs=150 best_by=f1 stop_by=f1
2026-08-27 17:25:07,678 | RESUMED from epoch 1, batch 0
2026-08-27 17:25:15,757 | EPOCH 1 train_loss=0.667500
2026-08-27 17:25:16,900 | EPOCH 1 VAL loss=0.673854 acc=0.7522 pre=0.7475 rec=0.7532 f1=0.7480 BEST
2026-08-27 17:25:17,933 | EPOCH 2 train_loss=0.621516
2026-08-27 17:25:19,003 | EPOCH 2 VAL loss=0.610970 acc=0.7770 pre=0.7750 rec=0.7776 f1=0.7754 BEST
2026-08-27 17:25:20,442 | EPOCH 2 train_loss=0.621516
2026-08-27 17:25:21,336 | EPOCH 2 VAL loss=0.610970 acc=0.7770 pre=0.7750 rec=0.7776 f1=0.7754 BEST
2026-08-27 17:25:28,749 | EPOCH 2 train_loss=0.621516
2026-08-27 17:25:29,845 | EPOCH 2 VAL loss=0.610970 acc=0.7770 pre=0.7750 rec=0.7776 f1=0.7754 BEST
2026-08-27 17:25:31,290 | EPOCH 3 train_loss=0.579116
2026-08-27 17:25:32,465 | EPOCH 3 VAL loss=0.583610 acc=0.7882 pre=0.7879 rec=0.7895 f1=0.7870 BEST
2026-08-27 17:25:33,662 | EPOCH 3 train_loss=0.579120
2026-08-27 17:25:34,911 | EPOCH 3 VAL loss=0.583581 acc=0.7880 pre=0.7878 rec=0.7893 f1=0.7869 BEST
2026-08-27 17:25:42,563 | EPOCH 3 train_loss=0.579118
2026-08-27 17:25:43,328 | EPOCH 3 VAL loss=0.583593 acc=0.7880 pre=0.7878 rec=0.7893 f1=0.7869 BEST
2026-08-27 17:25:44,732 | EPOCH 4 train_loss=0.553458
2026-08-27 17:25:45,893 | EPOCH 4 VAL loss=0.554589 acc=0.7972 pre=0.7903 rec=0.7980 f1=0.7922 BEST
2026-08-27 17:25:48,134 | EPOCH 4 train_loss=0.553458
2026-08-27 17:25:49,221 | EPOCH 4 VAL loss=0.554584 acc=0.7972 pre=0.7903 rec=0.7980 f1=0.7922 BEST
2026-08-27 17:25:54,770 | EPOCH 4 train_loss=0.553449
2026-08-27 17:25:55,866 | EPOCH 4 VAL loss=0.554594 acc=0.7973 pre=0.7905 rec=0.7981 f1=0.7923 BEST
2026-08-27 17:25:58,876 | EPOCH 5 train_loss=0.534097
2026-08-27 17:25:59,953 | EPOCH 5 VAL loss=0.538539 acc=0.8037 pre=0.7983 rec=0.8041 f1=0.7983 BEST
2026-08-27 17:26:01,437 | EPOCH 5 train_loss=0.534108
2026-08-27 17:26:02,565 | EPOCH 5 VAL loss=0.538558 acc=0.8037 pre=0.7983 rec=0.8041 f1=0.7984 BEST
2026-08-27 17:26:09,044 | EPOCH 5 train_loss=0.534106
2026-08-27 17:26:10,121 | EPOCH 5 VAL loss=0.538529 acc=0.8037 pre=0.7983 rec=0.8041 f1=0.7983 BEST
2026-08-27 17:26:11,306 | EPOCH 6 train_loss=0.519308
2026-08-27 17:26:12,082 | EPOCH 6 VAL loss=0.524899 acc=0.8100 pre=0.8041 rec=0.8106 f1=0.8045 BEST
2026-08-27 17:26:15,510 | EPOCH 6 train_loss=0.519314
2026-08-27 17:26:16,447 | EPOCH 6 VAL loss=0.524911 acc=0.8098 pre=0.8039 rec=0.8105 f1=0.8043 BEST
2026-08-27 17:26:22,893 | EPOCH 6 train_loss=0.519311
2026-08-27 17:26:24,032 | EPOCH 6 VAL loss=0.524891 acc=0.8098 pre=0.8039 rec=0.8105 f1=0.8043 BEST
2026-08-27 17:26:24,501 | EPOCH 7 train_loss=0.507084
2026-08-27 17:26:25,256 | EPOCH 7 VAL loss=0.513768 acc=0.8143 pre=0.8097 rec=0.8153 f1=0.8094 BEST
2026-08-27 17:26:29,974 | EPOCH 7 train_loss=0.507075
2026-08-27 17:26:30,746 | EPOCH 7 VAL loss=0.513736 acc=0.8142 pre=0.8096 rec=0.8152 f1=0.8092 BEST
2026-08-27 17:26:36,127 | EPOCH 7 train_loss=0.507078
2026-08-27 17:26:37,255 | EPOCH 7 VAL loss=0.513740 acc=0.8140 pre=0.8094 rec=0.8150 f1=0.8091 BEST
2026-08-27 17:26:37,617 | EPOCH 8 train_loss=0.496747
2026-08-27 17:26:38,745 | EPOCH 8 VAL loss=0.501870 acc=0.8207 pre=0.8165 rec=0.8213 f1=0.8174 BEST
2026-08-27 17:26:42,427 | EPOCH 8 train_loss=0.496736
2026-08-27 17:26:43,544 | EPOCH 8 VAL loss=0.501849 acc=0.8210 pre=0.8168 rec=0.8216 f1=0.8177 BEST
2026-08-27 17:26:49,738 | EPOCH 8 train_loss=0.496744
2026-08-27 17:26:50,865 | EPOCH 8 VAL loss=0.501881 acc=0.8207 pre=0.8165 rec=0.8213 f1=0.8174 BEST
2026-08-27 17:26:52,129 | EPOCH 9 train_loss=0.487474
2026-08-27 17:26:53,277 | EPOCH 9 VAL loss=0.497401 acc=0.8203 pre=0.8166 rec=0.8214 f1=0.8156
2026-08-27 17:26:56,330 | EPOCH 9 train_loss=0.487469
2026-08-27 17:26:57,405 | EPOCH 9 VAL loss=0.497376 acc=0.8203 pre=0.8165 rec=0.8214 f1=0.8156
2026-08-27 17:27:01,672 | EPOCH 9 train_loss=0.487474
2026-08-27 17:27:02,809 | EPOCH 9 VAL loss=0.497402 acc=0.8203 pre=0.8166 rec=0.8214 f1=0.8156
2026-08-27 17:27:04,604 | EPOCH 10 train_loss=0.479911
2026-08-27 17:27:05,735 | EPOCH 10 VAL loss=0.488435 acc=0.8253 pre=0.8240 rec=0.8263 f1=0.8237 BEST
2026-08-27 17:27:09,641 | EPOCH 10 train_loss=0.479899
2026-08-27 17:27:10,668 | EPOCH 10 VAL loss=0.488389 acc=0.8250 pre=0.8236 rec=0.8260 f1=0.8234 BEST
2026-08-27 17:27:15,633 | EPOCH 10 train_loss=0.479902
2026-08-27 17:27:16,715 | EPOCH 10 VAL loss=0.488408 acc=0.8250 pre=0.8235 rec=0.8260 f1=0.8233 BEST
2026-08-27 17:27:17,819 | EPOCH 11 train_loss=0.472611
2026-08-27 17:27:18,911 | EPOCH 11 VAL loss=0.482421 acc=0.8267 pre=0.8227 rec=0.8275 f1=0.8226
2026-08-27 17:27:22,754 | EPOCH 11 train_loss=0.472249
2026-08-27 17:27:23,659 | EPOCH 11 VAL loss=0.481818 acc=0.8275 pre=0.8235 rec=0.8284 f1=0.8235 BEST
2026-08-27 17:27:29,114 | EPOCH 11 train_loss=0.472599
2026-08-27 17:27:29,451 | EPOCH 12 train_loss=0.466790
2026-08-27 17:27:29,992 | EPOCH 11 VAL loss=0.482435 acc=0.8270 pre=0.8230 rec=0.8279 f1=0.8229
2026-08-27 17:27:30,575 | EPOCH 12 VAL loss=0.475939 acc=0.8322 pre=0.8280 rec=0.8331 f1=0.8276 BEST
2026-08-27 17:27:37,114 | EPOCH 12 train_loss=0.465989
2026-08-27 17:27:38,055 | EPOCH 12 VAL loss=0.475242 acc=0.8320 pre=0.8278 rec=0.8330 f1=0.8274 BEST
2026-08-27 17:27:41,989 | EPOCH 12 train_loss=0.466808
2026-08-27 17:27:43,128 | EPOCH 12 VAL loss=0.475953 acc=0.8322 pre=0.8280 rec=0.8331 f1=0.8276 BEST
2026-08-27 17:27:43,362 | EPOCH 13 train_loss=0.460570
2026-08-27 17:27:44,246 | EPOCH 13 VAL loss=0.470576 acc=0.8353 pre=0.8310 rec=0.8361 f1=0.8309 BEST
2026-08-27 17:27:50,709 | EPOCH 13 train_loss=0.459783
2026-08-27 17:27:51,453 | EPOCH 13 VAL loss=0.469919 acc=0.8357 pre=0.8315 rec=0.8364 f1=0.8312 BEST
2026-08-27 17:27:55,825 | EPOCH 13 train_loss=0.460588
2026-08-27 17:27:56,425 | EPOCH 14 train_loss=0.455495
2026-08-27 17:27:57,629 | EPOCH 14 VAL loss=0.465334 acc=0.8373 pre=0.8335 rec=0.8382 f1=0.8342 BEST
2026-08-27 17:27:57,717 | EPOCH 13 VAL loss=0.470595 acc=0.8355 pre=0.8312 rec=0.8363 f1=0.8310 BEST
2026-08-27 17:28:03,827 | EPOCH 14 train_loss=0.454764
2026-08-27 17:28:04,778 | EPOCH 14 VAL loss=0.464704 acc=0.8380 pre=0.8342 rec=0.8389 f1=0.8348 BEST
2026-08-27 17:28:10,224 | EPOCH 15 train_loss=0.450336
2026-08-27 17:28:10,705 | EPOCH 14 train_loss=0.455515
2026-08-27 17:28:11,378 | EPOCH 15 VAL loss=0.462421 acc=0.8383 pre=0.8347 rec=0.8390 f1=0.8340
2026-08-27 17:28:11,892 | EPOCH 14 VAL loss=0.465353 acc=0.8370 pre=0.8331 rec=0.8378 f1=0.8338 BEST
2026-08-27 17:28:15,917 | EPOCH 15 train_loss=0.449667
2026-08-27 17:28:16,689 | EPOCH 15 VAL loss=0.462031 acc=0.8387 pre=0.8352 rec=0.8393 f1=0.8344
2026-08-27 17:28:24,337 | EPOCH 15 train_loss=0.450359
2026-08-27 17:28:24,610 | EPOCH 16 train_loss=0.446078
2026-08-27 17:28:25,184 | EPOCH 15 VAL loss=0.462430 acc=0.8383 pre=0.8347 rec=0.8390 f1=0.8339 BEST
2026-08-27 17:28:25,700 | EPOCH 16 VAL loss=0.458002 acc=0.8403 pre=0.8366 rec=0.8412 f1=0.8372 BEST
2026-08-27 17:28:29,602 | EPOCH 16 train_loss=0.445374
2026-08-27 17:28:30,583 | EPOCH 16 VAL loss=0.457357 acc=0.8407 pre=0.8369 rec=0.8416 f1=0.8376 BEST
2026-08-27 17:28:36,787 | EPOCH 16 train_loss=0.446101
2026-08-27 17:28:37,948 | EPOCH 17 train_loss=0.441923
2026-08-27 17:28:37,955 | EPOCH 16 VAL loss=0.457995 acc=0.8402 pre=0.8364 rec=0.8411 f1=0.8371 BEST
2026-08-27 17:28:39,173 | EPOCH 17 VAL loss=0.454743 acc=0.8428 pre=0.8405 rec=0.8440 f1=0.8411 BEST
2026-08-27 17:28:42,292 | EPOCH 17 train_loss=0.441226
2026-08-27 17:28:43,482 | EPOCH 17 VAL loss=0.454133 acc=0.8430 pre=0.8407 rec=0.8442 f1=0.8412 BEST
2026-08-27 17:28:51,749 | EPOCH 17 train_loss=0.441952
2026-08-27 17:28:51,947 | EPOCH 18 train_loss=0.438050
2026-08-27 17:28:52,681 | EPOCH 18 VAL loss=0.451455 acc=0.8423 pre=0.8401 rec=0.8434 f1=0.8399
2026-08-27 17:28:52,928 | EPOCH 17 VAL loss=0.454751 acc=0.8430 pre=0.8407 rec=0.8442 f1=0.8412 BEST
2026-08-27 17:28:55,962 | EPOCH 18 train_loss=0.437351
2026-08-27 17:28:57,044 | EPOCH 18 VAL loss=0.450851 acc=0.8422 pre=0.8399 rec=0.8432 f1=0.8397
2026-08-27 17:29:03,261 | EPOCH 19 train_loss=0.434557
2026-08-27 17:29:03,981 | EPOCH 19 VAL loss=0.445343 acc=0.8458 pre=0.8430 rec=0.8467 f1=0.8436 BEST
2026-08-27 17:29:06,077 | EPOCH 18 train_loss=0.438082
2026-08-27 17:29:07,295 | EPOCH 18 VAL loss=0.451447 acc=0.8425 pre=0.8402 rec=0.8436 f1=0.8401
2026-08-27 17:29:08,857 | EPOCH 19 train_loss=0.433850
2026-08-27 17:29:10,085 | EPOCH 19 VAL loss=0.444728 acc=0.8468 pre=0.8440 rec=0.8477 f1=0.8447 BEST
2026-08-27 17:29:17,012 | EPOCH 20 train_loss=0.431093
2026-08-27 17:29:18,168 | EPOCH 20 VAL loss=0.442638 acc=0.8465 pre=0.8438 rec=0.8475 f1=0.8446 BEST
2026-08-27 17:29:19,714 | EPOCH 19 train_loss=0.434583
2026-08-27 17:29:20,497 | EPOCH 19 VAL loss=0.445330 acc=0.8458 pre=0.8430 rec=0.8467 f1=0.8436 BEST
2026-08-27 17:29:21,196 | EPOCH 20 train_loss=0.430394
2026-08-27 17:29:21,964 | EPOCH 20 VAL loss=0.442024 acc=0.8470 pre=0.8444 rec=0.8480 f1=0.8452 BEST
2026-08-27 17:29:30,769 | EPOCH 21 train_loss=0.427836
2026-08-27 17:29:31,973 | EPOCH 21 VAL loss=0.440702 acc=0.8473 pre=0.8460 rec=0.8485 f1=0.8466 BEST
2026-08-27 17:29:33,702 | EPOCH 20 train_loss=0.431121
2026-08-27 17:29:34,465 | EPOCH 20 VAL loss=0.442607 acc=0.8467 pre=0.8440 rec=0.8476 f1=0.8448 BEST
2026-08-27 17:29:34,744 | EPOCH 21 train_loss=0.427140
2026-08-27 17:29:35,845 | EPOCH 21 VAL loss=0.440127 acc=0.8477 pre=0.8464 rec=0.8488 f1=0.8470 BEST
2026-08-27 17:29:43,034 | EPOCH 22 train_loss=0.425047
2026-08-27 17:29:43,776 | EPOCH 22 VAL loss=0.438118 acc=0.8478 pre=0.8463 rec=0.8490 f1=0.8469 BEST
2026-08-27 17:29:47,510 | EPOCH 21 train_loss=0.427862
2026-08-27 17:29:48,297 | EPOCH 21 VAL loss=0.440714 acc=0.8472 pre=0.8458 rec=0.8483 f1=0.8464 BEST
2026-08-27 17:29:48,894 | EPOCH 22 train_loss=0.424363
2026-08-27 17:29:50,076 | EPOCH 22 VAL loss=0.437481 acc=0.8473 pre=0.8458 rec=0.8485 f1=0.8464
2026-08-27 17:29:57,607 | EPOCH 23 train_loss=0.422244
2026-08-27 17:29:58,685 | EPOCH 23 VAL loss=0.436056 acc=0.8483 pre=0.8456 rec=0.8494 f1=0.8453
2026-08-27 17:30:00,393 | EPOCH 22 train_loss=0.425077
2026-08-27 17:30:01,536 | EPOCH 22 VAL loss=0.438089 acc=0.8483 pre=0.8469 rec=0.8495 f1=0.8474 BEST
2026-08-27 17:30:02,034 | EPOCH 23 train_loss=0.421560
2026-08-27 17:30:03,214 | EPOCH 23 VAL loss=0.435417 acc=0.8482 pre=0.8455 rec=0.8492 f1=0.8451
2026-08-27 17:30:09,774 | EPOCH 24 train_loss=0.419544
2026-08-27 17:30:10,557 | EPOCH 24 VAL loss=0.433128 acc=0.8492 pre=0.8468 rec=0.8501 f1=0.8474 BEST
2026-08-27 17:30:14,565 | EPOCH 23 train_loss=0.422274
2026-08-27 17:30:15,313 | EPOCH 24 train_loss=0.418863
2026-08-27 17:30:15,739 | EPOCH 23 VAL loss=0.436005 acc=0.8488 pre=0.8461 rec=0.8498 f1=0.8457
2026-08-27 17:30:16,476 | EPOCH 24 VAL loss=0.432504 acc=0.8500 pre=0.8478 rec=0.8509 f1=0.8483 BEST
2026-08-27 17:30:22,801 | EPOCH 25 train_loss=0.417155
2026-08-27 17:30:23,700 | EPOCH 25 VAL loss=0.430820 acc=0.8515 pre=0.8493 rec=0.8523 f1=0.8496 BEST
2026-08-27 17:30:29,318 | EPOCH 24 train_loss=0.419573
2026-08-27 17:30:30,313 | EPOCH 24 VAL loss=0.433094 acc=0.8488 pre=0.8465 rec=0.8497 f1=0.8470
2026-08-27 17:30:30,446 | EPOCH 25 train_loss=0.416470
2026-08-27 17:30:31,205 | EPOCH 25 VAL loss=0.430206 acc=0.8522 pre=0.8501 rec=0.8529 f1=0.8504 BEST
2026-08-27 17:30:34,312 | EPOCH 26 train_loss=0.414942
2026-08-27 17:30:35,065 | EPOCH 26 VAL loss=0.428214 acc=0.8518 pre=0.8495 rec=0.8528 f1=0.8499 BEST
2026-08-27 17:30:43,537 | EPOCH 25 train_loss=0.417187
2026-08-27 17:30:44,331 | EPOCH 26 train_loss=0.414253
2026-08-27 17:30:44,724 | EPOCH 25 VAL loss=0.430774 acc=0.8517 pre=0.8495 rec=0.8524 f1=0.8498 BEST
2026-08-27 17:30:45,592 | EPOCH 26 VAL loss=0.427612 acc=0.8518 pre=0.8494 rec=0.8528 f1=0.8498
2026-08-27 17:30:46,245 | EPOCH 27 train_loss=0.412864
2026-08-27 17:30:47,274 | EPOCH 27 VAL loss=0.426917 acc=0.8528 pre=0.8508 rec=0.8540 f1=0.8515 BEST
2026-08-27 17:30:56,799 | EPOCH 27 train_loss=0.412146
2026-08-27 17:30:57,399 | EPOCH 26 train_loss=0.414973
2026-08-27 17:30:57,662 | EPOCH 27 VAL loss=0.426334 acc=0.8523 pre=0.8501 rec=0.8535 f1=0.8508 BEST
2026-08-27 17:30:58,546 | EPOCH 26 VAL loss=0.428174 acc=0.8517 pre=0.8493 rec=0.8527 f1=0.8497
2026-08-27 17:30:59,528 | EPOCH 28 train_loss=0.410402
2026-08-27 17:31:00,285 | EPOCH 28 VAL loss=0.425745 acc=0.8525 pre=0.8501 rec=0.8535 f1=0.8493
2026-08-27 17:31:10,771 | EPOCH 27 train_loss=0.412869
2026-08-27 17:31:11,233 | EPOCH 28 train_loss=0.409715
2026-08-27 17:31:11,722 | EPOCH 27 VAL loss=0.426905 acc=0.8525 pre=0.8504 rec=0.8537 f1=0.8511 BEST
2026-08-27 17:31:11,776 | EPOCH 29 train_loss=0.408460
2026-08-27 17:31:12,455 | EPOCH 28 VAL loss=0.425143 acc=0.8523 pre=0.8499 rec=0.8534 f1=0.8491
2026-08-27 17:31:12,462 | EPOCH 29 VAL loss=0.424688 acc=0.8523 pre=0.8515 rec=0.8534 f1=0.8515 BEST
2026-08-27 17:31:23,171 | EPOCH 30 train_loss=0.406567
2026-08-27 17:31:23,923 | EPOCH 29 train_loss=0.407791
2026-08-27 17:31:23,931 | EPOCH 30 VAL loss=0.421937 acc=0.8550 pre=0.8536 rec=0.8561 f1=0.8539 BEST
2026-08-27 17:31:24,949 | EPOCH 28 train_loss=0.410439
2026-08-27 17:31:25,159 | EPOCH 29 VAL loss=0.424147 acc=0.8527 pre=0.8519 rec=0.8538 f1=0.8518 BEST
2026-08-27 17:31:25,816 | EPOCH 28 VAL loss=0.425738 acc=0.8520 pre=0.8496 rec=0.8530 f1=0.8488
2026-08-27 17:31:37,322 | EPOCH 31 train_loss=0.404473
2026-08-27 17:31:37,626 | EPOCH 29 train_loss=0.408512
2026-08-27 17:31:38,173 | EPOCH 31 VAL loss=0.420893 acc=0.8533 pre=0.8512 rec=0.8544 f1=0.8499
2026-08-27 17:31:38,407 | EPOCH 30 train_loss=0.405930
2026-08-27 17:31:38,751 | EPOCH 29 VAL loss=0.424705 acc=0.8522 pre=0.8514 rec=0.8532 f1=0.8513 BEST
2026-08-27 17:31:39,655 | EPOCH 30 VAL loss=0.421454 acc=0.8552 pre=0.8537 rec=0.8563 f1=0.8541 BEST
2026-08-27 17:31:48,921 | EPOCH 32 train_loss=0.402821
2026-08-27 17:31:50,070 | EPOCH 32 VAL loss=0.417721 acc=0.8568 pre=0.8546 rec=0.8580 f1=0.8550 BEST
2026-08-27 17:31:50,390 | EPOCH 30 train_loss=0.406643
2026-08-27 17:31:51,508 | EPOCH 30 VAL loss=0.422004 acc=0.8550 pre=0.8535 rec=0.8561 f1=0.8539 BEST
2026-08-27 17:31:52,279 | EPOCH 31 train_loss=0.403860
2026-08-27 17:31:53,576 | EPOCH 31 VAL loss=0.420438 acc=0.8537 pre=0.8516 rec=0.8547 f1=0.8503
2026-08-27 17:32:03,499 | EPOCH 33 train_loss=0.401003
2026-08-27 17:32:03,562 | EPOCH 31 train_loss=0.404563
2026-08-27 17:32:04,233 | EPOCH 33 VAL loss=0.418061 acc=0.8552 pre=0.8538 rec=0.8564 f1=0.8536
2026-08-27 17:32:04,676 | EPOCH 31 VAL loss=0.420956 acc=0.8535 pre=0.8514 rec=0.8545 f1=0.8501
2026-08-27 17:32:06,097 | EPOCH 32 train_loss=0.402234
2026-08-27 17:32:06,852 | EPOCH 32 VAL loss=0.417288 acc=0.8575 pre=0.8552 rec=0.8587 f1=0.8557 BEST
2026-08-27 17:32:15,482 | EPOCH 34 train_loss=0.399521
2026-08-27 17:32:16,629 | EPOCH 34 VAL loss=0.413771 acc=0.8568 pre=0.8550 rec=0.8578 f1=0.8546
2026-08-27 17:32:17,104 | EPOCH 32 train_loss=0.402926
2026-08-27 17:32:18,424 | EPOCH 32 VAL loss=0.417791 acc=0.8563 pre=0.8540 rec=0.8575 f1=0.8546 BEST
2026-08-27 17:32:18,953 | EPOCH 33 train_loss=0.400444
2026-08-27 17:32:20,236 | EPOCH 33 VAL loss=0.417642 acc=0.8552 pre=0.8538 rec=0.8564 f1=0.8536
2026-08-27 17:32:29,281 | EPOCH 35 train_loss=0.397832
2026-08-27 17:32:30,429 | EPOCH 35 VAL loss=0.413624 acc=0.8597 pre=0.8581 rec=0.8608 f1=0.8588 BEST
2026-08-27 17:32:30,432 | EPOCH 33 train_loss=0.401125
2026-08-27 17:32:31,327 | EPOCH 33 VAL loss=0.418158 acc=0.8553 pre=0.8540 rec=0.8565 f1=0.8538
2026-08-27 17:32:32,438 | EPOCH 34 train_loss=0.398974
2026-08-27 17:32:33,425 | EPOCH 34 VAL loss=0.413473 acc=0.8573 pre=0.8553 rec=0.8583 f1=0.8551
2026-08-27 17:32:42,213 | EPOCH 34 train_loss=0.399649
2026-08-27 17:32:42,884 | EPOCH 36 train_loss=0.396214
2026-08-27 17:32:43,419 | EPOCH 34 VAL loss=0.413921 acc=0.8567 pre=0.8548 rec=0.8576 f1=0.8544
2026-08-27 17:32:44,104 | EPOCH 36 VAL loss=0.413517 acc=0.8578 pre=0.8571 rec=0.8590 f1=0.8576
2026-08-27 17:32:46,230 | EPOCH 35 train_loss=0.397324
2026-08-27 17:32:47,374 | EPOCH 35 VAL loss=0.413376 acc=0.8605 pre=0.8589 rec=0.8617 f1=0.8597 BEST
2026-08-27 17:32:55,462 | EPOCH 35 train_loss=0.397986
2026-08-27 17:32:55,900 | EPOCH 37 train_loss=0.394669
2026-08-27 17:32:56,379 | EPOCH 35 VAL loss=0.413812 acc=0.8593 pre=0.8577 rec=0.8605 f1=0.8585 BEST
2026-08-27 17:32:57,065 | EPOCH 37 VAL loss=0.411145 acc=0.8570 pre=0.8554 rec=0.8579 f1=0.8550
2026-08-27 17:32:58,643 | EPOCH 36 train_loss=0.395799
2026-08-27 17:32:59,804 | EPOCH 36 VAL loss=0.413483 acc=0.8565 pre=0.8557 rec=0.8577 f1=0.8562
2026-08-27 17:33:08,878 | EPOCH 36 train_loss=0.396451
2026-08-27 17:33:09,340 | EPOCH 38 train_loss=0.393155
2026-08-27 17:33:09,981 | EPOCH 36 VAL loss=0.413916 acc=0.8573 pre=0.8566 rec=0.8585 f1=0.8571
2026-08-27 17:33:10,065 | EPOCH 38 VAL loss=0.409792 acc=0.8573 pre=0.8560 rec=0.8582 f1=0.8550
2026-08-27 17:33:11,769 | EPOCH 37 train_loss=0.394391
2026-08-27 17:33:12,751 | EPOCH 37 VAL loss=0.411167 acc=0.8567 pre=0.8551 rec=0.8576 f1=0.8547
2026-08-27 17:33:21,596 | EPOCH 37 train_loss=0.395038
2026-08-27 17:33:21,717 | EPOCH 39 train_loss=0.391645
2026-08-27 17:33:22,499 | EPOCH 37 VAL loss=0.411589 acc=0.8565 pre=0.8550 rec=0.8575 f1=0.8545
2026-08-27 17:33:22,630 | EPOCH 39 VAL loss=0.408781 acc=0.8592 pre=0.8580 rec=0.8605 f1=0.8588
2026-08-27 17:33:24,374 | EPOCH 38 train_loss=0.393015
2026-08-27 17:33:25,152 | EPOCH 38 VAL loss=0.409987 acc=0.8570 pre=0.8556 rec=0.8579 f1=0.8548
2026-08-27 17:33:34,609 | EPOCH 38 train_loss=0.393640
2026-08-27 17:33:34,979 | EPOCH 40 train_loss=0.390081
2026-08-27 17:33:35,685 | EPOCH 40 VAL loss=0.406801 acc=0.8590 pre=0.8570 rec=0.8601 f1=0.8570
2026-08-27 17:33:35,759 | EPOCH 38 VAL loss=0.410410 acc=0.8568 pre=0.8555 rec=0.8578 f1=0.8545
2026-08-27 17:33:37,895 | EPOCH 39 train_loss=0.391641
2026-08-27 17:33:38,970 | EPOCH 39 VAL loss=0.409146 acc=0.8588 pre=0.8577 rec=0.8602 f1=0.8585
2026-08-27 17:33:46,146 | EPOCH 41 train_loss=0.388823
2026-08-27 17:33:46,872 | EPOCH 41 VAL loss=0.404985 acc=0.8588 pre=0.8578 rec=0.8599 f1=0.8580
2026-08-27 17:33:48,730 | EPOCH 39 train_loss=0.392256
2026-08-27 17:33:49,724 | EPOCH 39 VAL loss=0.409580 acc=0.8588 pre=0.8576 rec=0.8602 f1=0.8584
2026-08-27 17:33:50,314 | EPOCH 40 train_loss=0.390218
2026-08-27 17:33:51,096 | EPOCH 40 VAL loss=0.407293 acc=0.8598 pre=0.8579 rec=0.8609 f1=0.8578
2026-08-27 17:33:59,003 | EPOCH 42 train_loss=0.387533
2026-08-27 17:34:00,053 | EPOCH 42 VAL loss=0.403715 acc=0.8610 pre=0.8592 rec=0.8623 f1=0.8596 BEST
2026-08-27 17:34:02,489 | EPOCH 40 train_loss=0.390821
2026-08-27 17:34:03,297 | EPOCH 40 VAL loss=0.407690 acc=0.8593 pre=0.8573 rec=0.8604 f1=0.8574
2026-08-27 17:34:03,607 | EPOCH 41 train_loss=0.389087
2026-08-27 17:34:04,750 | EPOCH 41 VAL loss=0.405586 acc=0.8593 pre=0.8583 rec=0.8604 f1=0.8586
2026-08-27 17:34:11,398 | EPOCH 43 train_loss=0.385997
2026-08-27 17:34:12,555 | EPOCH 43 VAL loss=0.403149 acc=0.8592 pre=0.8576 rec=0.8602 f1=0.8578
2026-08-27 17:34:15,556 | EPOCH 41 train_loss=0.389685
2026-08-27 17:34:15,781 | EPOCH 42 train_loss=0.387928
2026-08-27 17:34:16,774 | EPOCH 41 VAL loss=0.406026 acc=0.8587 pre=0.8577 rec=0.8597 f1=0.8580
2026-08-27 17:34:16,966 | EPOCH 42 VAL loss=0.404481 acc=0.8613 pre=0.8595 rec=0.8626 f1=0.8599 BEST
2026-08-27 17:34:25,689 | EPOCH 44 train_loss=0.385043
2026-08-27 17:34:26,470 | EPOCH 44 VAL loss=0.400725 acc=0.8638 pre=0.8622 rec=0.8650 f1=0.8629 BEST
2026-08-27 17:34:28,217 | EPOCH 42 train_loss=0.388516
2026-08-27 17:34:29,383 | EPOCH 42 VAL loss=0.404879 acc=0.8615 pre=0.8597 rec=0.8627 f1=0.8601 BEST
2026-08-27 17:34:30,260 | EPOCH 43 train_loss=0.386521
2026-08-27 17:34:31,064 | EPOCH 43 VAL loss=0.403983 acc=0.8592 pre=0.8575 rec=0.8602 f1=0.8578
2026-08-27 17:34:37,967 | EPOCH 45 train_loss=0.383547
2026-08-27 17:34:38,886 | EPOCH 45 VAL loss=0.402530 acc=0.8598 pre=0.8591 rec=0.8610 f1=0.8596
2026-08-27 17:34:41,746 | EPOCH 43 train_loss=0.387087
2026-08-27 17:34:42,941 | EPOCH 43 VAL loss=0.404332 acc=0.8592 pre=0.8576 rec=0.8603 f1=0.8579
2026-08-27 17:34:44,206 | EPOCH 44 train_loss=0.385686
2026-08-27 17:34:45,167 | EPOCH 44 VAL loss=0.401731 acc=0.8618 pre=0.8601 rec=0.8630 f1=0.8609 BEST
2026-08-27 17:34:51,233 | EPOCH 46 train_loss=0.382319
2026-08-27 17:34:52,377 | EPOCH 46 VAL loss=0.399118 acc=0.8608 pre=0.8593 rec=0.8619 f1=0.8596
2026-08-27 17:34:54,235 | EPOCH 44 train_loss=0.386208
2026-08-27 17:34:55,139 | EPOCH 44 VAL loss=0.401985 acc=0.8623 pre=0.8606 rec=0.8635 f1=0.8613 BEST
2026-08-27 17:34:58,325 | EPOCH 45 train_loss=0.384309
2026-08-27 17:34:59,452 | EPOCH 45 VAL loss=0.403578 acc=0.8602 pre=0.8594 rec=0.8614 f1=0.8599
2026-08-27 17:35:03,101 | EPOCH 47 train_loss=0.381186
2026-08-27 17:35:04,293 | EPOCH 47 VAL loss=0.399691 acc=0.8623 pre=0.8620 rec=0.8636 f1=0.8619
2026-08-27 17:35:07,710 | EPOCH 45 train_loss=0.384732
2026-08-27 17:35:08,868 | EPOCH 45 VAL loss=0.403709 acc=0.8590 pre=0.8582 rec=0.8602 f1=0.8588
2026-08-27 17:35:12,097 | EPOCH 46 train_loss=0.383144
2026-08-27 17:35:12,908 | EPOCH 46 VAL loss=0.400243 acc=0.8607 pre=0.8591 rec=0.8618 f1=0.8595
2026-08-27 17:35:16,508 | EPOCH 48 train_loss=0.380082
2026-08-27 17:35:17,450 | EPOCH 48 VAL loss=0.396633 acc=0.8637 pre=0.8623 rec=0.8648 f1=0.8623
2026-08-27 17:35:20,053 | EPOCH 46 train_loss=0.383499
2026-08-27 17:35:21,218 | EPOCH 46 VAL loss=0.400318 acc=0.8607 pre=0.8591 rec=0.8617 f1=0.8594
2026-08-27 17:35:24,847 | EPOCH 47 train_loss=0.382007
2026-08-27 17:35:25,602 | EPOCH 47 VAL loss=0.400712 acc=0.8618 pre=0.8615 rec=0.8631 f1=0.8614 BEST
2026-08-27 17:35:29,455 | EPOCH 49 train_loss=0.379075
2026-08-27 17:35:30,772 | EPOCH 49 VAL loss=0.395186 acc=0.8645 pre=0.8630 rec=0.8654 f1=0.8629
2026-08-27 17:35:34,339 | EPOCH 47 train_loss=0.382340
2026-08-27 17:35:35,192 | EPOCH 47 VAL loss=0.400766 acc=0.8620 pre=0.8616 rec=0.8633 f1=0.8616 BEST
2026-08-27 17:35:39,277 | EPOCH 48 train_loss=0.380862
2026-08-27 17:35:40,296 | EPOCH 48 VAL loss=0.397659 acc=0.8620 pre=0.8604 rec=0.8631 f1=0.8606
2026-08-27 17:35:40,736 | EPOCH 50 train_loss=0.378004
2026-08-27 17:35:41,504 | EPOCH 50 VAL loss=0.395407 acc=0.8628 pre=0.8616 rec=0.8641 f1=0.8621
2026-08-27 17:35:47,107 | EPOCH 48 train_loss=0.381225
2026-08-27 17:35:48,031 | EPOCH 48 VAL loss=0.397816 acc=0.8618 pre=0.8602 rec=0.8630 f1=0.8603
2026-08-27 17:35:51,945 | EPOCH 49 train_loss=0.379814
2026-08-27 17:35:53,147 | EPOCH 49 VAL loss=0.396261 acc=0.8635 pre=0.8620 rec=0.8644 f1=0.8619 BEST
2026-08-27 17:35:53,492 | EPOCH 51 train_loss=0.377066
2026-08-27 17:35:54,752 | EPOCH 51 VAL loss=0.394514 acc=0.8640 pre=0.8626 rec=0.8651 f1=0.8622
2026-08-27 17:36:00,693 | EPOCH 49 train_loss=0.380206
2026-08-27 17:36:01,493 | EPOCH 49 VAL loss=0.396405 acc=0.8640 pre=0.8625 rec=0.8649 f1=0.8624 BEST
2026-08-27 17:36:05,653 | EPOCH 52 train_loss=0.376015
2026-08-27 17:36:06,395 | EPOCH 50 train_loss=0.378712
2026-08-27 17:36:06,654 | EPOCH 52 VAL loss=0.392602 acc=0.8652 pre=0.8641 rec=0.8662 f1=0.8647 BEST
2026-08-27 17:36:07,441 | EPOCH 50 VAL loss=0.396407 acc=0.8628 pre=0.8617 rec=0.8641 f1=0.8622 BEST
2026-08-27 17:36:14,810 | EPOCH 50 train_loss=0.379098
2026-08-27 17:36:15,983 | EPOCH 50 VAL loss=0.396565 acc=0.8630 pre=0.8619 rec=0.8643 f1=0.8624
2026-08-27 17:36:18,373 | EPOCH 53 train_loss=0.375142
2026-08-27 17:36:19,448 | EPOCH 53 VAL loss=0.392138 acc=0.8642 pre=0.8626 rec=0.8654 f1=0.8628
2026-08-27 17:36:20,580 | EPOCH 51 train_loss=0.377767
2026-08-27 17:36:21,625 | EPOCH 51 VAL loss=0.395628 acc=0.8633 pre=0.8619 rec=0.8644 f1=0.8615
2026-08-27 17:36:29,080 | EPOCH 51 train_loss=0.378157
2026-08-27 17:36:29,970 | EPOCH 51 VAL loss=0.395704 acc=0.8620 pre=0.8605 rec=0.8630 f1=0.8602
2026-08-27 17:36:31,545 | EPOCH 54 train_loss=0.373970
2026-08-27 17:36:31,963 | EPOCH 52 train_loss=0.376702
2026-08-27 17:36:32,704 | EPOCH 54 VAL loss=0.391050 acc=0.8645 pre=0.8634 rec=0.8653 f1=0.8631
2026-08-27 17:36:32,714 | EPOCH 52 VAL loss=0.393572 acc=0.8645 pre=0.8633 rec=0.8656 f1=0.8640 BEST
2026-08-27 17:36:42,308 | EPOCH 52 train_loss=0.377084
2026-08-27 17:36:43,420 | EPOCH 52 VAL loss=0.393675 acc=0.8652 pre=0.8641 rec=0.8663 f1=0.8647 BEST
2026-08-27 17:36:45,382 | EPOCH 55 train_loss=0.373167
2026-08-27 17:36:45,629 | EPOCH 53 train_loss=0.375822
2026-08-27 17:36:46,117 | EPOCH 55 VAL loss=0.390266 acc=0.8655 pre=0.8643 rec=0.8666 f1=0.8648 BEST
2026-08-27 17:36:47,285 | EPOCH 53 VAL loss=0.393082 acc=0.8638 pre=0.8622 rec=0.8650 f1=0.8624
2026-08-27 17:36:56,142 | EPOCH 53 train_loss=0.376184
2026-08-27 17:36:57,184 | EPOCH 53 VAL loss=0.393162 acc=0.8648 pre=0.8633 rec=0.8660 f1=0.8635
2026-08-27 17:36:58,017 | EPOCH 56 train_loss=0.372090
2026-08-27 17:36:58,513 | EPOCH 54 train_loss=0.374638
2026-08-27 17:36:59,107 | EPOCH 56 VAL loss=0.390563 acc=0.8645 pre=0.8635 rec=0.8654 f1=0.8628
2026-08-27 17:36:59,341 | EPOCH 54 VAL loss=0.391958 acc=0.8628 pre=0.8618 rec=0.8636 f1=0.8614
2026-08-27 17:37:09,564 | EPOCH 54 train_loss=0.374965
2026-08-27 17:37:10,321 | EPOCH 54 VAL loss=0.391961 acc=0.8637 pre=0.8626 rec=0.8644 f1=0.8623
2026-08-27 17:37:11,414 | EPOCH 57 train_loss=0.371341
2026-08-27 17:37:12,301 | EPOCH 55 train_loss=0.373831
2026-08-27 17:37:12,504 | EPOCH 57 VAL loss=0.388460 acc=0.8663 pre=0.8648 rec=0.8674 f1=0.8650 BEST
2026-08-27 17:37:13,466 | EPOCH 55 VAL loss=0.391264 acc=0.8647 pre=0.8632 rec=0.8658 f1=0.8638
2026-08-27 17:37:21,243 | EPOCH 55 train_loss=0.374123
2026-08-27 17:37:22,050 | EPOCH 55 VAL loss=0.391235 acc=0.8652 pre=0.8637 rec=0.8662 f1=0.8642
2026-08-27 17:37:25,236 | EPOCH 58 train_loss=0.370592
2026-08-27 17:37:25,603 | EPOCH 56 train_loss=0.372749
2026-08-27 17:37:26,227 | EPOCH 58 VAL loss=0.388406 acc=0.8662 pre=0.8651 rec=0.8672 f1=0.8648
2026-08-27 17:37:26,804 | EPOCH 56 VAL loss=0.391686 acc=0.8638 pre=0.8626 rec=0.8647 f1=0.8619
2026-08-27 17:37:34,239 | EPOCH 56 train_loss=0.373012
2026-08-27 17:37:35,404 | EPOCH 56 VAL loss=0.391527 acc=0.8643 pre=0.8632 rec=0.8652 f1=0.8624
2026-08-27 17:37:38,299 | EPOCH 59 train_loss=0.369754
2026-08-27 17:37:39,220 | EPOCH 57 train_loss=0.372002
2026-08-27 17:37:39,370 | EPOCH 59 VAL loss=0.386687 acc=0.8668 pre=0.8657 rec=0.8680 f1=0.8661 BEST
2026-08-27 17:37:40,343 | EPOCH 57 VAL loss=0.389502 acc=0.8642 pre=0.8626 rec=0.8652 f1=0.8629
2026-08-27 17:37:47,486 | EPOCH 57 train_loss=0.372223
2026-08-27 17:37:48,611 | EPOCH 57 VAL loss=0.389303 acc=0.8657 pre=0.8641 rec=0.8667 f1=0.8643
2026-08-27 17:37:51,403 | EPOCH 58 train_loss=0.371249
2026-08-27 17:37:51,639 | EPOCH 60 train_loss=0.368739
2026-08-27 17:37:52,715 | EPOCH 58 VAL loss=0.389343 acc=0.8655 pre=0.8643 rec=0.8665 f1=0.8640
2026-08-27 17:37:52,858 | EPOCH 60 VAL loss=0.386151 acc=0.8670 pre=0.8659 rec=0.8681 f1=0.8664 BEST
2026-08-27 17:38:01,302 | EPOCH 58 train_loss=0.371439
2026-08-27 17:38:02,450 | EPOCH 58 VAL loss=0.389175 acc=0.8647 pre=0.8635 rec=0.8657 f1=0.8632
2026-08-27 17:38:04,463 | EPOCH 59 train_loss=0.370409
2026-08-27 17:38:04,766 | EPOCH 61 train_loss=0.367798
2026-08-27 17:38:05,477 | EPOCH 61 VAL loss=0.385553 acc=0.8663 pre=0.8648 rec=0.8673 f1=0.8648
2026-08-27 17:38:05,647 | EPOCH 59 VAL loss=0.387768 acc=0.8653 pre=0.8641 rec=0.8665 f1=0.8645 BEST
2026-08-27 17:38:13,931 | EPOCH 59 train_loss=0.370574
2026-08-27 17:38:14,827 | EPOCH 59 VAL loss=0.387533 acc=0.8668 pre=0.8656 rec=0.8679 f1=0.8661 BEST
2026-08-27 17:38:17,788 | EPOCH 62 train_loss=0.367134
2026-08-27 17:38:18,761 | EPOCH 62 VAL loss=0.385114 acc=0.8683 pre=0.8672 rec=0.8694 f1=0.8670 BEST
2026-08-27 17:38:19,103 | EPOCH 60 train_loss=0.369391
2026-08-27 17:38:20,178 | EPOCH 60 VAL loss=0.387192 acc=0.8658 pre=0.8647 rec=0.8670 f1=0.8653 BEST
2026-08-27 17:38:26,863 | EPOCH 60 train_loss=0.369536
2026-08-27 17:38:28,024 | EPOCH 60 VAL loss=0.386954 acc=0.8668 pre=0.8657 rec=0.8679 f1=0.8662 BEST
2026-08-27 17:38:31,597 | EPOCH 63 train_loss=0.366502
2026-08-27 17:38:32,350 | EPOCH 61 train_loss=0.368451
2026-08-27 17:38:32,601 | EPOCH 63 VAL loss=0.383510 acc=0.8668 pre=0.8656 rec=0.8678 f1=0.8659
2026-08-27 17:38:33,516 | EPOCH 61 VAL loss=0.386678 acc=0.8645 pre=0.8629 rec=0.8655 f1=0.8628
2026-08-27 17:38:39,574 | EPOCH 61 train_loss=0.368563
2026-08-27 17:38:40,757 | EPOCH 61 VAL loss=0.386319 acc=0.8658 pre=0.8642 rec=0.8669 f1=0.8642
2026-08-27 17:38:45,129 | EPOCH 64 train_loss=0.365743
2026-08-27 17:38:45,688 | EPOCH 62 train_loss=0.367789
2026-08-27 17:38:46,228 | EPOCH 64 VAL loss=0.383815 acc=0.8668 pre=0.8655 rec=0.8680 f1=0.8657
2026-08-27 17:38:46,628 | EPOCH 62 VAL loss=0.386296 acc=0.8673 pre=0.8661 rec=0.8684 f1=0.8658 BEST
2026-08-27 17:38:52,758 | EPOCH 62 train_loss=0.367895
2026-08-27 17:38:53,907 | EPOCH 62 VAL loss=0.385970 acc=0.8673 pre=0.8661 rec=0.8683 f1=0.8658
2026-08-27 17:38:56,311 | EPOCH 65 train_loss=0.364945
2026-08-27 17:38:57,052 | EPOCH 65 VAL loss=0.382616 acc=0.8682 pre=0.8670 rec=0.8694 f1=0.8675 BEST
2026-08-27 17:38:59,385 | EPOCH 63 train_loss=0.367150
2026-08-27 17:39:00,524 | EPOCH 63 VAL loss=0.384511 acc=0.8657 pre=0.8642 rec=0.8666 f1=0.8645
2026-08-27 17:39:07,102 | EPOCH 63 train_loss=0.367239
2026-08-27 17:39:08,265 | EPOCH 63 VAL loss=0.384185 acc=0.8668 pre=0.8655 rec=0.8678 f1=0.8657
2026-08-27 17:39:08,450 | EPOCH 66 train_loss=0.364083
2026-08-27 17:39:09,366 | EPOCH 66 VAL loss=0.381373 acc=0.8670 pre=0.8658 rec=0.8679 f1=0.8658
2026-08-27 17:39:13,446 | EPOCH 64 train_loss=0.366392
2026-08-27 17:39:14,305 | EPOCH 64 VAL loss=0.384858 acc=0.8655 pre=0.8641 rec=0.8667 f1=0.8643
2026-08-27 17:39:20,067 | EPOCH 64 train_loss=0.366458
2026-08-27 17:39:20,858 | EPOCH 64 VAL loss=0.384540 acc=0.8655 pre=0.8641 rec=0.8667 f1=0.8643
2026-08-27 17:39:21,521 | EPOCH 67 train_loss=0.363344
2026-08-27 17:39:22,322 | EPOCH 67 VAL loss=0.381979 acc=0.8680 pre=0.8667 rec=0.8692 f1=0.8669
2026-08-27 17:39:25,231 | EPOCH 65 train_loss=0.365597
2026-08-27 17:39:26,029 | EPOCH 65 VAL loss=0.383758 acc=0.8678 pre=0.8665 rec=0.8691 f1=0.8671 BEST
2026-08-27 17:39:33,853 | EPOCH 65 train_loss=0.365649
2026-08-27 17:39:34,552 | EPOCH 68 train_loss=0.362723
2026-08-27 17:39:34,678 | EPOCH 65 VAL loss=0.383369 acc=0.8682 pre=0.8668 rec=0.8694 f1=0.8674 BEST
2026-08-27 17:39:35,266 | EPOCH 68 VAL loss=0.380928 acc=0.8672 pre=0.8662 rec=0.8683 f1=0.8667
2026-08-27 17:39:39,063 | EPOCH 66 train_loss=0.364731
2026-08-27 17:39:40,095 | EPOCH 66 VAL loss=0.382399 acc=0.8660 pre=0.8646 rec=0.8669 f1=0.8648
2026-08-27 17:39:46,479 | EPOCH 66 train_loss=0.364767
2026-08-27 17:39:47,274 | EPOCH 66 VAL loss=0.382118 acc=0.8662 pre=0.8649 rec=0.8671 f1=0.8650
2026-08-27 17:39:47,599 | EPOCH 69 train_loss=0.361972
2026-08-27 17:39:48,711 | EPOCH 69 VAL loss=0.381193 acc=0.8663 pre=0.8652 rec=0.8672 f1=0.8646
2026-08-27 17:39:52,238 | EPOCH 67 train_loss=0.363998
2026-08-27 17:39:53,443 | EPOCH 67 VAL loss=0.383134 acc=0.8680 pre=0.8667 rec=0.8692 f1=0.8669
2026-08-27 17:39:59,396 | EPOCH 67 train_loss=0.364009
2026-08-27 17:40:00,507 | EPOCH 67 VAL loss=0.382700 acc=0.8685 pre=0.8672 rec=0.8697 f1=0.8674
2026-08-27 17:40:01,196 | EPOCH 70 train_loss=0.361433
2026-08-27 17:40:02,354 | EPOCH 70 VAL loss=0.379435 acc=0.8675 pre=0.8663 rec=0.8687 f1=0.8669
2026-08-27 17:40:05,292 | EPOCH 68 train_loss=0.363365
2026-08-27 17:40:06,222 | EPOCH 68 VAL loss=0.381975 acc=0.8673 pre=0.8664 rec=0.8684 f1=0.8669
2026-08-27 17:40:12,434 | EPOCH 71 train_loss=0.360753
2026-08-27 17:40:12,665 | EPOCH 68 train_loss=0.363380
2026-08-27 17:40:13,415 | EPOCH 68 VAL loss=0.381649 acc=0.8665 pre=0.8655 rec=0.8676 f1=0.8660
2026-08-27 17:40:13,511 | EPOCH 71 VAL loss=0.378610 acc=0.8680 pre=0.8669 rec=0.8690 f1=0.8672
2026-08-27 17:40:19,323 | EPOCH 69 train_loss=0.362621
2026-08-27 17:40:20,122 | EPOCH 69 VAL loss=0.382185 acc=0.8657 pre=0.8644 rec=0.8666 f1=0.8638
2026-08-27 17:40:25,789 | EPOCH 69 train_loss=0.362617
2026-08-27 17:40:26,047 | EPOCH 72 train_loss=0.360025
2026-08-27 17:40:26,835 | EPOCH 69 VAL loss=0.381821 acc=0.8660 pre=0.8648 rec=0.8669 f1=0.8642
2026-08-27 17:40:27,156 | EPOCH 72 VAL loss=0.377298 acc=0.8683 pre=0.8674 rec=0.8692 f1=0.8677 BEST
2026-08-27 17:40:31,070 | EPOCH 70 train_loss=0.362087
2026-08-27 17:40:32,046 | EPOCH 70 VAL loss=0.380460 acc=0.8672 pre=0.8660 rec=0.8683 f1=0.8666
2026-08-27 17:40:38,882 | EPOCH 70 train_loss=0.362063
2026-08-27 17:40:40,165 | EPOCH 70 VAL loss=0.380136 acc=0.8680 pre=0.8668 rec=0.8691 f1=0.8674
2026-08-27 17:40:40,431 | EPOCH 73 train_loss=0.359107
2026-08-27 17:40:41,613 | EPOCH 73 VAL loss=0.378201 acc=0.8685 pre=0.8673 rec=0.8696 f1=0.8674
2026-08-27 17:40:43,486 | EPOCH 71 train_loss=0.361404
2026-08-27 17:40:44,641 | EPOCH 71 VAL loss=0.379684 acc=0.8678 pre=0.8667 rec=0.8689 f1=0.8671
2026-08-27 17:40:52,594 | EPOCH 71 train_loss=0.361378
2026-08-27 17:40:52,893 | EPOCH 74 train_loss=0.358666
2026-08-27 17:40:53,441 | EPOCH 71 VAL loss=0.379328 acc=0.8675 pre=0.8663 rec=0.8685 f1=0.8667
2026-08-27 17:40:54,047 | EPOCH 74 VAL loss=0.375990 acc=0.8693 pre=0.8683 rec=0.8703 f1=0.8683 BEST
2026-08-27 17:40:56,731 | EPOCH 72 train_loss=0.360677
2026-08-27 17:40:57,511 | EPOCH 72 VAL loss=0.378422 acc=0.8672 pre=0.8661 rec=0.8681 f1=0.8664
2026-08-27 17:41:05,560 | EPOCH 72 train_loss=0.360642
2026-08-27 17:41:06,558 | EPOCH 72 VAL loss=0.377999 acc=0.8675 pre=0.8665 rec=0.8684 f1=0.8667
2026-08-27 17:41:07,891 | EPOCH 75 train_loss=0.358004
2026-08-27 17:41:08,983 | EPOCH 75 VAL loss=0.377511 acc=0.8683 pre=0.8678 rec=0.8693 f1=0.8666
2026-08-27 17:41:09,988 | EPOCH 73 train_loss=0.359766
2026-08-27 17:41:11,115 | EPOCH 73 VAL loss=0.379241 acc=0.8663 pre=0.8651 rec=0.8675 f1=0.8652
2026-08-27 17:41:17,118 | EPOCH 73 train_loss=0.359715
2026-08-27 17:41:18,272 | EPOCH 73 VAL loss=0.378860 acc=0.8672 pre=0.8659 rec=0.8683 f1=0.8661
2026-08-27 17:41:20,603 | EPOCH 76 train_loss=0.357401
2026-08-27 17:41:21,344 | EPOCH 76 VAL loss=0.376336 acc=0.8693 pre=0.8680 rec=0.8704 f1=0.8682
2026-08-27 17:41:23,062 | EPOCH 74 train_loss=0.359320
2026-08-27 17:41:24,232 | EPOCH 74 VAL loss=0.376987 acc=0.8690 pre=0.8680 rec=0.8699 f1=0.8679 BEST
2026-08-27 17:41:30,283 | EPOCH 74 train_loss=0.359258
2026-08-27 17:41:31,087 | EPOCH 74 VAL loss=0.376662 acc=0.8683 pre=0.8673 rec=0.8693 f1=0.8672
2026-08-27 17:41:34,328 | EPOCH 77 train_loss=0.356931
2026-08-27 17:41:35,496 | EPOCH 77 VAL loss=0.375848 acc=0.8693 pre=0.8685 rec=0.8705 f1=0.8690 BEST
2026-08-27 17:41:38,259 | EPOCH 75 train_loss=0.358664
2026-08-27 17:41:39,224 | EPOCH 75 VAL loss=0.378434 acc=0.8685 pre=0.8679 rec=0.8695 f1=0.8667
2026-08-27 17:41:41,986 | EPOCH 75 train_loss=0.358597
2026-08-27 17:41:42,910 | EPOCH 75 VAL loss=0.378075 acc=0.8687 pre=0.8681 rec=0.8696 f1=0.8670
2026-08-27 17:41:42,918 | DONE best_epoch=65 best_val_loss=0.383369 early_stop=True time=1005.04s
