2026-08-27 08:46:21,347 | START mlp_adagrad_lr0.01_s2026 opt=adagrad lr=0.01 seed=2026 device=cuda epochs=150 best_by=f1 stop_by=f1
2026-08-27 08:46:27,638 | EPOCH 1 train_loss=0.522294
2026-08-27 08:46:28,175 | EPOCH 1 VAL loss=0.420078 acc=0.8538 pre=0.8520 rec=0.8551 f1=0.8519 BEST
2026-08-27 08:46:34,705 | EPOCH 2 train_loss=0.384344
2026-08-27 08:46:35,251 | EPOCH 2 VAL loss=0.384397 acc=0.8607 pre=0.8613 rec=0.8623 f1=0.8602 BEST
2026-08-27 08:46:41,820 | EPOCH 3 train_loss=0.349556
2026-08-27 08:46:42,350 | EPOCH 3 VAL loss=0.367046 acc=0.8640 pre=0.8691 rec=0.8666 f1=0.8661 BEST
2026-08-27 08:46:49,010 | EPOCH 4 train_loss=0.328909
2026-08-27 08:46:49,542 | EPOCH 4 VAL loss=0.345773 acc=0.8742 pre=0.8744 rec=0.8747 f1=0.8737 BEST
2026-08-27 08:46:56,128 | EPOCH 5 train_loss=0.312923
2026-08-27 08:46:56,663 | EPOCH 5 VAL loss=0.340457 acc=0.8747 pre=0.8746 rec=0.8758 f1=0.8737 BEST
2026-08-27 08:47:03,202 | EPOCH 6 train_loss=0.300405
2026-08-27 08:47:03,768 | EPOCH 6 VAL loss=0.325699 acc=0.8775 pre=0.8782 rec=0.8785 f1=0.8782 BEST
2026-08-27 08:47:10,438 | EPOCH 7 train_loss=0.290063
2026-08-27 08:47:10,977 | EPOCH 7 VAL loss=0.324205 acc=0.8785 pre=0.8812 rec=0.8800 f1=0.8800 BEST
2026-08-27 08:47:17,503 | EPOCH 8 train_loss=0.282034
2026-08-27 08:47:18,029 | EPOCH 8 VAL loss=0.318256 acc=0.8835 pre=0.8838 rec=0.8849 f1=0.8840 BEST
2026-08-27 08:47:24,650 | EPOCH 9 train_loss=0.274220
2026-08-27 08:47:25,179 | EPOCH 9 VAL loss=0.315827 acc=0.8832 pre=0.8847 rec=0.8846 f1=0.8841 BEST
2026-08-27 08:47:32,051 | EPOCH 10 train_loss=0.267964
2026-08-27 08:47:32,584 | EPOCH 10 VAL loss=0.316354 acc=0.8832 pre=0.8843 rec=0.8839 f1=0.8826
2026-08-27 08:47:38,839 | EPOCH 11 train_loss=0.261291
2026-08-27 08:47:39,373 | EPOCH 11 VAL loss=0.311564 acc=0.8863 pre=0.8873 rec=0.8876 f1=0.8870 BEST
2026-08-27 08:47:45,956 | EPOCH 12 train_loss=0.255718
2026-08-27 08:47:46,489 | EPOCH 12 VAL loss=0.305171 acc=0.8870 pre=0.8878 rec=0.8878 f1=0.8870
2026-08-27 08:47:52,763 | EPOCH 13 train_loss=0.251151
2026-08-27 08:47:53,305 | EPOCH 13 VAL loss=0.303749 acc=0.8880 pre=0.8882 rec=0.8887 f1=0.8876 BEST
2026-08-27 08:48:00,177 | EPOCH 14 train_loss=0.246256
2026-08-27 08:48:00,711 | EPOCH 14 VAL loss=0.300887 acc=0.8875 pre=0.8878 rec=0.8882 f1=0.8873
2026-08-27 08:48:07,071 | EPOCH 15 train_loss=0.241864
2026-08-27 08:48:07,611 | EPOCH 15 VAL loss=0.302883 acc=0.8873 pre=0.8896 rec=0.8888 f1=0.8889 BEST
2026-08-27 08:48:14,372 | EPOCH 16 train_loss=0.237333
2026-08-27 08:48:14,901 | EPOCH 16 VAL loss=0.302840 acc=0.8872 pre=0.8882 rec=0.8885 f1=0.8871
2026-08-27 08:48:21,122 | EPOCH 17 train_loss=0.233046
2026-08-27 08:48:21,666 | EPOCH 17 VAL loss=0.312460 acc=0.8862 pre=0.8879 rec=0.8868 f1=0.8836
2026-08-27 08:48:27,917 | EPOCH 18 train_loss=0.229524
2026-08-27 08:48:28,463 | EPOCH 18 VAL loss=0.295390 acc=0.8913 pre=0.8924 rec=0.8919 f1=0.8918 BEST
2026-08-27 08:48:34,977 | EPOCH 19 train_loss=0.225695
2026-08-27 08:48:35,527 | EPOCH 19 VAL loss=0.299724 acc=0.8913 pre=0.8918 rec=0.8922 f1=0.8906
2026-08-27 08:48:41,707 | EPOCH 20 train_loss=0.222222
2026-08-27 08:48:42,241 | EPOCH 20 VAL loss=0.298865 acc=0.8883 pre=0.8886 rec=0.8891 f1=0.8876
2026-08-27 08:48:48,487 | EPOCH 21 train_loss=0.219111
2026-08-27 08:48:49,014 | EPOCH 21 VAL loss=0.296400 acc=0.8908 pre=0.8917 rec=0.8917 f1=0.8908
2026-08-27 08:48:55,151 | EPOCH 22 train_loss=0.215556
2026-08-27 08:48:55,696 | EPOCH 22 VAL loss=0.295049 acc=0.8935 pre=0.8947 rec=0.8946 f1=0.8945 BEST
2026-08-27 08:49:02,327 | EPOCH 23 train_loss=0.212954
2026-08-27 08:49:02,863 | EPOCH 23 VAL loss=0.296935 acc=0.8935 pre=0.8936 rec=0.8946 f1=0.8934
2026-08-27 08:49:09,133 | EPOCH 24 train_loss=0.210124
2026-08-27 08:49:09,667 | EPOCH 24 VAL loss=0.293378 acc=0.8933 pre=0.8934 rec=0.8942 f1=0.8929
2026-08-27 08:49:15,903 | EPOCH 25 train_loss=0.206888
2026-08-27 08:49:16,441 | EPOCH 25 VAL loss=0.302632 acc=0.8872 pre=0.8902 rec=0.8878 f1=0.8865
2026-08-27 08:49:22,633 | EPOCH 26 train_loss=0.204327
2026-08-27 08:49:23,164 | EPOCH 26 VAL loss=0.291621 acc=0.8967 pre=0.8973 rec=0.8974 f1=0.8968 BEST
2026-08-27 08:49:29,784 | EPOCH 27 train_loss=0.201516
2026-08-27 08:49:30,317 | EPOCH 27 VAL loss=0.291379 acc=0.8937 pre=0.8956 rec=0.8950 f1=0.8949
2026-08-27 08:49:36,558 | EPOCH 28 train_loss=0.199132
2026-08-27 08:49:37,095 | EPOCH 28 VAL loss=0.293294 acc=0.8917 pre=0.8921 rec=0.8927 f1=0.8919
2026-08-27 08:49:43,293 | EPOCH 29 train_loss=0.196511
2026-08-27 08:49:43,850 | EPOCH 29 VAL loss=0.298846 acc=0.8938 pre=0.8941 rec=0.8953 f1=0.8942
2026-08-27 08:49:49,968 | EPOCH 30 train_loss=0.193894
2026-08-27 08:49:50,497 | EPOCH 30 VAL loss=0.290318 acc=0.8955 pre=0.8957 rec=0.8965 f1=0.8958
2026-08-27 08:49:56,734 | EPOCH 31 train_loss=0.191555
2026-08-27 08:49:57,265 | EPOCH 31 VAL loss=0.290823 acc=0.8945 pre=0.8951 rec=0.8951 f1=0.8948
2026-08-27 08:50:03,627 | EPOCH 32 train_loss=0.189280
2026-08-27 08:50:04,163 | EPOCH 32 VAL loss=0.295528 acc=0.8937 pre=0.8937 rec=0.8951 f1=0.8940
2026-08-27 08:50:10,379 | EPOCH 33 train_loss=0.186374
2026-08-27 08:50:10,912 | EPOCH 33 VAL loss=0.294114 acc=0.8938 pre=0.8945 rec=0.8953 f1=0.8946
2026-08-27 08:50:17,082 | EPOCH 34 train_loss=0.184555
2026-08-27 08:50:17,606 | EPOCH 34 VAL loss=0.294766 acc=0.8918 pre=0.8935 rec=0.8932 f1=0.8929
2026-08-27 08:50:23,826 | EPOCH 35 train_loss=0.182400
2026-08-27 08:50:24,357 | EPOCH 35 VAL loss=0.292020 acc=0.8945 pre=0.8951 rec=0.8959 f1=0.8953
2026-08-27 08:50:30,524 | EPOCH 36 train_loss=0.180543
2026-08-27 08:50:31,059 | EPOCH 36 VAL loss=0.297494 acc=0.8927 pre=0.8949 rec=0.8942 f1=0.8942
2026-08-27 08:50:31,066 | DONE best_epoch=26 best_val_loss=0.291621 early_stop=True time=249.09s
