2026-08-27 10:53:06,326 | START mlp_adam_lr0.002_s2026 opt=adam lr=0.002 seed=2026 device=cuda epochs=150 best_by=f1 stop_by=f1
2026-08-27 10:53:12,985 | EPOCH 1 train_loss=0.512407
2026-08-27 10:53:13,558 | EPOCH 1 VAL loss=0.386912 acc=0.8638 pre=0.8644 rec=0.8650 f1=0.8643 BEST
2026-08-27 10:53:20,541 | EPOCH 2 train_loss=0.375204
2026-08-27 10:53:21,109 | EPOCH 2 VAL loss=0.358412 acc=0.8683 pre=0.8688 rec=0.8699 f1=0.8681 BEST
2026-08-27 10:53:28,233 | EPOCH 3 train_loss=0.338697
2026-08-27 10:53:28,810 | EPOCH 3 VAL loss=0.378878 acc=0.8578 pre=0.8677 rec=0.8612 f1=0.8602
2026-08-27 10:53:35,525 | EPOCH 4 train_loss=0.313018
2026-08-27 10:53:36,103 | EPOCH 4 VAL loss=0.340237 acc=0.8715 pre=0.8772 rec=0.8729 f1=0.8733 BEST
2026-08-27 10:53:43,108 | EPOCH 5 train_loss=0.293317
2026-08-27 10:53:43,709 | EPOCH 5 VAL loss=0.344622 acc=0.8773 pre=0.8778 rec=0.8789 f1=0.8767 BEST
2026-08-27 10:53:50,754 | EPOCH 6 train_loss=0.279270
2026-08-27 10:53:51,320 | EPOCH 6 VAL loss=0.340691 acc=0.8715 pre=0.8806 rec=0.8735 f1=0.8744
2026-08-27 10:53:58,229 | EPOCH 7 train_loss=0.268724
2026-08-27 10:53:58,805 | EPOCH 7 VAL loss=0.325468 acc=0.8817 pre=0.8818 rec=0.8829 f1=0.8809 BEST
2026-08-27 10:54:05,980 | EPOCH 8 train_loss=0.255256
2026-08-27 10:54:06,553 | EPOCH 8 VAL loss=0.338425 acc=0.8762 pre=0.8773 rec=0.8770 f1=0.8744
2026-08-27 10:54:13,140 | EPOCH 9 train_loss=0.245238
2026-08-27 10:54:13,739 | EPOCH 9 VAL loss=0.326065 acc=0.8848 pre=0.8889 rec=0.8861 f1=0.8861 BEST
2026-08-27 10:54:20,847 | EPOCH 10 train_loss=0.239425
2026-08-27 10:54:21,407 | EPOCH 10 VAL loss=0.344532 acc=0.8810 pre=0.8816 rec=0.8822 f1=0.8792
2026-08-27 10:54:28,077 | EPOCH 11 train_loss=0.228296
2026-08-27 10:54:28,642 | EPOCH 11 VAL loss=0.348060 acc=0.8813 pre=0.8847 rec=0.8830 f1=0.8827
2026-08-27 10:54:35,341 | EPOCH 12 train_loss=0.222651
2026-08-27 10:54:35,891 | EPOCH 12 VAL loss=0.332709 acc=0.8882 pre=0.8892 rec=0.8894 f1=0.8888 BEST
2026-08-27 10:54:42,883 | EPOCH 13 train_loss=0.217119
2026-08-27 10:54:43,452 | EPOCH 13 VAL loss=0.342340 acc=0.8893 pre=0.8897 rec=0.8903 f1=0.8898 BEST
2026-08-27 10:54:50,618 | EPOCH 14 train_loss=0.209278
2026-08-27 10:54:51,178 | EPOCH 14 VAL loss=0.355562 acc=0.8863 pre=0.8868 rec=0.8871 f1=0.8861
2026-08-27 10:54:57,852 | EPOCH 15 train_loss=0.201145
2026-08-27 10:54:58,464 | EPOCH 15 VAL loss=0.329955 acc=0.8863 pre=0.8876 rec=0.8875 f1=0.8869
2026-08-27 10:55:05,160 | EPOCH 16 train_loss=0.196757
2026-08-27 10:55:05,749 | EPOCH 16 VAL loss=0.367847 acc=0.8847 pre=0.8891 rec=0.8852 f1=0.8818
2026-08-27 10:55:12,416 | EPOCH 17 train_loss=0.194769
2026-08-27 10:55:12,979 | EPOCH 17 VAL loss=0.376888 acc=0.8810 pre=0.8841 rec=0.8817 f1=0.8804
2026-08-27 10:55:19,587 | EPOCH 18 train_loss=0.186439
2026-08-27 10:55:20,155 | EPOCH 18 VAL loss=0.348256 acc=0.8907 pre=0.8910 rec=0.8912 f1=0.8903 BEST
2026-08-27 10:55:27,243 | EPOCH 19 train_loss=0.181952
2026-08-27 10:55:27,798 | EPOCH 19 VAL loss=0.360188 acc=0.8947 pre=0.8957 rec=0.8961 f1=0.8956 BEST
2026-08-27 10:55:34,701 | EPOCH 20 train_loss=0.177233
2026-08-27 10:55:35,641 | EPOCH 20 VAL loss=0.369253 acc=0.8883 pre=0.8888 rec=0.8893 f1=0.8883
2026-08-27 10:55:42,407 | EPOCH 21 train_loss=0.173356
2026-08-27 10:55:42,992 | EPOCH 21 VAL loss=0.372702 acc=0.8845 pre=0.8854 rec=0.8847 f1=0.8841
2026-08-27 10:55:49,818 | EPOCH 22 train_loss=0.167176
2026-08-27 10:55:50,398 | EPOCH 22 VAL loss=0.379397 acc=0.8895 pre=0.8912 rec=0.8901 f1=0.8900
2026-08-27 10:55:57,112 | EPOCH 23 train_loss=0.167387
2026-08-27 10:55:57,698 | EPOCH 23 VAL loss=0.420971 acc=0.8837 pre=0.8855 rec=0.8850 f1=0.8839
2026-08-27 10:56:04,651 | EPOCH 24 train_loss=0.165670
2026-08-27 10:56:05,222 | EPOCH 24 VAL loss=0.376706 acc=0.8900 pre=0.8909 rec=0.8909 f1=0.8907
2026-08-27 10:56:11,942 | EPOCH 25 train_loss=0.157087
2026-08-27 10:56:12,518 | EPOCH 25 VAL loss=0.396496 acc=0.8912 pre=0.8918 rec=0.8916 f1=0.8905
2026-08-27 10:56:19,261 | EPOCH 26 train_loss=0.155621
2026-08-27 10:56:19,831 | EPOCH 26 VAL loss=0.418994 acc=0.8900 pre=0.8924 rec=0.8903 f1=0.8886
2026-08-27 10:56:26,654 | EPOCH 27 train_loss=0.156440
2026-08-27 10:56:27,228 | EPOCH 27 VAL loss=0.377917 acc=0.8952 pre=0.8959 rec=0.8960 f1=0.8955
2026-08-27 10:56:34,012 | EPOCH 28 train_loss=0.146983
2026-08-27 10:56:34,580 | EPOCH 28 VAL loss=0.430576 acc=0.8915 pre=0.8919 rec=0.8933 f1=0.8921
2026-08-27 10:56:41,271 | EPOCH 29 train_loss=0.144055
2026-08-27 10:56:41,872 | EPOCH 29 VAL loss=0.397453 acc=0.8902 pre=0.8913 rec=0.8919 f1=0.8909
2026-08-27 10:56:41,881 | DONE best_epoch=19 best_val_loss=0.360188 early_stop=True time=214.87s
