2026-08-27 07:48:46,313 | START cnn_adadelta_lr1.0_s2026 opt=adadelta lr=1.0 seed=2026 device=cuda epochs=150 best_by=f1 stop_by=f1
2026-08-27 07:48:54,134 | EPOCH 1 train_loss=0.523425
2026-08-27 07:48:54,766 | EPOCH 1 VAL loss=0.379419 acc=0.8652 pre=0.8662 rec=0.8667 f1=0.8609 BEST
2026-08-27 07:49:03,441 | EPOCH 2 train_loss=0.309719
2026-08-27 07:49:04,075 | EPOCH 2 VAL loss=0.291195 acc=0.8918 pre=0.8927 rec=0.8934 f1=0.8906 BEST
2026-08-27 07:49:11,656 | EPOCH 3 train_loss=0.255358
2026-08-27 07:49:12,259 | EPOCH 3 VAL loss=0.291732 acc=0.8903 pre=0.9074 rec=0.8938 f1=0.8939 BEST
2026-08-27 07:49:19,953 | EPOCH 4 train_loss=0.223999
2026-08-27 07:49:20,638 | EPOCH 4 VAL loss=0.243699 acc=0.9075 pre=0.9087 rec=0.9078 f1=0.9072 BEST
2026-08-27 07:49:29,035 | EPOCH 5 train_loss=0.200374
2026-08-27 07:49:29,635 | EPOCH 5 VAL loss=0.233037 acc=0.9183 pre=0.9186 rec=0.9186 f1=0.9182 BEST
2026-08-27 07:49:37,418 | EPOCH 6 train_loss=0.180897
2026-08-27 07:49:38,019 | EPOCH 6 VAL loss=0.232721 acc=0.9198 pre=0.9202 rec=0.9208 f1=0.9202 BEST
2026-08-27 07:49:46,470 | EPOCH 7 train_loss=0.164058
2026-08-27 07:49:47,098 | EPOCH 7 VAL loss=0.245675 acc=0.9137 pre=0.9174 rec=0.9150 f1=0.9147
2026-08-27 07:49:54,705 | EPOCH 8 train_loss=0.148771
2026-08-27 07:49:55,306 | EPOCH 8 VAL loss=0.223172 acc=0.9228 pre=0.9233 rec=0.9239 f1=0.9233 BEST
2026-08-27 07:50:02,997 | EPOCH 9 train_loss=0.134474
2026-08-27 07:50:03,644 | EPOCH 9 VAL loss=0.233555 acc=0.9235 pre=0.9257 rec=0.9245 f1=0.9247 BEST
2026-08-27 07:50:11,432 | EPOCH 10 train_loss=0.122612
2026-08-27 07:50:12,047 | EPOCH 10 VAL loss=0.235472 acc=0.9207 pre=0.9229 rec=0.9215 f1=0.9217
2026-08-27 07:50:19,541 | EPOCH 11 train_loss=0.111583
2026-08-27 07:50:20,151 | EPOCH 11 VAL loss=0.257889 acc=0.9197 pre=0.9217 rec=0.9204 f1=0.9200
2026-08-27 07:50:27,981 | EPOCH 12 train_loss=0.098392
2026-08-27 07:50:29,281 | EPOCH 12 VAL loss=0.278752 acc=0.9218 pre=0.9230 rec=0.9223 f1=0.9212
2026-08-27 07:50:36,733 | EPOCH 13 train_loss=0.089922
2026-08-27 07:50:37,347 | EPOCH 13 VAL loss=0.292976 acc=0.9225 pre=0.9241 rec=0.9227 f1=0.9225
2026-08-27 07:50:45,014 | EPOCH 14 train_loss=0.081270
2026-08-27 07:50:45,644 | EPOCH 14 VAL loss=0.298127 acc=0.9227 pre=0.9238 rec=0.9230 f1=0.9223
2026-08-27 07:50:53,231 | EPOCH 15 train_loss=0.071729
2026-08-27 07:50:53,910 | EPOCH 15 VAL loss=0.284268 acc=0.9193 pre=0.9206 rec=0.9203 f1=0.9202
2026-08-27 07:51:01,325 | EPOCH 16 train_loss=0.063576
2026-08-27 07:51:01,990 | EPOCH 16 VAL loss=0.324690 acc=0.9192 pre=0.9210 rec=0.9206 f1=0.9201
2026-08-27 07:51:09,669 | EPOCH 17 train_loss=0.058015
2026-08-27 07:51:10,272 | EPOCH 17 VAL loss=0.335467 acc=0.9247 pre=0.9250 rec=0.9253 f1=0.9244
2026-08-27 07:51:18,676 | EPOCH 18 train_loss=0.050062
2026-08-27 07:51:19,259 | EPOCH 18 VAL loss=0.352118 acc=0.9240 pre=0.9251 rec=0.9245 f1=0.9243
2026-08-27 07:51:26,973 | EPOCH 19 train_loss=0.048030
2026-08-27 07:51:27,572 | EPOCH 19 VAL loss=0.380964 acc=0.9265 pre=0.9280 rec=0.9268 f1=0.9262 BEST
2026-08-27 07:51:36,161 | EPOCH 20 train_loss=0.040948
2026-08-27 07:51:36,874 | EPOCH 20 VAL loss=0.404234 acc=0.9283 pre=0.9289 rec=0.9288 f1=0.9286 BEST
2026-08-27 07:51:44,681 | EPOCH 21 train_loss=0.036618
2026-08-27 07:51:45,299 | EPOCH 21 VAL loss=0.505624 acc=0.9120 pre=0.9140 rec=0.9135 f1=0.9128
2026-08-27 07:51:52,596 | EPOCH 22 train_loss=0.031985
2026-08-27 07:51:53,205 | EPOCH 22 VAL loss=0.449543 acc=0.9232 pre=0.9252 rec=0.9245 f1=0.9243
2026-08-27 07:52:01,072 | EPOCH 23 train_loss=0.026787
2026-08-27 07:52:01,664 | EPOCH 23 VAL loss=0.466393 acc=0.9258 pre=0.9262 rec=0.9270 f1=0.9264
2026-08-27 07:52:09,238 | EPOCH 24 train_loss=0.023432
2026-08-27 07:52:09,844 | EPOCH 24 VAL loss=0.476512 acc=0.9230 pre=0.9237 rec=0.9245 f1=0.9238
2026-08-27 07:52:17,264 | EPOCH 25 train_loss=0.021579
2026-08-27 07:52:17,880 | EPOCH 25 VAL loss=0.502726 acc=0.9260 pre=0.9275 rec=0.9264 f1=0.9262
2026-08-27 07:52:25,744 | EPOCH 26 train_loss=0.017490
2026-08-27 07:52:26,362 | EPOCH 26 VAL loss=0.528133 acc=0.9245 pre=0.9255 rec=0.9250 f1=0.9252
2026-08-27 07:52:33,903 | EPOCH 27 train_loss=0.017691
2026-08-27 07:52:34,524 | EPOCH 27 VAL loss=0.530490 acc=0.9228 pre=0.9249 rec=0.9239 f1=0.9241
2026-08-27 07:52:42,880 | EPOCH 28 train_loss=0.015427
2026-08-27 07:52:43,518 | EPOCH 28 VAL loss=0.546826 acc=0.9230 pre=0.9236 rec=0.9239 f1=0.9237
2026-08-27 07:52:51,140 | EPOCH 29 train_loss=0.011726
2026-08-27 07:52:51,748 | EPOCH 29 VAL loss=0.641547 acc=0.9220 pre=0.9224 rec=0.9228 f1=0.9219
2026-08-27 07:52:59,072 | EPOCH 30 train_loss=0.011027
2026-08-27 07:52:59,662 | EPOCH 30 VAL loss=0.549411 acc=0.9283 pre=0.9290 rec=0.9291 f1=0.9288 BEST
2026-08-27 07:53:07,780 | EPOCH 31 train_loss=0.008980
2026-08-27 07:53:08,367 | EPOCH 31 VAL loss=0.594248 acc=0.9265 pre=0.9273 rec=0.9270 f1=0.9269
2026-08-27 07:53:15,713 | EPOCH 32 train_loss=0.010101
2026-08-27 07:53:16,294 | EPOCH 32 VAL loss=0.569832 acc=0.9290 pre=0.9290 rec=0.9300 f1=0.9292 BEST
2026-08-27 07:53:23,886 | EPOCH 33 train_loss=0.008517
2026-08-27 07:53:24,479 | EPOCH 33 VAL loss=0.729928 acc=0.9222 pre=0.9228 rec=0.9234 f1=0.9227
2026-08-27 07:53:32,082 | EPOCH 34 train_loss=0.008551
2026-08-27 07:53:32,674 | EPOCH 34 VAL loss=0.713754 acc=0.9233 pre=0.9241 rec=0.9244 f1=0.9242
2026-08-27 07:53:40,015 | EPOCH 35 train_loss=0.006921
2026-08-27 07:53:40,624 | EPOCH 35 VAL loss=0.688705 acc=0.9250 pre=0.9255 rec=0.9258 f1=0.9251
2026-08-27 07:53:48,385 | EPOCH 36 train_loss=0.004459
2026-08-27 07:53:49,623 | EPOCH 36 VAL loss=0.649616 acc=0.9205 pre=0.9205 rec=0.9214 f1=0.9205
2026-08-27 07:53:57,336 | EPOCH 37 train_loss=0.004086
2026-08-27 07:53:57,931 | EPOCH 37 VAL loss=0.699839 acc=0.9295 pre=0.9299 rec=0.9304 f1=0.9301 BEST
2026-08-27 07:54:05,568 | EPOCH 38 train_loss=0.004902
2026-08-27 07:54:06,169 | EPOCH 38 VAL loss=0.687559 acc=0.9250 pre=0.9258 rec=0.9259 f1=0.9257
2026-08-27 07:54:14,672 | EPOCH 39 train_loss=0.002056
2026-08-27 07:54:15,241 | EPOCH 39 VAL loss=0.759434 acc=0.9250 pre=0.9255 rec=0.9257 f1=0.9250
2026-08-27 07:54:22,778 | EPOCH 40 train_loss=0.001113
2026-08-27 07:54:23,407 | EPOCH 40 VAL loss=0.744647 acc=0.9270 pre=0.9274 rec=0.9277 f1=0.9273
2026-08-27 07:54:30,853 | EPOCH 41 train_loss=0.002568
2026-08-27 07:54:31,452 | EPOCH 41 VAL loss=0.732529 acc=0.9257 pre=0.9266 rec=0.9267 f1=0.9265
2026-08-27 07:54:39,448 | EPOCH 42 train_loss=0.000407
2026-08-27 07:54:40,027 | EPOCH 42 VAL loss=0.782495 acc=0.9255 pre=0.9266 rec=0.9264 f1=0.9264
2026-08-27 07:54:47,438 | EPOCH 43 train_loss=0.000134
2026-08-27 07:54:48,075 | EPOCH 43 VAL loss=0.817687 acc=0.9278 pre=0.9280 rec=0.9287 f1=0.9282
2026-08-27 07:54:55,697 | EPOCH 44 train_loss=0.000032
2026-08-27 07:54:56,554 | EPOCH 44 VAL loss=0.811306 acc=0.9290 pre=0.9294 rec=0.9298 f1=0.9295
2026-08-27 07:55:04,306 | EPOCH 45 train_loss=0.000020
2026-08-27 07:55:04,884 | EPOCH 45 VAL loss=0.819761 acc=0.9292 pre=0.9295 rec=0.9300 f1=0.9297
2026-08-27 07:55:12,183 | EPOCH 46 train_loss=0.000016
2026-08-27 07:55:12,815 | EPOCH 46 VAL loss=0.831701 acc=0.9298 pre=0.9301 rec=0.9306 f1=0.9303 BEST
2026-08-27 07:55:21,389 | EPOCH 47 train_loss=0.000014
2026-08-27 07:55:22,049 | EPOCH 47 VAL loss=0.833769 acc=0.9292 pre=0.9294 rec=0.9300 f1=0.9296
2026-08-27 07:55:29,815 | EPOCH 48 train_loss=0.000013
2026-08-27 07:55:30,410 | EPOCH 48 VAL loss=0.835044 acc=0.9290 pre=0.9293 rec=0.9299 f1=0.9295
2026-08-27 07:55:37,991 | EPOCH 49 train_loss=0.000012
2026-08-27 07:55:38,725 | EPOCH 49 VAL loss=0.844437 acc=0.9297 pre=0.9300 rec=0.9305 f1=0.9301
2026-08-27 07:55:47,383 | EPOCH 50 train_loss=0.000011
2026-08-27 07:55:48,032 | EPOCH 50 VAL loss=0.845437 acc=0.9292 pre=0.9295 rec=0.9300 f1=0.9297
2026-08-27 07:55:55,523 | EPOCH 51 train_loss=0.000010
2026-08-27 07:55:56,108 | EPOCH 51 VAL loss=0.847629 acc=0.9298 pre=0.9301 rec=0.9307 f1=0.9303 BEST
2026-08-27 07:56:05,108 | EPOCH 52 train_loss=0.000010
2026-08-27 07:56:05,742 | EPOCH 52 VAL loss=0.851780 acc=0.9293 pre=0.9296 rec=0.9302 f1=0.9298
2026-08-27 07:56:13,177 | EPOCH 53 train_loss=0.000009
2026-08-27 07:56:13,845 | EPOCH 53 VAL loss=0.855948 acc=0.9297 pre=0.9300 rec=0.9305 f1=0.9302
2026-08-27 07:56:21,363 | EPOCH 54 train_loss=0.000009
2026-08-27 07:56:21,979 | EPOCH 54 VAL loss=0.859798 acc=0.9292 pre=0.9295 rec=0.9300 f1=0.9297
2026-08-27 07:56:29,593 | EPOCH 55 train_loss=0.000008
2026-08-27 07:56:30,198 | EPOCH 55 VAL loss=0.865654 acc=0.9295 pre=0.9298 rec=0.9304 f1=0.9300
2026-08-27 07:56:37,669 | EPOCH 56 train_loss=0.000008
2026-08-27 07:56:38,313 | EPOCH 56 VAL loss=0.866088 acc=0.9297 pre=0.9300 rec=0.9305 f1=0.9302
2026-08-27 07:56:45,690 | EPOCH 57 train_loss=0.000008
2026-08-27 07:56:46,301 | EPOCH 57 VAL loss=0.869931 acc=0.9293 pre=0.9296 rec=0.9302 f1=0.9298
2026-08-27 07:56:54,672 | EPOCH 58 train_loss=0.000007
2026-08-27 07:56:55,251 | EPOCH 58 VAL loss=0.873842 acc=0.9293 pre=0.9296 rec=0.9302 f1=0.9298
2026-08-27 07:57:02,793 | EPOCH 59 train_loss=0.000007
2026-08-27 07:57:03,428 | EPOCH 59 VAL loss=0.876156 acc=0.9295 pre=0.9298 rec=0.9303 f1=0.9300
2026-08-27 07:57:11,510 | EPOCH 60 train_loss=0.000007
2026-08-27 07:57:12,160 | EPOCH 60 VAL loss=0.877013 acc=0.9295 pre=0.9298 rec=0.9303 f1=0.9300
2026-08-27 07:57:19,754 | EPOCH 61 train_loss=0.000007
2026-08-27 07:57:20,352 | EPOCH 61 VAL loss=0.877283 acc=0.9297 pre=0.9300 rec=0.9305 f1=0.9302
2026-08-27 07:57:20,360 | DONE best_epoch=51 best_val_loss=0.847629 early_stop=True time=513.35s
