2026-08-27 12:25:27,642 | START mlp_adamax_lr0.0005_s42 opt=adamax lr=0.0005 seed=42 device=cuda epochs=150 best_by=f1 stop_by=f1
2026-08-27 12:25:34,697 | EPOCH 1 train_loss=0.713514
2026-08-27 12:25:35,262 | EPOCH 1 VAL loss=0.521489 acc=0.8207 pre=0.8255 rec=0.8224 f1=0.8226 BEST
2026-08-27 12:25:42,221 | EPOCH 2 train_loss=0.468819
2026-08-27 12:25:42,807 | EPOCH 2 VAL loss=0.456266 acc=0.8412 pre=0.8413 rec=0.8410 f1=0.8381 BEST
2026-08-27 12:25:49,956 | EPOCH 3 train_loss=0.425712
2026-08-27 12:25:50,534 | EPOCH 3 VAL loss=0.432184 acc=0.8477 pre=0.8487 rec=0.8484 f1=0.8466 BEST
2026-08-27 12:25:57,655 | EPOCH 4 train_loss=0.397634
2026-08-27 12:25:58,237 | EPOCH 4 VAL loss=0.400580 acc=0.8628 pre=0.8640 rec=0.8634 f1=0.8630 BEST
2026-08-27 12:26:05,321 | EPOCH 5 train_loss=0.378404
2026-08-27 12:26:05,918 | EPOCH 5 VAL loss=0.386267 acc=0.8640 pre=0.8636 rec=0.8648 f1=0.8625
2026-08-27 12:26:12,764 | EPOCH 6 train_loss=0.364517
2026-08-27 12:26:13,758 | EPOCH 6 VAL loss=0.382916 acc=0.8670 pre=0.8696 rec=0.8672 f1=0.8643 BEST
2026-08-27 12:26:20,950 | EPOCH 7 train_loss=0.350753
2026-08-27 12:26:21,557 | EPOCH 7 VAL loss=0.371477 acc=0.8663 pre=0.8689 rec=0.8671 f1=0.8666 BEST
2026-08-27 12:26:28,734 | EPOCH 8 train_loss=0.339015
2026-08-27 12:26:29,316 | EPOCH 8 VAL loss=0.356237 acc=0.8733 pre=0.8740 rec=0.8736 f1=0.8714 BEST
2026-08-27 12:26:36,434 | EPOCH 9 train_loss=0.328692
2026-08-27 12:26:37,008 | EPOCH 9 VAL loss=0.355358 acc=0.8748 pre=0.8744 rec=0.8762 f1=0.8731 BEST
2026-08-27 12:26:44,099 | EPOCH 10 train_loss=0.318631
2026-08-27 12:26:44,677 | EPOCH 10 VAL loss=0.345571 acc=0.8773 pre=0.8772 rec=0.8783 f1=0.8763 BEST
2026-08-27 12:26:51,684 | EPOCH 11 train_loss=0.310940
2026-08-27 12:26:52,251 | EPOCH 11 VAL loss=0.340774 acc=0.8777 pre=0.8779 rec=0.8781 f1=0.8766 BEST
2026-08-27 12:26:59,374 | EPOCH 12 train_loss=0.301813
2026-08-27 12:26:59,943 | EPOCH 12 VAL loss=0.335171 acc=0.8785 pre=0.8782 rec=0.8797 f1=0.8773 BEST
2026-08-27 12:27:07,183 | EPOCH 13 train_loss=0.293595
2026-08-27 12:27:07,780 | EPOCH 13 VAL loss=0.333679 acc=0.8768 pre=0.8793 rec=0.8778 f1=0.8777 BEST
2026-08-27 12:27:14,837 | EPOCH 14 train_loss=0.287850
2026-08-27 12:27:15,428 | EPOCH 14 VAL loss=0.323281 acc=0.8825 pre=0.8824 rec=0.8834 f1=0.8818 BEST
2026-08-27 12:27:22,564 | EPOCH 15 train_loss=0.281697
2026-08-27 12:27:23,147 | EPOCH 15 VAL loss=0.332209 acc=0.8757 pre=0.8790 rec=0.8768 f1=0.8760
2026-08-27 12:27:29,951 | EPOCH 16 train_loss=0.275918
2026-08-27 12:27:30,545 | EPOCH 16 VAL loss=0.320671 acc=0.8823 pre=0.8835 rec=0.8834 f1=0.8825 BEST
2026-08-27 12:27:37,720 | EPOCH 17 train_loss=0.269111
2026-08-27 12:27:38,331 | EPOCH 17 VAL loss=0.312675 acc=0.8857 pre=0.8861 rec=0.8870 f1=0.8861 BEST
2026-08-27 12:27:45,450 | EPOCH 18 train_loss=0.265304
2026-08-27 12:27:46,029 | EPOCH 18 VAL loss=0.316954 acc=0.8857 pre=0.8857 rec=0.8868 f1=0.8849
2026-08-27 12:27:52,683 | EPOCH 19 train_loss=0.258211
2026-08-27 12:27:53,251 | EPOCH 19 VAL loss=0.313052 acc=0.8833 pre=0.8847 rec=0.8849 f1=0.8843
2026-08-27 12:28:00,053 | EPOCH 20 train_loss=0.253592
2026-08-27 12:28:00,634 | EPOCH 20 VAL loss=0.308382 acc=0.8878 pre=0.8892 rec=0.8893 f1=0.8891 BEST
2026-08-27 12:28:07,681 | EPOCH 21 train_loss=0.248246
2026-08-27 12:28:08,244 | EPOCH 21 VAL loss=0.322002 acc=0.8822 pre=0.8881 rec=0.8844 f1=0.8843
2026-08-27 12:28:14,958 | EPOCH 22 train_loss=0.243723
2026-08-27 12:28:15,527 | EPOCH 22 VAL loss=0.303382 acc=0.8878 pre=0.8877 rec=0.8887 f1=0.8880
2026-08-27 12:28:22,180 | EPOCH 23 train_loss=0.240447
2026-08-27 12:28:22,771 | EPOCH 23 VAL loss=0.304509 acc=0.8902 pre=0.8902 rec=0.8916 f1=0.8905 BEST
2026-08-27 12:28:29,860 | EPOCH 24 train_loss=0.235705
2026-08-27 12:28:30,441 | EPOCH 24 VAL loss=0.307566 acc=0.8883 pre=0.8896 rec=0.8888 f1=0.8889
2026-08-27 12:28:37,144 | EPOCH 25 train_loss=0.230635
2026-08-27 12:28:37,726 | EPOCH 25 VAL loss=0.300001 acc=0.8908 pre=0.8925 rec=0.8920 f1=0.8919 BEST
2026-08-27 12:28:44,814 | EPOCH 26 train_loss=0.227380
2026-08-27 12:28:45,787 | EPOCH 26 VAL loss=0.305964 acc=0.8867 pre=0.8891 rec=0.8881 f1=0.8878
2026-08-27 12:28:52,546 | EPOCH 27 train_loss=0.222257
2026-08-27 12:28:53,125 | EPOCH 27 VAL loss=0.299099 acc=0.8933 pre=0.8935 rec=0.8941 f1=0.8926 BEST
2026-08-27 12:29:00,249 | EPOCH 28 train_loss=0.219233
2026-08-27 12:29:00,822 | EPOCH 28 VAL loss=0.304532 acc=0.8905 pre=0.8908 rec=0.8914 f1=0.8895
2026-08-27 12:29:07,554 | EPOCH 29 train_loss=0.215304
2026-08-27 12:29:08,129 | EPOCH 29 VAL loss=0.307250 acc=0.8895 pre=0.8922 rec=0.8902 f1=0.8888
2026-08-27 12:29:14,815 | EPOCH 30 train_loss=0.210562
2026-08-27 12:29:15,388 | EPOCH 30 VAL loss=0.297242 acc=0.8925 pre=0.8922 rec=0.8937 f1=0.8923
2026-08-27 12:29:21,989 | EPOCH 31 train_loss=0.208389
2026-08-27 12:29:22,560 | EPOCH 31 VAL loss=0.305207 acc=0.8915 pre=0.8916 rec=0.8927 f1=0.8908
2026-08-27 12:29:29,335 | EPOCH 32 train_loss=0.203068
2026-08-27 12:29:29,907 | EPOCH 32 VAL loss=0.299050 acc=0.8885 pre=0.8892 rec=0.8899 f1=0.8893
2026-08-27 12:29:36,662 | EPOCH 33 train_loss=0.198823
2026-08-27 12:29:37,241 | EPOCH 33 VAL loss=0.302644 acc=0.8912 pre=0.8928 rec=0.8917 f1=0.8914
2026-08-27 12:29:43,906 | EPOCH 34 train_loss=0.196900
2026-08-27 12:29:44,465 | EPOCH 34 VAL loss=0.298014 acc=0.8933 pre=0.8934 rec=0.8943 f1=0.8928 BEST
2026-08-27 12:29:51,426 | EPOCH 35 train_loss=0.193034
2026-08-27 12:29:52,009 | EPOCH 35 VAL loss=0.297505 acc=0.8937 pre=0.8945 rec=0.8944 f1=0.8943 BEST
2026-08-27 12:29:59,037 | EPOCH 36 train_loss=0.189087
2026-08-27 12:29:59,605 | EPOCH 36 VAL loss=0.319698 acc=0.8830 pre=0.8868 rec=0.8840 f1=0.8845
2026-08-27 12:30:06,226 | EPOCH 37 train_loss=0.185934
2026-08-27 12:30:06,791 | EPOCH 37 VAL loss=0.310940 acc=0.8890 pre=0.8907 rec=0.8896 f1=0.8879
2026-08-27 12:30:13,487 | EPOCH 38 train_loss=0.181856
2026-08-27 12:30:14,114 | EPOCH 38 VAL loss=0.297191 acc=0.8955 pre=0.8966 rec=0.8960 f1=0.8954 BEST
2026-08-27 12:30:21,055 | EPOCH 39 train_loss=0.179033
2026-08-27 12:30:21,628 | EPOCH 39 VAL loss=0.304103 acc=0.8913 pre=0.8929 rec=0.8926 f1=0.8923
2026-08-27 12:30:28,343 | EPOCH 40 train_loss=0.175526
2026-08-27 12:30:28,918 | EPOCH 40 VAL loss=0.312533 acc=0.8912 pre=0.8922 rec=0.8926 f1=0.8914
2026-08-27 12:30:35,719 | EPOCH 41 train_loss=0.172121
2026-08-27 12:30:36,307 | EPOCH 41 VAL loss=0.303107 acc=0.8947 pre=0.8954 rec=0.8953 f1=0.8950
2026-08-27 12:30:42,977 | EPOCH 42 train_loss=0.169164
2026-08-27 12:30:43,597 | EPOCH 42 VAL loss=0.306385 acc=0.8880 pre=0.8905 rec=0.8898 f1=0.8896
2026-08-27 12:30:50,290 | EPOCH 43 train_loss=0.165979
2026-08-27 12:30:50,855 | EPOCH 43 VAL loss=0.316531 acc=0.8897 pre=0.8911 rec=0.8900 f1=0.8890
2026-08-27 12:30:57,613 | EPOCH 44 train_loss=0.163838
2026-08-27 12:30:58,191 | EPOCH 44 VAL loss=0.301630 acc=0.8953 pre=0.8958 rec=0.8961 f1=0.8957 BEST
2026-08-27 12:31:05,236 | EPOCH 45 train_loss=0.158953
2026-08-27 12:31:05,821 | EPOCH 45 VAL loss=0.303955 acc=0.8935 pre=0.8941 rec=0.8947 f1=0.8942
2026-08-27 12:31:12,435 | EPOCH 46 train_loss=0.156557
2026-08-27 12:31:12,993 | EPOCH 46 VAL loss=0.308264 acc=0.8903 pre=0.8915 rec=0.8919 f1=0.8912
2026-08-27 12:31:19,591 | EPOCH 47 train_loss=0.154691
2026-08-27 12:31:20,173 | EPOCH 47 VAL loss=0.314492 acc=0.8903 pre=0.8927 rec=0.8911 f1=0.8909
2026-08-27 12:31:26,883 | EPOCH 48 train_loss=0.151728
2026-08-27 12:31:27,446 | EPOCH 48 VAL loss=0.315160 acc=0.8913 pre=0.8913 rec=0.8922 f1=0.8911
2026-08-27 12:31:34,142 | EPOCH 49 train_loss=0.149580
2026-08-27 12:31:34,720 | EPOCH 49 VAL loss=0.318572 acc=0.8887 pre=0.8904 rec=0.8898 f1=0.8898
2026-08-27 12:31:41,543 | EPOCH 50 train_loss=0.146248
2026-08-27 12:31:42,113 | EPOCH 50 VAL loss=0.305466 acc=0.8958 pre=0.8959 rec=0.8968 f1=0.8959 BEST
2026-08-27 12:31:49,154 | EPOCH 51 train_loss=0.143601
2026-08-27 12:31:49,734 | EPOCH 51 VAL loss=0.316536 acc=0.8925 pre=0.8934 rec=0.8934 f1=0.8925
2026-08-27 12:31:56,372 | EPOCH 52 train_loss=0.140023
2026-08-27 12:31:56,944 | EPOCH 52 VAL loss=0.318149 acc=0.8928 pre=0.8942 rec=0.8942 f1=0.8939
2026-08-27 12:32:03,671 | EPOCH 53 train_loss=0.138426
2026-08-27 12:32:04,229 | EPOCH 53 VAL loss=0.340923 acc=0.8903 pre=0.8926 rec=0.8911 f1=0.8876
2026-08-27 12:32:10,781 | EPOCH 54 train_loss=0.134099
2026-08-27 12:32:11,332 | EPOCH 54 VAL loss=0.320362 acc=0.8940 pre=0.8949 rec=0.8945 f1=0.8938
2026-08-27 12:32:18,105 | EPOCH 55 train_loss=0.133582
2026-08-27 12:32:18,706 | EPOCH 55 VAL loss=0.332810 acc=0.8932 pre=0.8948 rec=0.8936 f1=0.8925
2026-08-27 12:32:25,756 | EPOCH 56 train_loss=0.131985
2026-08-27 12:32:26,355 | EPOCH 56 VAL loss=0.318713 acc=0.8975 pre=0.8990 rec=0.8979 f1=0.8976 BEST
2026-08-27 12:32:33,663 | EPOCH 57 train_loss=0.129351
2026-08-27 12:32:34,260 | EPOCH 57 VAL loss=0.322542 acc=0.8910 pre=0.8916 rec=0.8917 f1=0.8914
2026-08-27 12:32:41,205 | EPOCH 58 train_loss=0.124543
2026-08-27 12:32:41,833 | EPOCH 58 VAL loss=0.340543 acc=0.8917 pre=0.8932 rec=0.8924 f1=0.8906
2026-08-27 12:32:48,859 | EPOCH 59 train_loss=0.121389
2026-08-27 12:32:49,461 | EPOCH 59 VAL loss=0.330799 acc=0.8943 pre=0.8952 rec=0.8951 f1=0.8949
2026-08-27 12:32:52,017 | INTERRUPTED epoch=59 batch=306
2026-08-27 12:52:33,566 | START mlp_adamax_lr0.0005_s42 opt=adamax lr=0.0005 seed=42 device=cuda epochs=150 best_by=f1 stop_by=f1
2026-08-27 12:52:37,573 | START mlp_adamax_lr0.0005_s42 opt=adamax lr=0.0005 seed=42 device=cuda epochs=150 best_by=f1 stop_by=f1
2026-08-27 12:52:37,587 | RESUMED from epoch 0, batch 400
2026-08-27 12:52:43,087 | EPOCH 1 train_loss=0.713514
2026-08-27 12:52:44,203 | EPOCH 1 VAL loss=0.521489 acc=0.8207 pre=0.8255 rec=0.8224 f1=0.8226 BEST
2026-08-27 12:52:48,602 | EPOCH 1 train_loss=0.547021
2026-08-27 12:52:50,210 | EPOCH 1 VAL loss=0.521489 acc=0.8207 pre=0.8255 rec=0.8224 f1=0.8226 BEST
2026-08-27 12:52:56,835 | EPOCH 2 train_loss=0.468819
2026-08-27 12:52:58,462 | EPOCH 2 VAL loss=0.456266 acc=0.8412 pre=0.8413 rec=0.8410 f1=0.8381 BEST
2026-08-27 12:53:02,731 | EPOCH 2 train_loss=0.468819
2026-08-27 12:53:03,850 | EPOCH 2 VAL loss=0.456266 acc=0.8412 pre=0.8413 rec=0.8410 f1=0.8381 BEST
2026-08-27 12:53:11,179 | EPOCH 3 train_loss=0.425712
2026-08-27 12:53:12,240 | EPOCH 3 VAL loss=0.432184 acc=0.8477 pre=0.8487 rec=0.8484 f1=0.8466 BEST
2026-08-27 12:53:16,559 | EPOCH 3 train_loss=0.425712
2026-08-27 12:53:17,626 | EPOCH 3 VAL loss=0.432184 acc=0.8477 pre=0.8487 rec=0.8484 f1=0.8466 BEST
2026-08-27 12:53:25,309 | EPOCH 4 train_loss=0.397634
2026-08-27 12:53:26,404 | EPOCH 4 VAL loss=0.400580 acc=0.8628 pre=0.8640 rec=0.8634 f1=0.8630 BEST
2026-08-27 12:53:29,962 | EPOCH 4 train_loss=0.397634
2026-08-27 12:53:31,032 | EPOCH 4 VAL loss=0.400580 acc=0.8628 pre=0.8640 rec=0.8634 f1=0.8630 BEST
2026-08-27 12:53:39,037 | EPOCH 5 train_loss=0.378404
2026-08-27 12:53:40,118 | EPOCH 5 VAL loss=0.386267 acc=0.8640 pre=0.8636 rec=0.8648 f1=0.8625
2026-08-27 12:53:43,417 | EPOCH 5 train_loss=0.378404
2026-08-27 12:53:44,566 | EPOCH 5 VAL loss=0.386267 acc=0.8640 pre=0.8636 rec=0.8648 f1=0.8625
2026-08-27 12:53:52,362 | EPOCH 6 train_loss=0.364517
2026-08-27 12:53:53,430 | EPOCH 6 VAL loss=0.382916 acc=0.8670 pre=0.8696 rec=0.8672 f1=0.8643 BEST
2026-08-27 12:53:56,526 | EPOCH 6 train_loss=0.364517
2026-08-27 12:53:57,683 | EPOCH 6 VAL loss=0.382916 acc=0.8670 pre=0.8696 rec=0.8672 f1=0.8643 BEST
2026-08-27 12:54:06,080 | EPOCH 7 train_loss=0.350753
2026-08-27 12:54:07,158 | EPOCH 7 VAL loss=0.371477 acc=0.8663 pre=0.8689 rec=0.8671 f1=0.8666 BEST
2026-08-27 12:54:10,073 | EPOCH 7 train_loss=0.350753
2026-08-27 12:54:11,157 | EPOCH 7 VAL loss=0.371477 acc=0.8663 pre=0.8689 rec=0.8671 f1=0.8666 BEST
2026-08-27 12:54:19,708 | EPOCH 8 train_loss=0.339015
2026-08-27 12:54:20,805 | EPOCH 8 VAL loss=0.356237 acc=0.8733 pre=0.8740 rec=0.8736 f1=0.8714 BEST
2026-08-27 12:54:23,513 | EPOCH 8 train_loss=0.339015
2026-08-27 12:54:24,633 | EPOCH 8 VAL loss=0.356237 acc=0.8733 pre=0.8740 rec=0.8736 f1=0.8714 BEST
2026-08-27 12:54:33,436 | EPOCH 9 train_loss=0.328692
2026-08-27 12:54:34,620 | EPOCH 9 VAL loss=0.355358 acc=0.8748 pre=0.8744 rec=0.8762 f1=0.8731 BEST
2026-08-27 12:54:37,223 | EPOCH 9 train_loss=0.328692
2026-08-27 12:54:38,268 | EPOCH 9 VAL loss=0.355358 acc=0.8748 pre=0.8744 rec=0.8762 f1=0.8731 BEST
2026-08-27 12:54:47,157 | EPOCH 10 train_loss=0.318631
2026-08-27 12:54:48,377 | EPOCH 10 VAL loss=0.345571 acc=0.8773 pre=0.8772 rec=0.8783 f1=0.8763 BEST
2026-08-27 12:54:51,275 | EPOCH 10 train_loss=0.318631
2026-08-27 12:54:52,363 | EPOCH 10 VAL loss=0.345571 acc=0.8773 pre=0.8772 rec=0.8783 f1=0.8763 BEST
2026-08-27 12:55:01,405 | EPOCH 11 train_loss=0.310940
2026-08-27 12:55:02,495 | EPOCH 11 VAL loss=0.340774 acc=0.8777 pre=0.8779 rec=0.8781 f1=0.8766 BEST
2026-08-27 12:55:04,995 | EPOCH 11 train_loss=0.310940
2026-08-27 12:55:06,070 | EPOCH 11 VAL loss=0.340774 acc=0.8777 pre=0.8779 rec=0.8781 f1=0.8766 BEST
2026-08-27 12:55:15,398 | EPOCH 12 train_loss=0.301813
2026-08-27 12:55:16,504 | EPOCH 12 VAL loss=0.335171 acc=0.8785 pre=0.8782 rec=0.8797 f1=0.8773 BEST
2026-08-27 12:55:18,552 | EPOCH 12 train_loss=0.301813
2026-08-27 12:55:19,610 | EPOCH 12 VAL loss=0.335171 acc=0.8785 pre=0.8782 rec=0.8797 f1=0.8773 BEST
2026-08-27 12:55:29,081 | EPOCH 13 train_loss=0.293595
2026-08-27 12:55:30,188 | EPOCH 13 VAL loss=0.333679 acc=0.8768 pre=0.8793 rec=0.8778 f1=0.8777 BEST
2026-08-27 12:55:32,003 | EPOCH 13 train_loss=0.293595
2026-08-27 12:55:33,079 | EPOCH 13 VAL loss=0.333679 acc=0.8768 pre=0.8793 rec=0.8778 f1=0.8777 BEST
2026-08-27 12:55:43,553 | EPOCH 14 train_loss=0.287850
2026-08-27 12:55:44,715 | EPOCH 14 VAL loss=0.323281 acc=0.8825 pre=0.8824 rec=0.8834 f1=0.8818 BEST
2026-08-27 12:55:45,712 | EPOCH 14 train_loss=0.287850
2026-08-27 12:55:46,793 | EPOCH 14 VAL loss=0.323281 acc=0.8825 pre=0.8824 rec=0.8834 f1=0.8818 BEST
2026-08-27 12:55:57,236 | EPOCH 15 train_loss=0.281697
2026-08-27 12:55:58,438 | EPOCH 15 VAL loss=0.332209 acc=0.8757 pre=0.8790 rec=0.8768 f1=0.8760
2026-08-27 12:55:59,230 | EPOCH 15 train_loss=0.281697
2026-08-27 12:56:00,306 | EPOCH 15 VAL loss=0.332209 acc=0.8757 pre=0.8790 rec=0.8768 f1=0.8760
2026-08-27 12:56:10,652 | EPOCH 16 train_loss=0.275918
2026-08-27 12:56:11,728 | EPOCH 16 VAL loss=0.320671 acc=0.8823 pre=0.8835 rec=0.8834 f1=0.8825 BEST
2026-08-27 12:56:12,129 | EPOCH 16 train_loss=0.275918
2026-08-27 12:56:13,227 | EPOCH 16 VAL loss=0.320671 acc=0.8823 pre=0.8835 rec=0.8834 f1=0.8825 BEST
2026-08-27 12:56:24,233 | EPOCH 17 train_loss=0.269111
2026-08-27 12:56:25,343 | EPOCH 17 VAL loss=0.312675 acc=0.8857 pre=0.8861 rec=0.8870 f1=0.8861 BEST
2026-08-27 12:56:25,626 | EPOCH 17 train_loss=0.269111
2026-08-27 12:56:27,272 | EPOCH 17 VAL loss=0.312675 acc=0.8857 pre=0.8861 rec=0.8870 f1=0.8861 BEST
2026-08-27 12:56:37,650 | EPOCH 18 train_loss=0.265304
2026-08-27 12:56:39,312 | EPOCH 18 VAL loss=0.316954 acc=0.8857 pre=0.8857 rec=0.8868 f1=0.8849
2026-08-27 12:56:39,635 | EPOCH 18 train_loss=0.265304
2026-08-27 12:56:40,713 | EPOCH 18 VAL loss=0.316954 acc=0.8857 pre=0.8857 rec=0.8868 f1=0.8849
2026-08-27 12:56:51,221 | EPOCH 19 train_loss=0.258211
2026-08-27 12:56:52,284 | EPOCH 19 VAL loss=0.313052 acc=0.8833 pre=0.8847 rec=0.8849 f1=0.8843
2026-08-27 12:56:52,303 | EPOCH 19 train_loss=0.258211
2026-08-27 12:56:53,372 | EPOCH 19 VAL loss=0.313052 acc=0.8833 pre=0.8847 rec=0.8849 f1=0.8843
2026-08-27 12:57:04,362 | EPOCH 20 train_loss=0.253592
2026-08-27 12:57:05,214 | EPOCH 20 train_loss=0.253592
2026-08-27 12:57:05,532 | EPOCH 20 VAL loss=0.308382 acc=0.8878 pre=0.8892 rec=0.8893 f1=0.8891 BEST
2026-08-27 12:57:06,281 | EPOCH 20 VAL loss=0.308382 acc=0.8878 pre=0.8892 rec=0.8893 f1=0.8891 BEST
2026-08-27 12:57:18,312 | EPOCH 21 train_loss=0.248246
2026-08-27 12:57:18,823 | EPOCH 21 train_loss=0.248246
2026-08-27 12:57:19,411 | EPOCH 21 VAL loss=0.322002 acc=0.8822 pre=0.8881 rec=0.8844 f1=0.8843
2026-08-27 12:57:19,893 | EPOCH 21 VAL loss=0.322002 acc=0.8822 pre=0.8881 rec=0.8844 f1=0.8843
2026-08-27 12:57:33,177 | EPOCH 22 train_loss=0.243723
2026-08-27 12:57:33,278 | EPOCH 22 train_loss=0.243723
2026-08-27 12:57:34,733 | EPOCH 22 VAL loss=0.303382 acc=0.8878 pre=0.8877 rec=0.8887 f1=0.8880
2026-08-27 12:57:35,067 | EPOCH 22 VAL loss=0.303382 acc=0.8878 pre=0.8877 rec=0.8887 f1=0.8880
2026-08-27 12:57:53,231 | EPOCH 23 train_loss=0.240447
2026-08-27 12:57:54,863 | EPOCH 23 train_loss=0.240447
2026-08-27 12:57:55,158 | EPOCH 23 VAL loss=0.304509 acc=0.8902 pre=0.8902 rec=0.8916 f1=0.8905 BEST
2026-08-27 12:57:56,700 | EPOCH 23 VAL loss=0.304509 acc=0.8902 pre=0.8902 rec=0.8916 f1=0.8905 BEST
2026-08-27 12:58:15,215 | EPOCH 24 train_loss=0.235705
2026-08-27 12:58:16,104 | EPOCH 24 train_loss=0.235705
2026-08-27 12:58:16,747 | EPOCH 24 VAL loss=0.307566 acc=0.8883 pre=0.8896 rec=0.8888 f1=0.8889
2026-08-27 12:58:17,729 | EPOCH 24 VAL loss=0.307566 acc=0.8883 pre=0.8896 rec=0.8888 f1=0.8889
2026-08-27 12:58:34,928 | EPOCH 25 train_loss=0.230635
2026-08-27 12:58:36,471 | EPOCH 25 train_loss=0.230635
2026-08-27 12:58:36,481 | EPOCH 25 VAL loss=0.300001 acc=0.8908 pre=0.8925 rec=0.8920 f1=0.8919 BEST
2026-08-27 12:58:38,178 | EPOCH 25 VAL loss=0.300001 acc=0.8908 pre=0.8925 rec=0.8920 f1=0.8919 BEST
2026-08-27 12:58:55,842 | EPOCH 26 train_loss=0.227380
2026-08-27 12:58:56,863 | EPOCH 26 train_loss=0.227380
2026-08-27 12:58:57,293 | EPOCH 26 VAL loss=0.305964 acc=0.8867 pre=0.8891 rec=0.8881 f1=0.8878
2026-08-27 12:58:58,435 | EPOCH 26 VAL loss=0.305964 acc=0.8867 pre=0.8891 rec=0.8881 f1=0.8878
2026-08-27 12:59:16,402 | EPOCH 27 train_loss=0.222257
2026-08-27 12:59:16,417 | EPOCH 27 train_loss=0.222257
2026-08-27 12:59:17,939 | EPOCH 27 VAL loss=0.299099 acc=0.8933 pre=0.8935 rec=0.8941 f1=0.8926 BEST
2026-08-27 12:59:18,101 | EPOCH 27 VAL loss=0.299099 acc=0.8933 pre=0.8935 rec=0.8941 f1=0.8926 BEST
2026-08-27 12:59:36,739 | EPOCH 28 train_loss=0.219233
2026-08-27 12:59:36,894 | EPOCH 28 train_loss=0.219233
2026-08-27 12:59:38,343 | EPOCH 28 VAL loss=0.304532 acc=0.8905 pre=0.8908 rec=0.8914 f1=0.8895
2026-08-27 12:59:38,517 | EPOCH 28 VAL loss=0.304532 acc=0.8905 pre=0.8908 rec=0.8914 f1=0.8895
2026-08-27 12:59:55,656 | EPOCH 29 train_loss=0.215304
2026-08-27 12:59:57,148 | EPOCH 29 VAL loss=0.307250 acc=0.8895 pre=0.8922 rec=0.8902 f1=0.8888
2026-08-27 12:59:57,235 | EPOCH 29 train_loss=0.215304
2026-08-27 12:59:58,966 | EPOCH 29 VAL loss=0.307250 acc=0.8895 pre=0.8922 rec=0.8902 f1=0.8888
2026-08-27 13:00:16,089 | EPOCH 30 train_loss=0.210562
2026-08-27 13:00:16,292 | EPOCH 30 train_loss=0.210562
2026-08-27 13:00:17,778 | EPOCH 30 VAL loss=0.297242 acc=0.8925 pre=0.8922 rec=0.8937 f1=0.8923
2026-08-27 13:00:17,818 | EPOCH 30 VAL loss=0.297242 acc=0.8925 pre=0.8922 rec=0.8937 f1=0.8923
2026-08-27 13:00:35,022 | EPOCH 31 train_loss=0.208389
2026-08-27 13:00:36,683 | EPOCH 31 VAL loss=0.305207 acc=0.8915 pre=0.8916 rec=0.8927 f1=0.8908
2026-08-27 13:00:37,051 | EPOCH 31 train_loss=0.208389
2026-08-27 13:00:38,778 | EPOCH 31 VAL loss=0.305207 acc=0.8915 pre=0.8916 rec=0.8927 f1=0.8908
2026-08-27 13:00:55,037 | EPOCH 32 train_loss=0.203068
2026-08-27 13:00:56,386 | EPOCH 32 train_loss=0.203068
2026-08-27 13:00:56,649 | EPOCH 32 VAL loss=0.299050 acc=0.8885 pre=0.8892 rec=0.8899 f1=0.8893
2026-08-27 13:00:58,001 | EPOCH 32 VAL loss=0.299050 acc=0.8885 pre=0.8892 rec=0.8899 f1=0.8893
2026-08-27 13:01:14,874 | EPOCH 33 train_loss=0.198823
2026-08-27 13:01:15,262 | EPOCH 33 train_loss=0.198823
2026-08-27 13:01:16,313 | EPOCH 33 VAL loss=0.302644 acc=0.8912 pre=0.8928 rec=0.8917 f1=0.8914
2026-08-27 13:01:16,876 | EPOCH 33 VAL loss=0.302644 acc=0.8912 pre=0.8928 rec=0.8917 f1=0.8914
2026-08-27 13:01:34,399 | EPOCH 34 train_loss=0.196900
2026-08-27 13:01:34,646 | EPOCH 34 train_loss=0.196900
2026-08-27 13:01:35,961 | EPOCH 34 VAL loss=0.298014 acc=0.8933 pre=0.8934 rec=0.8943 f1=0.8928 BEST
2026-08-27 13:01:36,332 | EPOCH 34 VAL loss=0.298014 acc=0.8933 pre=0.8934 rec=0.8943 f1=0.8928 BEST
2026-08-27 13:01:55,034 | EPOCH 35 train_loss=0.193034
2026-08-27 13:01:56,228 | EPOCH 35 train_loss=0.193034
2026-08-27 13:01:56,362 | EPOCH 35 VAL loss=0.297505 acc=0.8937 pre=0.8945 rec=0.8944 f1=0.8943 BEST
2026-08-27 13:01:57,944 | EPOCH 35 VAL loss=0.297505 acc=0.8937 pre=0.8945 rec=0.8944 f1=0.8943 BEST
2026-08-27 13:02:15,549 | EPOCH 36 train_loss=0.189087
2026-08-27 13:02:16,520 | EPOCH 36 train_loss=0.189087
2026-08-27 13:02:17,143 | EPOCH 36 VAL loss=0.319698 acc=0.8830 pre=0.8868 rec=0.8840 f1=0.8845
2026-08-27 13:02:18,294 | EPOCH 36 VAL loss=0.319698 acc=0.8830 pre=0.8868 rec=0.8840 f1=0.8845
2026-08-27 13:02:37,318 | EPOCH 37 train_loss=0.185934
2026-08-27 13:02:38,535 | EPOCH 37 train_loss=0.185934
2026-08-27 13:02:38,849 | EPOCH 37 VAL loss=0.310940 acc=0.8890 pre=0.8907 rec=0.8896 f1=0.8879
2026-08-27 13:02:40,256 | EPOCH 37 VAL loss=0.310940 acc=0.8890 pre=0.8907 rec=0.8896 f1=0.8879
2026-08-27 13:02:59,463 | EPOCH 38 train_loss=0.181856
2026-08-27 13:03:01,086 | EPOCH 38 train_loss=0.181856
2026-08-27 13:03:01,708 | EPOCH 38 VAL loss=0.297191 acc=0.8955 pre=0.8966 rec=0.8960 f1=0.8954 BEST
2026-08-27 13:03:03,579 | EPOCH 38 VAL loss=0.297191 acc=0.8955 pre=0.8966 rec=0.8960 f1=0.8954 BEST
2026-08-27 13:03:27,553 | EPOCH 39 train_loss=0.179033
2026-08-27 13:03:29,685 | EPOCH 39 VAL loss=0.304103 acc=0.8913 pre=0.8929 rec=0.8926 f1=0.8923
2026-08-27 13:03:30,226 | EPOCH 39 train_loss=0.179033
2026-08-27 13:03:32,466 | EPOCH 39 VAL loss=0.304103 acc=0.8913 pre=0.8929 rec=0.8926 f1=0.8923
2026-08-27 13:03:54,399 | EPOCH 40 train_loss=0.175526
2026-08-27 13:03:56,657 | EPOCH 40 VAL loss=0.312533 acc=0.8912 pre=0.8922 rec=0.8926 f1=0.8914
2026-08-27 13:03:56,710 | EPOCH 40 train_loss=0.175526
2026-08-27 13:03:58,819 | EPOCH 40 VAL loss=0.312533 acc=0.8912 pre=0.8922 rec=0.8926 f1=0.8914
2026-08-27 13:04:21,508 | EPOCH 41 train_loss=0.172121
2026-08-27 13:04:23,445 | EPOCH 41 train_loss=0.172121
2026-08-27 13:04:23,694 | EPOCH 41 VAL loss=0.303107 acc=0.8947 pre=0.8954 rec=0.8953 f1=0.8950
2026-08-27 13:04:25,747 | EPOCH 41 VAL loss=0.303107 acc=0.8947 pre=0.8954 rec=0.8953 f1=0.8950
2026-08-27 13:04:47,284 | EPOCH 42 train_loss=0.169164
2026-08-27 13:04:49,530 | EPOCH 42 VAL loss=0.306385 acc=0.8880 pre=0.8905 rec=0.8898 f1=0.8896
2026-08-27 13:04:50,038 | EPOCH 42 train_loss=0.169164
2026-08-27 13:04:52,304 | EPOCH 42 VAL loss=0.306385 acc=0.8880 pre=0.8905 rec=0.8898 f1=0.8896
2026-08-27 13:05:13,485 | EPOCH 43 train_loss=0.165979
2026-08-27 13:05:15,977 | EPOCH 43 VAL loss=0.316531 acc=0.8897 pre=0.8911 rec=0.8900 f1=0.8890
2026-08-27 13:05:16,091 | EPOCH 43 train_loss=0.165979
2026-08-27 13:05:18,348 | EPOCH 43 VAL loss=0.316531 acc=0.8897 pre=0.8911 rec=0.8900 f1=0.8890
2026-08-27 13:05:39,878 | EPOCH 44 train_loss=0.163838
2026-08-27 13:05:42,083 | EPOCH 44 VAL loss=0.301630 acc=0.8953 pre=0.8958 rec=0.8961 f1=0.8957 BEST
2026-08-27 13:05:42,988 | EPOCH 44 train_loss=0.163838
2026-08-27 13:05:45,337 | EPOCH 44 VAL loss=0.301630 acc=0.8953 pre=0.8958 rec=0.8961 f1=0.8957 BEST
2026-08-27 13:06:07,671 | EPOCH 45 train_loss=0.158953
2026-08-27 13:06:09,885 | EPOCH 45 VAL loss=0.303955 acc=0.8935 pre=0.8941 rec=0.8947 f1=0.8942
2026-08-27 13:06:10,972 | EPOCH 45 train_loss=0.158953
2026-08-27 13:06:13,206 | EPOCH 45 VAL loss=0.303955 acc=0.8935 pre=0.8941 rec=0.8947 f1=0.8942
2026-08-27 13:06:34,251 | EPOCH 46 train_loss=0.156557
2026-08-27 13:06:36,576 | EPOCH 46 VAL loss=0.308264 acc=0.8903 pre=0.8915 rec=0.8919 f1=0.8912
2026-08-27 13:06:37,901 | EPOCH 46 train_loss=0.156557
2026-08-27 13:06:40,239 | EPOCH 46 VAL loss=0.308264 acc=0.8903 pre=0.8915 rec=0.8919 f1=0.8912
2026-08-27 13:07:01,062 | EPOCH 47 train_loss=0.154691
2026-08-27 13:07:03,369 | EPOCH 47 VAL loss=0.314492 acc=0.8903 pre=0.8927 rec=0.8911 f1=0.8909
2026-08-27 13:07:05,518 | EPOCH 47 train_loss=0.154691
2026-08-27 13:07:07,792 | EPOCH 47 VAL loss=0.314492 acc=0.8903 pre=0.8927 rec=0.8911 f1=0.8909
2026-08-27 13:07:27,965 | EPOCH 48 train_loss=0.151728
2026-08-27 13:07:30,240 | EPOCH 48 VAL loss=0.315160 acc=0.8913 pre=0.8913 rec=0.8922 f1=0.8911
2026-08-27 13:07:33,115 | EPOCH 48 train_loss=0.151728
2026-08-27 13:07:35,485 | EPOCH 48 VAL loss=0.315160 acc=0.8913 pre=0.8913 rec=0.8922 f1=0.8911
2026-08-27 13:07:54,852 | EPOCH 49 train_loss=0.149580
2026-08-27 13:07:57,163 | EPOCH 49 VAL loss=0.318572 acc=0.8887 pre=0.8904 rec=0.8898 f1=0.8898
2026-08-27 13:08:00,629 | EPOCH 49 train_loss=0.149580
2026-08-27 13:08:03,014 | EPOCH 49 VAL loss=0.318572 acc=0.8887 pre=0.8904 rec=0.8898 f1=0.8898
2026-08-27 13:08:21,238 | EPOCH 50 train_loss=0.146248
2026-08-27 13:08:23,501 | EPOCH 50 VAL loss=0.305466 acc=0.8958 pre=0.8959 rec=0.8968 f1=0.8959 BEST
2026-08-27 13:08:28,196 | EPOCH 50 train_loss=0.146248
2026-08-27 13:08:30,597 | EPOCH 50 VAL loss=0.305466 acc=0.8958 pre=0.8959 rec=0.8968 f1=0.8959 BEST
2026-08-27 13:08:48,758 | EPOCH 51 train_loss=0.143601
2026-08-27 13:08:51,010 | EPOCH 51 VAL loss=0.316536 acc=0.8925 pre=0.8934 rec=0.8934 f1=0.8925
2026-08-27 13:08:56,884 | EPOCH 51 train_loss=0.143601
2026-08-27 13:08:59,158 | EPOCH 51 VAL loss=0.316536 acc=0.8925 pre=0.8934 rec=0.8934 f1=0.8925
2026-08-27 13:09:15,651 | EPOCH 52 train_loss=0.140023
2026-08-27 13:09:17,937 | EPOCH 52 VAL loss=0.318149 acc=0.8928 pre=0.8942 rec=0.8942 f1=0.8939
2026-08-27 13:09:24,154 | EPOCH 52 train_loss=0.140023
2026-08-27 13:09:26,541 | EPOCH 52 VAL loss=0.318149 acc=0.8928 pre=0.8942 rec=0.8942 f1=0.8939
2026-08-27 13:09:42,344 | EPOCH 53 train_loss=0.138426
2026-08-27 13:09:44,574 | EPOCH 53 VAL loss=0.340923 acc=0.8903 pre=0.8926 rec=0.8911 f1=0.8876
2026-08-27 13:09:51,576 | EPOCH 53 train_loss=0.138426
2026-08-27 13:09:53,927 | EPOCH 53 VAL loss=0.340923 acc=0.8903 pre=0.8926 rec=0.8911 f1=0.8876
2026-08-27 13:10:08,746 | EPOCH 54 train_loss=0.134099
2026-08-27 13:10:11,035 | EPOCH 54 VAL loss=0.320362 acc=0.8940 pre=0.8949 rec=0.8945 f1=0.8938
2026-08-27 13:10:18,964 | EPOCH 54 train_loss=0.134099
2026-08-27 13:10:21,090 | EPOCH 54 VAL loss=0.320362 acc=0.8940 pre=0.8949 rec=0.8945 f1=0.8938
2026-08-27 13:10:35,436 | EPOCH 55 train_loss=0.133582
2026-08-27 13:10:37,689 | EPOCH 55 VAL loss=0.332810 acc=0.8932 pre=0.8948 rec=0.8936 f1=0.8925
2026-08-27 13:10:46,065 | EPOCH 55 train_loss=0.133582
2026-08-27 13:10:48,407 | EPOCH 55 VAL loss=0.332810 acc=0.8932 pre=0.8948 rec=0.8936 f1=0.8925
