2026-08-27 20:20:45,252 | START cnn_adamw_lr0.001_s42 opt=adamw lr=0.001 seed=42 device=cuda epochs=150 best_by=f1 stop_by=f1
2026-08-27 20:20:47,421 | START cnn_adamw_lr0.001_s42 opt=adamw lr=0.001 seed=42 device=cuda epochs=150 best_by=f1 stop_by=f1
2026-08-27 20:20:58,393 | EPOCH 1 train_loss=0.530084
2026-08-27 20:20:59,153 | EPOCH 1 train_loss=0.531711
2026-08-27 20:20:59,583 | EPOCH 1 VAL loss=0.381685 acc=0.8680 pre=0.8679 rec=0.8690 f1=0.8657 BEST
2026-08-27 20:21:00,245 | EPOCH 1 VAL loss=0.383621 acc=0.8675 pre=0.8676 rec=0.8685 f1=0.8651 BEST
2026-08-27 20:21:01,298 | START cnn_adamw_lr0.001_s42 opt=adamw lr=0.001 seed=42 device=cuda epochs=150 best_by=f1 stop_by=f1
2026-08-27 20:21:01,311 | RESUMED from epoch 1, batch 0
2026-08-27 20:21:11,447 | EPOCH 2 train_loss=0.335130
2026-08-27 20:21:12,794 | EPOCH 2 VAL loss=0.322026 acc=0.8845 pre=0.8872 rec=0.8845 f1=0.8821 BEST
2026-08-27 20:21:13,189 | EPOCH 2 train_loss=0.337677
2026-08-27 20:21:14,360 | EPOCH 2 VAL loss=0.322421 acc=0.8832 pre=0.8852 rec=0.8834 f1=0.8812 BEST
2026-08-27 20:21:14,740 | EPOCH 2 train_loss=0.337651
2026-08-27 20:21:15,908 | EPOCH 2 VAL loss=0.322739 acc=0.8837 pre=0.8855 rec=0.8839 f1=0.8818 BEST
2026-08-27 20:21:25,025 | EPOCH 3 train_loss=0.291166
2026-08-27 20:21:26,173 | EPOCH 3 VAL loss=0.297695 acc=0.8920 pre=0.8937 rec=0.8930 f1=0.8908 BEST
2026-08-27 20:21:26,998 | EPOCH 3 train_loss=0.293492
2026-08-27 20:21:28,170 | EPOCH 3 VAL loss=0.297081 acc=0.8915 pre=0.8927 rec=0.8926 f1=0.8901 BEST
2026-08-27 20:21:28,386 | EPOCH 3 train_loss=0.293350
2026-08-27 20:21:29,196 | EPOCH 3 VAL loss=0.296440 acc=0.8910 pre=0.8923 rec=0.8921 f1=0.8896 BEST
2026-08-27 20:21:39,841 | EPOCH 4 train_loss=0.259179
2026-08-27 20:21:40,545 | EPOCH 4 train_loss=0.261786
2026-08-27 20:21:41,025 | EPOCH 4 VAL loss=0.263253 acc=0.9055 pre=0.9090 rec=0.9071 f1=0.9071 BEST
2026-08-27 20:21:41,281 | EPOCH 4 VAL loss=0.266523 acc=0.9037 pre=0.9081 rec=0.9050 f1=0.9055 BEST
2026-08-27 20:21:43,169 | EPOCH 4 train_loss=0.261238
2026-08-27 20:21:44,348 | EPOCH 4 VAL loss=0.265777 acc=0.9035 pre=0.9072 rec=0.9048 f1=0.9051 BEST
2026-08-27 20:21:52,188 | EPOCH 5 train_loss=0.240067
2026-08-27 20:21:53,069 | EPOCH 5 VAL loss=0.247506 acc=0.9098 pre=0.9114 rec=0.9101 f1=0.9095 BEST
2026-08-27 20:21:54,443 | EPOCH 5 train_loss=0.238284
2026-08-27 20:21:55,294 | EPOCH 5 VAL loss=0.250888 acc=0.9083 pre=0.9096 rec=0.9087 f1=0.9080 BEST
2026-08-27 20:21:57,264 | EPOCH 5 train_loss=0.240170
2026-08-27 20:21:58,484 | EPOCH 5 VAL loss=0.251651 acc=0.9067 pre=0.9080 rec=0.9069 f1=0.9062 BEST
2026-08-27 20:22:06,452 | EPOCH 6 train_loss=0.222849
2026-08-27 20:22:07,596 | EPOCH 6 VAL loss=0.243761 acc=0.9122 pre=0.9130 rec=0.9127 f1=0.9119 BEST
2026-08-27 20:22:07,803 | EPOCH 6 train_loss=0.221471
2026-08-27 20:22:08,886 | EPOCH 6 VAL loss=0.245679 acc=0.9128 pre=0.9135 rec=0.9135 f1=0.9126 BEST
2026-08-27 20:22:12,295 | EPOCH 6 train_loss=0.223099
2026-08-27 20:22:13,082 | EPOCH 6 VAL loss=0.243444 acc=0.9110 pre=0.9113 rec=0.9117 f1=0.9107 BEST
2026-08-27 20:22:20,291 | EPOCH 7 train_loss=0.207264
2026-08-27 20:22:21,353 | EPOCH 7 train_loss=0.205678
2026-08-27 20:22:21,465 | EPOCH 7 VAL loss=0.249354 acc=0.9077 pre=0.9133 rec=0.9092 f1=0.9093
2026-08-27 20:22:22,619 | EPOCH 7 VAL loss=0.255523 acc=0.9090 pre=0.9157 rec=0.9104 f1=0.9107
2026-08-27 20:22:26,745 | EPOCH 7 train_loss=0.207873
2026-08-27 20:22:27,872 | EPOCH 7 VAL loss=0.247826 acc=0.9085 pre=0.9138 rec=0.9101 f1=0.9101
2026-08-27 20:22:33,649 | EPOCH 8 train_loss=0.195014
2026-08-27 20:22:34,783 | EPOCH 8 VAL loss=0.237510 acc=0.9142 pre=0.9170 rec=0.9142 f1=0.9134 BEST
2026-08-27 20:22:35,947 | EPOCH 8 train_loss=0.192630
2026-08-27 20:22:37,009 | EPOCH 8 VAL loss=0.234283 acc=0.9155 pre=0.9180 rec=0.9158 f1=0.9148 BEST
2026-08-27 20:22:39,308 | EPOCH 8 train_loss=0.194324
2026-08-27 20:22:40,237 | EPOCH 8 VAL loss=0.235792 acc=0.9133 pre=0.9166 rec=0.9133 f1=0.9122 BEST
2026-08-27 20:22:48,846 | EPOCH 9 train_loss=0.180771
2026-08-27 20:22:49,370 | EPOCH 9 train_loss=0.178811
2026-08-27 20:22:50,045 | EPOCH 9 VAL loss=0.237205 acc=0.9138 pre=0.9149 rec=0.9147 f1=0.9128
2026-08-27 20:22:50,172 | EPOCH 9 VAL loss=0.240427 acc=0.9158 pre=0.9170 rec=0.9168 f1=0.9149 BEST
2026-08-27 20:22:54,432 | EPOCH 9 train_loss=0.181037
2026-08-27 20:22:55,603 | EPOCH 9 VAL loss=0.233656 acc=0.9163 pre=0.9173 rec=0.9170 f1=0.9154 BEST
2026-08-27 20:23:01,042 | EPOCH 10 train_loss=0.166881
2026-08-27 20:23:01,850 | EPOCH 10 VAL loss=0.229434 acc=0.9193 pre=0.9203 rec=0.9199 f1=0.9192 BEST
2026-08-27 20:23:02,994 | EPOCH 10 train_loss=0.168653
2026-08-27 20:23:03,793 | EPOCH 10 VAL loss=0.236135 acc=0.9122 pre=0.9135 rec=0.9125 f1=0.9117
2026-08-27 20:23:09,519 | EPOCH 10 train_loss=0.169421
2026-08-27 20:23:10,864 | EPOCH 10 VAL loss=0.235558 acc=0.9132 pre=0.9139 rec=0.9135 f1=0.9125
2026-08-27 20:23:14,906 | EPOCH 11 train_loss=0.155580
2026-08-27 20:23:15,895 | EPOCH 11 VAL loss=0.232732 acc=0.9188 pre=0.9199 rec=0.9195 f1=0.9193 BEST
2026-08-27 20:23:16,593 | EPOCH 11 train_loss=0.157572
2026-08-27 20:23:17,442 | EPOCH 11 VAL loss=0.233067 acc=0.9197 pre=0.9203 rec=0.9205 f1=0.9199 BEST
2026-08-27 20:23:22,537 | EPOCH 11 train_loss=0.157562
2026-08-27 20:23:23,707 | EPOCH 11 VAL loss=0.233479 acc=0.9193 pre=0.9202 rec=0.9200 f1=0.9194 BEST
2026-08-27 20:23:28,222 | EPOCH 12 train_loss=0.143405
2026-08-27 20:23:29,389 | EPOCH 12 VAL loss=0.225900 acc=0.9190 pre=0.9195 rec=0.9196 f1=0.9191
2026-08-27 20:23:29,390 | EPOCH 12 train_loss=0.145388
2026-08-27 20:23:30,165 | EPOCH 12 VAL loss=0.222785 acc=0.9190 pre=0.9192 rec=0.9196 f1=0.9192
2026-08-27 20:23:37,988 | EPOCH 12 train_loss=0.145505
2026-08-27 20:23:39,147 | EPOCH 12 VAL loss=0.226131 acc=0.9213 pre=0.9218 rec=0.9218 f1=0.9215 BEST
2026-08-27 20:23:42,310 | EPOCH 13 train_loss=0.132080
2026-08-27 20:23:42,476 | EPOCH 13 train_loss=0.136216
2026-08-27 20:23:43,089 | EPOCH 13 VAL loss=0.227464 acc=0.9218 pre=0.9225 rec=0.9229 f1=0.9226 BEST
2026-08-27 20:23:43,644 | EPOCH 13 VAL loss=0.227339 acc=0.9207 pre=0.9220 rec=0.9215 f1=0.9217 BEST
2026-08-27 20:23:52,034 | EPOCH 13 train_loss=0.135683
2026-08-27 20:23:53,195 | EPOCH 13 VAL loss=0.230025 acc=0.9190 pre=0.9202 rec=0.9199 f1=0.9200
2026-08-27 20:23:55,972 | EPOCH 14 train_loss=0.125638
2026-08-27 20:23:56,374 | EPOCH 14 train_loss=0.122057
2026-08-27 20:23:57,162 | EPOCH 14 VAL loss=0.238998 acc=0.9192 pre=0.9204 rec=0.9197 f1=0.9191
2026-08-27 20:23:57,642 | EPOCH 14 VAL loss=0.243366 acc=0.9217 pre=0.9225 rec=0.9224 f1=0.9214
2026-08-27 20:24:05,634 | EPOCH 14 train_loss=0.125363
2026-08-27 20:24:06,812 | EPOCH 14 VAL loss=0.239860 acc=0.9190 pre=0.9205 rec=0.9196 f1=0.9188
2026-08-27 20:24:09,154 | EPOCH 15 train_loss=0.113057
2026-08-27 20:24:09,680 | EPOCH 15 train_loss=0.116084
2026-08-27 20:24:10,024 | EPOCH 15 VAL loss=0.241505 acc=0.9215 pre=0.9218 rec=0.9225 f1=0.9219
2026-08-27 20:24:10,616 | EPOCH 15 VAL loss=0.234656 acc=0.9217 pre=0.9221 rec=0.9225 f1=0.9221 BEST
2026-08-27 20:24:20,101 | EPOCH 15 train_loss=0.116424
2026-08-27 20:24:21,346 | EPOCH 15 VAL loss=0.233376 acc=0.9242 pre=0.9244 rec=0.9250 f1=0.9245 BEST
2026-08-27 20:24:22,741 | EPOCH 16 train_loss=0.102994
2026-08-27 20:24:23,919 | EPOCH 16 VAL loss=0.249778 acc=0.9225 pre=0.9235 rec=0.9233 f1=0.9231 BEST
2026-08-27 20:24:24,067 | EPOCH 16 train_loss=0.107560
2026-08-27 20:24:24,845 | EPOCH 16 VAL loss=0.246440 acc=0.9195 pre=0.9214 rec=0.9199 f1=0.9196
2026-08-27 20:24:33,843 | EPOCH 16 train_loss=0.105002
2026-08-27 20:24:35,030 | EPOCH 16 VAL loss=0.257693 acc=0.9182 pre=0.9204 rec=0.9188 f1=0.9189
2026-08-27 20:24:36,723 | EPOCH 17 train_loss=0.094188
2026-08-27 20:24:37,458 | EPOCH 17 train_loss=0.099808
2026-08-27 20:24:37,874 | EPOCH 17 VAL loss=0.284243 acc=0.9157 pre=0.9173 rec=0.9174 f1=0.9167
2026-08-27 20:24:38,340 | EPOCH 17 VAL loss=0.255249 acc=0.9185 pre=0.9208 rec=0.9200 f1=0.9199
2026-08-27 20:24:47,215 | EPOCH 17 train_loss=0.098645
2026-08-27 20:24:48,325 | EPOCH 17 VAL loss=0.266024 acc=0.9155 pre=0.9176 rec=0.9172 f1=0.9168
2026-08-27 20:24:50,186 | EPOCH 18 train_loss=0.090659
2026-08-27 20:24:50,982 | EPOCH 18 VAL loss=0.270104 acc=0.9168 pre=0.9188 rec=0.9176 f1=0.9154
2026-08-27 20:24:51,291 | EPOCH 18 train_loss=0.086979
2026-08-27 20:24:52,404 | EPOCH 18 VAL loss=0.275908 acc=0.9162 pre=0.9164 rec=0.9174 f1=0.9157
2026-08-27 20:25:01,149 | EPOCH 18 train_loss=0.088800
2026-08-27 20:25:02,021 | EPOCH 18 VAL loss=0.264712 acc=0.9173 pre=0.9178 rec=0.9183 f1=0.9165
2026-08-27 20:25:03,415 | EPOCH 19 train_loss=0.082344
2026-08-27 20:25:03,512 | EPOCH 19 train_loss=0.077641
2026-08-27 20:25:04,152 | EPOCH 19 VAL loss=0.273855 acc=0.9158 pre=0.9181 rec=0.9170 f1=0.9172
2026-08-27 20:25:04,672 | EPOCH 19 VAL loss=0.281174 acc=0.9173 pre=0.9185 rec=0.9180 f1=0.9182
2026-08-27 20:25:14,377 | EPOCH 19 train_loss=0.081699
2026-08-27 20:25:15,505 | EPOCH 19 VAL loss=0.273718 acc=0.9190 pre=0.9209 rec=0.9201 f1=0.9202
2026-08-27 20:25:15,974 | EPOCH 20 train_loss=0.076360
2026-08-27 20:25:16,990 | EPOCH 20 train_loss=0.071597
2026-08-27 20:25:17,056 | EPOCH 20 VAL loss=0.286354 acc=0.9172 pre=0.9178 rec=0.9182 f1=0.9178
2026-08-27 20:25:17,821 | EPOCH 20 VAL loss=0.298328 acc=0.9193 pre=0.9206 rec=0.9206 f1=0.9204
2026-08-27 20:25:27,423 | EPOCH 20 train_loss=0.074301
2026-08-27 20:25:28,329 | EPOCH 20 VAL loss=0.282317 acc=0.9178 pre=0.9190 rec=0.9192 f1=0.9189
2026-08-27 20:25:29,166 | EPOCH 21 train_loss=0.069506
2026-08-27 20:25:30,303 | EPOCH 21 train_loss=0.065039
2026-08-27 20:25:30,641 | EPOCH 21 VAL loss=0.291849 acc=0.9188 pre=0.9225 rec=0.9207 f1=0.9203
2026-08-27 20:25:31,698 | EPOCH 21 VAL loss=0.297894 acc=0.9187 pre=0.9215 rec=0.9204 f1=0.9200
2026-08-27 20:25:40,482 | EPOCH 21 train_loss=0.068199
2026-08-27 20:25:41,248 | EPOCH 21 VAL loss=0.277952 acc=0.9193 pre=0.9218 rec=0.9208 f1=0.9206
2026-08-27 20:25:43,519 | EPOCH 22 train_loss=0.060995
2026-08-27 20:25:43,975 | EPOCH 22 train_loss=0.064430
2026-08-27 20:25:44,695 | EPOCH 22 VAL loss=0.308400 acc=0.9230 pre=0.9236 rec=0.9239 f1=0.9237 BEST
2026-08-27 20:25:44,714 | EPOCH 22 VAL loss=0.298832 acc=0.9182 pre=0.9190 rec=0.9192 f1=0.9187
2026-08-27 20:25:54,214 | EPOCH 22 train_loss=0.063492
2026-08-27 20:25:55,470 | EPOCH 22 VAL loss=0.300581 acc=0.9240 pre=0.9249 rec=0.9247 f1=0.9244
2026-08-27 20:25:56,148 | EPOCH 23 train_loss=0.060434
2026-08-27 20:25:56,907 | EPOCH 23 VAL loss=0.317264 acc=0.9137 pre=0.9150 rec=0.9148 f1=0.9143
2026-08-27 20:25:58,469 | EPOCH 23 train_loss=0.055127
2026-08-27 20:25:59,528 | EPOCH 23 VAL loss=0.314649 acc=0.9150 pre=0.9167 rec=0.9164 f1=0.9163
2026-08-27 20:26:07,439 | EPOCH 24 train_loss=0.054705
2026-08-27 20:26:08,210 | EPOCH 24 VAL loss=0.314591 acc=0.9162 pre=0.9175 rec=0.9168 f1=0.9170
2026-08-27 20:26:08,594 | EPOCH 23 train_loss=0.057593
2026-08-27 20:26:09,576 | EPOCH 23 VAL loss=0.306889 acc=0.9152 pre=0.9161 rec=0.9162 f1=0.9158
2026-08-27 20:26:11,658 | EPOCH 24 train_loss=0.050836
2026-08-27 20:26:12,838 | EPOCH 24 VAL loss=0.318731 acc=0.9208 pre=0.9219 rec=0.9215 f1=0.9216
2026-08-27 20:26:20,995 | EPOCH 25 train_loss=0.050423
2026-08-27 20:26:22,003 | EPOCH 25 VAL loss=0.331847 acc=0.9162 pre=0.9189 rec=0.9174 f1=0.9172
2026-08-27 20:26:22,015 | DONE best_epoch=15 best_val_loss=0.234656 early_stop=True time=331.22s
2026-08-27 20:26:22,335 | EPOCH 24 train_loss=0.054720
2026-08-27 20:26:23,518 | EPOCH 24 VAL loss=0.323229 acc=0.9155 pre=0.9177 rec=0.9157 f1=0.9161
