2026-08-27 22:16:27,809 | START cnn_nadam_lr0.002_s2026 opt=nadam lr=0.002 seed=2026 device=cuda epochs=150 best_by=f1 stop_by=f1
2026-08-27 22:16:37,217 | EPOCH 1 train_loss=0.464706
2026-08-27 22:16:37,979 | EPOCH 1 VAL loss=0.341439 acc=0.8778 pre=0.8781 rec=0.8792 f1=0.8758 BEST
2026-08-27 22:16:47,835 | EPOCH 2 train_loss=0.291415
2026-08-27 22:16:48,613 | EPOCH 2 VAL loss=0.271231 acc=0.8987 pre=0.8985 rec=0.8998 f1=0.8982 BEST
2026-08-27 22:16:58,520 | EPOCH 3 train_loss=0.245756
2026-08-27 22:16:59,751 | EPOCH 3 VAL loss=0.281175 acc=0.8930 pre=0.9056 rec=0.8961 f1=0.8963
2026-08-27 22:17:09,332 | EPOCH 4 train_loss=0.216875
2026-08-27 22:17:10,127 | EPOCH 4 VAL loss=0.249698 acc=0.9095 pre=0.9122 rec=0.9087 f1=0.9093 BEST
2026-08-27 22:17:19,731 | EPOCH 5 train_loss=0.192394
2026-08-27 22:17:20,514 | EPOCH 5 VAL loss=0.229438 acc=0.9180 pre=0.9189 rec=0.9187 f1=0.9183 BEST
2026-08-27 22:17:31,087 | EPOCH 6 train_loss=0.173464
2026-08-27 22:17:31,805 | EPOCH 6 VAL loss=0.218141 acc=0.9215 pre=0.9220 rec=0.9226 f1=0.9222 BEST
2026-08-27 22:17:41,481 | EPOCH 7 train_loss=0.154079
2026-08-27 22:17:42,197 | EPOCH 7 VAL loss=0.228331 acc=0.9165 pre=0.9180 rec=0.9179 f1=0.9176
2026-08-27 22:17:52,081 | EPOCH 8 train_loss=0.136181
2026-08-27 22:17:52,829 | EPOCH 8 VAL loss=0.236021 acc=0.9185 pre=0.9186 rec=0.9193 f1=0.9185
2026-08-27 22:18:02,116 | EPOCH 9 train_loss=0.120412
2026-08-27 22:18:02,872 | EPOCH 9 VAL loss=0.249764 acc=0.9193 pre=0.9200 rec=0.9203 f1=0.9200
2026-08-27 22:18:12,754 | EPOCH 10 train_loss=0.108806
2026-08-27 22:18:13,475 | EPOCH 10 VAL loss=0.260911 acc=0.9175 pre=0.9186 rec=0.9178 f1=0.9171
2026-08-27 22:18:22,903 | EPOCH 11 train_loss=0.094142
2026-08-27 22:18:23,672 | EPOCH 11 VAL loss=0.263643 acc=0.9198 pre=0.9199 rec=0.9209 f1=0.9202
2026-08-27 22:18:34,089 | EPOCH 12 train_loss=0.084455
2026-08-27 22:18:34,821 | EPOCH 12 VAL loss=0.300718 acc=0.9218 pre=0.9220 rec=0.9228 f1=0.9220
2026-08-27 22:18:44,021 | EPOCH 13 train_loss=0.073111
2026-08-27 22:18:44,743 | EPOCH 13 VAL loss=0.324429 acc=0.9178 pre=0.9191 rec=0.9185 f1=0.9187
2026-08-27 22:18:53,772 | EPOCH 14 train_loss=0.067695
2026-08-27 22:18:54,488 | EPOCH 14 VAL loss=0.322980 acc=0.9192 pre=0.9196 rec=0.9197 f1=0.9195
2026-08-27 22:19:03,324 | EPOCH 15 train_loss=0.060530
2026-08-27 22:19:04,061 | EPOCH 15 VAL loss=0.357416 acc=0.9182 pre=0.9184 rec=0.9192 f1=0.9186
2026-08-27 22:19:13,269 | EPOCH 16 train_loss=0.052287
2026-08-27 22:19:13,975 | EPOCH 16 VAL loss=0.360224 acc=0.9133 pre=0.9132 rec=0.9143 f1=0.9131
2026-08-27 22:19:13,984 | DONE best_epoch=6 best_val_loss=0.218141 early_stop=True time=165.37s
2026-08-27 22:23:19,980 | START cnn_nadam_lr0.002_s2026 opt=nadam lr=0.002 seed=2026 device=cuda epochs=150 best_by=f1 stop_by=f1
2026-08-27 22:23:29,840 | EPOCH 1 train_loss=0.464316
2026-08-27 22:23:30,567 | EPOCH 1 VAL loss=0.337384 acc=0.8812 pre=0.8811 rec=0.8826 f1=0.8798 BEST
2026-08-27 22:23:40,151 | EPOCH 2 train_loss=0.292248
2026-08-27 22:23:40,903 | EPOCH 2 VAL loss=0.268071 acc=0.9018 pre=0.9019 rec=0.9026 f1=0.9013 BEST
2026-08-27 22:23:51,933 | EPOCH 3 train_loss=0.245799
2026-08-27 22:23:52,754 | EPOCH 3 VAL loss=0.289538 acc=0.8903 pre=0.9068 rec=0.8937 f1=0.8939
2026-08-27 22:24:01,690 | EPOCH 4 train_loss=0.216139
2026-08-27 22:24:02,396 | EPOCH 4 VAL loss=0.255967 acc=0.9062 pre=0.9091 rec=0.9052 f1=0.9058 BEST
2026-08-27 22:24:11,844 | EPOCH 5 train_loss=0.193728
2026-08-27 22:24:12,733 | EPOCH 5 VAL loss=0.222347 acc=0.9185 pre=0.9187 rec=0.9193 f1=0.9187 BEST
2026-08-27 22:24:22,451 | EPOCH 6 train_loss=0.172506
2026-08-27 22:24:23,161 | EPOCH 6 VAL loss=0.224086 acc=0.9212 pre=0.9226 rec=0.9224 f1=0.9223 BEST
2026-08-27 22:24:32,677 | EPOCH 7 train_loss=0.153861
2026-08-27 22:24:33,423 | EPOCH 7 VAL loss=0.233927 acc=0.9182 pre=0.9214 rec=0.9199 f1=0.9197
2026-08-27 22:24:42,465 | EPOCH 8 train_loss=0.136837
2026-08-27 22:24:43,162 | EPOCH 8 VAL loss=0.228351 acc=0.9200 pre=0.9199 rec=0.9211 f1=0.9201
2026-08-27 22:24:52,180 | EPOCH 9 train_loss=0.120973
2026-08-27 22:24:52,894 | EPOCH 9 VAL loss=0.239200 acc=0.9217 pre=0.9224 rec=0.9226 f1=0.9223 BEST
2026-08-27 22:25:02,755 | EPOCH 10 train_loss=0.107909
2026-08-27 22:25:03,463 | EPOCH 10 VAL loss=0.253948 acc=0.9180 pre=0.9198 rec=0.9184 f1=0.9177
2026-08-27 22:25:12,616 | EPOCH 11 train_loss=0.096157
2026-08-27 22:25:13,336 | EPOCH 11 VAL loss=0.252133 acc=0.9225 pre=0.9231 rec=0.9234 f1=0.9231 BEST
2026-08-27 22:25:24,110 | EPOCH 12 train_loss=0.086026
2026-08-27 22:25:25,210 | EPOCH 12 VAL loss=0.299117 acc=0.9122 pre=0.9136 rec=0.9130 f1=0.9124
2026-08-27 22:25:34,594 | EPOCH 13 train_loss=0.076403
2026-08-27 22:25:35,314 | EPOCH 13 VAL loss=0.304857 acc=0.9227 pre=0.9239 rec=0.9233 f1=0.9235 BEST
2026-08-27 22:25:44,547 | EPOCH 14 train_loss=0.068419
2026-08-27 22:25:45,286 | EPOCH 14 VAL loss=0.335296 acc=0.9165 pre=0.9170 rec=0.9171 f1=0.9167
2026-08-27 22:25:54,549 | EPOCH 15 train_loss=0.060975
2026-08-27 22:25:55,274 | EPOCH 15 VAL loss=0.344199 acc=0.9195 pre=0.9199 rec=0.9205 f1=0.9197
2026-08-27 22:26:04,492 | EPOCH 16 train_loss=0.056177
2026-08-27 22:26:05,197 | EPOCH 16 VAL loss=0.349933 acc=0.9170 pre=0.9172 rec=0.9180 f1=0.9174
2026-08-27 22:26:15,215 | EPOCH 17 train_loss=0.051961
2026-08-27 22:26:15,925 | EPOCH 17 VAL loss=0.377978 acc=0.9167 pre=0.9172 rec=0.9176 f1=0.9170
2026-08-27 22:26:25,042 | EPOCH 18 train_loss=0.046984
2026-08-27 22:26:25,786 | EPOCH 18 VAL loss=0.422817 acc=0.9158 pre=0.9167 rec=0.9167 f1=0.9164
2026-08-27 22:26:36,121 | EPOCH 19 train_loss=0.040750
2026-08-27 22:26:36,868 | EPOCH 19 VAL loss=0.414664 acc=0.9187 pre=0.9191 rec=0.9195 f1=0.9191
2026-08-27 22:26:46,159 | EPOCH 20 train_loss=0.044315
2026-08-27 22:26:46,909 | EPOCH 20 VAL loss=0.434715 acc=0.9187 pre=0.9190 rec=0.9195 f1=0.9187
2026-08-27 22:26:56,609 | EPOCH 21 train_loss=0.038127
2026-08-27 22:26:57,331 | EPOCH 21 VAL loss=0.424643 acc=0.9157 pre=0.9167 rec=0.9166 f1=0.9165
2026-08-27 22:27:06,355 | EPOCH 22 train_loss=0.033083
2026-08-27 22:27:07,069 | EPOCH 22 VAL loss=0.459965 acc=0.9167 pre=0.9180 rec=0.9174 f1=0.9176
2026-08-27 22:27:16,364 | EPOCH 23 train_loss=0.034567
2026-08-27 22:27:17,848 | EPOCH 23 VAL loss=0.449778 acc=0.9150 pre=0.9156 rec=0.9161 f1=0.9157
2026-08-27 22:27:17,863 | DONE best_epoch=13 best_val_loss=0.304857 early_stop=True time=236.3s
