2026-08-27 20:11:55,533 | START cnn_adamw_lr0.002_s123 opt=adamw lr=0.002 seed=123 device=cuda epochs=150 best_by=f1 stop_by=f1
2026-08-27 20:11:58,404 | START cnn_adamw_lr0.002_s123 opt=adamw lr=0.002 seed=123 device=cuda epochs=150 best_by=f1 stop_by=f1
2026-08-27 20:11:58,419 | RESUMED from epoch 0, batch 200
2026-08-27 20:12:06,087 | EPOCH 1 train_loss=0.455845
2026-08-27 20:12:07,071 | EPOCH 1 VAL loss=0.334074 acc=0.8827 pre=0.8836 rec=0.8834 f1=0.8825 BEST
2026-08-27 20:12:10,082 | EPOCH 1 train_loss=0.379641
2026-08-27 20:12:11,334 | EPOCH 1 VAL loss=0.333333 acc=0.8813 pre=0.8824 rec=0.8820 f1=0.8809 BEST
2026-08-27 20:12:21,326 | EPOCH 2 train_loss=0.298036
2026-08-27 20:12:22,102 | EPOCH 2 VAL loss=0.343992 acc=0.8707 pre=0.8821 rec=0.8712 f1=0.8690
2026-08-27 20:12:23,782 | EPOCH 2 train_loss=0.299175
2026-08-27 20:12:24,916 | EPOCH 2 VAL loss=0.346405 acc=0.8695 pre=0.8828 rec=0.8701 f1=0.8678
2026-08-27 20:12:36,091 | EPOCH 3 train_loss=0.256060
2026-08-27 20:12:36,904 | EPOCH 3 train_loss=0.256815
2026-08-27 20:12:37,199 | EPOCH 3 VAL loss=0.263524 acc=0.9037 pre=0.9080 rec=0.9045 f1=0.9055 BEST
2026-08-27 20:12:37,992 | EPOCH 3 VAL loss=0.257720 acc=0.9053 pre=0.9086 rec=0.9061 f1=0.9069 BEST
2026-08-27 20:12:50,525 | EPOCH 4 train_loss=0.229396
2026-08-27 20:12:51,666 | EPOCH 4 VAL loss=0.234953 acc=0.9135 pre=0.9152 rec=0.9147 f1=0.9146 BEST
2026-08-27 20:12:51,986 | EPOCH 4 train_loss=0.228713
2026-08-27 20:12:52,911 | EPOCH 4 VAL loss=0.236300 acc=0.9128 pre=0.9146 rec=0.9141 f1=0.9139 BEST
2026-08-27 20:13:05,018 | EPOCH 5 train_loss=0.204447
2026-08-27 20:13:06,201 | EPOCH 5 VAL loss=0.229395 acc=0.9148 pre=0.9151 rec=0.9158 f1=0.9149 BEST
2026-08-27 20:13:06,743 | EPOCH 5 train_loss=0.204030
2026-08-27 20:13:07,938 | EPOCH 5 VAL loss=0.228714 acc=0.9157 pre=0.9152 rec=0.9168 f1=0.9156 BEST
2026-08-27 20:13:18,664 | EPOCH 6 train_loss=0.181831
2026-08-27 20:13:19,558 | EPOCH 6 VAL loss=0.242636 acc=0.9120 pre=0.9145 rec=0.9134 f1=0.9131
2026-08-27 20:13:20,768 | EPOCH 6 train_loss=0.180275
2026-08-27 20:13:22,155 | EPOCH 6 VAL loss=0.240283 acc=0.9112 pre=0.9157 rec=0.9128 f1=0.9127
2026-08-27 20:13:32,885 | EPOCH 7 train_loss=0.163861
2026-08-27 20:13:33,697 | EPOCH 7 train_loss=0.163727
2026-08-27 20:13:33,730 | EPOCH 7 VAL loss=0.237538 acc=0.9155 pre=0.9197 rec=0.9171 f1=0.9172 BEST
2026-08-27 20:13:34,773 | EPOCH 7 VAL loss=0.231971 acc=0.9167 pre=0.9199 rec=0.9184 f1=0.9182 BEST
2026-08-27 20:13:47,597 | EPOCH 8 train_loss=0.148604
2026-08-27 20:13:47,941 | EPOCH 8 train_loss=0.148432
2026-08-27 20:13:48,743 | EPOCH 8 VAL loss=0.228774 acc=0.9183 pre=0.9211 rec=0.9195 f1=0.9197 BEST
2026-08-27 20:13:48,867 | EPOCH 8 VAL loss=0.227721 acc=0.9192 pre=0.9205 rec=0.9204 f1=0.9201 BEST
