2026-08-27 10:28:37,255 | START mlp_rmsprop_lr0.001_s2026 opt=rmsprop lr=0.001 seed=2026 device=cuda epochs=150 best_by=f1 stop_by=f1
2026-08-27 10:28:43,881 | EPOCH 1 train_loss=0.521954
2026-08-27 10:28:44,453 | EPOCH 1 VAL loss=0.428091 acc=0.8495 pre=0.8489 rec=0.8512 f1=0.8459 BEST
2026-08-27 10:28:51,287 | EPOCH 2 train_loss=0.376599
2026-08-27 10:28:51,852 | EPOCH 2 VAL loss=0.364003 acc=0.8652 pre=0.8675 rec=0.8671 f1=0.8661 BEST
2026-08-27 10:28:58,683 | EPOCH 3 train_loss=0.333807
2026-08-27 10:28:59,226 | EPOCH 3 VAL loss=0.380639 acc=0.8548 pre=0.8686 rec=0.8585 f1=0.8574
2026-08-27 10:29:05,791 | EPOCH 4 train_loss=0.307454
2026-08-27 10:29:06,360 | EPOCH 4 VAL loss=0.330599 acc=0.8782 pre=0.8784 rec=0.8786 f1=0.8760 BEST
2026-08-27 10:29:13,117 | EPOCH 5 train_loss=0.286772
2026-08-27 10:29:13,710 | EPOCH 5 VAL loss=0.347186 acc=0.8723 pre=0.8730 rec=0.8736 f1=0.8711
2026-08-27 10:29:20,146 | EPOCH 6 train_loss=0.271183
2026-08-27 10:29:20,707 | EPOCH 6 VAL loss=0.326126 acc=0.8847 pre=0.8849 rec=0.8861 f1=0.8838 BEST
2026-08-27 10:29:27,664 | EPOCH 7 train_loss=0.258536
2026-08-27 10:29:28,235 | EPOCH 7 VAL loss=0.329762 acc=0.8783 pre=0.8869 rec=0.8809 f1=0.8804
2026-08-27 10:29:34,704 | EPOCH 8 train_loss=0.247282
2026-08-27 10:29:35,269 | EPOCH 8 VAL loss=0.318160 acc=0.8882 pre=0.8889 rec=0.8897 f1=0.8887 BEST
2026-08-27 10:29:42,208 | EPOCH 9 train_loss=0.236559
2026-08-27 10:29:42,765 | EPOCH 9 VAL loss=0.358081 acc=0.8795 pre=0.8848 rec=0.8801 f1=0.8802
2026-08-27 10:29:49,347 | EPOCH 10 train_loss=0.228005
2026-08-27 10:29:49,907 | EPOCH 10 VAL loss=0.334630 acc=0.8810 pre=0.8885 rec=0.8814 f1=0.8806
2026-08-27 10:29:56,438 | EPOCH 11 train_loss=0.217596
2026-08-27 10:29:56,996 | EPOCH 11 VAL loss=0.342023 acc=0.8827 pre=0.8864 rec=0.8848 f1=0.8839
2026-08-27 10:30:03,544 | EPOCH 12 train_loss=0.208244
2026-08-27 10:30:04,139 | EPOCH 12 VAL loss=0.330505 acc=0.8898 pre=0.8951 rec=0.8899 f1=0.8897 BEST
2026-08-27 10:30:11,157 | EPOCH 13 train_loss=0.201367
2026-08-27 10:30:12,093 | EPOCH 13 VAL loss=0.329579 acc=0.8928 pre=0.8936 rec=0.8936 f1=0.8930 BEST
2026-08-27 10:30:19,002 | EPOCH 14 train_loss=0.194976
2026-08-27 10:30:19,576 | EPOCH 14 VAL loss=0.342337 acc=0.8853 pre=0.8895 rec=0.8866 f1=0.8868
2026-08-27 10:30:26,112 | EPOCH 15 train_loss=0.186159
2026-08-27 10:30:26,681 | EPOCH 15 VAL loss=0.332034 acc=0.8898 pre=0.8930 rec=0.8909 f1=0.8909
2026-08-27 10:30:33,253 | EPOCH 16 train_loss=0.180516
2026-08-27 10:30:33,860 | EPOCH 16 VAL loss=0.344886 acc=0.8882 pre=0.8901 rec=0.8897 f1=0.8885
2026-08-27 10:30:40,328 | EPOCH 17 train_loss=0.175166
2026-08-27 10:30:40,884 | EPOCH 17 VAL loss=0.353037 acc=0.8888 pre=0.8901 rec=0.8896 f1=0.8863
2026-08-27 10:30:47,367 | EPOCH 18 train_loss=0.169301
2026-08-27 10:30:47,927 | EPOCH 18 VAL loss=0.380771 acc=0.8892 pre=0.8916 rec=0.8894 f1=0.8886
2026-08-27 10:30:54,420 | EPOCH 19 train_loss=0.163355
2026-08-27 10:30:54,969 | EPOCH 19 VAL loss=0.392051 acc=0.8887 pre=0.8925 rec=0.8888 f1=0.8863
2026-08-27 10:31:01,524 | EPOCH 20 train_loss=0.159594
2026-08-27 10:31:02,070 | EPOCH 20 VAL loss=0.388521 acc=0.8917 pre=0.8928 rec=0.8927 f1=0.8913
2026-08-27 10:31:08,577 | EPOCH 21 train_loss=0.154246
2026-08-27 10:31:09,139 | EPOCH 21 VAL loss=0.382531 acc=0.8907 pre=0.8915 rec=0.8913 f1=0.8905
2026-08-27 10:31:16,241 | EPOCH 22 train_loss=0.148223
2026-08-27 10:31:16,812 | EPOCH 22 VAL loss=0.379119 acc=0.8935 pre=0.8944 rec=0.8941 f1=0.8939 BEST
2026-08-27 10:31:23,702 | EPOCH 23 train_loss=0.144412
2026-08-27 10:31:24,251 | EPOCH 23 VAL loss=0.383327 acc=0.8947 pre=0.8954 rec=0.8959 f1=0.8948 BEST
2026-08-27 10:31:31,132 | EPOCH 24 train_loss=0.139679
2026-08-27 10:31:31,709 | EPOCH 24 VAL loss=0.448461 acc=0.8938 pre=0.8938 rec=0.8952 f1=0.8943
2026-08-27 10:31:38,405 | EPOCH 25 train_loss=0.137997
2026-08-27 10:31:38,953 | EPOCH 25 VAL loss=0.533333 acc=0.8775 pre=0.8869 rec=0.8782 f1=0.8766
2026-08-27 10:31:45,341 | EPOCH 26 train_loss=0.133350
2026-08-27 10:31:45,888 | EPOCH 26 VAL loss=0.426132 acc=0.8947 pre=0.8950 rec=0.8955 f1=0.8949 BEST
2026-08-27 10:31:52,557 | EPOCH 27 train_loss=0.131254
2026-08-27 10:31:53,098 | EPOCH 27 VAL loss=0.410147 acc=0.8907 pre=0.8929 rec=0.8925 f1=0.8921
2026-08-27 10:31:59,836 | EPOCH 28 train_loss=0.126031
2026-08-27 10:32:00,393 | EPOCH 28 VAL loss=0.451219 acc=0.8913 pre=0.8923 rec=0.8919 f1=0.8906
2026-08-27 10:32:06,841 | EPOCH 29 train_loss=0.122082
2026-08-27 10:32:07,383 | EPOCH 29 VAL loss=0.466608 acc=0.8910 pre=0.8927 rec=0.8927 f1=0.8916
2026-08-27 10:32:13,748 | EPOCH 30 train_loss=0.119206
2026-08-27 10:32:14,290 | EPOCH 30 VAL loss=0.467460 acc=0.8927 pre=0.8929 rec=0.8934 f1=0.8919
2026-08-27 10:32:20,788 | EPOCH 31 train_loss=0.118605
2026-08-27 10:32:21,344 | EPOCH 31 VAL loss=0.464652 acc=0.8888 pre=0.8893 rec=0.8899 f1=0.8894
2026-08-27 10:32:27,746 | EPOCH 32 train_loss=0.111833
2026-08-27 10:32:28,289 | EPOCH 32 VAL loss=0.500297 acc=0.8903 pre=0.8933 rec=0.8926 f1=0.8918
2026-08-27 10:32:34,830 | EPOCH 33 train_loss=0.110884
2026-08-27 10:32:35,377 | EPOCH 33 VAL loss=0.464731 acc=0.8915 pre=0.8932 rec=0.8929 f1=0.8925
2026-08-27 10:32:41,721 | EPOCH 34 train_loss=0.108814
2026-08-27 10:32:42,280 | EPOCH 34 VAL loss=0.478228 acc=0.8963 pre=0.8981 rec=0.8970 f1=0.8963 BEST
2026-08-27 10:32:49,113 | EPOCH 35 train_loss=0.106619
2026-08-27 10:32:49,654 | EPOCH 35 VAL loss=0.502211 acc=0.8942 pre=0.8962 rec=0.8954 f1=0.8954
2026-08-27 10:32:56,038 | EPOCH 36 train_loss=0.104314
2026-08-27 10:32:56,576 | EPOCH 36 VAL loss=0.512335 acc=0.8862 pre=0.8889 rec=0.8880 f1=0.8875
2026-08-27 10:33:03,044 | EPOCH 37 train_loss=0.101475
2026-08-27 10:33:03,616 | EPOCH 37 VAL loss=0.547895 acc=0.8925 pre=0.8950 rec=0.8937 f1=0.8941
2026-08-27 10:33:09,922 | EPOCH 38 train_loss=0.100419
2026-08-27 10:33:10,464 | EPOCH 38 VAL loss=0.547268 acc=0.8918 pre=0.8921 rec=0.8934 f1=0.8923
2026-08-27 10:33:16,778 | EPOCH 39 train_loss=0.096616
2026-08-27 10:33:17,312 | EPOCH 39 VAL loss=0.580530 acc=0.8860 pre=0.8858 rec=0.8868 f1=0.8850
2026-08-27 10:33:23,836 | EPOCH 40 train_loss=0.096185
2026-08-27 10:33:24,370 | EPOCH 40 VAL loss=0.615133 acc=0.8835 pre=0.8851 rec=0.8848 f1=0.8831
2026-08-27 10:33:30,643 | EPOCH 41 train_loss=0.092918
2026-08-27 10:33:31,175 | EPOCH 41 VAL loss=0.587317 acc=0.8937 pre=0.8931 rec=0.8948 f1=0.8936
2026-08-27 10:33:37,572 | EPOCH 42 train_loss=0.091906
2026-08-27 10:33:38,109 | EPOCH 42 VAL loss=0.657372 acc=0.8847 pre=0.8852 rec=0.8863 f1=0.8846
2026-08-27 10:33:44,626 | EPOCH 43 train_loss=0.090831
2026-08-27 10:33:45,161 | EPOCH 43 VAL loss=0.607991 acc=0.8863 pre=0.8903 rec=0.8878 f1=0.8883
2026-08-27 10:33:51,461 | EPOCH 44 train_loss=0.088447
2026-08-27 10:33:52,004 | EPOCH 44 VAL loss=0.630297 acc=0.8915 pre=0.8913 rec=0.8924 f1=0.8914
2026-08-27 10:33:52,010 | DONE best_epoch=34 best_val_loss=0.478228 early_stop=True time=314.13s
