2026-08-27 19:22:00,455 | START cnn_adam_lr0.002_s123 opt=adam lr=0.002 seed=123 device=cuda epochs=150 best_by=f1 stop_by=f1
2026-08-27 19:22:07,727 | START cnn_adam_lr0.002_s123 opt=adam lr=0.002 seed=123 device=cuda epochs=150 best_by=f1 stop_by=f1
2026-08-27 19:22:07,746 | RESUMED from epoch 0, batch 400
2026-08-27 19:22:11,898 | EPOCH 1 train_loss=0.455285
2026-08-27 19:22:13,017 | EPOCH 1 VAL loss=0.336394 acc=0.8795 pre=0.8807 rec=0.8801 f1=0.8787 BEST
2026-08-27 19:22:14,581 | START cnn_adam_lr0.002_s123 opt=adam lr=0.002 seed=123 device=cuda epochs=150 best_by=f1 stop_by=f1
2026-08-27 19:22:14,595 | RESUMED from epoch 0, batch 600
2026-08-27 19:22:16,858 | EPOCH 1 train_loss=0.366512
2026-08-27 19:22:17,642 | EPOCH 1 VAL loss=0.338475 acc=0.8810 pre=0.8824 rec=0.8816 f1=0.8805 BEST
2026-08-27 19:22:24,739 | EPOCH 2 train_loss=0.297337
2026-08-27 19:22:24,869 | EPOCH 1 train_loss=0.355184
2026-08-27 19:22:26,084 | EPOCH 1 VAL loss=0.339220 acc=0.8810 pre=0.8824 rec=0.8817 f1=0.8805 BEST
2026-08-27 19:22:26,198 | EPOCH 2 VAL loss=0.334241 acc=0.8743 pre=0.8859 rec=0.8748 f1=0.8720
2026-08-27 19:22:29,904 | EPOCH 2 train_loss=0.297011
2026-08-27 19:22:31,087 | EPOCH 2 VAL loss=0.342665 acc=0.8690 pre=0.8815 rec=0.8697 f1=0.8679
2026-08-27 19:22:38,725 | EPOCH 2 train_loss=0.296400
2026-08-27 19:22:39,047 | EPOCH 3 train_loss=0.254999
2026-08-27 19:22:39,884 | EPOCH 2 VAL loss=0.333254 acc=0.8762 pre=0.8860 rec=0.8769 f1=0.8750
2026-08-27 19:22:40,170 | EPOCH 3 VAL loss=0.257155 acc=0.9057 pre=0.9094 rec=0.9067 f1=0.9074 BEST
2026-08-27 19:22:41,994 | EPOCH 3 train_loss=0.255016
2026-08-27 19:22:42,825 | EPOCH 3 VAL loss=0.258348 acc=0.9040 pre=0.9078 rec=0.9050 f1=0.9057 BEST
2026-08-27 19:22:51,657 | EPOCH 3 train_loss=0.254801
2026-08-27 19:22:52,467 | EPOCH 3 VAL loss=0.259077 acc=0.9057 pre=0.9096 rec=0.9067 f1=0.9074 BEST
2026-08-27 19:22:53,266 | EPOCH 4 train_loss=0.226333
2026-08-27 19:22:54,395 | EPOCH 4 VAL loss=0.240883 acc=0.9112 pre=0.9146 rec=0.9126 f1=0.9126 BEST
2026-08-27 19:22:55,025 | EPOCH 4 train_loss=0.225264
2026-08-27 19:22:55,796 | EPOCH 4 VAL loss=0.239012 acc=0.9122 pre=0.9146 rec=0.9135 f1=0.9134 BEST
2026-08-27 19:23:05,266 | EPOCH 4 train_loss=0.225986
2026-08-27 19:23:06,301 | EPOCH 5 train_loss=0.200995
2026-08-27 19:23:06,347 | EPOCH 4 VAL loss=0.233085 acc=0.9147 pre=0.9163 rec=0.9158 f1=0.9158 BEST
2026-08-27 19:23:07,417 | EPOCH 5 VAL loss=0.229689 acc=0.9165 pre=0.9167 rec=0.9172 f1=0.9161 BEST
2026-08-27 19:23:08,091 | EPOCH 5 train_loss=0.200637
2026-08-27 19:23:09,116 | EPOCH 5 VAL loss=0.229513 acc=0.9183 pre=0.9182 rec=0.9195 f1=0.9184 BEST
2026-08-27 19:23:18,735 | EPOCH 5 train_loss=0.201691
2026-08-27 19:23:19,714 | EPOCH 5 VAL loss=0.232274 acc=0.9173 pre=0.9171 rec=0.9182 f1=0.9169 BEST
2026-08-27 19:23:20,109 | EPOCH 6 train_loss=0.179598
2026-08-27 19:23:21,088 | EPOCH 6 VAL loss=0.245464 acc=0.9108 pre=0.9158 rec=0.9125 f1=0.9125
2026-08-27 19:23:22,617 | EPOCH 6 train_loss=0.177070
2026-08-27 19:23:23,622 | EPOCH 6 VAL loss=0.248063 acc=0.9103 pre=0.9142 rec=0.9117 f1=0.9114
2026-08-27 19:23:31,586 | EPOCH 6 train_loss=0.177997
2026-08-27 19:23:32,349 | EPOCH 6 VAL loss=0.240831 acc=0.9117 pre=0.9154 rec=0.9132 f1=0.9132
2026-08-27 19:23:32,585 | EPOCH 7 train_loss=0.161143
2026-08-27 19:23:33,622 | EPOCH 7 VAL loss=0.231533 acc=0.9192 pre=0.9214 rec=0.9208 f1=0.9204 BEST
2026-08-27 19:23:36,770 | EPOCH 7 train_loss=0.160719
2026-08-27 19:23:37,941 | EPOCH 7 VAL loss=0.234115 acc=0.9170 pre=0.9173 rec=0.9183 f1=0.9176
2026-08-27 19:23:45,059 | EPOCH 7 train_loss=0.161164
2026-08-27 19:23:45,541 | EPOCH 8 train_loss=0.144715
2026-08-27 19:23:46,159 | EPOCH 7 VAL loss=0.234655 acc=0.9195 pre=0.9233 rec=0.9210 f1=0.9213 BEST
2026-08-27 19:23:46,388 | EPOCH 8 VAL loss=0.229868 acc=0.9157 pre=0.9177 rec=0.9165 f1=0.9166
2026-08-27 19:23:50,665 | EPOCH 8 train_loss=0.143033
2026-08-27 19:23:51,482 | EPOCH 8 VAL loss=0.232386 acc=0.9182 pre=0.9212 rec=0.9194 f1=0.9195 BEST
2026-08-27 19:23:58,815 | EPOCH 8 train_loss=0.143160
2026-08-27 19:23:59,756 | EPOCH 9 train_loss=0.125904
2026-08-27 19:24:00,077 | EPOCH 8 VAL loss=0.245917 acc=0.9152 pre=0.9186 rec=0.9165 f1=0.9166
2026-08-27 19:24:00,751 | EPOCH 9 VAL loss=0.230003 acc=0.9217 pre=0.9226 rec=0.9230 f1=0.9225 BEST
2026-08-27 19:24:03,775 | EPOCH 9 train_loss=0.125442
2026-08-27 19:24:04,829 | EPOCH 9 VAL loss=0.249758 acc=0.9200 pre=0.9212 rec=0.9209 f1=0.9202 BEST
2026-08-27 19:24:11,039 | EPOCH 9 train_loss=0.125429
2026-08-27 19:24:12,197 | EPOCH 9 VAL loss=0.242726 acc=0.9237 pre=0.9240 rec=0.9247 f1=0.9242 BEST
2026-08-27 19:24:14,272 | EPOCH 10 train_loss=0.112595
2026-08-27 19:24:15,442 | EPOCH 10 VAL loss=0.254549 acc=0.9175 pre=0.9187 rec=0.9186 f1=0.9185
2026-08-27 19:24:16,730 | EPOCH 10 train_loss=0.111234
2026-08-27 19:24:17,898 | EPOCH 10 VAL loss=0.258738 acc=0.9192 pre=0.9199 rec=0.9199 f1=0.9197
2026-08-27 19:24:24,749 | EPOCH 10 train_loss=0.112323
2026-08-27 19:24:25,566 | EPOCH 10 VAL loss=0.262422 acc=0.9183 pre=0.9195 rec=0.9194 f1=0.9191
2026-08-27 19:24:28,693 | EPOCH 11 train_loss=0.102147
2026-08-27 19:24:29,818 | EPOCH 11 VAL loss=0.275659 acc=0.9188 pre=0.9198 rec=0.9196 f1=0.9194
2026-08-27 19:24:30,341 | EPOCH 11 train_loss=0.099994
2026-08-27 19:24:31,498 | EPOCH 11 VAL loss=0.280113 acc=0.9162 pre=0.9170 rec=0.9171 f1=0.9163
2026-08-27 19:24:38,292 | EPOCH 11 train_loss=0.098738
2026-08-27 19:24:39,324 | EPOCH 11 VAL loss=0.269825 acc=0.9180 pre=0.9189 rec=0.9190 f1=0.9184
2026-08-27 19:24:40,595 | EPOCH 12 train_loss=0.087487
2026-08-27 19:24:41,387 | EPOCH 12 VAL loss=0.288966 acc=0.9202 pre=0.9214 rec=0.9208 f1=0.9210
2026-08-27 19:24:43,931 | EPOCH 12 train_loss=0.086621
2026-08-27 19:24:45,207 | EPOCH 12 VAL loss=0.278731 acc=0.9192 pre=0.9198 rec=0.9195 f1=0.9193
2026-08-27 19:24:51,157 | EPOCH 12 train_loss=0.086308
2026-08-27 19:24:51,903 | EPOCH 12 VAL loss=0.291741 acc=0.9158 pre=0.9171 rec=0.9161 f1=0.9161
2026-08-27 19:24:54,534 | EPOCH 13 train_loss=0.078303
2026-08-27 19:24:55,584 | EPOCH 13 VAL loss=0.326124 acc=0.9157 pre=0.9175 rec=0.9169 f1=0.9168
2026-08-27 19:24:58,110 | EPOCH 13 train_loss=0.076441
2026-08-27 19:24:59,203 | EPOCH 13 VAL loss=0.298594 acc=0.9198 pre=0.9204 rec=0.9209 f1=0.9205 BEST
2026-08-27 19:25:03,348 | EPOCH 13 train_loss=0.075764
2026-08-27 19:25:04,179 | EPOCH 13 VAL loss=0.312253 acc=0.9165 pre=0.9191 rec=0.9176 f1=0.9180
2026-08-27 19:25:07,307 | EPOCH 14 train_loss=0.067835
2026-08-27 19:25:08,745 | EPOCH 14 VAL loss=0.324531 acc=0.9173 pre=0.9177 rec=0.9181 f1=0.9177
2026-08-27 19:25:13,101 | EPOCH 14 train_loss=0.070417
2026-08-27 19:25:13,884 | EPOCH 14 VAL loss=0.309046 acc=0.9188 pre=0.9197 rec=0.9199 f1=0.9194
2026-08-27 19:25:16,808 | EPOCH 14 train_loss=0.068336
2026-08-27 19:25:17,989 | EPOCH 14 VAL loss=0.339297 acc=0.9183 pre=0.9190 rec=0.9188 f1=0.9184
2026-08-27 19:25:21,479 | EPOCH 15 train_loss=0.062226
2026-08-27 19:25:22,277 | EPOCH 15 VAL loss=0.355136 acc=0.9115 pre=0.9134 rec=0.9121 f1=0.9117
2026-08-27 19:25:25,304 | EPOCH 15 train_loss=0.062344
2026-08-27 19:25:26,199 | EPOCH 15 VAL loss=0.325490 acc=0.9177 pre=0.9173 rec=0.9187 f1=0.9178
2026-08-27 19:25:30,091 | EPOCH 15 train_loss=0.061392
2026-08-27 19:25:31,346 | EPOCH 15 VAL loss=0.356226 acc=0.9090 pre=0.9106 rec=0.9100 f1=0.9087
2026-08-27 19:25:34,472 | EPOCH 16 train_loss=0.057845
2026-08-27 19:25:35,486 | EPOCH 16 VAL loss=0.364422 acc=0.9173 pre=0.9179 rec=0.9181 f1=0.9179
2026-08-27 19:25:38,435 | EPOCH 16 train_loss=0.054856
2026-08-27 19:25:39,459 | EPOCH 16 VAL loss=0.348816 acc=0.9152 pre=0.9163 rec=0.9161 f1=0.9159
2026-08-27 19:25:42,703 | EPOCH 16 train_loss=0.054986
2026-08-27 19:25:43,875 | EPOCH 16 VAL loss=0.373051 acc=0.9130 pre=0.9145 rec=0.9134 f1=0.9136
2026-08-27 19:25:48,558 | EPOCH 17 train_loss=0.048984
2026-08-27 19:25:49,724 | EPOCH 17 VAL loss=0.384019 acc=0.9192 pre=0.9201 rec=0.9202 f1=0.9201
2026-08-27 19:25:49,997 | EPOCH 17 train_loss=0.051482
2026-08-27 19:25:50,792 | EPOCH 17 VAL loss=0.381213 acc=0.9163 pre=0.9181 rec=0.9176 f1=0.9171
2026-08-27 19:25:56,398 | EPOCH 17 train_loss=0.048465
2026-08-27 19:25:57,561 | EPOCH 17 VAL loss=0.402251 acc=0.9120 pre=0.9130 rec=0.9128 f1=0.9127
2026-08-27 19:26:01,888 | EPOCH 18 train_loss=0.047990
2026-08-27 19:26:03,006 | EPOCH 18 VAL loss=0.384692 acc=0.9173 pre=0.9180 rec=0.9182 f1=0.9180
2026-08-27 19:26:03,862 | EPOCH 18 train_loss=0.044986
2026-08-27 19:26:05,012 | EPOCH 18 VAL loss=0.407329 acc=0.9192 pre=0.9212 rec=0.9204 f1=0.9204
2026-08-27 19:26:08,809 | EPOCH 18 train_loss=0.042041
2026-08-27 19:26:09,797 | EPOCH 18 VAL loss=0.415846 acc=0.9170 pre=0.9178 rec=0.9181 f1=0.9177
2026-08-27 19:26:14,677 | EPOCH 19 train_loss=0.038489
2026-08-27 19:26:15,610 | EPOCH 19 VAL loss=0.427346 acc=0.9198 pre=0.9206 rec=0.9204 f1=0.9203
2026-08-27 19:26:15,620 | DONE best_epoch=9 best_val_loss=0.230003 early_stop=True time=254.12s
2026-08-27 19:26:16,752 | EPOCH 19 train_loss=0.042559
2026-08-27 19:26:18,059 | EPOCH 19 VAL loss=0.437380 acc=0.9173 pre=0.9186 rec=0.9178 f1=0.9180
2026-08-27 19:26:22,580 | EPOCH 19 train_loss=0.042091
2026-08-27 19:26:23,710 | EPOCH 19 VAL loss=0.412279 acc=0.9167 pre=0.9181 rec=0.9174 f1=0.9175
2026-08-27 19:26:23,723 | DONE best_epoch=9 best_val_loss=0.242726 early_stop=True time=259.31s
