2026-08-27 13:53:17,038 | START mlp_nadam_lr0.002_s2026 opt=nadam lr=0.002 seed=2026 device=cuda epochs=150 best_by=f1 stop_by=f1
2026-08-27 13:53:29,080 | EPOCH 1 train_loss=0.502467
2026-08-27 13:53:30,153 | EPOCH 1 VAL loss=0.410331 acc=0.8537 pre=0.8530 rec=0.8557 f1=0.8520 BEST
2026-08-27 13:53:31,748 | START mlp_nadam_lr0.002_s2026 opt=nadam lr=0.002 seed=2026 device=cuda epochs=150 best_by=f1 stop_by=f1
2026-08-27 13:53:31,766 | RESUMED from epoch 1, batch 0
2026-08-27 13:53:42,726 | EPOCH 2 train_loss=0.357506
2026-08-27 13:53:43,819 | EPOCH 2 VAL loss=0.347625 acc=0.8658 pre=0.8677 rec=0.8678 f1=0.8667 BEST
2026-08-27 13:53:44,512 | EPOCH 2 train_loss=0.357506
2026-08-27 13:53:45,624 | EPOCH 2 VAL loss=0.347625 acc=0.8658 pre=0.8677 rec=0.8678 f1=0.8667 BEST
2026-08-27 13:53:57,037 | EPOCH 3 train_loss=0.317885
2026-08-27 13:53:58,198 | EPOCH 3 VAL loss=0.373833 acc=0.8585 pre=0.8736 rec=0.8624 f1=0.8614
2026-08-27 13:53:58,588 | EPOCH 3 train_loss=0.317885
2026-08-27 13:53:59,683 | EPOCH 3 VAL loss=0.373833 acc=0.8585 pre=0.8736 rec=0.8624 f1=0.8614
2026-08-27 13:54:10,339 | EPOCH 4 train_loss=0.296170
2026-08-27 13:54:11,420 | EPOCH 4 VAL loss=0.331402 acc=0.8780 pre=0.8786 rec=0.8783 f1=0.8765 BEST
2026-08-27 13:54:12,025 | EPOCH 4 train_loss=0.296170
2026-08-27 13:54:13,213 | EPOCH 4 VAL loss=0.331402 acc=0.8780 pre=0.8786 rec=0.8783 f1=0.8765 BEST
2026-08-27 13:54:24,497 | EPOCH 5 train_loss=0.277208
2026-08-27 13:54:25,555 | EPOCH 5 VAL loss=0.323606 acc=0.8850 pre=0.8854 rec=0.8862 f1=0.8832 BEST
2026-08-27 13:54:26,149 | EPOCH 5 train_loss=0.277208
2026-08-27 13:54:27,214 | EPOCH 5 VAL loss=0.323606 acc=0.8850 pre=0.8854 rec=0.8862 f1=0.8832 BEST
2026-08-27 13:54:38,119 | EPOCH 6 train_loss=0.261720
2026-08-27 13:54:39,193 | EPOCH 6 VAL loss=0.317891 acc=0.8873 pre=0.8893 rec=0.8887 f1=0.8884 BEST
2026-08-27 13:54:40,013 | EPOCH 6 train_loss=0.261720
2026-08-27 13:54:41,117 | EPOCH 6 VAL loss=0.317891 acc=0.8873 pre=0.8893 rec=0.8887 f1=0.8884 BEST
2026-08-27 13:54:51,750 | EPOCH 7 train_loss=0.250080
2026-08-27 13:54:52,813 | EPOCH 7 VAL loss=0.333222 acc=0.8785 pre=0.8818 rec=0.8803 f1=0.8805
2026-08-27 13:54:53,882 | EPOCH 7 train_loss=0.250080
2026-08-27 13:54:55,003 | EPOCH 7 VAL loss=0.333222 acc=0.8785 pre=0.8818 rec=0.8803 f1=0.8805
2026-08-27 13:55:04,946 | EPOCH 8 train_loss=0.241554
2026-08-27 13:55:06,039 | EPOCH 8 VAL loss=0.322734 acc=0.8845 pre=0.8844 rec=0.8859 f1=0.8843
2026-08-27 13:55:07,287 | EPOCH 8 train_loss=0.241554
2026-08-27 13:55:08,356 | EPOCH 8 VAL loss=0.322734 acc=0.8845 pre=0.8844 rec=0.8859 f1=0.8843
2026-08-27 13:55:18,190 | EPOCH 9 train_loss=0.230836
2026-08-27 13:55:19,270 | EPOCH 9 VAL loss=0.323451 acc=0.8915 pre=0.8923 rec=0.8925 f1=0.8922 BEST
2026-08-27 13:55:20,668 | EPOCH 9 train_loss=0.230836
2026-08-27 13:55:21,740 | EPOCH 9 VAL loss=0.323451 acc=0.8915 pre=0.8923 rec=0.8925 f1=0.8922 BEST
2026-08-27 13:55:31,794 | EPOCH 10 train_loss=0.220582
2026-08-27 13:55:32,884 | EPOCH 10 VAL loss=0.339324 acc=0.8873 pre=0.8889 rec=0.8881 f1=0.8868
2026-08-27 13:55:35,398 | EPOCH 10 train_loss=0.220582
2026-08-27 13:55:36,511 | EPOCH 10 VAL loss=0.339324 acc=0.8873 pre=0.8889 rec=0.8881 f1=0.8868
2026-08-27 13:55:44,924 | EPOCH 11 train_loss=0.214355
2026-08-27 13:55:46,000 | EPOCH 11 VAL loss=0.367501 acc=0.8780 pre=0.8848 rec=0.8808 f1=0.8798
2026-08-27 13:55:48,884 | EPOCH 11 train_loss=0.214355
2026-08-27 13:55:49,977 | EPOCH 11 VAL loss=0.367501 acc=0.8780 pre=0.8848 rec=0.8808 f1=0.8798
2026-08-27 13:55:58,063 | EPOCH 12 train_loss=0.204206
2026-08-27 13:55:59,119 | EPOCH 12 VAL loss=0.316626 acc=0.8892 pre=0.8914 rec=0.8902 f1=0.8896
2026-08-27 13:56:02,406 | EPOCH 12 train_loss=0.204206
2026-08-27 13:56:03,492 | EPOCH 12 VAL loss=0.316626 acc=0.8892 pre=0.8914 rec=0.8902 f1=0.8896
2026-08-27 13:56:11,244 | EPOCH 13 train_loss=0.201521
2026-08-27 13:56:12,308 | EPOCH 13 VAL loss=0.350137 acc=0.8905 pre=0.8914 rec=0.8916 f1=0.8909
2026-08-27 13:56:15,861 | EPOCH 13 train_loss=0.201521
2026-08-27 13:56:16,949 | EPOCH 13 VAL loss=0.350137 acc=0.8905 pre=0.8914 rec=0.8916 f1=0.8909
2026-08-27 13:56:24,404 | EPOCH 14 train_loss=0.195265
2026-08-27 13:56:25,515 | EPOCH 14 VAL loss=0.352340 acc=0.8883 pre=0.8898 rec=0.8891 f1=0.8879
2026-08-27 13:56:29,182 | EPOCH 14 train_loss=0.195265
2026-08-27 13:56:30,276 | EPOCH 14 VAL loss=0.352340 acc=0.8883 pre=0.8898 rec=0.8891 f1=0.8879
2026-08-27 13:56:37,540 | EPOCH 15 train_loss=0.187573
2026-08-27 13:56:38,616 | EPOCH 15 VAL loss=0.338391 acc=0.8872 pre=0.8886 rec=0.8887 f1=0.8883
2026-08-27 13:56:42,677 | EPOCH 15 train_loss=0.187573
2026-08-27 13:56:43,775 | EPOCH 15 VAL loss=0.338391 acc=0.8872 pre=0.8886 rec=0.8887 f1=0.8883
2026-08-27 13:56:50,394 | EPOCH 16 train_loss=0.180954
2026-08-27 13:56:51,454 | EPOCH 16 VAL loss=0.387516 acc=0.8827 pre=0.8883 rec=0.8833 f1=0.8802
2026-08-27 13:56:56,396 | EPOCH 16 train_loss=0.180954
2026-08-27 13:56:57,497 | EPOCH 16 VAL loss=0.387516 acc=0.8827 pre=0.8883 rec=0.8833 f1=0.8802
2026-08-27 13:57:03,435 | EPOCH 17 train_loss=0.174469
2026-08-27 13:57:04,576 | EPOCH 17 VAL loss=0.350357 acc=0.8947 pre=0.8954 rec=0.8956 f1=0.8942 BEST
2026-08-27 13:57:10,215 | EPOCH 17 train_loss=0.174469
2026-08-27 13:57:11,316 | EPOCH 17 VAL loss=0.350357 acc=0.8947 pre=0.8954 rec=0.8956 f1=0.8942 BEST
2026-08-27 13:57:17,569 | EPOCH 18 train_loss=0.171322
2026-08-27 13:57:18,659 | EPOCH 18 VAL loss=0.372836 acc=0.8863 pre=0.8882 rec=0.8867 f1=0.8870
2026-08-27 13:57:24,250 | EPOCH 18 train_loss=0.171322
2026-08-27 13:57:25,404 | EPOCH 18 VAL loss=0.372836 acc=0.8863 pre=0.8882 rec=0.8867 f1=0.8870
2026-08-27 13:57:30,751 | EPOCH 19 train_loss=0.168184
2026-08-27 13:57:31,805 | EPOCH 19 VAL loss=0.360124 acc=0.8918 pre=0.8923 rec=0.8929 f1=0.8920
2026-08-27 13:57:37,876 | EPOCH 19 train_loss=0.168184
2026-08-27 13:57:38,956 | EPOCH 19 VAL loss=0.360124 acc=0.8918 pre=0.8923 rec=0.8929 f1=0.8920
2026-08-27 13:57:43,843 | EPOCH 20 train_loss=0.163152
2026-08-27 13:57:44,997 | EPOCH 20 VAL loss=0.365091 acc=0.8905 pre=0.8916 rec=0.8910 f1=0.8902
2026-08-27 13:57:51,391 | EPOCH 20 train_loss=0.163152
2026-08-27 13:57:52,501 | EPOCH 20 VAL loss=0.365091 acc=0.8905 pre=0.8916 rec=0.8910 f1=0.8902
2026-08-27 13:57:57,107 | EPOCH 21 train_loss=0.156039
2026-08-27 13:57:58,235 | EPOCH 21 VAL loss=0.364769 acc=0.8875 pre=0.8893 rec=0.8884 f1=0.8881
2026-08-27 13:58:05,081 | EPOCH 21 train_loss=0.156039
2026-08-27 13:58:06,176 | EPOCH 21 VAL loss=0.364769 acc=0.8875 pre=0.8893 rec=0.8884 f1=0.8881
2026-08-27 13:58:10,279 | EPOCH 22 train_loss=0.156436
2026-08-27 13:58:11,334 | EPOCH 22 VAL loss=0.403752 acc=0.8870 pre=0.8914 rec=0.8881 f1=0.8886
2026-08-27 13:58:18,418 | EPOCH 22 train_loss=0.156436
2026-08-27 13:58:19,496 | EPOCH 22 VAL loss=0.403752 acc=0.8870 pre=0.8914 rec=0.8881 f1=0.8886
2026-08-27 13:58:23,702 | EPOCH 23 train_loss=0.149468
2026-08-27 13:58:24,856 | EPOCH 23 VAL loss=0.405160 acc=0.8870 pre=0.8880 rec=0.8889 f1=0.8875
2026-08-27 13:58:32,213 | EPOCH 23 train_loss=0.149468
2026-08-27 13:58:33,289 | EPOCH 23 VAL loss=0.405160 acc=0.8870 pre=0.8880 rec=0.8889 f1=0.8875
2026-08-27 13:58:37,256 | EPOCH 24 train_loss=0.147792
2026-08-27 13:58:38,369 | EPOCH 24 VAL loss=0.412933 acc=0.8852 pre=0.8862 rec=0.8857 f1=0.8845
2026-08-27 13:58:45,900 | EPOCH 24 train_loss=0.147792
2026-08-27 13:58:47,009 | EPOCH 24 VAL loss=0.412933 acc=0.8852 pre=0.8862 rec=0.8857 f1=0.8845
2026-08-27 13:58:50,459 | EPOCH 25 train_loss=0.140641
2026-08-27 13:58:51,553 | EPOCH 25 VAL loss=0.446045 acc=0.8842 pre=0.8869 rec=0.8844 f1=0.8836
2026-08-27 13:58:59,460 | EPOCH 25 train_loss=0.140641
2026-08-27 13:59:00,545 | EPOCH 25 VAL loss=0.446045 acc=0.8842 pre=0.8869 rec=0.8844 f1=0.8836
2026-08-27 13:59:03,677 | EPOCH 26 train_loss=0.141956
2026-08-27 13:59:04,812 | EPOCH 26 VAL loss=0.405553 acc=0.8963 pre=0.8976 rec=0.8968 f1=0.8959 BEST
2026-08-27 13:59:12,900 | EPOCH 26 train_loss=0.141956
2026-08-27 13:59:13,995 | EPOCH 26 VAL loss=0.405553 acc=0.8963 pre=0.8976 rec=0.8968 f1=0.8959 BEST
2026-08-27 13:59:17,507 | EPOCH 27 train_loss=0.139411
2026-08-27 13:59:18,572 | EPOCH 27 VAL loss=0.419360 acc=0.8932 pre=0.8956 rec=0.8945 f1=0.8945
2026-08-27 13:59:27,059 | EPOCH 27 train_loss=0.139411
2026-08-27 13:59:28,157 | EPOCH 27 VAL loss=0.419360 acc=0.8932 pre=0.8956 rec=0.8945 f1=0.8945
2026-08-27 13:59:30,785 | EPOCH 28 train_loss=0.130589
2026-08-27 13:59:31,871 | EPOCH 28 VAL loss=0.445930 acc=0.8935 pre=0.8947 rec=0.8952 f1=0.8943
2026-08-27 13:59:40,897 | EPOCH 28 train_loss=0.130589
2026-08-27 13:59:41,984 | EPOCH 28 VAL loss=0.445930 acc=0.8935 pre=0.8947 rec=0.8952 f1=0.8943
2026-08-27 13:59:44,122 | EPOCH 29 train_loss=0.131233
2026-08-27 13:59:45,276 | EPOCH 29 VAL loss=0.430598 acc=0.8923 pre=0.8931 rec=0.8934 f1=0.8922
2026-08-27 13:59:54,438 | EPOCH 29 train_loss=0.131233
2026-08-27 13:59:55,548 | EPOCH 29 VAL loss=0.430598 acc=0.8923 pre=0.8931 rec=0.8934 f1=0.8922
2026-08-27 13:59:57,326 | EPOCH 30 train_loss=0.130331
2026-08-27 13:59:58,414 | EPOCH 30 VAL loss=0.460769 acc=0.8895 pre=0.8901 rec=0.8902 f1=0.8895
2026-08-27 14:00:07,868 | EPOCH 30 train_loss=0.130331
2026-08-27 14:00:08,983 | EPOCH 30 VAL loss=0.460769 acc=0.8895 pre=0.8901 rec=0.8902 f1=0.8895
2026-08-27 14:00:10,549 | EPOCH 31 train_loss=0.127721
2026-08-27 14:00:11,638 | EPOCH 31 VAL loss=0.487337 acc=0.8902 pre=0.8909 rec=0.8919 f1=0.8910
2026-08-27 14:00:21,416 | EPOCH 31 train_loss=0.127721
2026-08-27 14:00:22,538 | EPOCH 31 VAL loss=0.487337 acc=0.8902 pre=0.8909 rec=0.8919 f1=0.8910
2026-08-27 14:00:23,772 | EPOCH 32 train_loss=0.123197
2026-08-27 14:00:24,919 | EPOCH 32 VAL loss=0.480726 acc=0.8948 pre=0.8948 rec=0.8957 f1=0.8949
2026-08-27 14:00:34,874 | EPOCH 32 train_loss=0.123197
2026-08-27 14:00:35,935 | EPOCH 32 VAL loss=0.480726 acc=0.8948 pre=0.8948 rec=0.8957 f1=0.8949
2026-08-27 14:00:37,056 | EPOCH 33 train_loss=0.124114
2026-08-27 14:00:38,127 | EPOCH 33 VAL loss=0.431947 acc=0.8942 pre=0.8960 rec=0.8956 f1=0.8954
2026-08-27 14:00:48,251 | EPOCH 33 train_loss=0.124114
2026-08-27 14:00:49,322 | EPOCH 33 VAL loss=0.431947 acc=0.8942 pre=0.8960 rec=0.8956 f1=0.8954
2026-08-27 14:00:50,255 | EPOCH 34 train_loss=0.120392
2026-08-27 14:00:51,336 | EPOCH 34 VAL loss=0.476461 acc=0.8955 pre=0.8964 rec=0.8961 f1=0.8959 BEST
2026-08-27 14:01:01,677 | EPOCH 34 train_loss=0.120392
2026-08-27 14:01:02,759 | EPOCH 34 VAL loss=0.476461 acc=0.8955 pre=0.8964 rec=0.8961 f1=0.8959 BEST
2026-08-27 14:01:04,066 | EPOCH 35 train_loss=0.115287
2026-08-27 14:01:05,218 | EPOCH 35 VAL loss=0.529721 acc=0.8935 pre=0.8925 rec=0.8943 f1=0.8930
2026-08-27 14:01:16,095 | EPOCH 35 train_loss=0.115287
2026-08-27 14:01:17,185 | EPOCH 35 VAL loss=0.529721 acc=0.8935 pre=0.8925 rec=0.8943 f1=0.8930
2026-08-27 14:01:17,343 | EPOCH 36 train_loss=0.112179
2026-08-27 14:01:18,410 | EPOCH 36 VAL loss=0.465892 acc=0.8918 pre=0.8929 rec=0.8930 f1=0.8929
2026-08-27 14:01:29,582 | EPOCH 36 train_loss=0.112179
2026-08-27 14:01:30,573 | EPOCH 37 train_loss=0.113540
2026-08-27 14:01:30,696 | EPOCH 36 VAL loss=0.465892 acc=0.8918 pre=0.8929 rec=0.8930 f1=0.8929
2026-08-27 14:01:31,634 | EPOCH 37 VAL loss=0.484172 acc=0.8883 pre=0.8890 rec=0.8892 f1=0.8878
2026-08-27 14:01:43,083 | EPOCH 37 train_loss=0.113540
2026-08-27 14:01:43,829 | EPOCH 38 train_loss=0.110330
2026-08-27 14:01:44,207 | EPOCH 37 VAL loss=0.484172 acc=0.8883 pre=0.8890 rec=0.8892 f1=0.8878
2026-08-27 14:01:44,981 | EPOCH 38 VAL loss=0.493729 acc=0.8943 pre=0.8947 rec=0.8953 f1=0.8949
2026-08-27 14:01:56,522 | EPOCH 38 train_loss=0.110330
2026-08-27 14:01:57,043 | EPOCH 39 train_loss=0.110012
2026-08-27 14:01:57,595 | EPOCH 38 VAL loss=0.493729 acc=0.8943 pre=0.8947 rec=0.8953 f1=0.8949
2026-08-27 14:01:58,079 | EPOCH 39 VAL loss=0.539360 acc=0.8860 pre=0.8863 rec=0.8870 f1=0.8856
2026-08-27 14:02:09,769 | EPOCH 39 train_loss=0.110012
2026-08-27 14:02:10,179 | EPOCH 40 train_loss=0.109877
2026-08-27 14:02:10,828 | EPOCH 39 VAL loss=0.539360 acc=0.8860 pre=0.8863 rec=0.8870 f1=0.8856
2026-08-27 14:02:11,247 | EPOCH 40 VAL loss=0.521748 acc=0.8933 pre=0.8952 rec=0.8943 f1=0.8941
2026-08-27 14:02:23,340 | EPOCH 40 train_loss=0.109877
2026-08-27 14:02:23,414 | EPOCH 41 train_loss=0.104209
2026-08-27 14:02:24,485 | EPOCH 40 VAL loss=0.521748 acc=0.8933 pre=0.8952 rec=0.8943 f1=0.8941
2026-08-27 14:02:24,520 | EPOCH 41 VAL loss=0.521831 acc=0.8848 pre=0.8873 rec=0.8865 f1=0.8858
2026-08-27 14:02:36,703 | EPOCH 42 train_loss=0.103361
2026-08-27 14:02:37,089 | EPOCH 41 train_loss=0.104209
2026-08-27 14:02:37,748 | EPOCH 42 VAL loss=0.512851 acc=0.8880 pre=0.8883 rec=0.8889 f1=0.8879
2026-08-27 14:02:38,174 | EPOCH 41 VAL loss=0.521831 acc=0.8848 pre=0.8873 rec=0.8865 f1=0.8858
2026-08-27 14:02:49,806 | EPOCH 43 train_loss=0.106180
2026-08-27 14:02:50,541 | EPOCH 42 train_loss=0.103361
2026-08-27 14:02:50,887 | EPOCH 43 VAL loss=0.556997 acc=0.8937 pre=0.8945 rec=0.8941 f1=0.8935
2026-08-27 14:02:51,591 | EPOCH 42 VAL loss=0.512851 acc=0.8880 pre=0.8883 rec=0.8889 f1=0.8879
2026-08-27 14:03:02,988 | EPOCH 44 train_loss=0.104248
2026-08-27 14:03:04,011 | EPOCH 43 train_loss=0.106180
2026-08-27 14:03:04,083 | EPOCH 44 VAL loss=0.561203 acc=0.8920 pre=0.8921 rec=0.8927 f1=0.8920
2026-08-27 14:03:04,098 | DONE best_epoch=34 best_val_loss=0.476461 early_stop=True time=585.85s
2026-08-27 14:03:05,241 | EPOCH 43 VAL loss=0.556997 acc=0.8937 pre=0.8945 rec=0.8941 f1=0.8935
2026-08-27 14:03:16,923 | EPOCH 44 train_loss=0.104248
2026-08-27 14:03:18,004 | EPOCH 44 VAL loss=0.561203 acc=0.8920 pre=0.8921 rec=0.8927 f1=0.8920
2026-08-27 14:03:18,018 | DONE best_epoch=34 best_val_loss=0.476461 early_stop=True time=596.99s
